--------- beginning of main
04-15 14:02:27.842  1182  4162 D WindowManager: takeScreenshotToTargetWindow: display=0, target=0, containsTarget=false, crop=Rect(0, 0 - 0, 0), w=540, h=1170, useIdentityTransform=true, ignorePolicy=false, caller=com.android.server.wm.WmScreenshotController.takeScreenshotToTargetWindow:653 com.android.server.wm.WindowManagerService.takeScreenshotToTargetWindowFromCapture:10842 com.android.server.wm.WindowManagerService.takeScreenshotToTargetWindow:10821 
04-15 14:02:27.843  1182  4162 D WindowManager: takeScreenshotToTargetWindow: targetSurface=null, sourceCrop=Rect(0, 0 - 0, 0)
04-15 14:02:27.845   893   934 D RenderEngine: [SEC_GC_CMN_SF_EFFECTS] drawLayersInternal,1296, Rendering layer  at index 0
--------- beginning of system
04-15 14:02:27.847  1182  4162 D WindowManager: takeScreenshotToTargetWindow, bitmap=android.graphics.Bitmap@fe874e2, failedReason=, caller=com.android.server.wm.WindowManagerService.takeScreenshotToTargetWindowFromCapture:10842 com.android.server.wm.WindowManagerService.takeScreenshotToTargetWindow:10821 android.view.IWindowManager$Stub.onTransact:3612 com.android.server.wm.WindowManagerService.onTransact:1543 android.os.Binder.execTransactInternal:1375 android.os.Binder.execTransact:1311 
04-15 14:02:27.877  1182  4162 D WindowManager: takeScreenshotToTargetWindow: display=0, target=0, containsTarget=false, crop=Rect(0, 0 - 0, 0), w=540, h=1170, useIdentityTransform=true, ignorePolicy=false, caller=com.android.server.wm.WmScreenshotController.takeScreenshotToTargetWindow:653 com.android.server.wm.WindowManagerService.takeScreenshotToTargetWindowFromCapture:10842 com.android.server.wm.WindowManagerService.takeScreenshotToTargetWindow:10821 
04-15 14:02:27.878  1182  4162 D RestrictionPolicy: isScreenCaptureEnabled : ret=true userId=0
04-15 14:02:27.878  1182  4162 D RestrictionPolicy: isScreenCaptureEnabled : ret=true userId=0
04-15 14:02:27.878  1182  4162 D RestrictionPolicy: isScreenCaptureEnabled : ret=true userId=0
04-15 14:02:27.878  1182  4162 D WindowManager: takeScreenshotToTargetWindow: targetSurface=null, sourceCrop=Rect(0, 0 - 0, 0)
04-15 14:02:27.882   893   934 D RenderEngine: [SEC_GC_CMN_SF_EFFECTS] drawLayersInternal,1296, Rendering layer  at index 0
04-15 14:02:27.886  1182  4162 D WindowManager: takeScreenshotToTargetWindow, bitmap=android.graphics.Bitmap@262d073, failedReason=, caller=com.android.server.wm.WindowManagerService.takeScreenshotToTargetWindowFromCapture:10842 com.android.server.wm.WindowManagerService.takeScreenshotToTargetWindow:10821 android.view.IWindowManager$Stub.onTransact:3612 com.android.server.wm.WindowManagerService.onTransact:1543 android.os.Binder.execTransactInternal:1375 android.os.Binder.execTransact:1311 
04-15 14:02:27.941  1182  4162 D WindowManager: takeScreenshotToTargetWindow: display=0, target=0, containsTarget=false, crop=Rect(0, 0 - 0, 0), w=540, h=1170, useIdentityTransform=true, ignorePolicy=false, caller=com.android.server.wm.WmScreenshotController.takeScreenshotToTargetWindow:653 com.android.server.wm.WindowManagerService.takeScreenshotToTargetWindowFromCapture:10842 com.android.server.wm.WindowManagerService.takeScreenshotToTargetWindow:10821 
04-15 14:02:27.942  1182  4162 D RestrictionPolicy: isScreenCaptureEnabled : ret=true userId=0
04-15 14:02:27.942  1182  4162 D RestrictionPolicy: isScreenCaptureEnabled : ret=true userId=0
04-15 14:02:27.943  1182  4162 D RestrictionPolicy: isScreenCaptureEnabled : ret=true userId=0
04-15 14:02:27.943  1182  4162 D WindowManager: takeScreenshotToTargetWindow: targetSurface=null, sourceCrop=Rect(0, 0 - 0, 0)
04-15 14:02:27.948   893   934 D RenderEngine: [SEC_GC_CMN_SF_EFFECTS] drawLayersInternal,1296, Rendering layer  at index 0
04-15 14:02:27.954  1182  4162 D WindowManager: takeScreenshotToTargetWindow, bitmap=android.graphics.Bitmap@b87fb30, failedReason=, caller=com.android.server.wm.WindowManagerService.takeScreenshotToTargetWindowFromCapture:10842 com.android.server.wm.WindowManagerService.takeScreenshotToTargetWindow:10821 android.view.IWindowManager$Stub.onTransact:3612 com.android.server.wm.WindowManagerService.onTransact:1543 android.os.Binder.execTransactInternal:1375 android.os.Binder.execTransact:1311 
04-15 14:02:28.019  1182  4162 D WindowManager: takeScreenshotToTargetWindow: display=0, target=0, containsTarget=false, crop=Rect(0, 0 - 0, 0), w=540, h=1170, useIdentityTransform=true, ignorePolicy=false, caller=com.android.server.wm.WmScreenshotController.takeScreenshotToTargetWindow:653 com.android.server.wm.WindowManagerService.takeScreenshotToTargetWindowFromCapture:10842 com.android.server.wm.WindowManagerService.takeScreenshotToTargetWindow:10821 
04-15 14:02:28.020  1182  4162 D RestrictionPolicy: isScreenCaptureEnabled : ret=true userId=0
04-15 14:02:28.020  1182  4162 D RestrictionPolicy: isScreenCaptureEnabled : ret=true userId=0
04-15 14:02:28.020  1182  4162 D RestrictionPolicy: isScreenCaptureEnabled : ret=true userId=0
04-15 14:02:28.020  1182  4162 D WindowManager: takeScreenshotToTargetWindow: targetSurface=null, sourceCrop=Rect(0, 0 - 0, 0)
04-15 14:02:28.029   893   934 D RenderEngine: [SEC_GC_CMN_SF_EFFECTS] drawLayersInternal,1296, Rendering layer  at index 0
04-15 14:02:28.036  1182  4162 D WindowManager: takeScreenshotToTargetWindow, bitmap=android.graphics.Bitmap@e8ec3a9, failedReason=, caller=com.android.server.wm.WindowManagerService.takeScreenshotToTargetWindowFromCapture:10842 com.android.server.wm.WindowManagerService.takeScreenshotToTargetWindow:10821 android.view.IWindowManager$Stub.onTransact:3612 com.android.server.wm.WindowManagerService.onTransact:1543 android.os.Binder.execTransactInternal:1375 android.os.Binder.execTransact:1311 
04-15 14:02:28.102  1182  4162 D WindowManager: takeScreenshotToTargetWindow: display=0, target=0, containsTarget=false, crop=Rect(0, 0 - 0, 0), w=540, h=1170, useIdentityTransform=true, ignorePolicy=false, caller=com.android.server.wm.WmScreenshotController.takeScreenshotToTargetWindow:653 com.android.server.wm.WindowManagerService.takeScreenshotToTargetWindowFromCapture:10842 com.android.server.wm.WindowManagerService.takeScreenshotToTargetWindow:10821 
04-15 14:02:28.102  1182  4162 D RestrictionPolicy: isScreenCaptureEnabled : ret=true userId=0
04-15 14:02:28.102  1182  4162 D RestrictionPolicy: isScreenCaptureEnabled : ret=true userId=0
04-15 14:02:28.102  1182  4162 D RestrictionPolicy: isScreenCaptureEnabled : ret=true userId=0
04-15 14:02:28.103  1182  4162 D WindowManager: takeScreenshotToTargetWindow: targetSurface=null, sourceCrop=Rect(0, 0 - 0, 0)
04-15 14:02:28.106   893   934 D RenderEngine: [SEC_GC_CMN_SF_EFFECTS] drawLayersInternal,1296, Rendering layer  at index 0
04-15 14:02:28.110  1182  4162 D WindowManager: takeScreenshotToTargetWindow, bitmap=android.graphics.Bitmap@1cfd2e, failedReason=, caller=com.android.server.wm.WindowManagerService.takeScreenshotToTargetWindowFromCapture:10842 com.android.server.wm.WindowManagerService.takeScreenshotToTargetWindow:10821 android.view.IWindowManager$Stub.onTransact:3612 com.android.server.wm.WindowManagerService.onTransact:1543 android.os.Binder.execTransactInternal:1375 android.os.Binder.execTransact:1311 
04-15 14:02:28.182  1182  4162 D WindowManager: takeScreenshotToTargetWindow: display=0, target=0, containsTarget=false, crop=Rect(0, 0 - 0, 0), w=540, h=1170, useIdentityTransform=true, ignorePolicy=false, caller=com.android.server.wm.WmScreenshotController.takeScreenshotToTargetWindow:653 com.android.server.wm.WindowManagerService.takeScreenshotToTargetWindowFromCapture:10842 com.android.server.wm.WindowManagerService.takeScreenshotToTargetWindow:10821 
04-15 14:02:28.184  1182  4162 D RestrictionPolicy: isScreenCaptureEnabled : ret=true userId=0
04-15 14:02:28.184  1182  4162 D RestrictionPolicy: isScreenCaptureEnabled : ret=true userId=0
04-15 14:02:28.184  1182  4162 D RestrictionPolicy: isScreenCaptureEnabled : ret=true userId=0
04-15 14:02:28.184  1182  4162 D WindowManager: takeScreenshotToTargetWindow: targetSurface=null, sourceCrop=Rect(0, 0 - 0, 0)
04-15 14:02:28.189   893   934 D RenderEngine: [SEC_GC_CMN_SF_EFFECTS] drawLayersInternal,1296, Rendering layer  at index 0
04-15 14:02:28.192  1182  4162 D WindowManager: takeScreenshotToTargetWindow, bitmap=android.graphics.Bitmap@11000cf, failedReason=, caller=com.android.server.wm.WindowManagerService.takeScreenshotToTargetWindowFromCapture:10842 com.android.server.wm.WindowManagerService.takeScreenshotToTargetWindow:10821 android.view.IWindowManager$Stub.onTransact:3612 com.android.server.wm.WindowManagerService.onTransact:1543 android.os.Binder.execTransactInternal:1375 android.os.Binder.execTransact:1311 
04-15 14:02:28.216  1182  1203 I system_server: NativeAlloc concurrent mark compact GC freed 19174(1480KB) AllocSpace objects, 0(0B) LOS objects, 24% free, 75MB/99MB, paused 1.037ms,1.780ms total 179.643ms
04-15 14:02:28.216  1182  1205 W System  : A resource failed to call HardwareBuffer.close. 
04-15 14:02:28.216  1182  1205 W System  : A resource failed to call HardwareBuffer.close. 
04-15 14:02:28.217  1182  1205 W System  : A resource failed to call HardwareBuffer.close. 
04-15 14:02:28.217  1182  1205 W System  : A resource failed to call HardwareBuffer.close. 
04-15 14:02:28.217  1182  1205 W System  : A resource failed to call HardwareBuffer.close. 
04-15 14:02:28.217  1182  1205 W System  : A resource failed to call HardwareBuffer.close. 
04-15 14:02:28.217  1182  1205 W System  : A resource failed to call HardwareBuffer.close. 
04-15 14:02:28.217  1182  1205 W System  : A resource failed to call HardwareBuffer.close. 
04-15 14:02:28.217  1182  1205 W System  : A resource failed to call HardwareBuffer.close. 
04-15 14:02:28.217  1182  1205 W System  : A resource failed to call HardwareBuffer.close. 
04-15 14:02:28.217  1182  1205 W System  : A resource failed to call HardwareBuffer.close. 
04-15 14:02:28.217  1182  1205 W System  : A resource failed to call HardwareBuffer.close. 
04-15 14:02:28.217  1182  1205 W System  : A resource failed to call HardwareBuffer.close. 
04-15 14:02:28.217  1182  1205 W System  : A resource failed to call HardwareBuffer.close. 
04-15 14:02:28.217  1182  1205 W System  : A resource failed to call HardwareBuffer.close. 
04-15 14:02:28.217  1182  1205 W System  : A resource failed to call HardwareBuffer.close. 
04-15 14:02:28.217  1182  1205 W System  : A resource failed to call HardwareBuffer.close. 
04-15 14:02:28.217  1182  1205 W System  : A resource failed to call HardwareBuffer.close. 
04-15 14:02:28.217  1182  1205 W System  : A resource failed to call HardwareBuffer.close. 
04-15 14:02:28.217  1182  1205 W System  : A resource failed to call HardwareBuffer.close. 
04-15 14:02:28.217  1182  1205 W System  : A resource failed to call HardwareBuffer.close. 
04-15 14:02:28.217  1182  1205 W System  : A resource failed to call HardwareBuffer.close. 
04-15 14:02:28.217  1182  1205 W System  : A resource failed to call HardwareBuffer.close. 
04-15 14:02:28.217  1182  1205 W System  : A resource failed to call HardwareBuffer.close. 
04-15 14:02:28.272  1182  4162 D WindowManager: takeScreenshotToTargetWindow: display=0, target=0, containsTarget=false, crop=Rect(0, 0 - 0, 0), w=540, h=1170, useIdentityTransform=true, ignorePolicy=false, caller=com.android.server.wm.WmScreenshotController.takeScreenshotToTargetWindow:653 com.android.server.wm.WindowManagerService.takeScreenshotToTargetWindowFromCapture:10842 com.android.server.wm.WindowManagerService.takeScreenshotToTargetWindow:10821 
04-15 14:02:28.272  1182  4162 D RestrictionPolicy: isScreenCaptureEnabled : ret=true userId=0
04-15 14:02:28.273  1182  4162 D RestrictionPolicy: isScreenCaptureEnabled : ret=true userId=0
04-15 14:02:28.273  1182  4162 D RestrictionPolicy: isScreenCaptureEnabled : ret=true userId=0
04-15 14:02:28.273  1182  4162 D WindowManager: takeScreenshotToTargetWindow: targetSurface=null, sourceCrop=Rect(0, 0 - 0, 0)
04-15 14:02:28.283   893   934 D RenderEngine: [SEC_GC_CMN_SF_EFFECTS] drawLayersInternal,1296, Rendering layer  at index 0
04-15 14:02:28.289  1182  4162 D WindowManager: takeScreenshotToTargetWindow, bitmap=android.graphics.Bitmap@3299a5c, failedReason=, caller=com.android.server.wm.WindowManagerService.takeScreenshotToTargetWindowFromCapture:10842 com.android.server.wm.WindowManagerService.takeScreenshotToTargetWindow:10821 android.view.IWindowManager$Stub.onTransact:3612 com.android.server.wm.WindowManagerService.onTransact:1543 android.os.Binder.execTransactInternal:1375 android.os.Binder.execTransact:1311 
04-15 14:02:28.365  1182  4162 D WindowManager: takeScreenshotToTargetWindow: display=0, target=0, containsTarget=false, crop=Rect(0, 0 - 0, 0), w=540, h=1170, useIdentityTransform=true, ignorePolicy=false, caller=com.android.server.wm.WmScreenshotController.takeScreenshotToTargetWindow:653 com.android.server.wm.WindowManagerService.takeScreenshotToTargetWindowFromCapture:10842 com.android.server.wm.WindowManagerService.takeScreenshotToTargetWindow:10821 
04-15 14:02:28.366  1182  4162 D RestrictionPolicy: isScreenCaptureEnabled : ret=true userId=0
04-15 14:02:28.366  1182  4162 D RestrictionPolicy: isScreenCaptureEnabled : ret=true userId=0
04-15 14:02:28.366  1182  4162 D RestrictionPolicy: isScreenCaptureEnabled : ret=true userId=0
04-15 14:02:28.366  1182  4162 D WindowManager: takeScreenshotToTargetWindow: targetSurface=null, sourceCrop=Rect(0, 0 - 0, 0)
04-15 14:02:28.372   893   934 D RenderEngine: [SEC_GC_CMN_SF_EFFECTS] drawLayersInternal,1296, Rendering layer  at index 0
04-15 14:02:28.375  1182  4162 D WindowManager: takeScreenshotToTargetWindow, bitmap=android.graphics.Bitmap@4e6f165, failedReason=, caller=com.android.server.wm.WindowManagerService.takeScreenshotToTargetWindowFromCapture:10842 com.android.server.wm.WindowManagerService.takeScreenshotToTargetWindow:10821 android.view.IWindowManager$Stub.onTransact:3612 com.android.server.wm.WindowManagerService.onTransact:1543 android.os.Binder.execTransactInternal:1375 android.os.Binder.execTransact:1311 
04-15 14:02:28.430  1182  4162 D WindowManager: takeScreenshotToTargetWindow: display=0, target=0, containsTarget=false, crop=Rect(0, 0 - 0, 0), w=540, h=1170, useIdentityTransform=true, ignorePolicy=false, caller=com.android.server.wm.WmScreenshotController.takeScreenshotToTargetWindow:653 com.android.server.wm.WindowManagerService.takeScreenshotToTargetWindowFromCapture:10842 com.android.server.wm.WindowManagerService.takeScreenshotToTargetWindow:10821 
04-15 14:02:28.430  1182  4162 D RestrictionPolicy: isScreenCaptureEnabled : ret=true userId=0
04-15 14:02:28.430  1182  4162 D RestrictionPolicy: isScreenCaptureEnabled : ret=true userId=0
04-15 14:02:28.431  1182  4162 D RestrictionPolicy: isScreenCaptureEnabled : ret=true userId=0
04-15 14:02:28.431  1182  4162 D WindowManager: takeScreenshotToTargetWindow: targetSurface=null, sourceCrop=Rect(0, 0 - 0, 0)
04-15 14:02:28.433   893   934 D RenderEngine: [SEC_GC_CMN_SF_EFFECTS] drawLayersInternal,1296, Rendering layer  at index 0
04-15 14:02:28.437  1182  4162 D WindowManager: takeScreenshotToTargetWindow, bitmap=android.graphics.Bitmap@cffbe3a, failedReason=, caller=com.android.server.wm.WindowManagerService.takeScreenshotToTargetWindowFromCapture:10842 com.android.server.wm.WindowManagerService.takeScreenshotToTargetWindow:10821 android.view.IWindowManager$Stub.onTransact:3612 com.android.server.wm.WindowManagerService.onTransact:1543 android.os.Binder.execTransactInternal:1375 android.os.Binder.execTransact:1311 
04-15 14:02:28.437 25315 25315 D AndroidRuntime: >>>>>> START com.android.internal.os.RuntimeInit uid 2000 <<<<<<
04-15 14:02:28.441 25315 25315 I AndroidRuntime: Using default boot image
04-15 14:02:28.441 25315 25315 I AndroidRuntime: Leaving lock profiling enabled
04-15 14:02:28.441 25315 25315 D SecNativeFeatureCppIf: encoded
04-15 14:02:28.441 25315 25315 D SecNativeFeatureCppIf: decoding and unzip finish
04-15 14:02:28.441 25315 25315 D SecNativeFeatureCppIf: use unCompDataBuff. encoded
04-15 14:02:28.441 25315 25315 D SecNativeFeatureCppIf: Free unCompDataBuff
04-15 14:02:28.441 25315 25315 D AndroidRuntime: addProductProperty not brand or 7
04-15 14:02:28.443 25315 25315 I app_process: Using CollectorTypeCMC GC.
04-15 14:02:28.471  8941  8941 W ContextImpl: Calling a method in the system process without a qualified user: android.app.ContextImpl.startActivity:1144 android.content.ContextWrapper.startActivity:445 com.samsung.rtlassistant.utils.ActivityControllerManager$HeartbeatTask.runHeartbeat:24 com.samsung.rtlassistant.utils.ActivityControllerManager$HeartbeatTask.run:2 android.os.Handler.handleCallback:958 
04-15 14:02:28.471  8941  8941 W ContextImpl: Calling a method in the system process without a qualified user: android.app.ContextImpl.startActivity:1156 android.app.ContextImpl.startActivity:1145 android.content.ContextWrapper.startActivity:445 com.samsung.rtlassistant.utils.ActivityControllerManager$HeartbeatTask.runHeartbeat:24 com.samsung.rtlassistant.utils.ActivityControllerManager$HeartbeatTask.run:2 
04-15 14:02:28.472  1182  4162 D ActivityTaskManager: startActivityAsUser: callingPid=8941, callingUid=1000, caller=com.android.server.wm.ActivityTaskManagerService.startActivityAsUser:1870 com.android.server.wm.ActivityTaskManagerService.startActivity:1844 android.app.IActivityTaskManager$Stub.onTransact:1369 com.android.server.wm.ActivityTaskManagerService.onTransact:7025 android.os.Binder.execTransactInternal:1375 android.os.Binder.execTransact:1311 <bottom of call stack> 
04-15 14:02:28.473  1182  1239 I ChimeraSystemEventListener: appLaunchIntent package name is: com.samsung.rtlassistant
04-15 14:02:28.476  1182  4162 I ActivityTaskManager: START u0 {dat=heartbeat://9205e9f8-1f1f-4f05-99d6-55b284ec8bce/... flg=0x18800000 cmp=com.samsung.rtlassistant/.HeartbeatActivity} with LAUNCH_MULTIPLE from uid 1000 (BAL_ALLOW_ALLOWLISTED_UID) result code=102
04-15 14:02:28.476  1182  4162 I Pageboost: stop alp
04-15 14:02:28.476  1182  4162 D ActivityTaskManager: startActivity: reason=startActivityAsUser, result=102
04-15 14:02:28.477  3245  3245 E pageboostd: Received HALT command code 2
04-15 14:02:28.492 25315 25315 D nativeloader: InitDefaultPublicLibraries for_preload=1: libandroid.so:libaaudio.so:libamidi.so:libbinder_ndk.so:libc.so:libcamera2ndk.so:libdl.so:libEGL.so:libGLESv1_CM.so:libGLESv2.so:libGLESv3.so:libicu.so:libicui18n.so:libicuuc.so:libjnigraphics.so:liblog.so:libmediandk.so:libm.so:libnativehelper.so:libnativewindow.so:libOpenMAXAL.so:libOpenSLES.so:libRS.so:libstdc++.so:libsync.so:libvulkan.so:libwebviewchromium_plat_support.so:libz.so
04-15 14:02:28.499 25315 25315 D app_process: Time zone APEX ICU file found: /apex/com.android.tzdata/etc/icu/icu_tzdata.dat
04-15 14:02:28.499 25315 25315 D app_process: I18n APEX ICU file found: /apex/com.android.i18n/etc/icu/icudt72l.dat
04-15 14:02:28.499  1182  4162 D WindowManager: takeScreenshotToTargetWindow: display=0, target=0, containsTarget=false, crop=Rect(0, 0 - 0, 0), w=540, h=1170, useIdentityTransform=true, ignorePolicy=false, caller=com.android.server.wm.WmScreenshotController.takeScreenshotToTargetWindow:653 com.android.server.wm.WindowManagerService.takeScreenshotToTargetWindowFromCapture:10842 com.android.server.wm.WindowManagerService.takeScreenshotToTargetWindow:10821 
04-15 14:02:28.500  1182  4162 D RestrictionPolicy: isScreenCaptureEnabled : ret=true userId=0
04-15 14:02:28.500  1182  4162 D RestrictionPolicy: isScreenCaptureEnabled : ret=true userId=0
04-15 14:02:28.500  1182  4162 D RestrictionPolicy: isScreenCaptureEnabled : ret=true userId=0
04-15 14:02:28.500  1182  4162 D WindowManager: takeScreenshotToTargetWindow: targetSurface=null, sourceCrop=Rect(0, 0 - 0, 0)
04-15 14:02:28.504   893   934 D RenderEngine: [SEC_GC_CMN_SF_EFFECTS] drawLayersInternal,1296, Rendering layer  at index 0
04-15 14:02:28.507  1182  4162 D WindowManager: takeScreenshotToTargetWindow, bitmap=android.graphics.Bitmap@fb5daeb, failedReason=, caller=com.android.server.wm.WindowManagerService.takeScreenshotToTargetWindowFromCapture:10842 com.android.server.wm.WindowManagerService.takeScreenshotToTargetWindow:10821 android.view.IWindowManager$Stub.onTransact:3612 com.android.server.wm.WindowManagerService.onTransact:1543 android.os.Binder.execTransactInternal:1375 android.os.Binder.execTransact:1311 
04-15 14:02:28.522 25315 25315 E SemDvfsManager_JNI: SemDvfsManager: registerfunction enter
04-15 14:02:28.522 25315 25315 E SemAffinityControl: SemAffinityControl: registerfunction enter
04-15 14:02:28.524 25315 25315 W libc    : Access denied finding property "ro.product.name_for_attestation"
04-15 14:02:28.524 25315 25315 W libc    : Access denied finding property "ro.product.brand_for_attestation"
04-15 14:02:28.524 25315 25315 W libc    : Access denied finding property "ro.product.model_for_attestation"
04-15 14:02:28.525   753   753 E audit   : type=1400 audit(1776241948.522:817): avc:  denied  { read } for  pid=25315 comm="main" name="u:object_r:build_attestation_prop:s0" dev="tmpfs" ino=160 scontext=u:r:shell:s0 tcontext=u:object_r:build_attestation_prop:s0 tclass=file permissive=0 SEPF_SM-S721B_14_0001 audit_filtered
04-15 14:02:28.525   753   753 E audit   : type=1400 audit(1776241948.522:818): avc:  denied  { read } for  pid=25315 comm="main" name="u:object_r:build_attestation_prop:s0" dev="tmpfs" ino=160 scontext=u:r:shell:s0 tcontext=u:object_r:build_attestation_prop:s0 tclass=file permissive=0 SEPF_SM-S721B_14_0001 audit_filtered
04-15 14:02:28.525   753   753 E audit   : type=1400 audit(1776241948.522:819): avc:  denied  { read } for  pid=25315 comm="main" name="u:object_r:build_attestation_prop:s0" dev="tmpfs" ino=160 scontext=u:r:shell:s0 tcontext=u:object_r:build_attestation_prop:s0 tclass=file permissive=0 SEPF_SM-S721B_14_0001 audit_filtered
04-15 14:02:28.525 25315 25315 D AndroidRuntime: Calling main entry com.android.commands.monkey.Monkey
04-15 14:02:28.525 25315 25315 W Monkey  : args: [-p, com.henza.accountingv2, -c, android.intent.category.LAUNCHER, 1]
04-15 14:02:28.526 25315 25315 W Monkey  :  arg: "-p"
04-15 14:02:28.526 25315 25315 W Monkey  :  arg: "com.henza.accountingv2"
04-15 14:02:28.526 25315 25315 W Monkey  :  arg: "-c"
04-15 14:02:28.526 25315 25315 W Monkey  :  arg: "android.intent.category.LAUNCHER"
04-15 14:02:28.526 25315 25315 W Monkey  :  arg: "1"
04-15 14:02:28.526 25315 25315 W Monkey  : data="com.henza.accountingv2"
04-15 14:02:28.526 25315 25315 W Monkey  : data="android.intent.category.LAUNCHER"
04-15 14:02:28.531  1182  4162 W ActivityTaskManager: setActivityController controller: android.app.IActivityController$Stub$Proxy@5e40048  mControllerDescription: pid = 25315 uid = 2000
04-15 14:02:28.531  1182  4162 W ActivityManager: registerReceiverWithFeature: no app for null
04-15 14:02:28.533 25315 25315 D SemCscFeature: Encoded
04-15 14:02:28.534  1182  4162 D ActivityTaskManager: startActivityAsUser: callingPid=25315, callingUid=2000, caller=com.android.server.wm.ActivityTaskManagerService.startActivityAsUser:1870 com.android.server.am.ActivityManagerService.startActivityAsUserWithFeature:3821 android.app.IActivityManager$Stub.onTransact$startActivityAsUserWithFeature$:12299 android.app.IActivityManager$Stub.onTransact:4162 com.android.server.am.ActivityManagerService.onTransact:3202 android.os.Binder.execTransactInternal:1375 android.os.Binder.execTransact:1311 
04-15 14:02:28.534  1182  4162 I Pageboost: onAppLaunch : com.henza.accountingv2
04-15 14:02:28.534  1182  1239 I ChimeraSystemEventListener: appLaunchIntent package name is: com.henza.accountingv2
04-15 14:02:28.535  1182  1659 I Pageboost: Record App IO : com.henza.accountingv2 pid 25120
04-15 14:02:28.535  1182  4162 W ActivityTaskManager: callingPackage for (uid=2000, pid=25315) has no WPC
04-15 14:02:28.535  1182  4162 D CompatibilityChangeReporter: Compat change id reported: 265464455; UID 10345; state: DISABLED
04-15 14:02:28.535  1182  4162 D CompatibilityChangeReporter: Compat change id reported: 265452344; UID 10345; state: DISABLED
04-15 14:02:28.535  1182  4162 D CompatibilityChangeReporter: Compat change id reported: 266124927; UID 10345; state: DISABLED
04-15 14:02:28.535  1182  4162 D CompatibilityChangeReporter: Compat change id reported: 265451093; UID 10345; state: DISABLED
04-15 14:02:28.535  1182  4162 D CompatibilityChangeReporter: Compat change id reported: 265456536; UID 10345; state: DISABLED
04-15 14:02:28.535  1182  4162 D CompatibilityChangeReporter: Compat change id reported: 255940284; UID 10345; state: DISABLED
04-15 14:02:28.535  1182  4162 D CompatibilityChangeReporter: Compat change id reported: 236283604; UID 10345; state: DISABLED
04-15 14:02:28.535  1182  4162 D CompatibilityChangeReporter: Compat change id reported: 263959004; UID 10345; state: DISABLED
04-15 14:02:28.535  1182  4162 D CompatibilityChangeReporter: Compat change id reported: 264304459; UID 10345; state: DISABLED
04-15 14:02:28.535  1182  4162 D CompatibilityChangeReporter: Compat change id reported: 264301586; UID 10345; state: DISABLED
04-15 14:02:28.535  1182  4162 D CompatibilityChangeReporter: Compat change id reported: 254631730; UID 10345; state: DISABLED
04-15 14:02:28.535  1182  4162 D CompatibilityChangeReporter: Compat change id reported: 273509367; UID 10345; state: DISABLED
04-15 14:02:28.535  1182  4162 D CompatibilityChangeReporter: Compat change id reported: 263259275; UID 10345; state: DISABLED
04-15 14:02:28.535  1182  4162 D CompatibilityChangeReporter: Compat change id reported: 174042980; UID 10345; state: DISABLED
04-15 14:02:28.535  1182  4162 D CompatibilityChangeReporter: Compat change id reported: 174042936; UID 10345; state: DISABLED
04-15 14:02:28.535  1182  4162 D CompatibilityChangeReporter: Compat change id reported: 181136395; UID 10345; state: DISABLED
04-15 14:02:28.536  1182  1659 I Pageboost: 64 bit checked : true for 25120
04-15 14:02:28.536  1182  1659 I Pageboost: IoRecord pid : 25120, started correctly
04-15 14:02:28.537  1182  4162 D CompatibilityChangeReporter: Compat change id reported: 194480991; UID 10345; state: ENABLED
04-15 14:02:28.537  1182  2553 D WindowManager: takeScreenshotToTargetWindow: display=0, target=0, containsTarget=false, crop=Rect(0, 0 - 0, 0), w=540, h=1170, useIdentityTransform=true, ignorePolicy=false, caller=com.android.server.wm.WmScreenshotController.takeScreenshotToTargetWindow:653 com.android.server.wm.WindowManagerService.takeScreenshotToTargetWindowFromCapture:10842 com.android.server.wm.WindowManagerService.takeScreenshotToTargetWindow:10821 
04-15 14:02:28.538  1182  4162 D WindowManager: Transition is created, t=TransitionRecord{7498301 id=-1 type=OPEN flags=0x0}, caller=com.android.server.wm.TransitionController.createAndStartCollecting:1830 com.android.server.wm.ActivityStarter.startActivityUnchecked:2374 com.android.server.wm.ActivityStarter.executeRequest:1959 com.android.server.wm.ActivityStarter.execute:1075 com.android.server.wm.ActivityTaskManagerService.startActivityAsUser:2011 
04-15 14:02:28.538  1182  4162 D WindowManager: SyncGroup is created, id=15, name=Transition, caller=com.android.server.wm.BLASTSyncEngine$SyncGroup.<init>:0 com.android.server.wm.BLASTSyncEngine.prepareSyncSet:523 com.android.server.wm.BLASTSyncEngine.startSyncSet:528 com.android.server.wm.Transition.startCollecting:704 com.android.server.wm.TransitionController.moveToCollecting:360 com.android.server.wm.TransitionController.createAndStartCollecting:1831 com.android.server.wm.ActivityStarter.startActivityUnchecked:2374 
04-15 14:02:28.538  1182  4162 W WindowManager: setSyncMethod, id=15, method=0, caller=com.android.server.wm.Transition.startCollecting:706 com.android.server.wm.TransitionController.moveToCollecting:360 com.android.server.wm.TransitionController.createAndStartCollecting:1831 
04-15 14:02:28.538  1182  4162 V WindowManager: Start collecting in Transition: TransitionRecord{7498301 id=15 type=OPEN flags=0x0}, caller=com.android.server.wm.TransitionController.createAndStartCollecting:1831 com.android.server.wm.ActivityStarter.startActivityUnchecked:2374 com.android.server.wm.ActivityStarter.executeRequest:1959 com.android.server.wm.ActivityStarter.execute:1075 com.android.server.wm.ActivityTaskManagerService.startActivityAsUser:2011 
04-15 14:02:28.538  1182  4162 V WindowManager: Collecting in transition 15: ActivityRecord{3fd45a6 u0 com.henza.accountingv2/.MainActivity, caller=com.android.server.wm.Transition.collect:753 com.android.server.wm.TransitionController.collect:975 com.android.server.wm.ActivityStarter.startActivityUnchecked:2407 com.android.server.wm.ActivityStarter.executeRequest:1959 com.android.server.wm.ActivityStarter.execute:1075 
04-15 14:02:28.538  1182  4162 D ActivityTaskManager: TaskLaunchParamsModifier:task=null activity=ActivityRecord{3fd45a6 u0 com.henza.accountingv2/.MainActivity t-1} display-id=0 task-display-area-windowing-mode=1 suggested-display-area=DefaultTaskDisplayArea_d0@251880036
04-15 14:02:28.539  1182  4162 D ActivityTaskManager: TaskLaunchParamsModifier:task=null activity=ActivityRecord{3fd45a6 u0 com.henza.accountingv2/.MainActivity t-1} display-id=0 task-display-area-windowing-mode=1 suggested-display-area=DefaultTaskDisplayArea_d0@251880036 non-freeform-task-display-area display-area=DefaultTaskDisplayArea_d0@251880036 activity-requested-portrait freeform-size-mismatch=Rect(81, 563 - 999, 1733)
04-15 14:02:28.539  1182  4162 E CellBroadcastUtils: getDefaultCellBroadcastReceiverPackageName: no package found
04-15 14:02:28.540   893   929 I SurfaceFlinger: id=244 createSurf, flag=24004, Task=13#244
04-15 14:02:28.540  1182  4162 D ActivityTaskManager: Top Process State changed to PROCESS_STATE_TOP_SLEEPING#2
04-15 14:02:28.541  1182  4162 D ActivityTaskManager: TaskLaunchParamsModifier:task=Task{2736be7 #13 type=standard A=10345:com.henza.accountingv2} activity=ActivityRecord{3fd45a6 u0 com.henza.accountingv2/.MainActivity t-1} display-from-task=0 display-id=0 task-display-area-windowing-mode=1 suggested-display-area=DefaultTaskDisplayArea_d0@251880036 inherit-from-task=fullscreen non-freeform-task-display-area display-area=DefaultTaskDisplayArea_d0@251880036 activity-requested-portrait freeform-size-mismatch=Rect(81, 563 - 999, 1733)
04-15 14:02:28.541  1182  4162 V WindowManager: Collecting in transition 15: Task{2736be7 #13 type=standard A=10345:com.henza.accountingv2}, caller=com.android.server.wm.Transition.collect:753 com.android.server.wm.Transition.collectExistenceChange:936 com.android.server.wm.TransitionController.collectExistenceChange:1025 com.android.server.wm.ActivityStarter.setNewTask:4836 com.android.server.wm.ActivityStarter.startActivityInner:3040 
04-15 14:02:28.541  1182  4162 D CompatibilityChangeReporter: Compat change id reported: 184838306; UID 10345; state: DISABLED
04-15 14:02:28.541  1182  4162 D CompatibilityChangeReporter: Compat change id reported: 185004937; UID 10345; state: DISABLED
04-15 14:02:28.541   893   929 I SurfaceFlinger: id=245 createSurf, flag=84004, ActivityRecord{3fd45a6 u0 com.henza.accountingv2/.MainActivity t13}#245
04-15 14:02:28.542  1182  4162 D ActivityTaskManager: Temporarily retain top process state for launching app
04-15 14:02:28.543  1182  4162 V WindowManager: Checking theme of starting window: 0x7f130263
04-15 14:02:28.543  1182  4162 V WindowManager: Translucent=false Floating=false ShowWallpaper=false Disable=false
04-15 14:02:28.543  1182  4162 D WindowManager: App launched activity=ActivityRecord{3fd45a6 u0 com.henza.accountingv2/.MainActivity t13}, state=1
04-15 14:02:28.543  1182  4162 V WindowManager: rotationForOrientation(orient=SCREEN_ORIENTATION_NOSENSOR (5), last=ROTATION_0 (0)); user=ROTATION_0 (0) 
04-15 14:02:28.543  1182  4162 D WindowManager: rotationForOrientation, orientationSource=Window{6a7f699 u0 NotificationShade}
04-15 14:02:28.543  1182  4162 V WindowManager: Computed rotation=ROTATION_0 (0) for display id=0 based on lastOrientation=SCREEN_ORIENTATION_NOSENSOR (5) and oldRotation=ROTATION_0 (0), caller=com.android.server.wm.DisplayRotation.updateOrientation:525 com.android.server.wm.DisplayContent.updateOrientation:2181 com.android.server.wm.DisplayContent.updateOrientation:2097 com.android.server.wm.RootWindowContainer.ensureVisibilityAndConfig:2083 com.android.server.wm.ActivityTaskSupervisor.realStartActivityLocked:956 com.android.server.wm.ActivityTaskSupervisor.startSpecificActivity:1296 
04-15 14:02:28.544  1182  4162 D SGM:PkgDataHelper: notifyAppCreate(), pkgName: com.henza.accountingv2, userId: 0, sendRet: true
04-15 14:02:28.544  1182  1433 D SGM:FgCheckThread: onLooperPrepared(), msg: MSG_APP_CREATE, pkgName: com.henza.accountingv2, userId: 0
04-15 14:02:28.544  1182  4162 D SGM:FgCheckThread: TaskStackListener.onTaskFocusChanged(), taskId=6, focused=false
04-15 14:02:28.544  1182  4162 D SGM:FgCheckThread: TaskStackListener.onTaskFocusChanged(), taskId=13, focused=true
04-15 14:02:28.544  1182  4162 D SGM:FgCheckThread:   sendRunningComponentFocus(), pkgName: com.henza.accountingv2, userId: 0
04-15 14:02:28.545  1182  1433 D SGM:FgCheckThread: onLooperPrepared(), msg: MSG_TASK_FOCUSED, pkgName: com.henza.accountingv2, userId: 0
04-15 14:02:28.545  1182  1433 D SGM:FgCheckThread: handleTaskFocused().
04-15 14:02:28.545  1182  1433 D SGM:FgCheckThread:   handleTaskFocused(), pkgName: com.henza.accountingv2, userID:0
04-15 14:02:28.545  1182  1433 D SGM:FgCheckThread: handleResume().
04-15 14:02:28.545  1182  4162 D InputDispatcher: Focused application(0): ActivityRecord{3fd45a6 u0 com.henza.accountingv2/.MainActivity t13}
04-15 14:02:28.545  1182  1433 D SGM:SystemHelper: callReleaseBlock needReleaseBlock:false
04-15 14:02:28.545  1182  1433 D SGM:FgCheckThread:   handleResume(). device is locked yet. ignore
04-15 14:02:28.545  1182  4162 D SGM:FgCheckThread: TaskStackListener.onTaskFocusChanged(), taskId=6, focused=false
04-15 14:02:28.545  1182  4162 D SGM:FgCheckThread: TaskStackListener.onTaskFocusChanged(), taskId=13, focused=true
04-15 14:02:28.545  1182  4162 D SGM:FgCheckThread:   sendRunningComponentFocus(), pkgName: com.henza.accountingv2, userId: 0
04-15 14:02:28.545  1182  1433 D SGM:FgCheckThread: onLooperPrepared(), msg: MSG_TASK_FOCUSED, pkgName: com.henza.accountingv2, userId: 0
04-15 14:02:28.545  1182  1433 D SGM:FgCheckThread: handleTaskFocused().
04-15 14:02:28.545  1182  1433 D SGM:FgCheckThread:   handleTaskFocused(), pkgName: com.henza.accountingv2, userID:0
04-15 14:02:28.545  1182  1433 D SGM:FgCheckThread: handleResume().
04-15 14:02:28.545  1182  1433 D SGM:SystemHelper: callReleaseBlock needReleaseBlock:false
04-15 14:02:28.545  1182  1433 D SGM:FgCheckThread:   handleResume(). device is locked yet. ignore
04-15 14:02:28.545  1182  4162 D ActivityTaskManager: scheduleTopResumedActivityChanged, onTop=true, r=ActivityRecord{3fd45a6 u0 com.henza.accountingv2/.MainActivity t13}, caller=com.android.server.wm.ActivityTaskSupervisor.scheduleTopResumedActivityStateIfNeeded:2904 com.android.server.wm.ActivityTaskSupervisor.updateTopResumedActivityIfNeeded:2896 com.android.server.wm.TaskFragment.setResumedActivity:581 com.android.server.wm.TaskFragment.onActivityStateChanged:905 com.android.server.wm.ActivityRecord.setState:6892 com.android.server.wm.Task.minimalResumeActivityLocked:6255 
04-15 14:02:28.546  1182  4162 V WindowManager: Collecting in transition 15: ActivityRecord{3fd45a6 u0 com.henza.accountingv2/.MainActivity t13}, caller=com.android.server.wm.Transition.collect:753 com.android.server.wm.TransitionController.collect:975 com.android.server.wm.ActivityRecord.setVisibility:6429 com.android.server.wm.ActivityRecord.setVisibility:6381 com.android.server.wm.ActivityRecord.completeResumeLocked:7499 
04-15 14:02:28.546  1182  4162 V WindowManager: Collecting in transition 15: ActivityRecord{3fd45a6 u0 com.henza.accountingv2/.MainActivity t13}, caller=com.android.server.wm.Transition.collect:753 com.android.server.wm.TransitionController.collect:975 com.android.server.wm.ActivityRecord.setVisibility:6429 com.android.server.wm.ActivityRecord.setVisibility:6381 com.android.server.wm.ActivityRecord.makeInvisible:7223 
04-15 14:02:28.546  1182  4162 D WindowManager: VisibleRequested updated, r=ActivityRecord{3fd45a6 u0 com.henza.accountingv2/.MainActivity t13}
04-15 14:02:28.546  1182  4162 D ActivityTaskManager: scheduleTopResumedActivityChanged, onTop=false, r=ActivityRecord{3fd45a6 u0 com.henza.accountingv2/.MainActivity t13}, caller=com.android.server.wm.ActivityTaskSupervisor.updateTopResumedActivityIfNeeded:2873 com.android.server.wm.TaskFragment.setResumedActivity:581 com.android.server.wm.TaskFragment.onActivityStateChanged:890 com.android.server.wm.ActivityRecord.setState:6892 com.android.server.wm.TaskFragment.startPausing:2014 com.android.server.wm.TaskFragment.startPausing:1958 
04-15 14:02:28.547  1182  4162 V WindowManager: Collecting in transition 15: ActivityRecord{3fd45a6 u0 com.henza.accountingv2/.MainActivity t13}, caller=com.android.server.wm.Transition.collect:753 com.android.server.wm.Transition.collectExistenceChange:936 com.android.server.wm.TransitionController.collectExistenceChange:1025 com.android.server.wm.ActivityStarter.handleStartResult:2631 com.android.server.wm.ActivityStarter.startActivityUnchecked:2415 
04-15 14:02:28.547  1182  4162 V WindowManager: Requesting StartTransition: TransitionRecord{7498301 id=15 type=OPEN flags=0x0}, caller=com.android.server.wm.ActivityStarter.handleStartResult:2665 com.android.server.wm.ActivityStarter.startActivityUnchecked:2415 com.android.server.wm.ActivityStarter.executeRequest:1959 com.android.server.wm.ActivityStarter.execute:1075 com.android.server.wm.ActivityTaskManagerService.startActivityAsUser:2011 
04-15 14:02:28.548   893   893 I SurfaceFlinger: SFWD update time=18700381470897
04-15 14:02:28.548 25120 25120 D OpenGLRenderer: HWUI - treat SMPTE_170M as sRGB
04-15 14:02:28.548  1682  1988 V WindowManagerShell: Transition requested: android.os.BinderProxy@a079ca5 TransitionRequestInfo { type = OPEN, triggerTask = TaskInfo{userId=0 taskId=13 displayId=0 isRunning=true baseIntent=Intent { act=android.intent.action.MAIN cat=[android.intent.category.LAUNCHER] flg=0x10200000 cmp=com.henza.accountingv2/.MainActivity } baseActivity=ComponentInfo{com.henza.accountingv2/com.henza.accountingv2.MainActivity} topActivity=ComponentInfo{com.henza.accountingv2/com.henza.accountingv2.MainActivity} origActivity=null realActivity=ComponentInfo{com.henza.accountingv2/com.henza.accountingv2.MainActivity} numActivities=1 lastActiveTime=18700380 supportsMultiWindow=true resizeMode=1 isResizeable=true minWidth=-1 minHeight=-1 maxWidth=-1 maxHeight=-1 defaultMinSize=220 token=WCT{android.window.IWindowContainerToken$Stub$Proxy@396287a} topActivityType=1 pictureInPictureParams=null shouldDockBigOverlays=false launchIntoPipHostTaskId=-1 lastParentTaskIdBeforePip=-1 displayCutoutSafeInsets=Rect(0, 92 - 0, 0) topActivityInfo=ActivityInfo{fa0982b com.henza.accountingv2.MainActivity} launchCookies=[] positionInParent=Point(0, 0) parentTaskId=-1 isFocused=true isVisible=false isVisibleRequested=false isSleeping=true topActivityInSizeCompat=false topActivityEligibleForLetterboxEducation= false topActivityLetterboxed= false isFromDoubleTap= false topActivityLetterboxVerticalPosition= -1 topActivityLetterboxHorizontalPosition= -1 topActivityLetterboxWidth=-1 topActivityLetterboxHeight=-1 locusId=null displayAreaFeatureId=1 cameraCompatControlState=hidden originallySupportedMultiWindow=true hasWallpaper=false topActivityInFixedAspectRatio=false rootAffinity=10345:com.henza.accountingv2 topActivityInDisplayCompat=false topActivityInBoundsCompat=false topActivityBounds=null singleTapFromLetterbox=false isTopTaskInStage=false topActivityUiMode=17 CoverLauncherWidgetTask=false CoverScreenTask=false isAllowedSeamlessRotation=false isTopTransparentActivity=false hasPopOver=false}, remoteTransition = null, displayChange = null }
04-15 14:02:28.548  1182  4162 D CompatibilityChangeReporter: Compat change id reported: 194833441; UID 10345; state: ENABLED
04-15 14:02:28.548  1182  4162 I ActivityTaskManager: START u0 {act=android.intent.action.MAIN cat=[android.intent.category.LAUNCHER] flg=0x10200000 cmp=com.henza.accountingv2/.MainActivity} with LAUNCH_SINGLE_TASK from uid 2000 (BAL_ALLOW_PERMISSION) result code=0
04-15 14:02:28.548  1182  4162 I Pageboost: stop alp
04-15 14:02:28.549  1182  4162 I SemDvfsHyPerManager: acquire hyper - AMS_APP_LAUNCH/1182@15, type = -999
04-15 14:02:28.549  3245  3245 E pageboostd: Received HALT command code 2
04-15 14:02:28.549   802   837 I HYPER-HAL: [RequestManager.cpp]acquire(): Acquired ID : 717018  [1182 / 15]    HINT : AMS_APP_LAUNCH    list : 
04-15 14:02:28.549  1182  2553 D RestrictionPolicy: isScreenCaptureEnabled : ret=true userId=0
04-15 14:02:28.550 25315 25315 I Monkey  : Events injected: 1
04-15 14:02:28.550  1182  2553 D RestrictionPolicy: isScreenCaptureEnabled : ret=true userId=0
04-15 14:02:28.550  1182  2553 D RestrictionPolicy: isScreenCaptureEnabled : ret=true userId=0
04-15 14:02:28.550  1182  2553 D WindowManager: takeScreenshotToTargetWindow: targetSurface=null, sourceCrop=Rect(0, 0 - 0, 0)
04-15 14:02:28.550  3517  3517 I SemDvfsHyPerManager: acquire hyper - APP_START/3517@21, type = -999
04-15 14:02:28.550   802   837 I HYPER-HAL: [RequestManager.cpp]acquire(): Acquired ID : 6260512  [3517 / 21]    HINT : APP_START    list : 
04-15 14:02:28.551  1182  1239 I ActivityManager: Changes in 10345 19 to 2, 0 to 63
04-15 14:02:28.551  1182  1518 D AS.MultiSoundManager: mForegroundUid = 10345
04-15 14:02:28.551  1182  1518 D AS.MultiSoundManager: mForegroundUid = 10345
04-15 14:02:28.551  1182  1239 D GMR     : fg_async : 25120 com.henza.accountingv2
04-15 14:02:28.552  1182  1272 D GMR     : fg : 25120 com.henza.accountingv2
04-15 14:02:28.553 25120 25330 D libEGL  : dlopen (libGLESv2_samsung.so) success at 0xfe4ecf902e6f7c13
04-15 14:02:28.553 25120 25330 D vulkan  : searching for layers in '/data/app/~~Cqso9iRTnJ2L2BmION8l8Q==/com.henza.accountingv2--rr7xMWE_emWQgLyXYkS4A==/lib/arm64'
04-15 14:02:28.553 25120 25330 D vulkan  : searching for layers in '/data/app/~~Cqso9iRTnJ2L2BmION8l8Q==/com.henza.accountingv2--rr7xMWE_emWQgLyXYkS4A==/base.apk!/lib/arm64-v8a'
04-15 14:02:28.554 25120 25330 V XGL     : ----------------------------------------------------------------------
04-15 14:02:28.554 25120 25330 V XGL     : SUMD version user name         = hj71.kim
04-15 14:02:28.554 25120 25330 V XGL     : SUMD version compiled date     = 2024-10-14 16:27 - KST
04-15 14:02:28.554 25120 25330 V XGL     : SUMD version revision number   = bfbaa3ca49
04-15 14:02:28.554 25120 25330 V XGL     : SUMD version info              = Driver version: 24.2.2, git hash: bfbaa3ca49
04-15 14:02:28.554 25120 25330 V XGL     : ----------------------------------------------------------------------
04-15 14:02:28.554 25120 25330 V XGL     : Entering: Create
04-15 14:02:28.554 28046 28080 I SAMSUNGWALLET: [Hint_ProcessStatusChange] fg Change, pid : 25120 , isNotify : true , isForeground : true , fg list : [25120, 2296]
04-15 14:02:28.555  2201  2201 D HidDeviceService: handleMessage(): msg.what=8
04-15 14:02:28.555  1182  1209 V WindowManager: Starting Transition 15, caller=com.android.server.wm.WindowOrganizerController.startTransition:384 com.android.server.wm.WindowOrganizerController.startTransition:315 android.window.IWindowOrganizerController$Stub.onTransact:257 
04-15 14:02:28.555  1182  1209 V Transition:  allReady query: used=true, override=false, defer=0, states=Display{#0 state=OFF size=1080x2340 ROTATION_0}:true
04-15 14:02:28.555 28046 28046 I SAMSUNGWALLET: [Hint_IntroHintService] Hint Status - already invisible, skip hide : [4000003] - Disable on keyguard
04-15 14:02:28.556  1182  4162 D KNOX_MDM_SettingsProvider: isChangeAllowed() : name = accelerometer_rotation
04-15 14:02:28.556   893   934 D RenderEngine: [SEC_GC_CMN_SF_EFFECTS] drawLayersInternal,1296, Rendering layer  at index 0
04-15 14:02:28.557  1182  4162 D KNOX_MDM_SettingsProvider: isChangeAllowed() : name = user_rotation
04-15 14:02:28.558  1182  1237 D PkgPredictorService-SecIpmManagerServiceImpl: onForegroundActivitiesChanged pid:25120 uid:10345
04-15 14:02:28.558  1182  1477 V NetworkPolicy: getFirewallRuleWifi UID:10345 policy:0
04-15 14:02:28.558  1182  1237 V WindowManager: rotationForOrientation(orient=SCREEN_ORIENTATION_NOSENSOR (5), last=ROTATION_0 (0)); user=ROTATION_0 (0) USER_ROTATION_LOCKED
04-15 14:02:28.558  1182  1237 D WindowManager: rotationForOrientation, orientationSource=Window{6a7f699 u0 NotificationShade}
04-15 14:02:28.558  1182  1237 V WindowManager: Computed rotation=ROTATION_0 (0) for display id=0 based on lastOrientation=SCREEN_ORIENTATION_NOSENSOR (5) and oldRotation=ROTATION_0 (0), caller=com.android.server.wm.DisplayContent.updateRotationUnchecked:2679 com.android.server.wm.WindowManagerService.updateRotationUnchecked:4936 com.android.server.wm.WindowManagerService.updateRotation:4917 com.android.server.wm.DisplayRotation$SettingsObserver.onChange:2451 android.database.ContentObserver.onChange:154 android.database.ContentObserver.onChange:170 
04-15 14:02:28.559  2296 24231 I HoneySpace.RecentTasks: onRecentTasksChanged
04-15 14:02:28.559  2296 22495 I HoneySpace.RecentTasks: onRecentTasksChanged
04-15 14:02:28.559  1182  1237 D TspStateManager: updateCustomValue customSetting=
04-15 14:02:28.559  2296  2604 I HoneySpace.TopTaskSource: onTaskMovedToFront : taskId = 13
04-15 14:02:28.560  2296  2604 I HoneySpace.TopTaskSource: onTaskFocusChanged(): taskId = 13
04-15 14:02:28.560  2296  2604 I HoneySpace.TopTaskSource: onTaskFocusChanged(): taskId = 13
04-15 14:02:28.560  2296  2604 I HoneySpace.TopTaskSource: onTaskMovedToFront : taskId = 13
04-15 14:02:28.560  2296  2604 I HoneySpace.TopTaskSource: onTaskMovedToFront : taskId = 13
04-15 14:02:28.560  1182  1237 W PhoneWindowManagerExt: onDexModeChangedLw: called same dexMode=0
04-15 14:02:28.560  1182  2952 V PkgPredictorService-SecIpmManagerServiceImpl: discard foreground app:com.henza.accountingv2 0|false
04-15 14:02:28.561  2296  2606 I HoneySpace.TopTaskUseCase: topTasks 13 ComponentInfo{com.henza.accountingv2/com.henza.accountingv2.MainActivity}
04-15 14:02:28.561  1682  1682 D Navbar.Store: handleEvent(0) OnRotationLockedChanged(rotationLocked=true) [Module] NavBarStoreImpl
04-15 14:02:28.562  1182  4162 V WindowManager: rotationForOrientation(orient=SCREEN_ORIENTATION_NOSENSOR (5), last=ROTATION_0 (0)); user=ROTATION_0 (0) USER_ROTATION_LOCKED
04-15 14:02:28.562  1182  4162 D WindowManager: rotationForOrientation, orientationSource=Window{6a7f699 u0 NotificationShade}
04-15 14:02:28.562  1182  4162 V WindowManager: Computed rotation=ROTATION_0 (0) for display id=0 based on lastOrientation=SCREEN_ORIENTATION_NOSENSOR (5) and oldRotation=ROTATION_0 (0), caller=com.android.server.wm.DisplayContent.updateRotationUnchecked:2679 com.android.server.wm.WindowManagerService.updateRotationUnchecked:4936 com.android.server.wm.WindowManagerService.freezeDisplayRotation:4836 com.android.server.wm.WindowManagerService.freezeRotation:4795 android.view.IWindowManager$Stub.onTransact:2722 com.android.server.wm.WindowManagerService.onTransact:1543 
04-15 14:02:28.563  1682  1682 D SettingsHelper: onChange() COMPLETED elapsed= 0
04-15 14:02:28.563  1682  1682 D SRotationLockTile:  OnChangedCallback : 
04-15 14:02:28.563  2296  2571 I HoneySpace.GlobalSettingDataSourceImpl: Setting accelerometer_rotation changed to 0
04-15 14:02:28.563 25120 25330 V XGL     : Exiting: Create
04-15 14:02:28.564  1182  1240 D WindowManager: SyncGroup 15:  Unfinished container: ActivityRecord{3fd45a6 u0 com.henza.accountingv2/.MainActivity t13} mSyncState=2
04-15 14:02:28.564  1682  2078 D SRotationLockTile:  mRotationLocked: true handleUpdateState: false orientation = true
04-15 14:02:28.566 25120 25330 I vulkan  : CreateInfoWrapper::FilterExtension: already have 'VK_KHR_external_fence_fd'.
04-15 14:02:28.566   893   893 I BpBinder: onLastStrongRef automatically unlinking death recipients: 
04-15 14:02:28.568  1182  2553 D WindowManager: takeScreenshotToTargetWindow, bitmap=android.graphics.Bitmap@eb82e71, failedReason=, caller=com.android.server.wm.WindowManagerService.takeScreenshotToTargetWindowFromCapture:10842 com.android.server.wm.WindowManagerService.takeScreenshotToTargetWindow:10821 android.view.IWindowManager$Stub.onTransact:3612 com.android.server.wm.WindowManagerService.onTransact:1543 android.os.Binder.execTransactInternal:1375 android.os.Binder.execTransact:1311 
04-15 14:02:28.569  1182  9433 D KNOX_MDM_SettingsProvider: isChangeAllowed() : name = accelerometer_rotation
04-15 14:02:28.570  1182  9433 D KNOX_MDM_SettingsProvider: isChangeAllowed() : name = user_rotation
04-15 14:02:28.570  1182  9433 V WindowManager: rotationForOrientation(orient=SCREEN_ORIENTATION_NOSENSOR (5), last=ROTATION_0 (0)); user=ROTATION_0 (0) 
04-15 14:02:28.570  1182  9433 D WindowManager: rotationForOrientation, orientationSource=Window{6a7f699 u0 NotificationShade}
04-15 14:02:28.570 25120 25330 I ANGLE   : Version (24.2.2 git hash: 70fb3bd46d79), Renderer (ANGLE (Samsung Xclipse 940) on Vulkan 1.3.279)
