04-15 08:40:51.545  1189  2065 D WindowManager: takeScreenshotToTargetWindow, bitmap=android.graphics.Bitmap@c600872, failedReason=, caller=com.android.server.wm.WindowManagerService.takeScreenshotToTargetWindowFromCapture:53 com.android.server.wm.WindowManagerService.takeScreenshotToTargetWindow:14 android.view.IWindowManager$Stub.onTransact:3954 com.android.server.wm.WindowManagerService.onTransact:1 android.os.Binder.execTransactInternal:1536 android.os.Binder.execTransact:1480 
04-15 08:40:51.624  1189  2065 D WindowManager: takeScreenshotToTargetWindow: display=0, target=0, containsTarget=false, crop=Rect(0, 0 - 0, 0), w=540, h=1170, useIdentityTransform=true, ignorePolicy=false, caller=com.android.server.wm.WindowManagerService.takeScreenshotToTargetWindowFromCapture:53 com.android.server.wm.WindowManagerService.takeScreenshotToTargetWindow:14 android.view.IWindowManager$Stub.onTransact:3954 
04-15 08:40:51.624  1189  2065 D RestrictionPolicy: isScreenCaptureEnabled : ret=true userId=0
04-15 08:40:51.625  1189  2065 D RestrictionPolicy: isScreenCaptureEnabled : ret=true userId=0
04-15 08:40:51.625  1189  2065 D RestrictionPolicy: isScreenCaptureEnabled : ret=true userId=0
04-15 08:40:51.625  1189  2065 D WindowManager: takeScreenshotToTargetWindow: targetSurface=null, sourceCrop=Rect(0, 0 - 0, 0)
04-15 08:40:51.642   869   944 D RenderEngine: [SEC_SF_EFFECTS] drawLayersInternal,1313, Rendering layer  at index 0
04-15 08:40:51.642  1189  2018 I Pageboost: Launcher App Execution
04-15 08:40:51.650  1189  2065 D WindowManager: takeScreenshotToTargetWindow, bitmap=android.graphics.Bitmap@cc7d879, failedReason=, caller=com.android.server.wm.WindowManagerService.takeScreenshotToTargetWindowFromCapture:53 com.android.server.wm.WindowManagerService.takeScreenshotToTargetWindow:14 android.view.IWindowManager$Stub.onTransact:3954 com.android.server.wm.WindowManagerService.onTransact:1 android.os.Binder.execTransactInternal:1536 android.os.Binder.execTransact:1480 
04-15 08:40:51.733  1189  2065 D WindowManager: takeScreenshotToTargetWindow: display=0, target=0, containsTarget=false, crop=Rect(0, 0 - 0, 0), w=540, h=1170, useIdentityTransform=true, ignorePolicy=false, caller=com.android.server.wm.WindowManagerService.takeScreenshotToTargetWindowFromCapture:53 com.android.server.wm.WindowManagerService.takeScreenshotToTargetWindow:14 android.view.IWindowManager$Stub.onTransact:3954 
04-15 08:40:51.734  1189  2065 D RestrictionPolicy: isScreenCaptureEnabled : ret=true userId=0
04-15 08:40:51.734  1189  2065 D RestrictionPolicy: isScreenCaptureEnabled : ret=true userId=0
04-15 08:40:51.734  1189  2065 D RestrictionPolicy: isScreenCaptureEnabled : ret=true userId=0
04-15 08:40:51.734  1189  2065 D WindowManager: takeScreenshotToTargetWindow: targetSurface=null, sourceCrop=Rect(0, 0 - 0, 0)
04-15 08:40:51.748   869   944 D RenderEngine: [SEC_SF_EFFECTS] drawLayersInternal,1313, Rendering layer  at index 0
04-15 08:40:51.757  1189  2065 D WindowManager: takeScreenshotToTargetWindow, bitmap=android.graphics.Bitmap@ba239be, failedReason=, caller=com.android.server.wm.WindowManagerService.takeScreenshotToTargetWindowFromCapture:53 com.android.server.wm.WindowManagerService.takeScreenshotToTargetWindow:14 android.view.IWindowManager$Stub.onTransact:3954 com.android.server.wm.WindowManagerService.onTransact:1 android.os.Binder.execTransactInternal:1536 android.os.Binder.execTransact:1480 
04-15 08:40:51.833  1189  2065 D WindowManager: takeScreenshotToTargetWindow: display=0, target=0, containsTarget=false, crop=Rect(0, 0 - 0, 0), w=540, h=1170, useIdentityTransform=true, ignorePolicy=false, caller=com.android.server.wm.WindowManagerService.takeScreenshotToTargetWindowFromCapture:53 com.android.server.wm.WindowManagerService.takeScreenshotToTargetWindow:14 android.view.IWindowManager$Stub.onTransact:3954 
04-15 08:40:51.834  1189  2065 D RestrictionPolicy: isScreenCaptureEnabled : ret=true userId=0
04-15 08:40:51.834  1189  2065 D RestrictionPolicy: isScreenCaptureEnabled : ret=true userId=0
04-15 08:40:51.834  1189  2065 D RestrictionPolicy: isScreenCaptureEnabled : ret=true userId=0
04-15 08:40:51.834  1189  2065 D WindowManager: takeScreenshotToTargetWindow: targetSurface=null, sourceCrop=Rect(0, 0 - 0, 0)
04-15 08:40:51.849   869   944 D RenderEngine: [SEC_SF_EFFECTS] drawLayersInternal,1313, Rendering layer  at index 0
04-15 08:40:51.857  1189  2065 D WindowManager: takeScreenshotToTargetWindow, bitmap=android.graphics.Bitmap@89eaa1f, failedReason=, caller=com.android.server.wm.WindowManagerService.takeScreenshotToTargetWindowFromCapture:53 com.android.server.wm.WindowManagerService.takeScreenshotToTargetWindow:14 android.view.IWindowManager$Stub.onTransact:3954 com.android.server.wm.WindowManagerService.onTransact:1 android.os.Binder.execTransactInternal:1536 android.os.Binder.execTransact:1480 
04-15 08:40:51.945  1189  2697 D WindowManager: takeScreenshotToTargetWindow: display=0, target=0, containsTarget=false, crop=Rect(0, 0 - 0, 0), w=540, h=1170, useIdentityTransform=true, ignorePolicy=false, caller=com.android.server.wm.WindowManagerService.takeScreenshotToTargetWindowFromCapture:53 com.android.server.wm.WindowManagerService.takeScreenshotToTargetWindow:14 android.view.IWindowManager$Stub.onTransact:3954 
04-15 08:40:51.945  1189  2697 D RestrictionPolicy: isScreenCaptureEnabled : ret=true userId=0
04-15 08:40:51.945  1189  2697 D RestrictionPolicy: isScreenCaptureEnabled : ret=true userId=0
04-15 08:40:51.945  1189  2697 D RestrictionPolicy: isScreenCaptureEnabled : ret=true userId=0
04-15 08:40:51.945  1189  2697 D WindowManager: takeScreenshotToTargetWindow: targetSurface=null, sourceCrop=Rect(0, 0 - 0, 0)
04-15 08:40:51.962   869   944 D RenderEngine: [SEC_SF_EFFECTS] drawLayersInternal,1313, Rendering layer  at index 0
04-15 08:40:51.970  1189  2697 D WindowManager: takeScreenshotToTargetWindow, bitmap=android.graphics.Bitmap@65e116c, failedReason=, caller=com.android.server.wm.WindowManagerService.takeScreenshotToTargetWindowFromCapture:53 com.android.server.wm.WindowManagerService.takeScreenshotToTargetWindow:14 android.view.IWindowManager$Stub.onTransact:3954 com.android.server.wm.WindowManagerService.onTransact:1 android.os.Binder.execTransactInternal:1536 android.os.Binder.execTransact:1480 
04-15 08:40:52.058  1189  2065 D WindowManager: takeScreenshotToTargetWindow: display=0, target=0, containsTarget=false, crop=Rect(0, 0 - 0, 0), w=540, h=1170, useIdentityTransform=true, ignorePolicy=false, caller=com.android.server.wm.WindowManagerService.takeScreenshotToTargetWindowFromCapture:53 com.android.server.wm.WindowManagerService.takeScreenshotToTargetWindow:14 android.view.IWindowManager$Stub.onTransact:3954 
04-15 08:40:52.059  1189  2065 D RestrictionPolicy: isScreenCaptureEnabled : ret=true userId=0
04-15 08:40:52.059  1189  2065 D RestrictionPolicy: isScreenCaptureEnabled : ret=true userId=0
04-15 08:40:52.059  1189  2065 D RestrictionPolicy: isScreenCaptureEnabled : ret=true userId=0
04-15 08:40:52.059  1189  2065 D WindowManager: takeScreenshotToTargetWindow: targetSurface=null, sourceCrop=Rect(0, 0 - 0, 0)
04-15 08:40:52.077   869   944 D RenderEngine: [SEC_SF_EFFECTS] drawLayersInternal,1313, Rendering layer  at index 0
04-15 08:40:52.085  1189  2065 D WindowManager: takeScreenshotToTargetWindow, bitmap=android.graphics.Bitmap@4e48335, failedReason=, caller=com.android.server.wm.WindowManagerService.takeScreenshotToTargetWindowFromCapture:53 com.android.server.wm.WindowManagerService.takeScreenshotToTargetWindow:14 android.view.IWindowManager$Stub.onTransact:3954 com.android.server.wm.WindowManagerService.onTransact:1 android.os.Binder.execTransactInternal:1536 android.os.Binder.execTransact:1480 
04-15 08:40:52.167  1189  2065 D WindowManager: takeScreenshotToTargetWindow: display=0, target=0, containsTarget=false, crop=Rect(0, 0 - 0, 0), w=540, h=1170, useIdentityTransform=true, ignorePolicy=false, caller=com.android.server.wm.WindowManagerService.takeScreenshotToTargetWindowFromCapture:53 com.android.server.wm.WindowManagerService.takeScreenshotToTargetWindow:14 android.view.IWindowManager$Stub.onTransact:3954 
04-15 08:40:52.168  1189  2065 D RestrictionPolicy: isScreenCaptureEnabled : ret=true userId=0
04-15 08:40:52.168  1189  2065 D RestrictionPolicy: isScreenCaptureEnabled : ret=true userId=0
04-15 08:40:52.168  1189  2065 D RestrictionPolicy: isScreenCaptureEnabled : ret=true userId=0
04-15 08:40:52.169  1189  2065 D WindowManager: takeScreenshotToTargetWindow: targetSurface=null, sourceCrop=Rect(0, 0 - 0, 0)
04-15 08:40:52.182   869   944 D RenderEngine: [SEC_SF_EFFECTS] drawLayersInternal,1313, Rendering layer  at index 0
04-15 08:40:52.188  1189  2065 D WindowManager: takeScreenshotToTargetWindow, bitmap=android.graphics.Bitmap@54433ca, failedReason=, caller=com.android.server.wm.WindowManagerService.takeScreenshotToTargetWindowFromCapture:53 com.android.server.wm.WindowManagerService.takeScreenshotToTargetWindow:14 android.view.IWindowManager$Stub.onTransact:3954 com.android.server.wm.WindowManagerService.onTransact:1 android.os.Binder.execTransactInternal:1536 android.os.Binder.execTransact:1480 
04-15 08:40:52.208   565   565 D io_stats: !@   8,0 r 291077 9432624 w 95744 2520224 d 13595 1268856 f 3250 11551 iot 47388 0 th 0 0 0 pt 0 inp 0 0 5056.016
04-15 08:40:52.209   565   565 D io_stats: !@ Read_top(KB): martsuggestions(3785) 696 kworker/u20:1(17404) 84 kworker/u20:5(17639) 44
04-15 08:40:52.209   565   565 D io_stats: !@ Write_top(KB): za.accountingv2(25177) 1388 system_server(1189) 668 f2fs_ckpt-254:5(619) 228
04-15 08:40:52.266  1189  2892 D WindowManager: takeScreenshotToTargetWindow: display=0, target=0, containsTarget=false, crop=Rect(0, 0 - 0, 0), w=540, h=1170, useIdentityTransform=true, ignorePolicy=false, caller=com.android.server.wm.WindowManagerService.takeScreenshotToTargetWindowFromCapture:53 com.android.server.wm.WindowManagerService.takeScreenshotToTargetWindow:14 android.view.IWindowManager$Stub.onTransact:3954 
04-15 08:40:52.267  1189  2892 D RestrictionPolicy: isScreenCaptureEnabled : ret=true userId=0
04-15 08:40:52.267  1189  2892 D RestrictionPolicy: isScreenCaptureEnabled : ret=true userId=0
04-15 08:40:52.267  1189  2892 D RestrictionPolicy: isScreenCaptureEnabled : ret=true userId=0
04-15 08:40:52.267  1189  2892 D WindowManager: takeScreenshotToTargetWindow: targetSurface=null, sourceCrop=Rect(0, 0 - 0, 0)
04-15 08:40:52.277   869   944 D RenderEngine: [SEC_SF_EFFECTS] drawLayersInternal,1313, Rendering layer  at index 0
04-15 08:40:52.284  1189  2892 D WindowManager: takeScreenshotToTargetWindow, bitmap=android.graphics.Bitmap@e0dc93b, failedReason=, caller=com.android.server.wm.WindowManagerService.takeScreenshotToTargetWindowFromCapture:53 com.android.server.wm.WindowManagerService.takeScreenshotToTargetWindow:14 android.view.IWindowManager$Stub.onTransact:3954 com.android.server.wm.WindowManagerService.onTransact:1 android.os.Binder.execTransactInternal:1536 android.os.Binder.execTransact:1480 
04-15 08:40:52.366  1189  2892 D WindowManager: takeScreenshotToTargetWindow: display=0, target=0, containsTarget=false, crop=Rect(0, 0 - 0, 0), w=540, h=1170, useIdentityTransform=true, ignorePolicy=false, caller=com.android.server.wm.WindowManagerService.takeScreenshotToTargetWindowFromCapture:53 com.android.server.wm.WindowManagerService.takeScreenshotToTargetWindow:14 android.view.IWindowManager$Stub.onTransact:3954 
04-15 08:40:52.366  1189  2892 D RestrictionPolicy: isScreenCaptureEnabled : ret=true userId=0
04-15 08:40:52.366  1189  2892 D RestrictionPolicy: isScreenCaptureEnabled : ret=true userId=0
04-15 08:40:52.367  1189  2892 D RestrictionPolicy: isScreenCaptureEnabled : ret=true userId=0
04-15 08:40:52.367  1189  2892 D WindowManager: takeScreenshotToTargetWindow: targetSurface=null, sourceCrop=Rect(0, 0 - 0, 0)
04-15 08:40:52.384   869   944 D RenderEngine: [SEC_SF_EFFECTS] drawLayersInternal,1313, Rendering layer  at index 0
04-15 08:40:52.391  1189  2892 D WindowManager: takeScreenshotToTargetWindow, bitmap=android.graphics.Bitmap@dd0d858, failedReason=, caller=com.android.server.wm.WindowManagerService.takeScreenshotToTargetWindowFromCapture:53 com.android.server.wm.WindowManagerService.takeScreenshotToTargetWindow:14 android.view.IWindowManager$Stub.onTransact:3954 com.android.server.wm.WindowManagerService.onTransact:1 android.os.Binder.execTransactInternal:1536 android.os.Binder.execTransact:1480 
04-15 08:40:52.411  8206  8206 W ContextImpl: Calling a method in the system process without a qualified user: android.app.ContextImpl.startActivity:1177 android.content.ContextWrapper.startActivity:447 com.samsung.rtlassistant.utils.ActivityControllerManager$HeartbeatTask.runHeartbeat:24 com.samsung.rtlassistant.utils.ActivityControllerManager$HeartbeatTask.run:2 android.os.Handler.handleCallback:959 
04-15 08:40:52.412  8206  8206 W ContextImpl: Calling a method in the system process without a qualified user: android.app.ContextImpl.startActivity:1189 android.app.ContextImpl.startActivity:1178 android.content.ContextWrapper.startActivity:447 com.samsung.rtlassistant.utils.ActivityControllerManager$HeartbeatTask.runHeartbeat:24 com.samsung.rtlassistant.utils.ActivityControllerManager$HeartbeatTask.run:2 
04-15 08:40:52.414  1189  2065 D ActivityTaskManager: startActivityAsUser: callingPid=8206, callingUid=1000, caller=com.android.server.wm.ActivityTaskManagerService.startActivity:120 android.app.IActivityTaskManager$Stub.onTransact:1356 com.android.server.wm.ActivityTaskManagerService.onTransact:1 android.os.Binder.execTransactInternal:1536 android.os.Binder.execTransact:1480 <bottom of call stack> <bottom of call stack> 
04-15 08:40:52.421  8206  8206 I ActivityManager: Tried to abort onActivityStarting, pkg=com.samsung.rtlassistant, listener=0xdf3a5e4
04-15 08:40:52.422  1189  2065 D ActivityTaskManager: TaskLaunchParamsModifier:task=null activity=null display-area-from-current-params=null display-area-from-default-fallback=DefaultTaskDisplayArea_d0@159073749 display-id=0 task-display-area-windowing-mode=1 suggested-display-area=DefaultTaskDisplayArea_d0@159073749
04-15 08:40:52.422  1189  2065 I Pageboost: stop alp
04-15 08:40:52.423  1189  2065 I ActivityTaskManager: START u0 {dat=heartbeat://74d2074a-4658-4791-81b4-eba26cae9fa8/... flg=0x18800000 cmp=com.samsung.rtlassistant/.HeartbeatActivity} with LAUNCH_MULTIPLE from uid 1000 (BAL_ALLOW_ALLOWLISTED_UID) result code=102
04-15 08:40:52.423  1189  2065 D ActivityTaskManager: startActivity: reason=startActivityAsUser, result=102
04-15 08:40:52.425  3563  3563 E pageboostd: Received HALT command code 2
04-15 08:40:52.474  1189  3928 D WindowManager: takeScreenshotToTargetWindow: display=0, target=0, containsTarget=false, crop=Rect(0, 0 - 0, 0), w=540, h=1170, useIdentityTransform=true, ignorePolicy=false, caller=com.android.server.wm.WindowManagerService.takeScreenshotToTargetWindowFromCapture:53 com.android.server.wm.WindowManagerService.takeScreenshotToTargetWindow:14 android.view.IWindowManager$Stub.onTransact:3954 
04-15 08:40:52.474  1189  3928 D RestrictionPolicy: isScreenCaptureEnabled : ret=true userId=0
04-15 08:40:52.474  1189  3928 D RestrictionPolicy: isScreenCaptureEnabled : ret=true userId=0
04-15 08:40:52.474  1189  3928 D RestrictionPolicy: isScreenCaptureEnabled : ret=true userId=0
04-15 08:40:52.475  1189  3928 D WindowManager: takeScreenshotToTargetWindow: targetSurface=null, sourceCrop=Rect(0, 0 - 0, 0)
04-15 08:40:52.489   869   944 D RenderEngine: [SEC_SF_EFFECTS] drawLayersInternal,1313, Rendering layer  at index 0
04-15 08:40:52.495  1189  3928 D WindowManager: takeScreenshotToTargetWindow, bitmap=android.graphics.Bitmap@859c296, failedReason=, caller=com.android.server.wm.WindowManagerService.takeScreenshotToTargetWindowFromCapture:53 com.android.server.wm.WindowManagerService.takeScreenshotToTargetWindow:14 android.view.IWindowManager$Stub.onTransact:3954 com.android.server.wm.WindowManagerService.onTransact:1 android.os.Binder.execTransactInternal:1536 android.os.Binder.execTransact:1480 
04-15 08:40:52.540  1189  2065 D WindowManager: takeScreenshotToTargetWindow: display=0, target=0, containsTarget=false, crop=Rect(0, 0 - 0, 0), w=540, h=1170, useIdentityTransform=true, ignorePolicy=false, caller=com.android.server.wm.WindowManagerService.takeScreenshotToTargetWindowFromCapture:53 com.android.server.wm.WindowManagerService.takeScreenshotToTargetWindow:14 android.view.IWindowManager$Stub.onTransact:3954 
04-15 08:40:52.541  1189  2065 D RestrictionPolicy: isScreenCaptureEnabled : ret=true userId=0
04-15 08:40:52.541  1189  2065 D RestrictionPolicy: isScreenCaptureEnabled : ret=true userId=0
04-15 08:40:52.541  1189  2065 D RestrictionPolicy: isScreenCaptureEnabled : ret=true userId=0
04-15 08:40:52.541  1189  2065 D WindowManager: takeScreenshotToTargetWindow: targetSurface=null, sourceCrop=Rect(0, 0 - 0, 0)
04-15 08:40:52.550   869   944 D RenderEngine: [SEC_SF_EFFECTS] drawLayersInternal,1313, Rendering layer  at index 0
04-15 08:40:52.554  1189  2065 D WindowManager: takeScreenshotToTargetWindow, bitmap=android.graphics.Bitmap@d85be17, failedReason=, caller=com.android.server.wm.WindowManagerService.takeScreenshotToTargetWindowFromCapture:53 com.android.server.wm.WindowManagerService.takeScreenshotToTargetWindow:14 android.view.IWindowManager$Stub.onTransact:3954 com.android.server.wm.WindowManagerService.onTransact:1 android.os.Binder.execTransactInternal:1536 android.os.Binder.execTransact:1480 
04-15 08:40:52.615  1189  2065 D WindowManager: takeScreenshotToTargetWindow: display=0, target=0, containsTarget=false, crop=Rect(0, 0 - 0, 0), w=540, h=1170, useIdentityTransform=true, ignorePolicy=false, caller=com.android.server.wm.WindowManagerService.takeScreenshotToTargetWindowFromCapture:53 com.android.server.wm.WindowManagerService.takeScreenshotToTargetWindow:14 android.view.IWindowManager$Stub.onTransact:3954 
04-15 08:40:52.615  1189  2065 D RestrictionPolicy: isScreenCaptureEnabled : ret=true userId=0
04-15 08:40:52.615  1189  2065 D RestrictionPolicy: isScreenCaptureEnabled : ret=true userId=0
04-15 08:40:52.615  1189  2065 D RestrictionPolicy: isScreenCaptureEnabled : ret=true userId=0
04-15 08:40:52.615  1189  2065 D WindowManager: takeScreenshotToTargetWindow: targetSurface=null, sourceCrop=Rect(0, 0 - 0, 0)
04-15 08:40:52.629   869   944 D RenderEngine: [SEC_SF_EFFECTS] drawLayersInternal,1313, Rendering layer  at index 0
04-15 08:40:52.637  1189  2065 D WindowManager: takeScreenshotToTargetWindow, bitmap=android.graphics.Bitmap@ea72204, failedReason=, caller=com.android.server.wm.WindowManagerService.takeScreenshotToTargetWindowFromCapture:53 com.android.server.wm.WindowManagerService.takeScreenshotToTargetWindow:14 android.view.IWindowManager$Stub.onTransact:3954 com.android.server.wm.WindowManagerService.onTransact:1 android.os.Binder.execTransactInternal:1536 android.os.Binder.execTransact:1480 
04-15 08:40:52.703  1189  2065 D WindowManager: takeScreenshotToTargetWindow: display=0, target=0, containsTarget=false, crop=Rect(0, 0 - 0, 0), w=540, h=1170, useIdentityTransform=true, ignorePolicy=false, caller=com.android.server.wm.WindowManagerService.takeScreenshotToTargetWindowFromCapture:53 com.android.server.wm.WindowManagerService.takeScreenshotToTargetWindow:14 android.view.IWindowManager$Stub.onTransact:3954 
04-15 08:40:52.703  1189  2065 D RestrictionPolicy: isScreenCaptureEnabled : ret=true userId=0
04-15 08:40:52.703  1189  2065 D RestrictionPolicy: isScreenCaptureEnabled : ret=true userId=0
04-15 08:40:52.704  1189  2065 D RestrictionPolicy: isScreenCaptureEnabled : ret=true userId=0
04-15 08:40:52.704  1189  2065 D WindowManager: takeScreenshotToTargetWindow: targetSurface=null, sourceCrop=Rect(0, 0 - 0, 0)
04-15 08:40:52.717   869   944 D RenderEngine: [SEC_SF_EFFECTS] drawLayersInternal,1313, Rendering layer  at index 0
04-15 08:40:52.722  1189  2065 D WindowManager: takeScreenshotToTargetWindow, bitmap=android.graphics.Bitmap@c9ee3ed, failedReason=, caller=com.android.server.wm.WindowManagerService.takeScreenshotToTargetWindowFromCapture:53 com.android.server.wm.WindowManagerService.takeScreenshotToTargetWindow:14 android.view.IWindowManager$Stub.onTransact:3954 com.android.server.wm.WindowManagerService.onTransact:1 android.os.Binder.execTransactInternal:1536 android.os.Binder.execTransact:1480 
04-15 08:40:52.793  1189  2065 D WindowManager: takeScreenshotToTargetWindow: display=0, target=0, containsTarget=false, crop=Rect(0, 0 - 0, 0), w=540, h=1170, useIdentityTransform=true, ignorePolicy=false, caller=com.android.server.wm.WindowManagerService.takeScreenshotToTargetWindowFromCapture:53 com.android.server.wm.WindowManagerService.takeScreenshotToTargetWindow:14 android.view.IWindowManager$Stub.onTransact:3954 
04-15 08:40:52.793  1189  2065 D RestrictionPolicy: isScreenCaptureEnabled : ret=true userId=0
04-15 08:40:52.793  1189  2065 D RestrictionPolicy: isScreenCaptureEnabled : ret=true userId=0
04-15 08:40:52.793  1189  2065 D RestrictionPolicy: isScreenCaptureEnabled : ret=true userId=0
04-15 08:40:52.793  1189  2065 D WindowManager: takeScreenshotToTargetWindow: targetSurface=null, sourceCrop=Rect(0, 0 - 0, 0)
04-15 08:40:52.806   869   944 D RenderEngine: [SEC_SF_EFFECTS] drawLayersInternal,1313, Rendering layer  at index 0
04-15 08:40:52.813  1189  2065 D WindowManager: takeScreenshotToTargetWindow, bitmap=android.graphics.Bitmap@f677222, failedReason=, caller=com.android.server.wm.WindowManagerService.takeScreenshotToTargetWindowFromCapture:53 com.android.server.wm.WindowManagerService.takeScreenshotToTargetWindow:14 android.view.IWindowManager$Stub.onTransact:3954 com.android.server.wm.WindowManagerService.onTransact:1 android.os.Binder.execTransactInternal:1536 android.os.Binder.execTransact:1480 
04-15 08:40:52.881  1189  1865 W DeviceStorageMonitorService: updateBroadcasts(/data) oldLevel:0, newLevel:0, seq:1
04-15 08:40:52.884  1189  1865 D DeviceStorageMonitorService: Available File Node Number is [13498313]
04-15 08:40:52.884  1189  1865 W DeviceStorageMonitorService: updateBroadcasts_filenode(/data) fn_oldLevel:0, fn_newLevel:0, seq:1
04-15 08:40:52.889  1189  3928 D WindowManager: takeScreenshotToTargetWindow: display=0, target=0, containsTarget=false, crop=Rect(0, 0 - 0, 0), w=540, h=1170, useIdentityTransform=true, ignorePolicy=false, caller=com.android.server.wm.WindowManagerService.takeScreenshotToTargetWindowFromCapture:53 com.android.server.wm.WindowManagerService.takeScreenshotToTargetWindow:14 android.view.IWindowManager$Stub.onTransact:3954 
04-15 08:40:52.889  1189  3928 D RestrictionPolicy: isScreenCaptureEnabled : ret=true userId=0
04-15 08:40:52.889  1189  3928 D RestrictionPolicy: isScreenCaptureEnabled : ret=true userId=0
04-15 08:40:52.889  1189  3928 D RestrictionPolicy: isScreenCaptureEnabled : ret=true userId=0
04-15 08:40:52.889  1189  3928 D WindowManager: takeScreenshotToTargetWindow: targetSurface=null, sourceCrop=Rect(0, 0 - 0, 0)
04-15 08:40:52.902   869   944 D RenderEngine: [SEC_SF_EFFECTS] drawLayersInternal,1313, Rendering layer  at index 0
04-15 08:40:52.909  1189  3928 D WindowManager: takeScreenshotToTargetWindow, bitmap=android.graphics.Bitmap@c1e24b3, failedReason=, caller=com.android.server.wm.WindowManagerService.takeScreenshotToTargetWindowFromCapture:53 com.android.server.wm.WindowManagerService.takeScreenshotToTargetWindow:14 android.view.IWindowManager$Stub.onTransact:3954 com.android.server.wm.WindowManagerService.onTransact:1 android.os.Binder.execTransactInternal:1536 android.os.Binder.execTransact:1480 
04-15 08:40:52.989  1189  3928 D WindowManager: takeScreenshotToTargetWindow: display=0, target=0, containsTarget=false, crop=Rect(0, 0 - 0, 0), w=540, h=1170, useIdentityTransform=true, ignorePolicy=false, caller=com.android.server.wm.WindowManagerService.takeScreenshotToTargetWindowFromCapture:53 com.android.server.wm.WindowManagerService.takeScreenshotToTargetWindow:14 android.view.IWindowManager$Stub.onTransact:3954 
04-15 08:40:52.989  1189  3928 D RestrictionPolicy: isScreenCaptureEnabled : ret=true userId=0
04-15 08:40:52.989  1189  3928 D RestrictionPolicy: isScreenCaptureEnabled : ret=true userId=0
04-15 08:40:52.990  1189  3928 D RestrictionPolicy: isScreenCaptureEnabled : ret=true userId=0
04-15 08:40:52.990  1189  3928 D WindowManager: takeScreenshotToTargetWindow: targetSurface=null, sourceCrop=Rect(0, 0 - 0, 0)
04-15 08:40:53.003   869   944 D RenderEngine: [SEC_SF_EFFECTS] drawLayersInternal,1313, Rendering layer  at index 0
04-15 08:40:53.011  1189  3928 D WindowManager: takeScreenshotToTargetWindow, bitmap=android.graphics.Bitmap@d765a70, failedReason=, caller=com.android.server.wm.WindowManagerService.takeScreenshotToTargetWindowFromCapture:53 com.android.server.wm.WindowManagerService.takeScreenshotToTargetWindow:14 android.view.IWindowManager$Stub.onTransact:3954 com.android.server.wm.WindowManagerService.onTransact:1 android.os.Binder.execTransactInternal:1536 android.os.Binder.execTransact:1480 
04-15 08:40:53.094  1189  2065 D WindowManager: takeScreenshotToTargetWindow: display=0, target=0, containsTarget=false, crop=Rect(0, 0 - 0, 0), w=540, h=1170, useIdentityTransform=true, ignorePolicy=false, caller=com.android.server.wm.WindowManagerService.takeScreenshotToTargetWindowFromCapture:53 com.android.server.wm.WindowManagerService.takeScreenshotToTargetWindow:14 android.view.IWindowManager$Stub.onTransact:3954 
04-15 08:40:53.095  1189  2065 D RestrictionPolicy: isScreenCaptureEnabled : ret=true userId=0
04-15 08:40:53.095  1189  2065 D RestrictionPolicy: isScreenCaptureEnabled : ret=true userId=0
04-15 08:40:53.095  1189  2065 D RestrictionPolicy: isScreenCaptureEnabled : ret=true userId=0
04-15 08:40:53.095  1189  2065 D WindowManager: takeScreenshotToTargetWindow: targetSurface=null, sourceCrop=Rect(0, 0 - 0, 0)
04-15 08:40:53.108   869   944 D RenderEngine: [SEC_SF_EFFECTS] drawLayersInternal,1313, Rendering layer  at index 0
04-15 08:40:53.115  1189  2065 D WindowManager: takeScreenshotToTargetWindow, bitmap=android.graphics.Bitmap@d92d1e9, failedReason=, caller=com.android.server.wm.WindowManagerService.takeScreenshotToTargetWindowFromCapture:53 com.android.server.wm.WindowManagerService.takeScreenshotToTargetWindow:14 android.view.IWindowManager$Stub.onTransact:3954 com.android.server.wm.WindowManagerService.onTransact:1 android.os.Binder.execTransactInternal:1536 android.os.Binder.execTransact:1480 
04-15 08:40:53.187  1189  2065 D WindowManager: takeScreenshotToTargetWindow: display=0, target=0, containsTarget=false, crop=Rect(0, 0 - 0, 0), w=540, h=1170, useIdentityTransform=true, ignorePolicy=false, caller=com.android.server.wm.WindowManagerService.takeScreenshotToTargetWindowFromCapture:53 com.android.server.wm.WindowManagerService.takeScreenshotToTargetWindow:14 android.view.IWindowManager$Stub.onTransact:3954 
04-15 08:40:53.188  1189  2065 D RestrictionPolicy: isScreenCaptureEnabled : ret=true userId=0
04-15 08:40:53.188  1189  2065 D RestrictionPolicy: isScreenCaptureEnabled : ret=true userId=0
04-15 08:40:53.188  1189  2065 D RestrictionPolicy: isScreenCaptureEnabled : ret=true userId=0
04-15 08:40:53.188  1189  2065 D WindowManager: takeScreenshotToTargetWindow: targetSurface=null, sourceCrop=Rect(0, 0 - 0, 0)
04-15 08:40:53.206  1189  1941 I SemWifiServiceDetector: Service det. suspended: T / T / 18855
04-15 08:40:53.207   869   944 D RenderEngine: [SEC_SF_EFFECTS] drawLayersInternal,1313, Rendering layer  at index 0
04-15 08:40:53.216  1189  2065 D WindowManager: takeScreenshotToTargetWindow, bitmap=android.graphics.Bitmap@6ae8e6e, failedReason=, caller=com.android.server.wm.WindowManagerService.takeScreenshotToTargetWindowFromCapture:53 com.android.server.wm.WindowManagerService.takeScreenshotToTargetWindow:14 android.view.IWindowManager$Stub.onTransact:3954 com.android.server.wm.WindowManagerService.onTransact:1 android.os.Binder.execTransactInternal:1536 android.os.Binder.execTransact:1480 
04-15 08:40:53.268  1189  2065 D WindowManager: takeScreenshotToTargetWindow: display=0, target=0, containsTarget=false, crop=Rect(0, 0 - 0, 0), w=540, h=1170, useIdentityTransform=true, ignorePolicy=false, caller=com.android.server.wm.WindowManagerService.takeScreenshotToTargetWindowFromCapture:53 com.android.server.wm.WindowManagerService.takeScreenshotToTargetWindow:14 android.view.IWindowManager$Stub.onTransact:3954 
04-15 08:40:53.268  1189  2065 D RestrictionPolicy: isScreenCaptureEnabled : ret=true userId=0
04-15 08:40:53.268  1189  2065 D RestrictionPolicy: isScreenCaptureEnabled : ret=true userId=0
04-15 08:40:53.268  1189  2065 D RestrictionPolicy: isScreenCaptureEnabled : ret=true userId=0
04-15 08:40:53.268  1189  2065 D WindowManager: takeScreenshotToTargetWindow: targetSurface=null, sourceCrop=Rect(0, 0 - 0, 0)
04-15 08:40:53.281   869   944 D RenderEngine: [SEC_SF_EFFECTS] drawLayersInternal,1313, Rendering layer  at index 0
04-15 08:40:53.290  1189  2065 D WindowManager: takeScreenshotToTargetWindow, bitmap=android.graphics.Bitmap@ecc590f, failedReason=, caller=com.android.server.wm.WindowManagerService.takeScreenshotToTargetWindowFromCapture:53 com.android.server.wm.WindowManagerService.takeScreenshotToTargetWindow:14 android.view.IWindowManager$Stub.onTransact:3954 com.android.server.wm.WindowManagerService.onTransact:1 android.os.Binder.execTransactInternal:1536 android.os.Binder.execTransact:1480 
04-15 08:40:53.360 25177 25339 D ProfileInstaller: Installing profile for com.henza.accountingv2
04-15 08:40:53.366  1189  2892 D WindowManager: takeScreenshotToTargetWindow: display=0, target=0, containsTarget=false, crop=Rect(0, 0 - 0, 0), w=540, h=1170, useIdentityTransform=true, ignorePolicy=false, caller=com.android.server.wm.WindowManagerService.takeScreenshotToTargetWindowFromCapture:53 com.android.server.wm.WindowManagerService.takeScreenshotToTargetWindow:14 android.view.IWindowManager$Stub.onTransact:3954 
04-15 08:40:53.366  1189  2892 D RestrictionPolicy: isScreenCaptureEnabled : ret=true userId=0
04-15 08:40:53.366  1189  2892 D RestrictionPolicy: isScreenCaptureEnabled : ret=true userId=0
04-15 08:40:53.366  1189  2892 D RestrictionPolicy: isScreenCaptureEnabled : ret=true userId=0
04-15 08:40:53.366  1189  2892 D WindowManager: takeScreenshotToTargetWindow: targetSurface=null, sourceCrop=Rect(0, 0 - 0, 0)
04-15 08:40:53.374   869   944 D RenderEngine: [SEC_SF_EFFECTS] drawLayersInternal,1313, Rendering layer  at index 0
04-15 08:40:53.378  1189  2892 D WindowManager: takeScreenshotToTargetWindow, bitmap=android.graphics.Bitmap@bead9c, failedReason=, caller=com.android.server.wm.WindowManagerService.takeScreenshotToTargetWindowFromCapture:53 com.android.server.wm.WindowManagerService.takeScreenshotToTargetWindow:14 android.view.IWindowManager$Stub.onTransact:3954 com.android.server.wm.WindowManagerService.onTransact:1 android.os.Binder.execTransactInternal:1536 android.os.Binder.execTransact:1480 
04-15 08:40:53.393   814 25306 E HYPER-HAL: [HandlerSysfs.cpp]doResourceHandling(): Couldn't Open Sysfs - /sys/kernel/zram/app_launch
04-15 08:40:53.393   814 25306 I HYPER-HAL: [RequestManager.cpp]releaseLocked(): Released ID : 19428282
04-15 08:40:53.423  1189  2065 D WindowManager: takeScreenshotToTargetWindow: display=0, target=0, containsTarget=false, crop=Rect(0, 0 - 0, 0), w=540, h=1170, useIdentityTransform=true, ignorePolicy=false, caller=com.android.server.wm.WindowManagerService.takeScreenshotToTargetWindowFromCapture:53 com.android.server.wm.WindowManagerService.takeScreenshotToTargetWindow:14 android.view.IWindowManager$Stub.onTransact:3954 
04-15 08:40:53.423  1189  2065 D RestrictionPolicy: isScreenCaptureEnabled : ret=true userId=0
04-15 08:40:53.423  1189  2065 D RestrictionPolicy: isScreenCaptureEnabled : ret=true userId=0
04-15 08:40:53.423  1189  2065 D RestrictionPolicy: isScreenCaptureEnabled : ret=true userId=0
04-15 08:40:53.423  1189  2065 D WindowManager: takeScreenshotToTargetWindow: targetSurface=null, sourceCrop=Rect(0, 0 - 0, 0)
04-15 08:40:53.425  8206  8206 W ContextImpl: Calling a method in the system process without a qualified user: android.app.ContextImpl.startActivity:1177 android.content.ContextWrapper.startActivity:447 com.samsung.rtlassistant.utils.ActivityControllerManager$HeartbeatTask.runHeartbeat:24 com.samsung.rtlassistant.utils.ActivityControllerManager$HeartbeatTask.run:2 android.os.Handler.handleCallback:959 
04-15 08:40:53.426  8206  8206 W ContextImpl: Calling a method in the system process without a qualified user: android.app.ContextImpl.startActivity:1189 android.app.ContextImpl.startActivity:1178 android.content.ContextWrapper.startActivity:447 com.samsung.rtlassistant.utils.ActivityControllerManager$HeartbeatTask.runHeartbeat:24 com.samsung.rtlassistant.utils.ActivityControllerManager$HeartbeatTask.run:2 
04-15 08:40:53.427  1189  3928 D ActivityTaskManager: startActivityAsUser: callingPid=8206, callingUid=1000, caller=com.android.server.wm.ActivityTaskManagerService.startActivity:120 android.app.IActivityTaskManager$Stub.onTransact:1356 com.android.server.wm.ActivityTaskManagerService.onTransact:1 android.os.Binder.execTransactInternal:1536 android.os.Binder.execTransact:1480 <bottom of call stack> <bottom of call stack> 
04-15 08:40:53.433  8206  8206 I ActivityManager: Tried to abort onActivityStarting, pkg=com.samsung.rtlassistant, listener=0xdf3a5e4
04-15 08:40:53.433  1189  3928 D ActivityTaskManager: TaskLaunchParamsModifier:task=null activity=null display-area-from-current-params=null display-area-from-default-fallback=DefaultTaskDisplayArea_d0@159073749 display-id=0 task-display-area-windowing-mode=1 suggested-display-area=DefaultTaskDisplayArea_d0@159073749
04-15 08:40:53.434  1189  3928 I Pageboost: stop alp
04-15 08:40:53.434  1189  3928 I ActivityTaskManager: START u0 {dat=heartbeat://f54f7d82-8dca-4e5d-8d1d-21f1af7b9466/... flg=0x18800000 cmp=com.samsung.rtlassistant/.HeartbeatActivity} with LAUNCH_MULTIPLE from uid 1000 (BAL_ALLOW_ALLOWLISTED_UID) result code=102
04-15 08:40:53.435  1189  3928 D ActivityTaskManager: startActivity: reason=startActivityAsUser, result=102
04-15 08:40:53.435  3563  3563 E pageboostd: Received HALT command code 2
04-15 08:40:53.436   869   944 D RenderEngine: [SEC_SF_EFFECTS] drawLayersInternal,1313, Rendering layer  at index 0
04-15 08:40:53.442  1189  2065 D WindowManager: takeScreenshotToTargetWindow, bitmap=android.graphics.Bitmap@cbda3a5, failedReason=, caller=com.android.server.wm.WindowManagerService.takeScreenshotToTargetWindowFromCapture:53 com.android.server.wm.WindowManagerService.takeScreenshotToTargetWindow:14 android.view.IWindowManager$Stub.onTransact:3954 com.android.server.wm.WindowManagerService.onTransact:1 android.os.Binder.execTransactInternal:1536 android.os.Binder.execTransact:1480 
04-15 08:40:53.445  6212  6212 I SDHMS:LOAD: type: LoadsFreqs, value: 0:1:2:826379:3207000:672000:927040:2900000:672000:196:252:0
04-15 08:40:53.518  1189  2065 D WindowManager: takeScreenshotToTargetWindow: display=0, target=0, containsTarget=false, crop=Rect(0, 0 - 0, 0), w=540, h=1170, useIdentityTransform=true, ignorePolicy=false, caller=com.android.server.wm.WindowManagerService.takeScreenshotToTargetWindowFromCapture:53 com.android.server.wm.WindowManagerService.takeScreenshotToTargetWindow:14 android.view.IWindowManager$Stub.onTransact:3954 
04-15 08:40:53.519  1189  2065 D RestrictionPolicy: isScreenCaptureEnabled : ret=true userId=0
04-15 08:40:53.519  1189  2065 D RestrictionPolicy: isScreenCaptureEnabled : ret=true userId=0
04-15 08:40:53.519  1189  2065 D RestrictionPolicy: isScreenCaptureEnabled : ret=true userId=0
04-15 08:40:53.519  1189  2065 D WindowManager: takeScreenshotToTargetWindow: targetSurface=null, sourceCrop=Rect(0, 0 - 0, 0)
04-15 08:40:53.529  1189  2018 I Pageboost: IoRecord pid : 25177
04-15 08:40:53.536   869   944 D RenderEngine: [SEC_SF_EFFECTS] drawLayersInternal,1313, Rendering layer  at index 0
04-15 08:40:53.537  1189  2018 I Pageboost: IoRecord pid : 25177, result_size : 26416
04-15 08:40:53.544  1189  2018 I Pageboost: db create : CREATE TABLE IF NOT EXISTS comhenzaaccountingv2 (FILENAME TEXT, OFFSET INTEGER, SIZE INTEGER, FORVRAMDISK INTEGER, BITMAP BLOB, unique (FILENAME, OFFSET) );
04-15 08:40:53.544  1189  2065 D WindowManager: takeScreenshotToTargetWindow, bitmap=android.graphics.Bitmap@4d70788, failedReason=, caller=com.android.server.wm.WindowManagerService.takeScreenshotToTargetWindowFromCapture:53 com.android.server.wm.WindowManagerService.takeScreenshotToTargetWindow:14 android.view.IWindowManager$Stub.onTransact:3954 com.android.server.wm.WindowManagerService.onTransact:1 android.os.Binder.execTransactInternal:1536 android.os.Binder.execTransact:1480 
04-15 08:40:53.549  1189  2018 I Pageboost: db create : CREATE TABLE IF NOT EXISTS comhenzaaccountingv2 (FILENAME TEXT, OFFSET INTEGER, SIZE INTEGER, FORVRAMDISK INTEGER, BITMAP BLOB, unique (FILENAME, OFFSET) );
04-15 08:40:53.551  1189  2018 I Pageboost: db insert start
04-15 08:40:53.581  1189  2018 I Pageboost: db insert done, overLimit false
04-15 08:40:53.585  1189  2018 I Pageboost: captureFinished success : 13254656
04-15 08:40:53.592  1189  2018 I Pageboost: db update :com.henza.accountingv2 ret 1
04-15 08:40:53.626  1189  2065 D WindowManager: takeScreenshotToTargetWindow: display=0, target=0, containsTarget=false, crop=Rect(0, 0 - 0, 0), w=540, h=1170, useIdentityTransform=true, ignorePolicy=false, caller=com.android.server.wm.WindowManagerService.takeScreenshotToTargetWindowFromCapture:53 com.android.server.wm.WindowManagerService.takeScreenshotToTargetWindow:14 android.view.IWindowManager$Stub.onTransact:3954 
04-15 08:40:53.626  1189  2065 D RestrictionPolicy: isScreenCaptureEnabled : ret=true userId=0
04-15 08:40:53.626  1189  2065 D RestrictionPolicy: isScreenCaptureEnabled : ret=true userId=0
04-15 08:40:53.626  1189  2065 D RestrictionPolicy: isScreenCaptureEnabled : ret=true userId=0
04-15 08:40:53.626  1189  2065 D WindowManager: takeScreenshotToTargetWindow: targetSurface=null, sourceCrop=Rect(0, 0 - 0, 0)
04-15 08:40:53.636   869   944 D RenderEngine: [SEC_SF_EFFECTS] drawLayersInternal,1313, Rendering layer  at index 0
04-15 08:40:53.642  1189  2065 D WindowManager: takeScreenshotToTargetWindow, bitmap=android.graphics.Bitmap@ea5fd46, failedReason=, caller=com.android.server.wm.WindowManagerService.takeScreenshotToTargetWindowFromCapture:53 com.android.server.wm.WindowManagerService.takeScreenshotToTargetWindow:14 android.view.IWindowManager$Stub.onTransact:3954 com.android.server.wm.WindowManagerService.onTransact:1 android.os.Binder.execTransactInternal:1536 android.os.Binder.execTransact:1480 
04-15 08:40:53.674  1189  2018 I Pageboost: memUsage collected : 93757 0 1220 for com.henza.accountingv2 25177
04-15 08:40:53.723  1189  2065 D WindowManager: takeScreenshotToTargetWindow: display=0, target=0, containsTarget=false, crop=Rect(0, 0 - 0, 0), w=540, h=1170, useIdentityTransform=true, ignorePolicy=false, caller=com.android.server.wm.WindowManagerService.takeScreenshotToTargetWindowFromCapture:53 com.android.server.wm.WindowManagerService.takeScreenshotToTargetWindow:14 android.view.IWindowManager$Stub.onTransact:3954 
04-15 08:40:53.724  1189  2065 D RestrictionPolicy: isScreenCaptureEnabled : ret=true userId=0
04-15 08:40:53.724  1189  2065 D RestrictionPolicy: isScreenCaptureEnabled : ret=true userId=0
04-15 08:40:53.725  1189  2065 D RestrictionPolicy: isScreenCaptureEnabled : ret=true userId=0
04-15 08:40:53.725  1189  2065 D WindowManager: takeScreenshotToTargetWindow: targetSurface=null, sourceCrop=Rect(0, 0 - 0, 0)
04-15 08:40:53.742   869   944 D RenderEngine: [SEC_SF_EFFECTS] drawLayersInternal,1313, Rendering layer  at index 0
04-15 08:40:53.749  1189  2065 D WindowManager: takeScreenshotToTargetWindow, bitmap=android.graphics.Bitmap@9fc5b07, failedReason=, caller=com.android.server.wm.WindowManagerService.takeScreenshotToTargetWindowFromCapture:53 com.android.server.wm.WindowManagerService.takeScreenshotToTargetWindow:14 android.view.IWindowManager$Stub.onTransact:3954 com.android.server.wm.WindowManagerService.onTransact:1 android.os.Binder.execTransactInternal:1536 android.os.Binder.execTransact:1480 
04-15 08:40:53.824  1189  2065 D WindowManager: takeScreenshotToTargetWindow: display=0, target=0, containsTarget=false, crop=Rect(0, 0 - 0, 0), w=540, h=1170, useIdentityTransform=true, ignorePolicy=false, caller=com.android.server.wm.WindowManagerService.takeScreenshotToTargetWindowFromCapture:53 com.android.server.wm.WindowManagerService.takeScreenshotToTargetWindow:14 android.view.IWindowManager$Stub.onTransact:3954 
04-15 08:40:53.825  1189  2065 D RestrictionPolicy: isScreenCaptureEnabled : ret=true userId=0
04-15 08:40:53.825  1189  2065 D RestrictionPolicy: isScreenCaptureEnabled : ret=true userId=0
04-15 08:40:53.825  1189  2065 D RestrictionPolicy: isScreenCaptureEnabled : ret=true userId=0
04-15 08:40:53.825  1189  2065 D WindowManager: takeScreenshotToTargetWindow: targetSurface=null, sourceCrop=Rect(0, 0 - 0, 0)
04-15 08:40:53.842   869   944 D RenderEngine: [SEC_SF_EFFECTS] drawLayersInternal,1313, Rendering layer  at index 0
04-15 08:40:53.850  1189  2065 D WindowManager: takeScreenshotToTargetWindow, bitmap=android.graphics.Bitmap@2991434, failedReason=, caller=com.android.server.wm.WindowManagerService.takeScreenshotToTargetWindowFromCapture:53 com.android.server.wm.WindowManagerService.takeScreenshotToTargetWindow:14 android.view.IWindowManager$Stub.onTransact:3954 com.android.server.wm.WindowManagerService.onTransact:1 android.os.Binder.execTransactInternal:1536 android.os.Binder.execTransact:1480 
04-15 08:40:53.934  1189  3928 D WindowManager: takeScreenshotToTargetWindow: display=0, target=0, containsTarget=false, crop=Rect(0, 0 - 0, 0), w=540, h=1170, useIdentityTransform=true, ignorePolicy=false, caller=com.android.server.wm.WindowManagerService.takeScreenshotToTargetWindowFromCapture:53 com.android.server.wm.WindowManagerService.takeScreenshotToTargetWindow:14 android.view.IWindowManager$Stub.onTransact:3954 
04-15 08:40:53.935  1189  3928 D RestrictionPolicy: isScreenCaptureEnabled : ret=true userId=0
04-15 08:40:53.935  1189  3928 D RestrictionPolicy: isScreenCaptureEnabled : ret=true userId=0
04-15 08:40:53.935  1189  3928 D RestrictionPolicy: isScreenCaptureEnabled : ret=true userId=0
04-15 08:40:53.935  1189  3928 D WindowManager: takeScreenshotToTargetWindow: targetSurface=null, sourceCrop=Rect(0, 0 - 0, 0)
04-15 08:40:53.947   869   944 D RenderEngine: [SEC_SF_EFFECTS] drawLayersInternal,1313, Rendering layer  at index 0
04-15 08:40:53.957  1189  3928 D WindowManager: takeScreenshotToTargetWindow, bitmap=android.graphics.Bitmap@38da25d, failedReason=, caller=com.android.server.wm.WindowManagerService.takeScreenshotToTargetWindowFromCapture:53 com.android.server.wm.WindowManagerService.takeScreenshotToTargetWindow:14 android.view.IWindowManager$Stub.onTransact:3954 com.android.server.wm.WindowManagerService.onTransact:1 android.os.Binder.execTransactInternal:1536 android.os.Binder.execTransact:1480 
04-15 08:40:54.025  1189  3928 D WindowManager: takeScreenshotToTargetWindow: display=0, target=0, containsTarget=false, crop=Rect(0, 0 - 0, 0), w=540, h=1170, useIdentityTransform=true, ignorePolicy=false, caller=com.android.server.wm.WindowManagerService.takeScreenshotToTargetWindowFromCapture:53 com.android.server.wm.WindowManagerService.takeScreenshotToTargetWindow:14 android.view.IWindowManager$Stub.onTransact:3954 
04-15 08:40:54.025  1189  3928 D RestrictionPolicy: isScreenCaptureEnabled : ret=true userId=0
04-15 08:40:54.025  1189  3928 D RestrictionPolicy: isScreenCaptureEnabled : ret=true userId=0
04-15 08:40:54.025  1189  3928 D RestrictionPolicy: isScreenCaptureEnabled : ret=true userId=0
04-15 08:40:54.026  1189  3928 D WindowManager: takeScreenshotToTargetWindow: targetSurface=null, sourceCrop=Rect(0, 0 - 0, 0)
04-15 08:40:54.032   869   944 D RenderEngine: [SEC_SF_EFFECTS] drawLayersInternal,1313, Rendering layer  at index 0
04-15 08:40:54.035  1189  3928 D WindowManager: takeScreenshotToTargetWindow, bitmap=android.graphics.Bitmap@bb4a7d2, failedReason=, caller=com.android.server.wm.WindowManagerService.takeScreenshotToTargetWindowFromCapture:53 com.android.server.wm.WindowManagerService.takeScreenshotToTargetWindow:14 android.view.IWindowManager$Stub.onTransact:3954 com.android.server.wm.WindowManagerService.onTransact:1 android.os.Binder.execTransactInternal:1536 android.os.Binder.execTransact:1480 
04-15 08:40:54.104  1189  3928 D WindowManager: takeScreenshotToTargetWindow: display=0, target=0, containsTarget=false, crop=Rect(0, 0 - 0, 0), w=540, h=1170, useIdentityTransform=true, ignorePolicy=false, caller=com.android.server.wm.WindowManagerService.takeScreenshotToTargetWindowFromCapture:53 com.android.server.wm.WindowManagerService.takeScreenshotToTargetWindow:14 android.view.IWindowManager$Stub.onTransact:3954 
04-15 08:40:54.105  1189  3928 D RestrictionPolicy: isScreenCaptureEnabled : ret=true userId=0
04-15 08:40:54.105  1189  3928 D RestrictionPolicy: isScreenCaptureEnabled : ret=true userId=0
04-15 08:40:54.105  1189  3928 D RestrictionPolicy: isScreenCaptureEnabled : ret=true userId=0
04-15 08:40:54.105  1189  3928 D WindowManager: takeScreenshotToTargetWindow: targetSurface=null, sourceCrop=Rect(0, 0 - 0, 0)
04-15 08:40:54.113   869   944 D RenderEngine: [SEC_SF_EFFECTS] drawLayersInternal,1313, Rendering layer  at index 0
04-15 08:40:54.117  1189  3928 D WindowManager: takeScreenshotToTargetWindow, bitmap=android.graphics.Bitmap@579a0a3, failedReason=, caller=com.android.server.wm.WindowManagerService.takeScreenshotToTargetWindowFromCapture:53 com.android.server.wm.WindowManagerService.takeScreenshotToTargetWindow:14 android.view.IWindowManager$Stub.onTransact:3954 com.android.server.wm.WindowManagerService.onTransact:1 android.os.Binder.execTransactInternal:1536 android.os.Binder.execTransact:1480 
04-15 08:40:54.118  1189  1204 I system_server: NativeAlloc concurrent mark compact GC freed 1816KB AllocSpace bytes, 5(124KB) LOS objects, 43% free, 61MB/109MB, paused 1.207ms,1.713ms total 159.739ms
04-15 08:40:54.120  1189  1206 W System  : A resource failed to call HardwareBuffer.close. 
04-15 08:40:54.121  1189  1206 W System  : A resource failed to call HardwareBuffer.close. 
04-15 08:40:54.121  1189  1206 W System  : A resource failed to call HardwareBuffer.close. 
04-15 08:40:54.121  1189  1206 W System  : A resource failed to call HardwareBuffer.close. 
04-15 08:40:54.122  1189  1206 W System  : A resource failed to call HardwareBuffer.close. 
04-15 08:40:54.122  1189  1206 W System  : A resource failed to call HardwareBuffer.close. 
04-15 08:40:54.123  1189  1206 W System  : A resource failed to call HardwareBuffer.close. 
04-15 08:40:54.123  1189  1206 W System  : A resource failed to call HardwareBuffer.close. 
04-15 08:40:54.123  1189  1206 W System  : A resource failed to call HardwareBuffer.close. 
04-15 08:40:54.124  1189  1206 W System  : A resource failed to call HardwareBuffer.close. 
04-15 08:40:54.124  1189  1206 W System  : A resource failed to call HardwareBuffer.close. 
04-15 08:40:54.125  1189  1206 W System  : A resource failed to call HardwareBuffer.close. 
04-15 08:40:54.125  1189  1206 W System  : A resource failed to call HardwareBuffer.close. 
04-15 08:40:54.126  1189  1206 W System  : A resource failed to call HardwareBuffer.close. 
04-15 08:40:54.127  1189  1206 W System  : A resource failed to call HardwareBuffer.close. 
04-15 08:40:54.127  1189  1206 W System  : A resource failed to call HardwareBuffer.close. 
04-15 08:40:54.127  1189  1206 W System  : A resource failed to call HardwareBuffer.close. 
04-15 08:40:54.127  1189  1206 W System  : A resource failed to call HardwareBuffer.close. 
04-15 08:40:54.128  1189  1206 W System  : A resource failed to call HardwareBuffer.close. 
04-15 08:40:54.128  1189  1206 W System  : A resource failed to call HardwareBuffer.close. 
04-15 08:40:54.128  1189  1206 W System  : A resource failed to call HardwareBuffer.close. 
04-15 08:40:54.129  1189  1206 W System  : A resource failed to call HardwareBuffer.close. 
04-15 08:40:54.129  1189  1206 W System  : A resource failed to call HardwareBuffer.close. 
04-15 08:40:54.129  1189  1206 W System  : A resource failed to call HardwareBuffer.close. 
04-15 08:40:54.130  1189  1206 W System  : A resource failed to call HardwareBuffer.close. 
04-15 08:40:54.130  1189  1206 W System  : A resource failed to call HardwareBuffer.close. 
04-15 08:40:54.130  1189  1206 W System  : A resource failed to call HardwareBuffer.close. 
04-15 08:40:54.131  1189  1206 W System  : A resource failed to call HardwareBuffer.close. 
04-15 08:40:54.132  1189  1206 W System  : A resource failed to call HardwareBuffer.close. 
04-15 08:40:54.133  1189  1206 W System  : A resource failed to call HardwareBuffer.close. 
04-15 08:40:54.133  1189  1206 W System  : A resource failed to call HardwareBuffer.close. 
04-15 08:40:54.133  1189  1206 W System  : A resource failed to call HardwareBuffer.close. 
04-15 08:40:54.133  1189  1206 W System  : A resource failed to call HardwareBuffer.close. 
04-15 08:40:54.133  1189  1206 W System  : A resource failed to call HardwareBuffer.close. 
04-15 08:40:54.133  1189  1206 W System  : A resource failed to call HardwareBuffer.close. 
04-15 08:40:54.133  1189  1206 W System  : A resource failed to call HardwareBuffer.close. 
04-15 08:40:54.133  1189  1206 W System  : A resource failed to call HardwareBuffer.close. 
