04-15 14:02:32.862  1182  3966 D WindowManager: takeScreenshotToTargetWindow, bitmap=android.graphics.Bitmap@731f9fc, failedReason=, caller=com.android.server.wm.WindowManagerService.takeScreenshotToTargetWindowFromCapture:10842 com.android.server.wm.WindowManagerService.takeScreenshotToTargetWindow:10821 android.view.IWindowManager$Stub.onTransact:3612 com.android.server.wm.WindowManagerService.onTransact:1543 android.os.Binder.execTransactInternal:1375 android.os.Binder.execTransact:1311 
04-15 14:02:32.904  1182  2588 D WindowManager: takeScreenshotToTargetWindow: display=0, target=0, containsTarget=false, crop=Rect(0, 0 - 0, 0), w=540, h=1170, useIdentityTransform=true, ignorePolicy=false, caller=com.android.server.wm.WmScreenshotController.takeScreenshotToTargetWindow:653 com.android.server.wm.WindowManagerService.takeScreenshotToTargetWindowFromCapture:10842 com.android.server.wm.WindowManagerService.takeScreenshotToTargetWindow:10821 
04-15 14:02:32.904  1182  2588 D RestrictionPolicy: isScreenCaptureEnabled : ret=true userId=0
04-15 14:02:32.904  1182  2588 D RestrictionPolicy: isScreenCaptureEnabled : ret=true userId=0
04-15 14:02:32.905  1182  2588 D RestrictionPolicy: isScreenCaptureEnabled : ret=true userId=0
04-15 14:02:32.905  1182  2588 D WindowManager: takeScreenshotToTargetWindow: targetSurface=null, sourceCrop=Rect(0, 0 - 0, 0)
04-15 14:02:32.911   893   934 D RenderEngine: [SEC_GC_CMN_SF_EFFECTS] drawLayersInternal,1296, Rendering layer  at index 0
04-15 14:02:32.916  1182  2588 D WindowManager: takeScreenshotToTargetWindow, bitmap=android.graphics.Bitmap@f5a6885, failedReason=, caller=com.android.server.wm.WindowManagerService.takeScreenshotToTargetWindowFromCapture:10842 com.android.server.wm.WindowManagerService.takeScreenshotToTargetWindow:10821 android.view.IWindowManager$Stub.onTransact:3612 com.android.server.wm.WindowManagerService.onTransact:1543 android.os.Binder.execTransactInternal:1375 android.os.Binder.execTransact:1311 
04-15 14:02:32.990  1182  2588 D WindowManager: takeScreenshotToTargetWindow: display=0, target=0, containsTarget=false, crop=Rect(0, 0 - 0, 0), w=540, h=1170, useIdentityTransform=true, ignorePolicy=false, caller=com.android.server.wm.WmScreenshotController.takeScreenshotToTargetWindow:653 com.android.server.wm.WindowManagerService.takeScreenshotToTargetWindowFromCapture:10842 com.android.server.wm.WindowManagerService.takeScreenshotToTargetWindow:10821 
04-15 14:02:32.990  1182  2588 D RestrictionPolicy: isScreenCaptureEnabled : ret=true userId=0
04-15 14:02:32.990  1182  2588 D RestrictionPolicy: isScreenCaptureEnabled : ret=true userId=0
04-15 14:02:32.991  1182  2588 D RestrictionPolicy: isScreenCaptureEnabled : ret=true userId=0
04-15 14:02:32.991  1182  2588 D WindowManager: takeScreenshotToTargetWindow: targetSurface=null, sourceCrop=Rect(0, 0 - 0, 0)
04-15 14:02:33.001   893   934 D RenderEngine: [SEC_GC_CMN_SF_EFFECTS] drawLayersInternal,1296, Rendering layer  at index 0
04-15 14:02:33.009  1182  2588 D WindowManager: takeScreenshotToTargetWindow, bitmap=android.graphics.Bitmap@13536da, failedReason=, caller=com.android.server.wm.WindowManagerService.takeScreenshotToTargetWindowFromCapture:10842 com.android.server.wm.WindowManagerService.takeScreenshotToTargetWindow:10821 android.view.IWindowManager$Stub.onTransact:3612 com.android.server.wm.WindowManagerService.onTransact:1543 android.os.Binder.execTransactInternal:1375 android.os.Binder.execTransact:1311 
04-15 14:02:33.086  1182  2588 D WindowManager: takeScreenshotToTargetWindow: display=0, target=0, containsTarget=false, crop=Rect(0, 0 - 0, 0), w=540, h=1170, useIdentityTransform=true, ignorePolicy=false, caller=com.android.server.wm.WmScreenshotController.takeScreenshotToTargetWindow:653 com.android.server.wm.WindowManagerService.takeScreenshotToTargetWindowFromCapture:10842 com.android.server.wm.WindowManagerService.takeScreenshotToTargetWindow:10821 
04-15 14:02:33.086  1182  2588 D RestrictionPolicy: isScreenCaptureEnabled : ret=true userId=0
04-15 14:02:33.087  1182  2588 D RestrictionPolicy: isScreenCaptureEnabled : ret=true userId=0
04-15 14:02:33.087  1182  2588 D RestrictionPolicy: isScreenCaptureEnabled : ret=true userId=0
04-15 14:02:33.087  1182  2588 D WindowManager: takeScreenshotToTargetWindow: targetSurface=null, sourceCrop=Rect(0, 0 - 0, 0)
04-15 14:02:33.095   893   934 D RenderEngine: [SEC_GC_CMN_SF_EFFECTS] drawLayersInternal,1296, Rendering layer  at index 0
04-15 14:02:33.101  1182  2588 D WindowManager: takeScreenshotToTargetWindow, bitmap=android.graphics.Bitmap@faf70b, failedReason=, caller=com.android.server.wm.WindowManagerService.takeScreenshotToTargetWindowFromCapture:10842 com.android.server.wm.WindowManagerService.takeScreenshotToTargetWindow:10821 android.view.IWindowManager$Stub.onTransact:3612 com.android.server.wm.WindowManagerService.onTransact:1543 android.os.Binder.execTransactInternal:1375 android.os.Binder.execTransact:1311 
04-15 14:02:33.107  1182  1563 I ChimeraPolicyHandler: prepareForTrigger() - skip reason: screen off
04-15 14:02:33.107  1182  1563 I ChimeraAggressivePolicyHandler: executePolicy() - prepareForTrigger fails
04-15 14:02:33.119   802 25393 I HYPER-HAL: [RequestManager.cpp]releaseLocked(): Released ID : 1793671
04-15 14:02:33.181  1182  2588 D WindowManager: takeScreenshotToTargetWindow: display=0, target=0, containsTarget=false, crop=Rect(0, 0 - 0, 0), w=540, h=1170, useIdentityTransform=true, ignorePolicy=false, caller=com.android.server.wm.WmScreenshotController.takeScreenshotToTargetWindow:653 com.android.server.wm.WindowManagerService.takeScreenshotToTargetWindowFromCapture:10842 com.android.server.wm.WindowManagerService.takeScreenshotToTargetWindow:10821 
04-15 14:02:33.182  1182  2588 D RestrictionPolicy: isScreenCaptureEnabled : ret=true userId=0
04-15 14:02:33.182  1182  2588 D RestrictionPolicy: isScreenCaptureEnabled : ret=true userId=0
04-15 14:02:33.182  1182  2588 D RestrictionPolicy: isScreenCaptureEnabled : ret=true userId=0
04-15 14:02:33.183  1182  2588 D WindowManager: takeScreenshotToTargetWindow: targetSurface=null, sourceCrop=Rect(0, 0 - 0, 0)
04-15 14:02:33.191   893   934 D RenderEngine: [SEC_GC_CMN_SF_EFFECTS] drawLayersInternal,1296, Rendering layer  at index 0
04-15 14:02:33.197  1182  2588 D WindowManager: takeScreenshotToTargetWindow, bitmap=android.graphics.Bitmap@e5e0801, failedReason=, caller=com.android.server.wm.WindowManagerService.takeScreenshotToTargetWindowFromCapture:10842 com.android.server.wm.WindowManagerService.takeScreenshotToTargetWindow:10821 android.view.IWindowManager$Stub.onTransact:3612 com.android.server.wm.WindowManagerService.onTransact:1543 android.os.Binder.execTransactInternal:1375 android.os.Binder.execTransact:1311 
04-15 14:02:33.278  1682  1682 I HotspotTile: onDataSaverChanged: false
04-15 14:02:33.278  1682  1682 I HotspotTile: onHotspotChanged: false
04-15 14:02:33.278  1182  3966 D WindowManager: takeScreenshotToTargetWindow: display=0, target=0, containsTarget=false, crop=Rect(0, 0 - 0, 0), w=540, h=1170, useIdentityTransform=true, ignorePolicy=false, caller=com.android.server.wm.WmScreenshotController.takeScreenshotToTargetWindow:653 com.android.server.wm.WindowManagerService.takeScreenshotToTargetWindowFromCapture:10842 com.android.server.wm.WindowManagerService.takeScreenshotToTargetWindow:10821 
04-15 14:02:33.279  1182  3966 D RestrictionPolicy: isScreenCaptureEnabled : ret=true userId=0
04-15 14:02:33.279  1182  3966 D RestrictionPolicy: isScreenCaptureEnabled : ret=true userId=0
04-15 14:02:33.279  1182  3966 D RestrictionPolicy: isScreenCaptureEnabled : ret=true userId=0
04-15 14:02:33.280  1182  3966 D WindowManager: takeScreenshotToTargetWindow: targetSurface=null, sourceCrop=Rect(0, 0 - 0, 0)
04-15 14:02:33.282  1682  2078 I HotspotTile: handleUpdateState
04-15 14:02:33.289  1682  2078 D Tile.MobileDataTile: handleUpdateState : state false
04-15 14:02:33.289   893   934 D RenderEngine: [SEC_GC_CMN_SF_EFFECTS] drawLayersInternal,1296, Rendering layer  at index 0
04-15 14:02:33.290  1682  2078 I HotspotTile: handleUpdateState
04-15 14:02:33.291  1682  2078 I HotspotTile: handleUpdateState
04-15 14:02:33.294  1682  2078 I HotspotTile: handleUpdateState
04-15 14:02:33.297  1182  3966 D WindowManager: takeScreenshotToTargetWindow, bitmap=android.graphics.Bitmap@b5f7cf5, failedReason=, caller=com.android.server.wm.WindowManagerService.takeScreenshotToTargetWindowFromCapture:10842 com.android.server.wm.WindowManagerService.takeScreenshotToTargetWindow:10821 android.view.IWindowManager$Stub.onTransact:3612 com.android.server.wm.WindowManagerService.onTransact:1543 android.os.Binder.execTransactInternal:1375 android.os.Binder.execTransact:1311 
04-15 14:02:33.300  1682  2078 D DndTile : handleUpdateState zen 0  state = BooleanState[spec=Dnd,icon=ResourceIcon[resId=0x7f080ded],iconSupplier=null,label=Do not disturb,secondaryLabel=null,contentDescription=null,stateDescription=null,dualLabelContentDescription=null,expandedAccessibilityClassName=null,disabledByPolicy=false,dualTarget=true,isTransient=false,state=1,slash="null",sideViewCustomDrawable=null,tileClassName=null,value=false,forceExpandIcon=false]
04-15 14:02:33.300  1682  2078 W Settings: Setting all_sound_off has moved from android.provider.Settings.System to android.provider.Settings.Global, returning read-only value.
04-15 14:02:33.305  1682  2078 D DeviceState: isESIM() :0 : false
04-15 14:02:33.306  1682  2078 D DeviceState: isESIM() :1 : false
04-15 14:02:33.307  1682  2078 D AirplaneModeTile:  handleUpdateState mIsWiFiOnlyDevice false isNoSimState true isNoSimState  isPowerOffServiceState true mSetting.getValue() 0
04-15 14:02:33.307  1682  2078 D AirplaneModeTile:  handleUpdateState:  value = false, state = 1
04-15 14:02:33.379  1182  3966 D WindowManager: takeScreenshotToTargetWindow: display=0, target=0, containsTarget=false, crop=Rect(0, 0 - 0, 0), w=540, h=1170, useIdentityTransform=true, ignorePolicy=false, caller=com.android.server.wm.WmScreenshotController.takeScreenshotToTargetWindow:653 com.android.server.wm.WindowManagerService.takeScreenshotToTargetWindowFromCapture:10842 com.android.server.wm.WindowManagerService.takeScreenshotToTargetWindow:10821 
04-15 14:02:33.380  1182  3966 D RestrictionPolicy: isScreenCaptureEnabled : ret=true userId=0
04-15 14:02:33.380  1182  3966 D RestrictionPolicy: isScreenCaptureEnabled : ret=true userId=0
04-15 14:02:33.380  1182  3966 D RestrictionPolicy: isScreenCaptureEnabled : ret=true userId=0
04-15 14:02:33.380  1182  3966 D WindowManager: takeScreenshotToTargetWindow: targetSurface=null, sourceCrop=Rect(0, 0 - 0, 0)
04-15 14:02:33.391   893   934 D RenderEngine: [SEC_GC_CMN_SF_EFFECTS] drawLayersInternal,1296, Rendering layer  at index 0
04-15 14:02:33.398  1182  3966 D WindowManager: takeScreenshotToTargetWindow, bitmap=android.graphics.Bitmap@4ec6d18, failedReason=, caller=com.android.server.wm.WindowManagerService.takeScreenshotToTargetWindowFromCapture:10842 com.android.server.wm.WindowManagerService.takeScreenshotToTargetWindow:10821 android.view.IWindowManager$Stub.onTransact:3612 com.android.server.wm.WindowManagerService.onTransact:1543 android.os.Binder.execTransactInternal:1375 android.os.Binder.execTransact:1311 
04-15 14:02:33.468   562   562 D io_stats: !@   8,0 r 362818 15639616 w 223646 13473672 d 20101 7008312 f 6331 26015 iot 223092 0 th 0 0 0 pt 0 inp 0 0 18705.301
04-15 14:02:33.477  1182  3966 D WindowManager: takeScreenshotToTargetWindow: display=0, target=0, containsTarget=false, crop=Rect(0, 0 - 0, 0), w=540, h=1170, useIdentityTransform=true, ignorePolicy=false, caller=com.android.server.wm.WmScreenshotController.takeScreenshotToTargetWindow:653 com.android.server.wm.WindowManagerService.takeScreenshotToTargetWindowFromCapture:10842 com.android.server.wm.WindowManagerService.takeScreenshotToTargetWindow:10821 
04-15 14:02:33.477  1182  3966 D RestrictionPolicy: isScreenCaptureEnabled : ret=true userId=0
04-15 14:02:33.478  1182  3966 D RestrictionPolicy: isScreenCaptureEnabled : ret=true userId=0
04-15 14:02:33.478  1182  3966 D RestrictionPolicy: isScreenCaptureEnabled : ret=true userId=0
04-15 14:02:33.478  1182  3966 D WindowManager: takeScreenshotToTargetWindow: targetSurface=null, sourceCrop=Rect(0, 0 - 0, 0)
04-15 14:02:33.486   893   934 D RenderEngine: [SEC_GC_CMN_SF_EFFECTS] drawLayersInternal,1296, Rendering layer  at index 0
04-15 14:02:33.490  1182  3966 D WindowManager: takeScreenshotToTargetWindow, bitmap=android.graphics.Bitmap@a77f371, failedReason=, caller=com.android.server.wm.WindowManagerService.takeScreenshotToTargetWindowFromCapture:10842 com.android.server.wm.WindowManagerService.takeScreenshotToTargetWindow:10821 android.view.IWindowManager$Stub.onTransact:3612 com.android.server.wm.WindowManagerService.onTransact:1543 android.os.Binder.execTransactInternal:1375 android.os.Binder.execTransact:1311 
04-15 14:02:33.510   802 25332 I HYPER-HAL: [RequestManager.cpp]releaseLocked(): Released ID : 6260512
04-15 14:02:33.542  1182  1659 I Pageboost: IoRecord pid : 25120
04-15 14:02:33.542  1182  1659 W System.err: java.io.FileNotFoundException: /proc/25120/io_record_control: open failed: ENOENT (No such file or directory)
04-15 14:02:33.543  1182  1659 W System.err: 	at libcore.io.IoBridge.open(IoBridge.java:574)
04-15 14:02:33.543  1182  1659 W System.err: 	at java.io.FileOutputStream.<init>(FileOutputStream.java:236)
04-15 14:02:33.543  1182  1659 W System.err: 	at java.io.FileOutputStream.<init>(FileOutputStream.java:186)
04-15 14:02:33.543  1182  1659 W System.err: 	at java.io.FileWriter.<init>(FileWriter.java:96)
04-15 14:02:33.543  1182  1659 W System.err: 	at com.android.server.am.Pageboost$IoRecord.write(Pageboost.java:1711)
04-15 14:02:33.543  1182  1659 W System.err: 	at com.android.server.am.Pageboost$IoRecord.getResultFromKernel(Pageboost.java:1935)
04-15 14:02:33.543  1182  1659 W System.err: 	at com.android.server.am.Pageboost$PageboostHandler.handleMessage(Pageboost.java:2463)
04-15 14:02:33.543  1182  1659 W System.err: 	at android.os.Handler.dispatchMessage(Handler.java:106)
04-15 14:02:33.543  1182  1659 W System.err: 	at android.os.Looper.loopOnce(Looper.java:230)
04-15 14:02:33.543  1182  1659 W System.err: 	at android.os.Looper.loop(Looper.java:319)
04-15 14:02:33.544  1182  1659 W System.err: 	at android.os.HandlerThread.run(HandlerThread.java:67)
04-15 14:02:33.544  1182  1659 W System.err: 	at com.android.server.ServiceThread.run(ServiceThread.java:46)
04-15 14:02:33.544  1182  1659 W System.err: Caused by: android.system.ErrnoException: open failed: ENOENT (No such file or directory)
04-15 14:02:33.544  1182  1659 W System.err: 	at libcore.io.Linux.open(Native Method)
04-15 14:02:33.544  1182  1659 W System.err: 	at libcore.io.ForwardingOs.open(ForwardingOs.java:563)
04-15 14:02:33.544  1182  1659 W System.err: 	at libcore.io.BlockGuardOs.open(BlockGuardOs.java:274)
04-15 14:02:33.544  1182  1659 W System.err: 	at libcore.io.IoBridge.open(IoBridge.java:560)
04-15 14:02:33.544  1182  1659 W System.err: 	... 11 more
04-15 14:02:33.544  1182  1659 E Pageboost: StopRecording Failed
04-15 14:02:33.547  8941  8941 W ContextImpl: Calling a method in the system process without a qualified user: android.app.ContextImpl.startActivity:1144 android.content.ContextWrapper.startActivity:445 com.samsung.rtlassistant.utils.ActivityControllerManager$HeartbeatTask.runHeartbeat:24 com.samsung.rtlassistant.utils.ActivityControllerManager$HeartbeatTask.run:2 android.os.Handler.handleCallback:958 
04-15 14:02:33.547  8941  8941 W ContextImpl: Calling a method in the system process without a qualified user: android.app.ContextImpl.startActivity:1156 android.app.ContextImpl.startActivity:1145 android.content.ContextWrapper.startActivity:445 com.samsung.rtlassistant.utils.ActivityControllerManager$HeartbeatTask.runHeartbeat:24 com.samsung.rtlassistant.utils.ActivityControllerManager$HeartbeatTask.run:2 
04-15 14:02:33.548  1182  3966 D ActivityTaskManager: startActivityAsUser: callingPid=8941, callingUid=1000, caller=com.android.server.wm.ActivityTaskManagerService.startActivityAsUser:1870 com.android.server.wm.ActivityTaskManagerService.startActivity:1844 android.app.IActivityTaskManager$Stub.onTransact:1369 com.android.server.wm.ActivityTaskManagerService.onTransact:7025 android.os.Binder.execTransactInternal:1375 android.os.Binder.execTransact:1311 <bottom of call stack> 
04-15 14:02:33.549  1182  1239 I ChimeraSystemEventListener: appLaunchIntent package name is: com.samsung.rtlassistant
04-15 14:02:33.551  1182  1659 E Pageboost: captureFinished fail
04-15 14:02:33.552  1182  3966 I ActivityTaskManager: START u0 {dat=heartbeat://0a69f0d3-a87e-42c5-ad53-53a97d17148b/... flg=0x18800000 cmp=com.samsung.rtlassistant/.HeartbeatActivity} with LAUNCH_MULTIPLE from uid 1000 (BAL_ALLOW_ALLOWLISTED_UID) result code=102
04-15 14:02:33.552  1182  3966 I Pageboost: stop alp
04-15 14:02:33.552  1182  3966 D ActivityTaskManager: startActivity: reason=startActivityAsUser, result=102
04-15 14:02:33.561  1182  3966 D WindowManager: takeScreenshotToTargetWindow: display=0, target=0, containsTarget=false, crop=Rect(0, 0 - 0, 0), w=540, h=1170, useIdentityTransform=true, ignorePolicy=false, caller=com.android.server.wm.WmScreenshotController.takeScreenshotToTargetWindow:653 com.android.server.wm.WindowManagerService.takeScreenshotToTargetWindowFromCapture:10842 com.android.server.wm.WindowManagerService.takeScreenshotToTargetWindow:10821 
04-15 14:02:33.561  1182  3966 D RestrictionPolicy: isScreenCaptureEnabled : ret=true userId=0
04-15 14:02:33.562  1182  3966 D RestrictionPolicy: isScreenCaptureEnabled : ret=true userId=0
04-15 14:02:33.562  1182  3966 D RestrictionPolicy: isScreenCaptureEnabled : ret=true userId=0
04-15 14:02:33.562  1182  3966 D WindowManager: takeScreenshotToTargetWindow: targetSurface=null, sourceCrop=Rect(0, 0 - 0, 0)
04-15 14:02:33.562  1182  1659 I Pageboost: db update :com.henza.accountingv2 ret 1
04-15 14:02:33.563  3245  3245 E pageboostd: Received HALT command code 2
04-15 14:02:33.569   893   934 D RenderEngine: [SEC_GC_CMN_SF_EFFECTS] drawLayersInternal,1296, Rendering layer  at index 0
04-15 14:02:33.574  1182  3966 D WindowManager: takeScreenshotToTargetWindow, bitmap=android.graphics.Bitmap@cc755ad, failedReason=, caller=com.android.server.wm.WindowManagerService.takeScreenshotToTargetWindowFromCapture:10842 com.android.server.wm.WindowManagerService.takeScreenshotToTargetWindow:10821 android.view.IWindowManager$Stub.onTransact:3612 com.android.server.wm.WindowManagerService.onTransact:1543 android.os.Binder.execTransactInternal:1375 android.os.Binder.execTransact:1311 
04-15 14:02:33.640  1182  3966 D WindowManager: takeScreenshotToTargetWindow: display=0, target=0, containsTarget=false, crop=Rect(0, 0 - 0, 0), w=540, h=1170, useIdentityTransform=true, ignorePolicy=false, caller=com.android.server.wm.WmScreenshotController.takeScreenshotToTargetWindow:653 com.android.server.wm.WindowManagerService.takeScreenshotToTargetWindowFromCapture:10842 com.android.server.wm.WindowManagerService.takeScreenshotToTargetWindow:10821 
04-15 14:02:33.641  1182  3966 D RestrictionPolicy: isScreenCaptureEnabled : ret=true userId=0
04-15 14:02:33.641  1182  3966 D RestrictionPolicy: isScreenCaptureEnabled : ret=true userId=0
04-15 14:02:33.641  1182  3966 D RestrictionPolicy: isScreenCaptureEnabled : ret=true userId=0
04-15 14:02:33.641  1182  3966 D WindowManager: takeScreenshotToTargetWindow: targetSurface=null, sourceCrop=Rect(0, 0 - 0, 0)
04-15 14:02:33.646   893   934 D RenderEngine: [SEC_GC_CMN_SF_EFFECTS] drawLayersInternal,1296, Rendering layer  at index 0
04-15 14:02:33.651  1182  3966 D WindowManager: takeScreenshotToTargetWindow, bitmap=android.graphics.Bitmap@dc860e2, failedReason=, caller=com.android.server.wm.WindowManagerService.takeScreenshotToTargetWindowFromCapture:10842 com.android.server.wm.WindowManagerService.takeScreenshotToTargetWindow:10821 android.view.IWindowManager$Stub.onTransact:3612 com.android.server.wm.WindowManagerService.onTransact:1543 android.os.Binder.execTransactInternal:1375 android.os.Binder.execTransact:1311 
04-15 14:02:33.719  1182  3966 D WindowManager: takeScreenshotToTargetWindow: display=0, target=0, containsTarget=false, crop=Rect(0, 0 - 0, 0), w=540, h=1170, useIdentityTransform=true, ignorePolicy=false, caller=com.android.server.wm.WmScreenshotController.takeScreenshotToTargetWindow:653 com.android.server.wm.WindowManagerService.takeScreenshotToTargetWindowFromCapture:10842 com.android.server.wm.WindowManagerService.takeScreenshotToTargetWindow:10821 
04-15 14:02:33.720  1182  3966 D RestrictionPolicy: isScreenCaptureEnabled : ret=true userId=0
04-15 14:02:33.720  1182  3966 D RestrictionPolicy: isScreenCaptureEnabled : ret=true userId=0
04-15 14:02:33.720  1182  3966 D RestrictionPolicy: isScreenCaptureEnabled : ret=true userId=0
04-15 14:02:33.720  1182  3966 D WindowManager: takeScreenshotToTargetWindow: targetSurface=null, sourceCrop=Rect(0, 0 - 0, 0)
04-15 14:02:33.731   893   934 D RenderEngine: [SEC_GC_CMN_SF_EFFECTS] drawLayersInternal,1296, Rendering layer  at index 0
04-15 14:02:33.739  1182  3966 D WindowManager: takeScreenshotToTargetWindow, bitmap=android.graphics.Bitmap@ca24c73, failedReason=, caller=com.android.server.wm.WindowManagerService.takeScreenshotToTargetWindowFromCapture:10842 com.android.server.wm.WindowManagerService.takeScreenshotToTargetWindow:10821 android.view.IWindowManager$Stub.onTransact:3612 com.android.server.wm.WindowManagerService.onTransact:1543 android.os.Binder.execTransactInternal:1375 android.os.Binder.execTransact:1311 
04-15 14:02:33.814  1182  3966 D WindowManager: takeScreenshotToTargetWindow: display=0, target=0, containsTarget=false, crop=Rect(0, 0 - 0, 0), w=540, h=1170, useIdentityTransform=true, ignorePolicy=false, caller=com.android.server.wm.WmScreenshotController.takeScreenshotToTargetWindow:653 com.android.server.wm.WindowManagerService.takeScreenshotToTargetWindowFromCapture:10842 com.android.server.wm.WindowManagerService.takeScreenshotToTargetWindow:10821 
04-15 14:02:33.814  1182  3966 D RestrictionPolicy: isScreenCaptureEnabled : ret=true userId=0
04-15 14:02:33.815  1182  3966 D RestrictionPolicy: isScreenCaptureEnabled : ret=true userId=0
04-15 14:02:33.815  1182  3966 D RestrictionPolicy: isScreenCaptureEnabled : ret=true userId=0
04-15 14:02:33.815  1182  3966 D WindowManager: takeScreenshotToTargetWindow: targetSurface=null, sourceCrop=Rect(0, 0 - 0, 0)
04-15 14:02:33.824   893   934 D RenderEngine: [SEC_GC_CMN_SF_EFFECTS] drawLayersInternal,1296, Rendering layer  at index 0
04-15 14:02:33.830  1182  3966 D WindowManager: takeScreenshotToTargetWindow, bitmap=android.graphics.Bitmap@857c730, failedReason=, caller=com.android.server.wm.WindowManagerService.takeScreenshotToTargetWindowFromCapture:10842 com.android.server.wm.WindowManagerService.takeScreenshotToTargetWindow:10821 android.view.IWindowManager$Stub.onTransact:3612 com.android.server.wm.WindowManagerService.onTransact:1543 android.os.Binder.execTransactInternal:1375 android.os.Binder.execTransact:1311 
04-15 14:02:33.903  1182  3454 D WindowManager: takeScreenshotToTargetWindow: display=0, target=0, containsTarget=false, crop=Rect(0, 0 - 0, 0), w=540, h=1170, useIdentityTransform=true, ignorePolicy=false, caller=com.android.server.wm.WmScreenshotController.takeScreenshotToTargetWindow:653 com.android.server.wm.WindowManagerService.takeScreenshotToTargetWindowFromCapture:10842 com.android.server.wm.WindowManagerService.takeScreenshotToTargetWindow:10821 
04-15 14:02:33.903  1182  3454 D RestrictionPolicy: isScreenCaptureEnabled : ret=true userId=0
04-15 14:02:33.904  1182  3454 D RestrictionPolicy: isScreenCaptureEnabled : ret=true userId=0
04-15 14:02:33.904  1182  3454 D RestrictionPolicy: isScreenCaptureEnabled : ret=true userId=0
04-15 14:02:33.904  1182  3454 D WindowManager: takeScreenshotToTargetWindow: targetSurface=null, sourceCrop=Rect(0, 0 - 0, 0)
04-15 14:02:33.914   893   934 D RenderEngine: [SEC_GC_CMN_SF_EFFECTS] drawLayersInternal,1296, Rendering layer  at index 0
04-15 14:02:33.922  1182  3454 D WindowManager: takeScreenshotToTargetWindow, bitmap=android.graphics.Bitmap@b309fa9, failedReason=, caller=com.android.server.wm.WindowManagerService.takeScreenshotToTargetWindowFromCapture:10842 com.android.server.wm.WindowManagerService.takeScreenshotToTargetWindow:10821 android.view.IWindowManager$Stub.onTransact:3612 com.android.server.wm.WindowManagerService.onTransact:1543 android.os.Binder.execTransactInternal:1375 android.os.Binder.execTransact:1311 
04-15 14:02:33.989  1182  3454 D WindowManager: takeScreenshotToTargetWindow: display=0, target=0, containsTarget=false, crop=Rect(0, 0 - 0, 0), w=540, h=1170, useIdentityTransform=true, ignorePolicy=false, caller=com.android.server.wm.WmScreenshotController.takeScreenshotToTargetWindow:653 com.android.server.wm.WindowManagerService.takeScreenshotToTargetWindowFromCapture:10842 com.android.server.wm.WindowManagerService.takeScreenshotToTargetWindow:10821 
04-15 14:02:33.989  1182  3454 D RestrictionPolicy: isScreenCaptureEnabled : ret=true userId=0
04-15 14:02:33.989  1182  3454 D RestrictionPolicy: isScreenCaptureEnabled : ret=true userId=0
04-15 14:02:33.989  1182  3454 D RestrictionPolicy: isScreenCaptureEnabled : ret=true userId=0
04-15 14:02:33.990  1182  3454 D WindowManager: takeScreenshotToTargetWindow: targetSurface=null, sourceCrop=Rect(0, 0 - 0, 0)
04-15 14:02:33.992   893   934 D RenderEngine: [SEC_GC_CMN_SF_EFFECTS] drawLayersInternal,1296, Rendering layer  at index 0
04-15 14:02:33.995  1182  3454 D WindowManager: takeScreenshotToTargetWindow, bitmap=android.graphics.Bitmap@a0fa92e, failedReason=, caller=com.android.server.wm.WindowManagerService.takeScreenshotToTargetWindowFromCapture:10842 com.android.server.wm.WindowManagerService.takeScreenshotToTargetWindow:10821 android.view.IWindowManager$Stub.onTransact:3612 com.android.server.wm.WindowManagerService.onTransact:1543 android.os.Binder.execTransactInternal:1375 android.os.Binder.execTransact:1311 
04-15 14:02:34.057  1182  3966 D WindowManager: takeScreenshotToTargetWindow: display=0, target=0, containsTarget=false, crop=Rect(0, 0 - 0, 0), w=540, h=1170, useIdentityTransform=true, ignorePolicy=false, caller=com.android.server.wm.WmScreenshotController.takeScreenshotToTargetWindow:653 com.android.server.wm.WindowManagerService.takeScreenshotToTargetWindowFromCapture:10842 com.android.server.wm.WindowManagerService.takeScreenshotToTargetWindow:10821 
04-15 14:02:34.060  1182  3966 D RestrictionPolicy: isScreenCaptureEnabled : ret=true userId=0
04-15 14:02:34.061  1182  3966 D RestrictionPolicy: isScreenCaptureEnabled : ret=true userId=0
04-15 14:02:34.061  1182  3966 D RestrictionPolicy: isScreenCaptureEnabled : ret=true userId=0
04-15 14:02:34.062  1182  3966 D WindowManager: takeScreenshotToTargetWindow: targetSurface=null, sourceCrop=Rect(0, 0 - 0, 0)
04-15 14:02:34.069   893   934 D RenderEngine: [SEC_GC_CMN_SF_EFFECTS] drawLayersInternal,1296, Rendering layer  at index 0
04-15 14:02:34.074  1182  3966 D WindowManager: takeScreenshotToTargetWindow, bitmap=android.graphics.Bitmap@5cb3ccf, failedReason=, caller=com.android.server.wm.WindowManagerService.takeScreenshotToTargetWindowFromCapture:10842 com.android.server.wm.WindowManagerService.takeScreenshotToTargetWindow:10821 android.view.IWindowManager$Stub.onTransact:3612 com.android.server.wm.WindowManagerService.onTransact:1543 android.os.Binder.execTransactInternal:1375 android.os.Binder.execTransact:1311 
04-15 14:02:34.100  1182  1203 I system_server: NativeAlloc concurrent mark compact GC freed 22366(1773KB) AllocSpace objects, 0(0B) LOS objects, 24% free, 75MB/99MB, paused 967us,1.843ms total 178.472ms
04-15 14:02:34.101  1182  1205 W System  : A resource failed to call HardwareBuffer.close. 
04-15 14:02:34.101  1182  1205 W System  : A resource failed to call HardwareBuffer.close. 
04-15 14:02:34.101  1182  1205 W System  : A resource failed to call HardwareBuffer.close. 
04-15 14:02:34.102  1182  1205 W System  : A resource failed to call HardwareBuffer.close. 
04-15 14:02:34.102  1182  1205 W System  : A resource failed to call HardwareBuffer.close. 
04-15 14:02:34.102  1182  1205 W System  : A resource failed to call HardwareBuffer.close. 
04-15 14:02:34.102  1182  1205 W System  : A resource failed to call HardwareBuffer.close. 
04-15 14:02:34.102  1182  1205 W System  : A resource failed to call HardwareBuffer.close. 
04-15 14:02:34.102  1182  1205 W System  : A resource failed to call HardwareBuffer.close. 
04-15 14:02:34.102  1182  1205 W System  : A resource failed to call HardwareBuffer.close. 
04-15 14:02:34.102  1182  1205 W System  : A resource failed to call HardwareBuffer.close. 
04-15 14:02:34.102  1182  1205 W System  : A resource failed to call HardwareBuffer.close. 
04-15 14:02:34.102  1182  1205 W System  : A resource failed to call HardwareBuffer.close. 
04-15 14:02:34.102  1182  1205 W System  : A resource failed to call HardwareBuffer.close. 
04-15 14:02:34.102  1182  1205 W System  : A resource failed to call HardwareBuffer.close. 
04-15 14:02:34.102  1182  1205 W System  : A resource failed to call HardwareBuffer.close. 
04-15 14:02:34.102  1182  1205 W System  : A resource failed to call HardwareBuffer.close. 
04-15 14:02:34.102  1182  1205 W System  : A resource failed to call HardwareBuffer.close. 
04-15 14:02:34.102  1182  1205 W System  : A resource failed to call HardwareBuffer.close. 
04-15 14:02:34.102  1182  1205 W System  : A resource failed to call HardwareBuffer.close. 
04-15 14:02:34.102  1182  1205 W System  : A resource failed to call HardwareBuffer.close. 
04-15 14:02:34.102  1182  1205 W System  : A resource failed to call HardwareBuffer.close. 
04-15 14:02:34.102  1182  1205 W System  : A resource failed to call HardwareBuffer.close. 
04-15 14:02:34.102  1182  1205 W System  : A resource failed to call HardwareBuffer.close. 
04-15 14:02:34.144  1182  3966 D WindowManager: takeScreenshotToTargetWindow: display=0, target=0, containsTarget=false, crop=Rect(0, 0 - 0, 0), w=540, h=1170, useIdentityTransform=true, ignorePolicy=false, caller=com.android.server.wm.WmScreenshotController.takeScreenshotToTargetWindow:653 com.android.server.wm.WindowManagerService.takeScreenshotToTargetWindowFromCapture:10842 com.android.server.wm.WindowManagerService.takeScreenshotToTargetWindow:10821 
04-15 14:02:34.145  1182  3966 D RestrictionPolicy: isScreenCaptureEnabled : ret=true userId=0
04-15 14:02:34.145  1182  3966 D RestrictionPolicy: isScreenCaptureEnabled : ret=true userId=0
04-15 14:02:34.145  1182  3966 D RestrictionPolicy: isScreenCaptureEnabled : ret=true userId=0
04-15 14:02:34.145  1182  3966 D WindowManager: takeScreenshotToTargetWindow: targetSurface=null, sourceCrop=Rect(0, 0 - 0, 0)
04-15 14:02:34.150   893   934 D RenderEngine: [SEC_GC_CMN_SF_EFFECTS] drawLayersInternal,1296, Rendering layer  at index 0
