04-15 13:57:39.465  1182  4164 W ServiceManagerCppClient: Permission failure: android.permission.ACCESS_SURFACE_FLINGER from uid=10345 pid=0
04-15 13:57:39.465  1182  4164 D PermissionCache: checking android.permission.ACCESS_SURFACE_FLINGER for uid=10345 => denied (29 us)
04-15 13:57:39.465  1182  4164 D WindowManager: finishDrawingWindow: Window{12e56ec u0 com.henza.accountingv2/com.henza.accountingv2.MainActivity} mDrawState=DRAW_PENDING seqId=0
04-15 13:57:39.466 24704 24761 D OpenGLRenderer: CacheManager::trimMemory(20)
04-15 13:57:39.466 24704 24761 D OpenGLRenderer: HWUI - treat SMPTE_170M as sRGB
04-15 13:57:39.467  1182  1236 W ziparchive: Unable to open '/data/app/~~2nzaohdmoj_I867RTaFXfQ==/com.henza.accountingv2-MMSoIuOmNLbgXyF0_1C6PQ==/base.dm': No such file or directory
04-15 13:57:39.468  1182  1236 D [secipm]: mSecIpmManager report to nap
04-15 13:57:39.469  1182  9980 D WindowManager: takeScreenshotToTargetWindow: display=0, target=0, containsTarget=false, crop=Rect(0, 0 - 0, 0), w=540, h=1170, useIdentityTransform=true, ignorePolicy=false, caller=com.android.server.wm.WmScreenshotController.takeScreenshotToTargetWindow:653 com.android.server.wm.WindowManagerService.takeScreenshotToTargetWindowFromCapture:10842 com.android.server.wm.WindowManagerService.takeScreenshotToTargetWindow:10821 
04-15 13:57:39.469  1182  1236 I PkgPredictorService-SecIpmManagerServiceImpl: reportToNAP uid:10345 com.henza.accountingv2/com.henza.accountingv2.MainActivity thisTime:364
04-15 13:57:39.469  1182  1236 D PkgPredictorService-SecIpmManagerServiceImpl: reportToNAP: mHeavyLaunchCounter is false
04-15 13:57:39.469  1182  9980 D RestrictionPolicy: isScreenCaptureEnabled : ret=true userId=0
04-15 13:57:39.469  1182  2952 D PkgPredictorService-SecIpmManagerServiceImpl: ACTION_FOREGROUND_FINISH_EVENT sCurForegroundApp :com.henza.accountingv2
04-15 13:57:39.469  1182  9980 D RestrictionPolicy: isScreenCaptureEnabled : ret=true userId=0
04-15 13:57:39.469  1182  9980 D RestrictionPolicy: isScreenCaptureEnabled : ret=true userId=0
04-15 13:57:39.469  1182  9980 D WindowManager: takeScreenshotToTargetWindow: targetSurface=null, sourceCrop=Rect(0, 0 - 0, 0)
04-15 13:57:39.471   893   934 D RenderEngine: [SEC_GC_CMN_SF_EFFECTS] drawLayersInternal,1296, Rendering layer  at index 0
04-15 13:57:39.471  1182  1236 D DmaBufLeakDetector: system:            53860 kB
04-15 13:57:39.472  1182  1236 D DmaBufLeakDetector: system-uncached:  156452 kB
04-15 13:57:39.472  1182  1236 I DmaBufLeakDetector: DmaBuf : 210312 KB
04-15 13:57:39.473  1182  1236 I ActivityTaskManager: Displayed com.henza.accountingv2/.MainActivity for user 0: +364ms
04-15 13:57:39.473  1182  1236 I Pageboost: Launch time gathered : pid 24704 com.henza.accountingv2 364
04-15 13:57:39.473 24704 24704 I ViewRootImpl@1ec25fb[MainActivity]: stopped(true) old = false
04-15 13:57:39.473  3245  3245 E pageboostd: Received HALT command code 2
04-15 13:57:39.473 24704 24704 D ViewRootImpl@1ec25fb[MainActivity]: WindowStopped on com.henza.accountingv2/com.henza.accountingv2.MainActivity set to true
04-15 13:57:39.473 24704 24761 D OpenGLRenderer: CacheManager::trimMemory(20)
04-15 13:57:39.474  1182  9980 D WindowManager: takeScreenshotToTargetWindow, bitmap=android.graphics.Bitmap@8041687, failedReason=, caller=com.android.server.wm.WindowManagerService.takeScreenshotToTargetWindowFromCapture:10842 com.android.server.wm.WindowManagerService.takeScreenshotToTargetWindow:10821 android.view.IWindowManager$Stub.onTransact:3612 com.android.server.wm.WindowManagerService.onTransact:1543 android.os.Binder.execTransactInternal:1375 android.os.Binder.execTransact:1311 
04-15 13:57:39.479 24704 24704 I ViewRootImpl@1ec25fb[MainActivity]: destroyHardwareResources: Callers=android.view.ViewRootImpl.performTraversals:3989 android.view.ViewRootImpl.doTraversal:3345 android.view.ViewRootImpl$TraversalRunnable.run:11437 android.view.Choreographer$CallbackRecord.run:1690 android.view.Choreographer$CallbackRecord.run:1699 android.view.Choreographer.doCallbacks:1154 android.view.Choreographer.doFrame:1080 android.view.Choreographer$FrameDisplayEventReceiver.run:1647 android.os.Handler.handleCallback:958 android.os.Handler.dispatchMessage:99 
04-15 13:57:39.480 24704 24761 D OpenGLRenderer: CacheManager::trimMemory(20)
04-15 13:57:39.481  1182  2712 V WindowManager: Relayout Window{12e56ec u0 com.henza.accountingv2/com.henza.accountingv2.MainActivity}: viewVisibility=4 req=1080x2340 ty=1 d0
04-15 13:57:39.481   802   837 I HYPER-HAL: [RequestManager.cpp]acquire(): Acquired ID : 479883  [806 / 173]    HINT :      list : [TID_LOW_LATENCY / 0] [TID / 24795] [TID / 24796] [TID / 24704] [TID / 24761] 
04-15 13:57:39.481   802   837 I HYPER-HAL: [RequestManager.cpp]acquire(): Acquired ID : 480864  [806 / 174]    HINT :      list : [UCLAMP_MIN_BOOST / 0] [TID / 24795] [TID / 24796] [TID / 24704] [TID / 24761] 
04-15 13:57:39.482   802   837 I HYPER-HAL: [RequestManager.cpp]releaseLocked(): Released ID : 479883
04-15 13:57:39.482   802   837 I HYPER-HAL: [RequestManager.cpp]releaseLocked(): Released ID : 480864
04-15 13:57:39.483  1182  2712 V WindowManager: Relayout hash=12e56ec, pid=24704, syncId=-1: mAttrs={(0,0)(fillxfill) sim={adjust=resize forwardNavigation} layoutInDisplayCutoutMode=always ty=BASE_APPLICATION wanim=0x1030303
04-15 13:57:39.483  1182  2712 V WindowManager:   fl=81810100
04-15 13:57:39.483  1182  2712 V WindowManager:   pfl=16008040
04-15 13:57:39.483  1182  2712 V WindowManager:   vsysui=110
04-15 13:57:39.483  1182  2712 V WindowManager:   apr=LIGHT_NAVIGATION_BARS
04-15 13:57:39.483  1182  2712 V WindowManager:   bhv=DEFAULT
04-15 13:57:39.483  1182  2712 V WindowManager:   fitSides= naviIconColor=0}
04-15 13:57:39.484 24704 24704 I ViewRootImpl@1ec25fb[MainActivity]: Relayout returned: old=(0,0,1080,2340) new=(0,0,1080,2340) relayoutAsync=false req=(1080,2340)4 dur=4 res=0x402 s={false 0x0} ch=false seqId=0
04-15 13:57:39.484  1182  2712 V WindowManager: Setting visibility of Window{12e56ec u0 com.henza.accountingv2/com.henza.accountingv2.MainActivity}: false, caller=com.android.server.wm.WindowContainer.sendAppVisibilityToClients:1305 com.android.server.wm.WindowToken.setClientVisible:454 com.android.server.wm.ActivityRecord.setClientVisible:8235 com.android.server.wm.ActivityRecord.activityStopped:7744 com.android.server.wm.ActivityClientController.activityStopped:321 
04-15 13:57:39.485  1182  2712 E WindowManager: win=Window{12e56ec u0 com.henza.accountingv2/com.henza.accountingv2.MainActivity} destroySurfaces: appStopped=true cleanupOnResume=false win.mWindowRemovalAllowed=false win.mRemoveOnExit=false win.mViewVisibility=4 caller=com.android.server.wm.ActivityRecord.destroySurfaces:7033 com.android.server.wm.ActivityRecord.destroySurfaces:7014 com.android.server.wm.ActivityRecord.activityStopped:7747 com.android.server.wm.ActivityClientController.activityStopped:321 android.app.IActivityClientController$Stub.onTransact:702 com.android.server.wm.ActivityClientController.onTransact:186 android.os.Binder.execTransactInternal:1380 
04-15 13:57:39.485 24704 24704 I ViewRootImpl@1ec25fb[MainActivity]: handleAppVisibility mAppVisible = true visible = false
04-15 13:57:39.485  1182  2712 I WindowManager: Destroying surface Surface(name=com.henza.accountingv2/com.henza.accountingv2.MainActivity$_24704)/@0xc04e9b4 called by com.android.server.wm.WindowStateAnimator.destroySurface:811 com.android.server.wm.WindowStateAnimator.destroySurfaceLocked:478 com.android.server.wm.WindowState.destroySurfaceUnchecked:4219 com.android.server.wm.WindowState.destroySurface:4193 com.android.server.wm.ActivityRecord.destroySurfaces:7033 com.android.server.wm.ActivityRecord.destroySurfaces:7014 com.android.server.wm.ActivityRecord.activityStopped:7747 com.android.server.wm.ActivityClientController.activityStopped:321 
04-15 13:57:39.498   893   893 I Layer   : id=239 removeFromCurrentState com.henza.accountingv2/com.henza.accountingv2.MainActivity$_24704#239 (110)
04-15 13:57:39.498   893   893 I SurfaceFlinger: id=239 Removed com.henza.accountingv2/com.henza.accountingv2.MainActivity$_24704#239 (110)
04-15 13:57:39.502  1182  2712 D WindowManager: takeScreenshotToTargetWindow: display=0, target=0, containsTarget=false, crop=Rect(0, 0 - 0, 0), w=540, h=1170, useIdentityTransform=true, ignorePolicy=false, caller=com.android.server.wm.WmScreenshotController.takeScreenshotToTargetWindow:653 com.android.server.wm.WindowManagerService.takeScreenshotToTargetWindowFromCapture:10842 com.android.server.wm.WindowManagerService.takeScreenshotToTargetWindow:10821 
04-15 13:57:39.502  1182  2712 D RestrictionPolicy: isScreenCaptureEnabled : ret=true userId=0
04-15 13:57:39.503  1182  2712 D RestrictionPolicy: isScreenCaptureEnabled : ret=true userId=0
04-15 13:57:39.503  1182  2712 D RestrictionPolicy: isScreenCaptureEnabled : ret=true userId=0
04-15 13:57:39.503  1182  2712 D WindowManager: takeScreenshotToTargetWindow: targetSurface=null, sourceCrop=Rect(0, 0 - 0, 0)
04-15 13:57:39.505   893   934 D RenderEngine: [SEC_GC_CMN_SF_EFFECTS] drawLayersInternal,1296, Rendering layer  at index 0
04-15 13:57:39.507  1182  1629 D NetdEventListenerService: DNS Requested by 100, 10345, 103
04-15 13:57:39.507  1182  1629 D NetdEventListenerService: DNS Requested by 100, 10345, 104
04-15 13:57:39.507  1182  2712 D WindowManager: takeScreenshotToTargetWindow, bitmap=android.graphics.Bitmap@28489dd, failedReason=, caller=com.android.server.wm.WindowManagerService.takeScreenshotToTargetWindowFromCapture:10842 com.android.server.wm.WindowManagerService.takeScreenshotToTargetWindow:10821 android.view.IWindowManager$Stub.onTransact:3612 com.android.server.wm.WindowManagerService.onTransact:1543 android.os.Binder.execTransactInternal:1375 android.os.Binder.execTransact:1311 
04-15 13:57:39.508 24704 24759 D TrafficStats: tagSocket(92) with statsTag=0xffffffff, statsUid=-1
04-15 13:57:39.508 24704 24745 D TrafficStats: tagSocket(82) with statsTag=0x8001, statsUid=-1
04-15 13:57:39.515   893   893 I Layer   : id=239 Destroyed com.henza.accountingv2/com.henza.accountingv2.MainActivity$_24704#239
04-15 13:57:39.538  1182  2712 D WindowManager: takeScreenshotToTargetWindow: display=0, target=0, containsTarget=false, crop=Rect(0, 0 - 0, 0), w=540, h=1170, useIdentityTransform=true, ignorePolicy=false, caller=com.android.server.wm.WmScreenshotController.takeScreenshotToTargetWindow:653 com.android.server.wm.WindowManagerService.takeScreenshotToTargetWindowFromCapture:10842 com.android.server.wm.WindowManagerService.takeScreenshotToTargetWindow:10821 
04-15 13:57:39.539  1182  2712 D RestrictionPolicy: isScreenCaptureEnabled : ret=true userId=0
04-15 13:57:39.539  1182  2712 D RestrictionPolicy: isScreenCaptureEnabled : ret=true userId=0
04-15 13:57:39.539  1182  2712 D RestrictionPolicy: isScreenCaptureEnabled : ret=true userId=0
04-15 13:57:39.539  1182  2712 D WindowManager: takeScreenshotToTargetWindow: targetSurface=null, sourceCrop=Rect(0, 0 - 0, 0)
04-15 13:57:39.541   893   934 D RenderEngine: [SEC_GC_CMN_SF_EFFECTS] drawLayersInternal,1296, Rendering layer  at index 0
04-15 13:57:39.543  1182  2712 D WindowManager: takeScreenshotToTargetWindow, bitmap=android.graphics.Bitmap@25e3952, failedReason=, caller=com.android.server.wm.WindowManagerService.takeScreenshotToTargetWindowFromCapture:10842 com.android.server.wm.WindowManagerService.takeScreenshotToTargetWindow:10821 android.view.IWindowManager$Stub.onTransact:3612 com.android.server.wm.WindowManagerService.onTransact:1543 android.os.Binder.execTransactInternal:1375 android.os.Binder.execTransact:1311 
04-15 13:57:39.545  3517  3588 I SDHMS:l : onTaskStackChanged
04-15 13:57:39.545  3517  4061 I SDHMS:l : no app is Resumed!!! mResumedPackages.size = 0
04-15 13:57:39.545  2296 24232 I HoneySpace.RecentTasks: onRecentTasksChanged
04-15 13:57:39.574   819   843 E BatteryDump: !@new_battery_dump : 4164,-307,475,550,79,290,280,315,290,0,299,315,0,Not-charging,NO_CHARGING,Normal,Good,USB,1,Normal,0,0,9300,0x0,0x1010000,0x0,0,0,0000,0000,00000000,0,0,0,0,11,4177,7913,990,0,
04-15 13:57:39.575   838   838 I seh_thermal_service: getTemperaturesWithType SehTemperatureType: 3
04-15 13:57:39.575   819   819 I sehhealth-service: updateLrpSysfs: write: 299
04-15 13:57:39.578  1182  2712 D WindowManager: takeScreenshotToTargetWindow: display=0, target=0, containsTarget=false, crop=Rect(0, 0 - 0, 0), w=540, h=1170, useIdentityTransform=true, ignorePolicy=false, caller=com.android.server.wm.WmScreenshotController.takeScreenshotToTargetWindow:653 com.android.server.wm.WindowManagerService.takeScreenshotToTargetWindowFromCapture:10842 com.android.server.wm.WindowManagerService.takeScreenshotToTargetWindow:10821 
04-15 13:57:39.578  1182  2712 D RestrictionPolicy: isScreenCaptureEnabled : ret=true userId=0
04-15 13:57:39.578  1182  2712 D RestrictionPolicy: isScreenCaptureEnabled : ret=true userId=0
04-15 13:57:39.578  1182  2712 D RestrictionPolicy: isScreenCaptureEnabled : ret=true userId=0
04-15 13:57:39.578  1182  2712 D WindowManager: takeScreenshotToTargetWindow: targetSurface=null, sourceCrop=Rect(0, 0 - 0, 0)
04-15 13:57:39.580   893   934 D RenderEngine: [SEC_GC_CMN_SF_EFFECTS] drawLayersInternal,1296, Rendering layer  at index 0
04-15 13:57:39.582  1182  2712 D WindowManager: takeScreenshotToTargetWindow, bitmap=android.graphics.Bitmap@f019423, failedReason=, caller=com.android.server.wm.WindowManagerService.takeScreenshotToTargetWindowFromCapture:10842 com.android.server.wm.WindowManagerService.takeScreenshotToTargetWindow:10821 android.view.IWindowManager$Stub.onTransact:3612 com.android.server.wm.WindowManagerService.onTransact:1543 android.os.Binder.execTransactInternal:1375 android.os.Binder.execTransact:1311 
04-15 13:57:39.616  1182  2712 D WindowManager: takeScreenshotToTargetWindow: display=0, target=0, containsTarget=false, crop=Rect(0, 0 - 0, 0), w=540, h=1170, useIdentityTransform=true, ignorePolicy=false, caller=com.android.server.wm.WmScreenshotController.takeScreenshotToTargetWindow:653 com.android.server.wm.WindowManagerService.takeScreenshotToTargetWindowFromCapture:10842 com.android.server.wm.WindowManagerService.takeScreenshotToTargetWindow:10821 
04-15 13:57:39.616  1182  2712 D RestrictionPolicy: isScreenCaptureEnabled : ret=true userId=0
04-15 13:57:39.616  1182  2712 D RestrictionPolicy: isScreenCaptureEnabled : ret=true userId=0
04-15 13:57:39.616  1182  2712 D RestrictionPolicy: isScreenCaptureEnabled : ret=true userId=0
04-15 13:57:39.616  1182  2712 D WindowManager: takeScreenshotToTargetWindow: targetSurface=null, sourceCrop=Rect(0, 0 - 0, 0)
04-15 13:57:39.618   893   934 D RenderEngine: [SEC_GC_CMN_SF_EFFECTS] drawLayersInternal,1296, Rendering layer  at index 0
04-15 13:57:39.621  1182  2712 D WindowManager: takeScreenshotToTargetWindow, bitmap=android.graphics.Bitmap@4e0ed20, failedReason=, caller=com.android.server.wm.WindowManagerService.takeScreenshotToTargetWindowFromCapture:10842 com.android.server.wm.WindowManagerService.takeScreenshotToTargetWindow:10821 android.view.IWindowManager$Stub.onTransact:3612 com.android.server.wm.WindowManagerService.onTransact:1543 android.os.Binder.execTransactInternal:1375 android.os.Binder.execTransact:1311 
04-15 13:57:39.657 24704 24791 I ExpoModulesCore: ✅ AppContext was initialized
04-15 13:57:39.659  1182  2712 D WindowManager: takeScreenshotToTargetWindow: display=0, target=0, containsTarget=false, crop=Rect(0, 0 - 0, 0), w=540, h=1170, useIdentityTransform=true, ignorePolicy=false, caller=com.android.server.wm.WmScreenshotController.takeScreenshotToTargetWindow:653 com.android.server.wm.WindowManagerService.takeScreenshotToTargetWindowFromCapture:10842 com.android.server.wm.WindowManagerService.takeScreenshotToTargetWindow:10821 
04-15 13:57:39.659  1182  2712 D RestrictionPolicy: isScreenCaptureEnabled : ret=true userId=0
04-15 13:57:39.659  1182  2712 D RestrictionPolicy: isScreenCaptureEnabled : ret=true userId=0
04-15 13:57:39.659  1182  2712 D RestrictionPolicy: isScreenCaptureEnabled : ret=true userId=0
04-15 13:57:39.659  1182  2712 D WindowManager: takeScreenshotToTargetWindow: targetSurface=null, sourceCrop=Rect(0, 0 - 0, 0)
04-15 13:57:39.662   893   934 D RenderEngine: [SEC_GC_CMN_SF_EFFECTS] drawLayersInternal,1296, Rendering layer  at index 0
04-15 13:57:39.665  1182  2712 D WindowManager: takeScreenshotToTargetWindow, bitmap=android.graphics.Bitmap@2c4e6d9, failedReason=, caller=com.android.server.wm.WindowManagerService.takeScreenshotToTargetWindowFromCapture:10842 com.android.server.wm.WindowManagerService.takeScreenshotToTargetWindow:10821 android.view.IWindowManager$Stub.onTransact:3612 com.android.server.wm.WindowManagerService.onTransact:1543 android.os.Binder.execTransactInternal:1375 android.os.Binder.execTransact:1311 
04-15 13:57:39.705  1182  2712 D WindowManager: takeScreenshotToTargetWindow: display=0, target=0, containsTarget=false, crop=Rect(0, 0 - 0, 0), w=540, h=1170, useIdentityTransform=true, ignorePolicy=false, caller=com.android.server.wm.WmScreenshotController.takeScreenshotToTargetWindow:653 com.android.server.wm.WindowManagerService.takeScreenshotToTargetWindowFromCapture:10842 com.android.server.wm.WindowManagerService.takeScreenshotToTargetWindow:10821 
04-15 13:57:39.705  1182  2712 D RestrictionPolicy: isScreenCaptureEnabled : ret=true userId=0
04-15 13:57:39.705  1182  2712 D RestrictionPolicy: isScreenCaptureEnabled : ret=true userId=0
04-15 13:57:39.705  1182  2712 D RestrictionPolicy: isScreenCaptureEnabled : ret=true userId=0
04-15 13:57:39.705  1182  2712 D WindowManager: takeScreenshotToTargetWindow: targetSurface=null, sourceCrop=Rect(0, 0 - 0, 0)
04-15 13:57:39.709   893   934 D RenderEngine: [SEC_GC_CMN_SF_EFFECTS] drawLayersInternal,1296, Rendering layer  at index 0
04-15 13:57:39.711  1182  2712 D WindowManager: takeScreenshotToTargetWindow, bitmap=android.graphics.Bitmap@102989e, failedReason=, caller=com.android.server.wm.WindowManagerService.takeScreenshotToTargetWindowFromCapture:10842 com.android.server.wm.WindowManagerService.takeScreenshotToTargetWindow:10821 android.view.IWindowManager$Stub.onTransact:3612 com.android.server.wm.WindowManagerService.onTransact:1543 android.os.Binder.execTransactInternal:1375 android.os.Binder.execTransact:1311 
04-15 13:57:39.716 24704 24791 W unknown:BridgelessReact: ReactHost{0}.getOrCreateReactInstanceTask(): Loading JS Bundle
04-15 13:57:39.716 24704 24791 W unknown:BridgelessReact: ReactHost{0}.getOrCreateReactInstanceTask(): DevSupportManager.onNewReactContextCreated()
04-15 13:57:39.716 24704 24704 W unknown:BridgelessReact: ReactHost{0}.getOrCreateReactInstanceTask(): Executing ReactInstanceEventListeners
04-15 13:57:39.717 24704 24791 W unknown:BridgelessReact: ReactHost{0}.startSurface(surfaceId = 0): Execute
04-15 13:57:39.742 24704 24792 W BridgelessReactContext: [WARNING] Bridgeless doesn't support CatalystInstance. Accessing an API that's not part of the new architecture is not encouraged usage.
04-15 13:57:39.755  1182  2712 D WindowManager: takeScreenshotToTargetWindow: display=0, target=0, containsTarget=false, crop=Rect(0, 0 - 0, 0), w=540, h=1170, useIdentityTransform=true, ignorePolicy=false, caller=com.android.server.wm.WmScreenshotController.takeScreenshotToTargetWindow:653 com.android.server.wm.WindowManagerService.takeScreenshotToTargetWindowFromCapture:10842 com.android.server.wm.WindowManagerService.takeScreenshotToTargetWindow:10821 
04-15 13:57:39.757  1182  2712 D RestrictionPolicy: isScreenCaptureEnabled : ret=true userId=0
04-15 13:57:39.758  1182  2712 D RestrictionPolicy: isScreenCaptureEnabled : ret=true userId=0
04-15 13:57:39.759  1182  2712 D RestrictionPolicy: isScreenCaptureEnabled : ret=true userId=0
04-15 13:57:39.759 24704 24792 I ExpoModulesCore: ✅ JSI interop was installed
04-15 13:57:39.760  1182  2712 D WindowManager: takeScreenshotToTargetWindow: targetSurface=null, sourceCrop=Rect(0, 0 - 0, 0)
04-15 13:57:39.763   893   934 D RenderEngine: [SEC_GC_CMN_SF_EFFECTS] drawLayersInternal,1296, Rendering layer  at index 0
04-15 13:57:39.765  1182  2712 D WindowManager: takeScreenshotToTargetWindow, bitmap=android.graphics.Bitmap@cf4f7f, failedReason=, caller=com.android.server.wm.WindowManagerService.takeScreenshotToTargetWindowFromCapture:10842 com.android.server.wm.WindowManagerService.takeScreenshotToTargetWindow:10821 android.view.IWindowManager$Stub.onTransact:3612 com.android.server.wm.WindowManagerService.onTransact:1543 android.os.Binder.execTransactInternal:1375 android.os.Binder.execTransact:1311 
04-15 13:57:39.768 24704 24792 I ExpoModulesCore: ✅ Constants were exported
04-15 13:57:39.788 24704 24792 D jni_lib_merge: Entering merged library JNI_OnLoad.
04-15 13:57:39.789 24704 24792 D jni_lib_merge: Preparing 12 pre-merged libs (including stub)
04-15 13:57:39.789 24704 24792 D jni_lib_merge: Preparing to register libfabricjni_so.  onload_func: 0x7adbe447f8
04-15 13:57:39.789 24704 24792 D jni_lib_merge: Preparing to register libreact_devsupportjni_so.  onload_func: 0x7adbefea7c
04-15 13:57:39.789 24704 24792 D jni_lib_merge: Preparing to register libreact_featureflagsjni_so.  onload_func: 0x7adbf18518
04-15 13:57:39.789 24704 24792 D jni_lib_merge: Preparing to register libreact_newarchdefaults_so.  onload_func: 0x7adbf591f8
04-15 13:57:39.789 24704 24792 D jni_lib_merge: Preparing to register libreactnativeblob_so.  onload_func: 0x7adbff8c88
04-15 13:57:39.789 24704 24792 D jni_lib_merge: Preparing to register libreactnativejni_so.  onload_func: 0x7adc00f548
04-15 13:57:39.789 24704 24792 D jni_lib_merge: Preparing to register libreactnativejni_common_so.  onload_func: 0x7adc015e24
04-15 13:57:39.789 24704 24792 D jni_lib_merge: Preparing to register librninstance_so.  onload_func: 0x7adc02fc50
04-15 13:57:39.789 24704 24792 D jni_lib_merge: Preparing to register libturbomodulejsijni_so.  onload_func: 0x7adc0d8e38
04-15 13:57:39.789 24704 24792 D jni_lib_merge: Preparing to register libuimanagerjni_so.  onload_func: 0x7adc0e0330
04-15 13:57:39.789 24704 24792 D jni_lib_merge: Preparing to register libyoga_so.  onload_func: 0x7adc0e78f4
04-15 13:57:39.789 24704 24792 D jni_lib_merge: About to register 11 actual methods.
04-15 13:57:39.806  1182  2712 D WindowManager: takeScreenshotToTargetWindow: display=0, target=0, containsTarget=false, crop=Rect(0, 0 - 0, 0), w=540, h=1170, useIdentityTransform=true, ignorePolicy=false, caller=com.android.server.wm.WmScreenshotController.takeScreenshotToTargetWindow:653 com.android.server.wm.WindowManagerService.takeScreenshotToTargetWindowFromCapture:10842 com.android.server.wm.WindowManagerService.takeScreenshotToTargetWindow:10821 
04-15 13:57:39.807  1182  2712 D RestrictionPolicy: isScreenCaptureEnabled : ret=true userId=0
04-15 13:57:39.807  1182  2712 D RestrictionPolicy: isScreenCaptureEnabled : ret=true userId=0
04-15 13:57:39.807  1182  2712 D RestrictionPolicy: isScreenCaptureEnabled : ret=true userId=0
04-15 13:57:39.807  1182  2712 D WindowManager: takeScreenshotToTargetWindow: targetSurface=null, sourceCrop=Rect(0, 0 - 0, 0)
04-15 13:57:39.810   893   934 D RenderEngine: [SEC_GC_CMN_SF_EFFECTS] drawLayersInternal,1296, Rendering layer  at index 0
04-15 13:57:39.812  1182  2712 D WindowManager: takeScreenshotToTargetWindow, bitmap=android.graphics.Bitmap@db7bb4c, failedReason=, caller=com.android.server.wm.WindowManagerService.takeScreenshotToTargetWindowFromCapture:10842 com.android.server.wm.WindowManagerService.takeScreenshotToTargetWindow:10821 android.view.IWindowManager$Stub.onTransact:3612 com.android.server.wm.WindowManagerService.onTransact:1543 android.os.Binder.execTransactInternal:1375 android.os.Binder.execTransact:1311 
04-15 13:57:39.812  1182  1203 I system_server: NativeAlloc concurrent mark compact GC freed 48810(3331KB) AllocSpace objects, 8(208KB) LOS objects, 24% free, 74MB/98MB, paused 1.213ms,2.221ms total 191.997ms
04-15 13:57:39.813  1182  1205 W System  : A resource failed to call HardwareBuffer.close. 
04-15 13:57:39.813  1182  1205 W System  : A resource failed to call HardwareBuffer.close. 
04-15 13:57:39.813  1182  1205 W System  : A resource failed to call HardwareBuffer.close. 
04-15 13:57:39.813  1182  1205 W System  : A resource failed to call HardwareBuffer.close. 
04-15 13:57:39.813  1182  1205 W System  : A resource failed to call HardwareBuffer.close. 
04-15 13:57:39.813  1182  1205 W System  : A resource failed to call HardwareBuffer.close. 
04-15 13:57:39.813  1182  1205 W System  : A resource failed to call HardwareBuffer.close. 
04-15 13:57:39.813  1182  1205 W System  : A resource failed to call HardwareBuffer.close. 
04-15 13:57:39.813  1182  1205 W System  : A resource failed to call HardwareBuffer.close. 
04-15 13:57:39.814  1182  1205 W System  : A resource failed to call HardwareBuffer.close. 
04-15 13:57:39.814  1182  1205 W System  : A resource failed to call HardwareBuffer.close. 
04-15 13:57:39.814  1182  1205 W System  : A resource failed to call HardwareBuffer.close. 
04-15 13:57:39.814  1182  1205 W System  : A resource failed to call HardwareBuffer.close. 
04-15 13:57:39.814  1182  1205 W System  : A resource failed to call HardwareBuffer.close. 
04-15 13:57:39.814  1182  1205 W System  : A resource failed to call HardwareBuffer.close. 
04-15 13:57:39.814  1182  1205 W System  : A resource failed to call HardwareBuffer.close. 
04-15 13:57:39.814  1182  1205 W System  : A resource failed to call HardwareBuffer.close. 
04-15 13:57:39.814  1182  1205 W System  : A resource failed to call HardwareBuffer.close. 
04-15 13:57:39.814  1182  1205 W System  : A resource failed to call release. 
04-15 13:57:39.814  1182  1205 W System  : A resource failed to call HardwareBuffer.close. 
04-15 13:57:39.814  1182  1205 W System  : A resource failed to call HardwareBuffer.close. 
04-15 13:57:39.814  1182  1205 W System  : A resource failed to call HardwareBuffer.close. 
04-15 13:57:39.814  1182  1205 W System  : A resource failed to call HardwareBuffer.close. 
04-15 13:57:39.814  1182  1205 W System  : A resource failed to call HardwareBuffer.close. 
04-15 13:57:39.814  1182  1205 W System  : A resource failed to call HardwareBuffer.close. 
04-15 13:57:39.814  1182  1205 W System  : A resource failed to call HardwareBuffer.close. 
04-15 13:57:39.819 24704 24792 D CompatibilityChangeReporter: Compat change id reported: 210923482; UID 10345; state: ENABLED
04-15 13:57:39.843 24704 24792 W unknown:ViewManagerPropertyUpdater: Could not find generated setter for class com.th3rdwave.safeareacontext.SafeAreaProviderManager
04-15 13:57:39.847 24704 24792 W unknown:ViewManagerPropertyUpdater: Could not find generated setter for class com.facebook.react.uimanager.LayoutShadowNode
04-15 13:57:39.849 24704 24792 W unknown:ViewManagerPropertyUpdater: Could not find generated setter for class com.swmansion.rnscreens.SearchBarManager
04-15 13:57:39.850 24704 24792 W unknown:ViewManagerPropertyUpdater: Could not find generated setter for class expo.modules.kotlin.views.GroupViewManagerWrapper
04-15 13:57:39.852 24704 24792 W unknown:ViewManagerPropertyUpdater: Could not find generated setter for class com.swmansion.rnscreens.ScreenFooterManager
04-15 13:57:39.853 24704 24792 W unknown:ViewManagerPropertyUpdater: Could not find generated setter for class com.swmansion.rnscreens.gamma.tabs.TabScreenViewManager
04-15 13:57:39.854 24704 24792 W unknown:ViewManagerPropertyUpdater: Could not find generated setter for class com.swmansion.rnscreens.ScreenContainerViewManager
04-15 13:57:39.855 24704 24792 W unknown:ViewManagerPropertyUpdater: Could not find generated setter for class com.swmansion.rnscreens.gamma.tabs.TabsHostViewManager
04-15 13:57:39.856 24704 24792 W unknown:ViewManagerPropertyUpdater: Could not find generated setter for class com.swmansion.rnscreens.ModalScreenViewManager
04-15 13:57:39.857 24704 24792 W unknown:ViewManagerPropertyUpdater: Could not find generated setter for class com.swmansion.rnscreens.ScreenStackHeaderConfigViewManager
04-15 13:57:39.858  1182  2712 D WindowManager: takeScreenshotToTargetWindow: display=0, target=0, containsTarget=false, crop=Rect(0, 0 - 0, 0), w=540, h=1170, useIdentityTransform=true, ignorePolicy=false, caller=com.android.server.wm.WmScreenshotController.takeScreenshotToTargetWindow:653 com.android.server.wm.WindowManagerService.takeScreenshotToTargetWindowFromCapture:10842 com.android.server.wm.WindowManagerService.takeScreenshotToTargetWindow:10821 
04-15 13:57:39.858 24704 24792 W unknown:ViewManagerPropertyUpdater: Could not find generated setter for class com.swmansion.rnscreens.ScreenContentWrapperManager
04-15 13:57:39.858  1182  2712 D RestrictionPolicy: isScreenCaptureEnabled : ret=true userId=0
04-15 13:57:39.858  1182  2712 D RestrictionPolicy: isScreenCaptureEnabled : ret=true userId=0
04-15 13:57:39.858  1182  2712 D RestrictionPolicy: isScreenCaptureEnabled : ret=true userId=0
04-15 13:57:39.858 24704 24792 W unknown:ViewManagerPropertyUpdater: Could not find generated setter for class com.th3rdwave.safeareacontext.SafeAreaViewManager
04-15 13:57:39.858  1182  2712 D WindowManager: takeScreenshotToTargetWindow: targetSurface=null, sourceCrop=Rect(0, 0 - 0, 0)
04-15 13:57:39.860 24704 24792 W unknown:ViewManagerPropertyUpdater: Could not find generated setter for class com.th3rdwave.safeareacontext.SafeAreaViewShadowNode
04-15 13:57:39.860 24704 24792 W unknown:ViewManagerPropertyUpdater: Could not find generated setter for class com.swmansion.rnscreens.safearea.SafeAreaViewManager
04-15 13:57:39.861 24704 24792 W unknown:ViewManagerPropertyUpdater: Could not find generated setter for class com.swmansion.rnscreens.safearea.paper.SafeAreaViewShadowNode
04-15 13:57:39.861 24704 24792 W unknown:ViewManagerPropertyUpdater: Could not find generated setter for class com.swmansion.rnscreens.ScreenViewManager
04-15 13:57:39.861   893   934 D RenderEngine: [SEC_GC_CMN_SF_EFFECTS] drawLayersInternal,1296, Rendering layer  at index 0
04-15 13:57:39.862 24704 24792 W unknown:ViewManagerPropertyUpdater: Could not find generated setter for class com.swmansion.rnscreens.gamma.stack.host.StackHostViewManager
04-15 13:57:39.863 24704 24792 W unknown:ViewManagerPropertyUpdater: Could not find generated setter for class com.swmansion.rnscreens.ScreenStackHeaderSubviewManager
04-15 13:57:39.863 24704 24792 W unknown:ViewManagerPropertyUpdater: Could not find generated setter for class com.swmansion.rnscreens.gamma.stack.screen.StackScreenViewManager
04-15 13:57:39.863 24704 24792 W unknown:ViewManagerPropertyUpdater: Could not find generated setter for class com.swmansion.rnscreens.ScreenStackViewManager
04-15 13:57:39.864  1182  2712 D WindowManager: takeScreenshotToTargetWindow, bitmap=android.graphics.Bitmap@b141795, failedReason=, caller=com.android.server.wm.WindowManagerService.takeScreenshotToTargetWindowFromCapture:10842 com.android.server.wm.WindowManagerService.takeScreenshotToTargetWindow:10821 android.view.IWindowManager$Stub.onTransact:3612 com.android.server.wm.WindowManagerService.onTransact:1543 android.os.Binder.execTransactInternal:1375 android.os.Binder.execTransact:1311 
04-15 13:57:39.904  1182  2712 D WindowManager: takeScreenshotToTargetWindow: display=0, target=0, containsTarget=false, crop=Rect(0, 0 - 0, 0), w=540, h=1170, useIdentityTransform=true, ignorePolicy=false, caller=com.android.server.wm.WmScreenshotController.takeScreenshotToTargetWindow:653 com.android.server.wm.WindowManagerService.takeScreenshotToTargetWindowFromCapture:10842 com.android.server.wm.WindowManagerService.takeScreenshotToTargetWindow:10821 
04-15 13:57:39.905  1182  2712 D RestrictionPolicy: isScreenCaptureEnabled : ret=true userId=0
04-15 13:57:39.905  1182  2712 D RestrictionPolicy: isScreenCaptureEnabled : ret=true userId=0
04-15 13:57:39.905  1182  2712 D RestrictionPolicy: isScreenCaptureEnabled : ret=true userId=0
04-15 13:57:39.905  1182  2712 D WindowManager: takeScreenshotToTargetWindow: targetSurface=null, sourceCrop=Rect(0, 0 - 0, 0)
04-15 13:57:39.908   893   934 D RenderEngine: [SEC_GC_CMN_SF_EFFECTS] drawLayersInternal,1296, Rendering layer  at index 0
04-15 13:57:39.911  1182  2712 D WindowManager: takeScreenshotToTargetWindow, bitmap=android.graphics.Bitmap@8fba0aa, failedReason=, caller=com.android.server.wm.WindowManagerService.takeScreenshotToTargetWindowFromCapture:10842 com.android.server.wm.WindowManagerService.takeScreenshotToTargetWindow:10821 android.view.IWindowManager$Stub.onTransact:3612 com.android.server.wm.WindowManagerService.onTransact:1543 android.os.Binder.execTransactInternal:1375 android.os.Binder.execTransact:1311 
04-15 13:57:39.915 24704 24792 W unknown:ViewManagerPropertyUpdater: Could not find generated setter for class com.horcrux.svg.RenderableViewManager$DefsViewManager
04-15 13:57:39.916 24704 24792 W unknown:ViewManagerPropertyUpdater: Could not find generated setter for class com.horcrux.svg.VirtualViewManager$RenderableShadowNode
04-15 13:57:39.919 24704 24792 W unknown:ViewManagerPropertyUpdater: Could not find generated setter for class com.horcrux.svg.RenderableViewManager$FeMergeManager
04-15 13:57:39.922 24704 24792 W unknown:ViewManagerPropertyUpdater: Could not find generated setter for class com.facebook.react.views.safeareaview.ReactSafeAreaViewManager
04-15 13:57:39.924 24704 24792 W unknown:ViewManagerPropertyUpdater: Could not find generated setter for class com.horcrux.svg.RenderableViewManager$LinearGradientManager
04-15 13:57:39.927 24704 24792 W unknown:ViewManagerPropertyUpdater: Could not find generated setter for class com.horcrux.svg.RenderableViewManager$FeGaussianBlurManager
04-15 13:57:39.930 24704 24792 W unknown:ViewManagerPropertyUpdater: Could not find generated setter for class com.facebook.react.views.progressbar.ReactProgressBarViewManager
04-15 13:57:39.930 24704 24792 W unknown:ViewManagerPropertyUpdater: Could not find generated setter for class com.facebook.react.views.progressbar.ProgressBarShadowNode
04-15 13:57:39.934 24704 24792 W unknown:ViewManagerPropertyUpdater: Could not find generated setter for class com.facebook.react.views.scroll.ReactHorizontalScrollViewManager
04-15 13:57:39.937  2864 24575 I FontLog : (REDACTED) Received query %s, URI %s
04-15 13:57:39.938  2864 24575 I FontLog : (REDACTED) Query [%s] resolved to %s
04-15 13:57:39.939 24704 24792 W unknown:ViewManagerPropertyUpdater: Could not find generated setter for class com.facebook.react.views.text.ReactTextViewManager
04-15 13:57:39.940 24704 24792 W unknown:ViewManagerPropertyUpdater: Could not find generated setter for class com.facebook.react.views.text.ReactTextShadowNode
04-15 13:57:39.942  1182  1244 I ActivityManager: Changes in 10238 5 to 15, 56 to 0
04-15 13:57:39.943  2864 24575 I FontLog : (REDACTED) Fetch %s end status %s
04-15 13:57:39.943 24704 24792 W unknown:ViewManagerPropertyUpdater: Could not find generated setter for class com.horcrux.svg.RenderableViewManager$FeColorMatrixManager
04-15 13:57:39.945  2201  2201 D HidDeviceService: handleMessage(): msg.what=8
04-15 13:57:39.945  2864 24575 I FontLog : (REDACTED) Pulling font file for id = %d, cache size = %d
04-15 13:57:39.946 24704 24792 W unknown:ViewManagerPropertyUpdater: Could not find generated setter for class com.facebook.react.views.scroll.ReactHorizontalScrollContainerViewManager
04-15 13:57:39.949 24704 24792 W unknown:ViewManagerPropertyUpdater: Could not find generated setter for class com.horcrux.svg.RenderableViewManager$ClipPathViewManager
04-15 13:57:39.952  1182  2712 D WindowManager: takeScreenshotToTargetWindow: display=0, target=0, containsTarget=false, crop=Rect(0, 0 - 0, 0), w=540, h=1170, useIdentityTransform=true, ignorePolicy=false, caller=com.android.server.wm.WmScreenshotController.takeScreenshotToTargetWindow:653 com.android.server.wm.WindowManagerService.takeScreenshotToTargetWindowFromCapture:10842 com.android.server.wm.WindowManagerService.takeScreenshotToTargetWindow:10821 
04-15 13:57:39.952  1182  2712 D RestrictionPolicy: isScreenCaptureEnabled : ret=true userId=0
04-15 13:57:39.952  1182  2712 D RestrictionPolicy: isScreenCaptureEnabled : ret=true userId=0
04-15 13:57:39.953  1182  2712 D RestrictionPolicy: isScreenCaptureEnabled : ret=true userId=0
04-15 13:57:39.953  1182  2712 D WindowManager: takeScreenshotToTargetWindow: targetSurface=null, sourceCrop=Rect(0, 0 - 0, 0)
04-15 13:57:39.953  2864 24575 I FontLog : (REDACTED) Pulling font file for id = %d, cache size = %d
04-15 13:57:39.953 24704 24792 W unknown:ViewManagerPropertyUpdater: Could not find generated setter for class com.horcrux.svg.RenderableViewManager$SymbolManager
04-15 13:57:39.954   893   934 D RenderEngine: [SEC_GC_CMN_SF_EFFECTS] drawLayersInternal,1296, Rendering layer  at index 0
04-15 13:57:39.956 24704 24792 W unknown:ViewManagerPropertyUpdater: Could not find generated setter for class com.horcrux.svg.RenderableViewManager$PatternManager
04-15 13:57:39.957  1182  2712 D WindowManager: takeScreenshotToTargetWindow, bitmap=android.graphics.Bitmap@14b4038, failedReason=, caller=com.android.server.wm.WindowManagerService.takeScreenshotToTargetWindowFromCapture:10842 com.android.server.wm.WindowManagerService.takeScreenshotToTargetWindow:10821 android.view.IWindowManager$Stub.onTransact:3612 com.android.server.wm.WindowManagerService.onTransact:1543 android.os.Binder.execTransactInternal:1375 android.os.Binder.execTransact:1311 
04-15 13:57:39.960 24704 24792 W unknown:ViewManagerPropertyUpdater: Could not find generated setter for class com.horcrux.svg.RenderableViewManager$FeBlendManager
04-15 13:57:39.962  8941  8941 W ContextImpl: Calling a method in the system process without a qualified user: android.app.ContextImpl.startActivity:1144 android.content.ContextWrapper.startActivity:445 com.samsung.rtlassistant.utils.ActivityControllerManager$HeartbeatTask.runHeartbeat:24 com.samsung.rtlassistant.utils.ActivityControllerManager$HeartbeatTask.run:2 android.os.Handler.handleCallback:958 
04-15 13:57:39.962  8941  8941 W ContextImpl: Calling a method in the system process without a qualified user: android.app.ContextImpl.startActivity:1156 android.app.ContextImpl.startActivity:1145 android.content.ContextWrapper.startActivity:445 com.samsung.rtlassistant.utils.ActivityControllerManager$HeartbeatTask.runHeartbeat:24 com.samsung.rtlassistant.utils.ActivityControllerManager$HeartbeatTask.run:2 
04-15 13:57:39.962 24704 24792 W unknown:ViewManagerPropertyUpdater: Could not find generated setter for class com.facebook.react.views.view.ReactViewManager
04-15 13:57:39.963  1182 10223 D ActivityTaskManager: startActivityAsUser: callingPid=8941, callingUid=1000, caller=com.android.server.wm.ActivityTaskManagerService.startActivityAsUser:1870 com.android.server.wm.ActivityTaskManagerService.startActivity:1844 android.app.IActivityTaskManager$Stub.onTransact:1369 com.android.server.wm.ActivityTaskManagerService.onTransact:7025 android.os.Binder.execTransactInternal:1375 android.os.Binder.execTransact:1311 <bottom of call stack> 
04-15 13:57:39.963  1182  1239 I ChimeraSystemEventListener: appLaunchIntent package name is: com.samsung.rtlassistant
04-15 13:57:39.965  1182 10223 D CompatibilityChangeReporter: Compat change id reported: 265464455; UID 1000; state: DISABLED
04-15 13:57:39.965  1182 10223 D CompatibilityChangeReporter: Compat change id reported: 265452344; UID 1000; state: DISABLED
04-15 13:57:39.965  1182 10223 D CompatibilityChangeReporter: Compat change id reported: 266124927; UID 1000; state: DISABLED
04-15 13:57:39.965  1182 10223 D CompatibilityChangeReporter: Compat change id reported: 265451093; UID 1000; state: DISABLED
04-15 13:57:39.966  1182 10223 D CompatibilityChangeReporter: Compat change id reported: 265456536; UID 1000; state: DISABLED
04-15 13:57:39.966  1182 10223 D CompatibilityChangeReporter: Compat change id reported: 255940284; UID 1000; state: DISABLED
04-15 13:57:39.966 24704 24792 W unknown:ViewManagerPropertyUpdater: Could not find generated setter for class com.horcrux.svg.SvgViewManager
04-15 13:57:39.966  1182 10223 D CompatibilityChangeReporter: Compat change id reported: 236283604; UID 1000; state: DISABLED
04-15 13:57:39.966  1182 10223 D CompatibilityChangeReporter: Compat change id reported: 263959004; UID 1000; state: DISABLED
04-15 13:57:39.966  1182 10223 D CompatibilityChangeReporter: Compat change id reported: 264304459; UID 1000; state: DISABLED
04-15 13:57:39.966  1182 10223 D CompatibilityChangeReporter: Compat change id reported: 264301586; UID 1000; state: DISABLED
04-15 13:57:39.967  1182 10223 D CompatibilityChangeReporter: Compat change id reported: 254631730; UID 1000; state: DISABLED
04-15 13:57:39.967  1182 10223 D CompatibilityChangeReporter: Compat change id reported: 273509367; UID 1000; state: DISABLED
04-15 13:57:39.967  1182 10223 D CompatibilityChangeReporter: Compat change id reported: 263259275; UID 1000; state: DISABLED
04-15 13:57:39.967  1182 10223 D CompatibilityChangeReporter: Compat change id reported: 174042980; UID 1000; state: DISABLED
04-15 13:57:39.967  1182 10223 D CompatibilityChangeReporter: Compat change id reported: 174042936; UID 1000; state: DISABLED
04-15 13:57:39.967  1182 10223 D CompatibilityChangeReporter: Compat change id reported: 181136395; UID 1000; state: DISABLED
04-15 13:57:39.968  1182 10223 D ActivityTaskManager: ActivityRecord, mOccludesParent of ActivityRecord{7a03849 u0 com.samsung.rtlassistant/.HeartbeatActivity is set to false, isTranslucentOrFloating=true mStyleFloating=false
04-15 13:57:39.969  1182 10223 D CompatibilityChangeReporter: Compat change id reported: 194480991; UID 1000; state: ENABLED
04-15 13:57:39.971 24704 24792 W unknown:ViewManagerPropertyUpdater: Could not find generated setter for class com.facebook.react.views.switchview.ReactSwitchManager
04-15 13:57:39.971  1182 10223 D WindowManager: Transition is created, t=TransitionRecord{6a1166f id=-1 type=OPEN flags=0x0}, caller=com.android.server.wm.TransitionController.createAndStartCollecting:1830 com.android.server.wm.ActivityStarter.startActivityUnchecked:2374 com.android.server.wm.ActivityStarter.executeRequest:1959 com.android.server.wm.ActivityStarter.execute:1075 com.android.server.wm.ActivityTaskManagerService.startActivityAsUser:2011 
04-15 13:57:39.971 24704 24792 W unknown:ViewManagerPropertyUpdater: Could not find generated setter for class com.facebook.react.views.switchview.ReactSwitchShadowNode
04-15 13:57:39.971  1182 10223 D WindowManager: SyncGroup is created, id=13, name=Transition, caller=com.android.server.wm.BLASTSyncEngine$SyncGroup.<init>:0 com.android.server.wm.BLASTSyncEngine.prepareSyncSet:523 com.android.server.wm.BLASTSyncEngine.startSyncSet:528 com.android.server.wm.Transition.startCollecting:704 com.android.server.wm.TransitionController.moveToCollecting:360 com.android.server.wm.TransitionController.createAndStartCollecting:1831 com.android.server.wm.ActivityStarter.startActivityUnchecked:2374 
04-15 13:57:39.972  1182 10223 W WindowManager: setSyncMethod, id=13, method=0, caller=com.android.server.wm.Transition.startCollecting:706 com.android.server.wm.TransitionController.moveToCollecting:360 com.android.server.wm.TransitionController.createAndStartCollecting:1831 
04-15 13:57:39.972  1182 10223 V WindowManager: Start collecting in Transition: TransitionRecord{6a1166f id=13 type=OPEN flags=0x0}, caller=com.android.server.wm.TransitionController.createAndStartCollecting:1831 com.android.server.wm.ActivityStarter.startActivityUnchecked:2374 com.android.server.wm.ActivityStarter.executeRequest:1959 com.android.server.wm.ActivityStarter.execute:1075 com.android.server.wm.ActivityTaskManagerService.startActivityAsUser:2011 
04-15 13:57:39.972  1182 10223 V WindowManager: Collecting in transition 13: ActivityRecord{7a03849 u0 com.samsung.rtlassistant/.HeartbeatActivity t-1}, caller=com.android.server.wm.Transition.collect:753 com.android.server.wm.TransitionController.collect:975 com.android.server.wm.ActivityStarter.startActivityUnchecked:2407 com.android.server.wm.ActivityStarter.executeRequest:1959 com.android.server.wm.ActivityStarter.execute:1075 
04-15 13:57:39.972  1182 10223 D ActivityTaskManager: TaskLaunchParamsModifier:task=null activity=ActivityRecord{7a03849 u0 com.samsung.rtlassistant/.HeartbeatActivity t-1} display-id=0 task-display-area-windowing-mode=1 suggested-display-area=DefaultTaskDisplayArea_d0@251880036
04-15 13:57:39.973  1182 10223 D ActivityTaskManager: TaskLaunchParamsModifier:task=null activity=ActivityRecord{7a03849 u0 com.samsung.rtlassistant/.HeartbeatActivity t-1} display-id=0 task-display-area-windowing-mode=1 suggested-display-area=DefaultTaskDisplayArea_d0@251880036 non-freeform-task-display-area display-area=DefaultTaskDisplayArea_d0@251880036 default-portrait freeform-size-mismatch=Rect(81, 563 - 999, 1733)
04-15 13:57:39.973  1182 10223 E CellBroadcastUtils: getDefaultCellBroadcastReceiverPackageName: no package found
04-15 13:57:39.974 24704 24792 W unknown:ViewManagerPropertyUpdater: Could not find generated setter for class com.horcrux.svg.RenderableViewManager$UseViewManager
04-15 13:57:39.975   893  1307 I SurfaceFlinger: id=240 createSurf, flag=24004, Task=12#240
04-15 13:57:39.976  1182 10223 D ActivityTaskManager: Top Process State changed to PROCESS_STATE_TOP_SLEEPING#2
04-15 13:57:39.977  1182 10223 D ActivityTaskManager: TaskLaunchParamsModifier:task=Task{468f7c #12 type=standard I=com.samsung.rtlassistant/.HeartbeatActivity} activity=ActivityRecord{7a03849 u0 com.samsung.rtlassistant/.HeartbeatActivity t-1} display-from-task=0 display-id=0 task-display-area-windowing-mode=1 suggested-display-area=DefaultTaskDisplayArea_d0@251880036 inherit-from-task=fullscreen non-freeform-task-display-area display-area=DefaultTaskDisplayArea_d0@251880036 default-portrait freeform-size-mismatch=Rect(81, 563 - 999, 1733)
04-15 13:57:39.977  1182 10223 V WindowManager: Collecting in transition 13: Task{468f7c #12 type=standard I=com.samsung.rtlassistant/.HeartbeatActivity}, caller=com.android.server.wm.Transition.collect:753 com.android.server.wm.Transition.collectExistenceChange:936 com.android.server.wm.TransitionController.collectExistenceChange:1025 com.android.server.wm.ActivityStarter.setNewTask:4836 com.android.server.wm.ActivityStarter.startActivityInner:3040 
04-15 13:57:39.977 24704 24792 W unknown:ViewManagerPropertyUpdater: Could not find generated setter for class com.horcrux.svg.RenderableViewManager$CircleViewManager
04-15 13:57:39.978   893  1307 I SurfaceFlinger: id=241 createSurf, flag=84004, ActivityRecord{7a03849 u0 com.samsung.rtlassistant/.HeartbeatActivity t12}#241
04-15 13:57:39.980  1182 10223 D ActivityTaskManager: Temporarily retain top process state for launching app
04-15 13:57:39.981 24704 24792 W unknown:ViewManagerPropertyUpdater: Could not find generated setter for class com.horcrux.svg.RenderableViewManager$TSpanViewManager
04-15 13:57:39.981  1182 10223 V WindowManager: Checking theme of starting window: 0x7f110127
04-15 13:57:39.981  1182 10223 V WindowManager: Translucent=true Floating=false ShowWallpaper=false Disable=false
04-15 13:57:39.982  1182 10223 D WindowManager: App launched activity=ActivityRecord{7a03849 u0 com.samsung.rtlassistant/.HeartbeatActivity t12}, state=1
04-15 13:57:39.982  1182 10223 V WindowManager: rotationForOrientation(orient=SCREEN_ORIENTATION_NOSENSOR (5), last=ROTATION_0 (0)); user=ROTATION_0 (0) 
04-15 13:57:39.983  1182 10223 D WindowManager: rotationForOrientation, orientationSource=Window{6a7f699 u0 NotificationShade}
04-15 13:57:39.983  1182 10223 V WindowManager: Computed rotation=ROTATION_0 (0) for display id=0 based on lastOrientation=SCREEN_ORIENTATION_NOSENSOR (5) and oldRotation=ROTATION_0 (0), caller=com.android.server.wm.DisplayRotation.updateOrientation:525 com.android.server.wm.DisplayContent.updateOrientation:2181 com.android.server.wm.DisplayContent.updateOrientation:2097 com.android.server.wm.RootWindowContainer.ensureVisibilityAndConfig:2083 com.android.server.wm.ActivityTaskSupervisor.realStartActivityLocked:956 com.android.server.wm.ActivityTaskSupervisor.startSpecificActivity:1296 
04-15 13:57:39.984 24704 24792 W unknown:ViewManagerPropertyUpdater: Could not find generated setter for class com.horcrux.svg.RenderableViewManager$FilterManager
04-15 13:57:39.984  1182 10223 D SGM:PkgDataHelper: notifyAppCreate(), pkgName: com.samsung.rtlassistant, userId: 0, sendRet: true
04-15 13:57:39.984  1182  1433 D SGM:FgCheckThread: onLooperPrepared(), msg: MSG_APP_CREATE, pkgName: com.samsung.rtlassistant, userId: 0
04-15 13:57:39.985  1182 10223 D SGM:FgCheckThread: TaskStackListener.onTaskFocusChanged(), taskId=11, focused=false
04-15 13:57:39.985  1182 10223 D SGM:FgCheckThread: TaskStackListener.onTaskFocusChanged(), taskId=12, focused=true
04-15 13:57:39.986  1182 10223 D SGM:FgCheckThread:   sendRunningComponentFocus(), pkgName: com.samsung.rtlassistant, userId: 0
04-15 13:57:39.986  1182  1433 D SGM:FgCheckThread: onLooperPrepared(), msg: MSG_TASK_FOCUSED, pkgName: com.samsung.rtlassistant, userId: 0
04-15 13:57:39.987  1182  1433 D SGM:FgCheckThread: handleTaskFocused().
04-15 13:57:39.987  1182  1433 D SGM:FgCheckThread:   handleTaskFocused(), pkgName: com.samsung.rtlassistant, userID:0
04-15 13:57:39.987  1182  1433 D SGM:FgCheckThread: handleResume().
04-15 13:57:39.987  1182  1433 D SGM:SystemHelper: callReleaseBlock needReleaseBlock:false
04-15 13:57:39.987  1182  1433 D SGM:FgCheckThread:   handleResume(). device is locked yet. ignore
04-15 13:57:39.987  1182 10223 D InputDispatcher: Focused application(0): ActivityRecord{7a03849 u0 com.samsung.rtlassistant/.HeartbeatActivity t12}
