04-15 08:37:10.376  1189  1261 V WindowManager: Sent Transition (#13) createdAt=04-15 08:37:10.046 via request=TransitionRequestInfo { type = OPEN, triggerTask = TaskInfo{userId=0 taskId=10 displayId=0 isRunning=true baseIntent=Intent { act=android.intent.action.MAIN cat=[android.intent.category.LAUNCHER] flg=0x10200000 cmp=com.henza.accountingv2/.MainActivity } baseActivity=ComponentInfo{com.henza.accountingv2/com.henza.accountingv2.MainActivity} topActivity=ComponentInfo{com.henza.accountingv2/com.henza.accountingv2.MainActivity} origActivity=null realActivity=ComponentInfo{com.henza.accountingv2/com.henza.accountingv2.MainActivity} numActivities=1 lastActiveTime=4833865 supportsMultiWindow=true resizeMode=1 isResizeable=true minWidth=-1 minHeight=-1 maxWidth=-1 maxHeight=-1 defaultMinSize=220 token=WCT{RemoteToken{bb3be88 Task{a476005 #10 type=standard A=10337:com.henza.accountingv2}}} topActivityType=1 pictureInPictureParams=null shouldDockBigOverlays=false launchIntoPipHostTaskId=-1 lastParentTaskIdBeforePip=-1 displayCutoutSafeInsets=Rect(0, 91 - 0, 0) topActivityInfo=ActivityInfo{4c5c021 com.henza.accountingv2.MainActivity} launchCookies=[] positionInParent=Point(0, 0) parentTaskId=-1 isFocused=false isVisible=false isVisibleRequested=false isSleeping=true topActivityInSizeCompat=false locusId=null displayAreaFeatureId=1 isTopActivityTransparent=false isTopActivityStyleFloating=false appCompatTaskInfo=AppCompatTaskInfo { topActivityInSizeCompat=false eligibleForLetterboxEducation= false isLetterboxEducationEnabled= false isLetterboxDoubleTapEnabled= false eligibleForUserAspectRatioButton= false topActivityBoundsLetterboxed= false isFromLetterboxDoubleTap= false topActivityLetterboxVerticalPosition= -1 topActivityLetterboxHorizontalPosition= -1 topActivityLetterboxWidth=1080 topActivityLetterboxHeight=2340 topActivityLetterboxAppWidth=1080 topActivityLetterboxAppHeight=2340 isUserFullscreenOverrideEnabled=false isSystemFullscreenOverrideEnabled=false hasMinAspectRatioOverride=false cameraCompatTaskInfo=CameraCompatTaskInfo { freeformCameraCompatMode=inactive} topActivityBounds=null topActivityInDisplayCompat=false} originallySupportedMultiWindow=true hasWallpaper=false rootAffinity=10337:com.henza.accountingv2 isTopTaskInStage=false topActivityUiMode=17 CoverLauncherWidgetTask=false isAllowedSeamlessRotation=false isTopTransparentActivity=false snappingGuideBounds=Rect(81, 558 - 999, 1728) isAliasManaged=false hasConfigChanged=false isAiKeyRemoveAppTask=false}, pipTask = null, remoteTransition = null, displayChange = null, flags = 0, debugId = 13 }
04-15 08:37:10.376  1189  1261 V WindowManager:     startWCT=WindowContainerTransaction { changes = {} hops = [] errorCallbackToken=null taskFragmentOrganizer=null }
04-15 08:37:10.376  1189  1261 V WindowManager:     info={id=13 t=OPEN f=0x40 trk=0 r=[] c=[]}
04-15 08:37:10.376  1189  1261 V WindowManager: Finish Transition (#13): created at 04-15 08:37:10.046 collect-started=0.559ms request-sent=11.349ms started=15.895ms ready=262.43ms sent=324.764ms finished=326.521ms
04-15 08:37:10.376  1189  1915 I MR2ServiceImpl: Updating composite discovery preference | preference: RouteDiscoveryRequest{ preferredFeatures={}, activeScan=false }, active routers: []
04-15 08:37:10.376  1022  8311 I CameraService: onUidStateChanged: uid=10052, procState is changed. (1 -> 5)
04-15 08:37:10.377  1189  1915 I MR2ServiceImpl: Updating composite discovery preference | preference: RouteDiscoveryRequest{ preferredFeatures={}, activeScan=false }, active routers: []
04-15 08:37:10.377  1189  3930 D RestrictionPolicy: isScreenCaptureEnabled : ret=true userId=0
04-15 08:37:10.377  1189  3930 D RestrictionPolicy: isScreenCaptureEnabled : ret=true userId=0
04-15 08:37:10.378  1189  3930 D RestrictionPolicy: isScreenCaptureEnabled : ret=true userId=0
04-15 08:37:10.378  1189  3930 D RestrictionPolicy: isScreenCaptureEnabled : ret=true userId=0
04-15 08:37:10.378  1189  3930 D WindowManager: takeScreenshotToTargetWindow: targetSurface=null, sourceCrop=Rect(0, 0 - 0, 0)
04-15 08:37:10.378  1189  4294 W UserManagerService: Requested status bar icon for non-badged user 0
04-15 08:37:10.378 24683 24683 D VRI[MainActivity]@c1a52c0: registerCallbacksForSync syncBuffer=false
04-15 08:37:10.379 24683 24737 I za.accountingv2: [HIDL_FETCH_IMapper] android.hardware.graphics.mapper@4.0: Loaded Mapper successfully.
04-15 08:37:10.379 24683 24733 D VRI[MainActivity]@c1a52c0: Received frameDrawingCallback syncResult=0 frameNum=1.
04-15 08:37:10.379 24683 24733 I VRI[MainActivity]@c1a52c0: mWNT: t=0xb400007442c80a90 mBlastBufferQueue=0xb4000073c2c50eb0 fn= 1 HdrRenderState mRenderHdrSdrRatio=1.0 caller= android.view.ViewRootImpl$11.onFrameDraw:15016 android.view.ThreadedRenderer$1.onFrameDraw:761 <bottom of call stack> 
04-15 08:37:10.379 24683 24733 I VRI[MainActivity]@c1a52c0: Setting up sync and frameCommitCallback
04-15 08:37:10.380  1189  4294 W UserManagerService: Requested status bar icon for non-badged user 0
04-15 08:37:10.380   869   944 D RenderEngine: [SEC_SF_EFFECTS] drawLayersInternal,1313, Rendering layer  at index 0
04-15 08:37:10.380  1189  1272 I ActivityManager: Changes in 10337 2 to 12, 127 to 0
04-15 08:37:10.381  1189  1261 D HintManagerService: Sent cleanup message for uid 10337
04-15 08:37:10.382   814   850 I HYPER-HAL: [RequestManager.cpp]acquire(): Acquired ID : 382432  [817 / 57]    HINT :      list : [TID_LOW_LATENCY / 0] [TID / 24732] [TID / 24733] [TID / 24683] [TID / 24714] 
04-15 08:37:10.382  1189  3930 D WindowManager: takeScreenshotToTargetWindow, bitmap=android.graphics.Bitmap@e93a6d2, failedReason=, caller=com.android.server.wm.WindowManagerService.takeScreenshotToTargetWindowFromCapture:53 com.android.server.wm.WindowManagerService.takeScreenshotToTargetWindow:14 android.view.IWindowManager$Stub.onTransact:3954 com.android.server.wm.WindowManagerService.onTransact:1 android.os.Binder.execTransactInternal:1536 android.os.Binder.execTransact:1480 
04-15 08:37:10.382   516   516 I hwservicemanager: getTransport: Cannot find entry android.hardware.graphics.allocator@4.0::IAllocator/default in either framework or device VINTF manifest.
04-15 08:37:10.386   869   869 I SurfaceFlinger: Layer [a205c0f com.henza.accountingv2/com.henza.accountingv2.MainActivity#145] hidden!! flag(0)
04-15 08:37:10.386   869   869 I SurfaceFlinger: [a205c0f com.henza.accountingv2/com.henza.accountingv2.MainActivity#145] attach to parent LayerHierarchy{RequestedLayerState{ActivityRecord{9621f7c u0 com.henza.accountingv2/.MainActivity t10}#144 parentId=143} 1 children}
04-15 08:37:10.386   869   869 I SurfaceFlinger: [com.henza.accountingv2/com.henza.accountingv2.MainActivity$_24683#146] attach to parent LayerHierarchy{RequestedLayerState{a205c0f com.henza.accountingv2/com.henza.accountingv2.MainActivity#145 parentId=144} 1 children}
04-15 08:37:10.390 24683 24714 I BLASTBufferQueue: [VRI[MainActivity]@c1a52c0#0](f:0,a:0,s:0) onFrameAvailable the first frame is available
04-15 08:37:10.391 24683 24714 I VRI[MainActivity]@c1a52c0: Received frameCommittedCallback lastAttemptedDrawFrameNum=1 didProduceBuffer=true
04-15 08:37:10.391   869   939 I SurfaceFlinger: [com.henza.accountingv2/com.henza.accountingv2.MainActivity$_24683#146] setTransactionState with the first frame. bufferData(ID: 106012677767168, frameNumber: 1)
04-15 08:37:10.392 24683 24714 D HWUI    : CFMS:: SetUp Pid : 24683    Tid : 24714
04-15 08:37:10.392 24683 24683 D VRI[MainActivity]@c1a52c0: reportDrawFinished seqId=0
04-15 08:37:10.392  1189  4294 W ServiceManagerCppClient: Permission failure: android.permission.ACCESS_SURFACE_FLINGER from uid=10337 pid=0
04-15 08:37:10.392  1189  4294 D PermissionCache: checking android.permission.ACCESS_SURFACE_FLINGER for uid=10337 => denied (103 us)
04-15 08:37:10.392  1189  4294 W ServiceManagerCppClient: Permission failure: android.permission.ROTATE_SURFACE_FLINGER from uid=10337 pid=0
04-15 08:37:10.392  1189  4294 D PermissionCache: checking android.permission.ROTATE_SURFACE_FLINGER for uid=10337 => denied (32 us)
04-15 08:37:10.392  1189  4294 W ServiceManagerCppClient: Permission failure: android.permission.INTERNAL_SYSTEM_WINDOW from uid=10337 pid=0
04-15 08:37:10.392  1189  4294 D PermissionCache: checking android.permission.INTERNAL_SYSTEM_WINDOW for uid=10337 => denied (17 us)
04-15 08:37:10.392  1189  4294 D WindowManager: finishDrawingWindow: Window{a205c0f u0 com.henza.accountingv2/com.henza.accountingv2.MainActivity} mDrawState=DRAW_PENDING seqId=0
04-15 08:37:10.393 24683 24714 D HWUI    : CacheManager::trimMemory(20)
04-15 08:37:10.393  1189  1261 W ziparchive: Unable to open '/data/app/~~dQbYQ7iV01t84p7RCjm6lA==/com.henza.accountingv2-o7TCBOh5xkovCQoozEheQg==/base.dm': No such file or directory
04-15 08:37:10.394 24683 24683 I VRI[MainActivity]@c1a52c0: stopped(true) old = false
04-15 08:37:10.394 24683 24683 D VRI[MainActivity]@c1a52c0: WindowStopped on com.henza.accountingv2/com.henza.accountingv2.MainActivity set to true
04-15 08:37:10.394  1189  1261 D [secipm]: mSecIpmManager report to nap
04-15 08:37:10.395 24683 24714 D HWUI    : CacheManager::trimMemory(20)
04-15 08:37:10.395  1189  1261 I PkgPredictorService-SecIpmManagerServiceImpl: reportToNAP uid:10337 com.henza.accountingv2/com.henza.accountingv2.MainActivity thisTime:352
04-15 08:37:10.395  1189  1261 D PkgPredictorService-SecIpmManagerServiceImpl: reportToNAP: mHeavyLaunchCounter is false
04-15 08:37:10.395  1189  3403 D PkgPredictorService-SecIpmManagerServiceImpl: ACTION_FOREGROUND_FINISH_EVENT sCurForegroundApp :com.henza.accountingv2
04-15 08:37:10.397  1189  1261 D DmaBufLeakDetector: system:           101736 kB
04-15 08:37:10.397  1189  1261 D DmaBufLeakDetector: system-uncached:  161248 kB
04-15 08:37:10.397  1189  1261 I DmaBufLeakDetector: DmaBuf : 262984 KB
04-15 08:37:10.398  1189  1261 I ActivityTaskManager: Displayed com.henza.accountingv2/.MainActivity for user 0: +352ms
04-15 08:37:10.398  1189  1261 I Pageboost: Launch time gathered : pid 24683 com.henza.accountingv2 352
04-15 08:37:10.398  3563  3563 E pageboostd: Received HALT command code 2
04-15 08:37:10.399 24683 24714 D HWUI    : CacheManager::trimMemory(20)
04-15 08:37:10.401  1189  4294 V WindowManager: Relayout Window{a205c0f u0 com.henza.accountingv2/com.henza.accountingv2.MainActivity}: viewVisibility=4 req=1080x2340 ty=1 d0
04-15 08:37:10.402  1189  4294 V WindowManager: Relayout hash=a205c0f, pid=24683, syncId=-1: mAttrs={(0,0)(fillxfill) sim={adjust=resize forwardNavigation} layoutInDisplayCutoutMode=always ty=BASE_APPLICATION wanim=0x1030312
04-15 08:37:10.402  1189  4294 V WindowManager:   fl=81810100
04-15 08:37:10.402  1189  4294 V WindowManager:   pfl=100088c0
04-15 08:37:10.402  1189  4294 V WindowManager:   vsysui=10
04-15 08:37:10.402  1189  4294 V WindowManager:   apr=10
04-15 08:37:10.402  1189  4294 V WindowManager:   bhv=1
04-15 08:37:10.402  1189  4294 V WindowManager:   fitSides=0
04-15 08:37:10.402  1189  4294 V WindowManager:   frameRateBoostOnTouch=true
04-15 08:37:10.402  1189  4294 V WindowManager:   dvrrWindowFrameRateHint=true naviIconColor=0}
04-15 08:37:10.403 24683 24683 I VRI[MainActivity]@c1a52c0: Relayout returned: old=(0,0,1080,2340) new=(0,0,1080,2340) relayoutAsync=false req=(1080,2340)4 dur=2 res=0x2 s={false 0x0} ch=false seqId=0
04-15 08:37:10.403 24683 24683 D VRI[MainActivity]@c1a52c0: Not drawing due to not visible. Reason=View.INVISIBLE
04-15 08:37:10.403  1189  4294 V WindowManager: Setting visibility of Window{a205c0f u0 com.henza.accountingv2/com.henza.accountingv2.MainActivity}: false, caller=com.android.server.wm.WindowContainer.sendAppVisibilityToClients:19 com.android.server.wm.WindowToken.setClientVisible:49 com.android.server.wm.ActivityRecord.setClientVisible:8 com.android.server.wm.ActivityRecord.activityStopped:201 com.android.server.wm.ActivityClientController.activityStopped:95 
04-15 08:37:10.404  1189  1272 D SGM:FgCheckThread: getForegroundApp(), foregroundPkgName=com.henza.accountingv2
04-15 08:37:10.404  1189  4294 E WindowManager: win=Window{a205c0f u0 com.henza.accountingv2/com.henza.accountingv2.MainActivity} destroySurfaces: appStopped=true cleanupOnResume=false win.mWindowRemovalAllowed=false win.mRemoveOnExit=false win.mViewVisibility=4 caller=com.android.server.wm.ActivityRecord.destroySurfaces:25 com.android.server.wm.ActivityRecord.activityStopped:204 com.android.server.wm.ActivityClientController.activityStopped:95 android.app.IActivityClientController$Stub.onTransact:722 com.android.server.wm.ActivityClientController.onTransact:1 android.os.Binder.execTransactInternal:1541 android.os.Binder.execTransact:1480 
04-15 08:37:10.404  1189  1272 D SGM:FgCheckThread: pkgName: com.henza.accountingv2 is not in foreground
04-15 08:37:10.404  1189  4294 I WindowManager: Destroying surface Surface(name=com.henza.accountingv2/com.henza.accountingv2.MainActivity$_24683)/@0xfe5bccc called by com.android.server.wm.WindowStateAnimator.destroySurface:11 com.android.server.wm.WindowStateAnimator.destroySurfaceLocked:54 com.android.server.wm.WindowState.destroySurfaceUnchecked:5 com.android.server.wm.WindowState.destroySurface:126 com.android.server.wm.ActivityRecord.destroySurfaces:25 com.android.server.wm.ActivityRecord.activityStopped:204 com.android.server.wm.ActivityClientController.activityStopped:95 android.app.IActivityClientController$Stub.onTransact:722 
04-15 08:37:10.404 24683 24683 I VRI[MainActivity]@c1a52c0: handleAppVisibility mAppVisible = true visible = false
04-15 08:37:10.406  1189  4294 D WindowManager: takeScreenshotToTargetWindow: display=0, target=0, containsTarget=false, crop=Rect(0, 0 - 0, 0), w=540, h=1170, useIdentityTransform=true, ignorePolicy=false, caller=com.android.server.wm.WindowManagerService.takeScreenshotToTargetWindowFromCapture:53 com.android.server.wm.WindowManagerService.takeScreenshotToTargetWindow:14 android.view.IWindowManager$Stub.onTransact:3954 
04-15 08:37:10.406  1189  4294 D RestrictionPolicy: isScreenCaptureEnabled : ret=true userId=0
04-15 08:37:10.406  1189  4294 D RestrictionPolicy: isScreenCaptureEnabled : ret=true userId=0
04-15 08:37:10.407  1189  4294 D RestrictionPolicy: isScreenCaptureEnabled : ret=true userId=0
04-15 08:37:10.407  1189  4294 D WindowManager: takeScreenshotToTargetWindow: targetSurface=null, sourceCrop=Rect(0, 0 - 0, 0)
04-15 08:37:10.409   869   944 D RenderEngine: [SEC_SF_EFFECTS] drawLayersInternal,1313, Rendering layer  at index 0
04-15 08:37:10.411  1189  4294 D WindowManager: takeScreenshotToTargetWindow, bitmap=android.graphics.Bitmap@61fbb15, failedReason=, caller=com.android.server.wm.WindowManagerService.takeScreenshotToTargetWindowFromCapture:53 com.android.server.wm.WindowManagerService.takeScreenshotToTargetWindow:14 android.view.IWindowManager$Stub.onTransact:3954 com.android.server.wm.WindowManagerService.onTransact:1 android.os.Binder.execTransactInternal:1536 android.os.Binder.execTransact:1480 
04-15 08:37:10.417  8206  8206 W ContextImpl: Calling a method in the system process without a qualified user: android.app.ContextImpl.startActivity:1177 android.content.ContextWrapper.startActivity:447 com.samsung.rtlassistant.utils.ActivityControllerManager$HeartbeatTask.runHeartbeat:24 com.samsung.rtlassistant.utils.ActivityControllerManager$HeartbeatTask.run:2 android.os.Handler.handleCallback:959 
04-15 08:37:10.417  8206  8206 W ContextImpl: Calling a method in the system process without a qualified user: android.app.ContextImpl.startActivity:1189 android.app.ContextImpl.startActivity:1178 android.content.ContextWrapper.startActivity:447 com.samsung.rtlassistant.utils.ActivityControllerManager$HeartbeatTask.runHeartbeat:24 com.samsung.rtlassistant.utils.ActivityControllerManager$HeartbeatTask.run:2 
04-15 08:37:10.417  1189  4294 D ActivityTaskManager: startActivityAsUser: callingPid=8206, callingUid=1000, caller=com.android.server.wm.ActivityTaskManagerService.startActivity:120 android.app.IActivityTaskManager$Stub.onTransact:1356 com.android.server.wm.ActivityTaskManagerService.onTransact:1 android.os.Binder.execTransactInternal:1536 android.os.Binder.execTransact:1480 <bottom of call stack> <bottom of call stack> 
04-15 08:37:10.418  1189  4294 D ActivityTaskManager: TaskLaunchParamsModifier:task=null activity=null display-area-from-current-params=null display-area-from-default-fallback=DefaultTaskDisplayArea_d0@159073749 display-id=0 task-display-area-windowing-mode=1 suggested-display-area=DefaultTaskDisplayArea_d0@159073749
04-15 08:37:10.419  1189  4294 D CompatChangeReporter: Compat change id reported: 151861875; UID 1000; state: ENABLED
04-15 08:37:10.419  1189  4294 W OptProp : Cannot read opt property android.window.PROPERTY_COMPAT_ALLOW_ORIENTATION_OVERRIDE
04-15 08:37:10.419  1189  4294 D ActivityTaskManager: Non-opaque activity is created, styleTranslucent=true, styleFloating=false, r=ActivityRecord{ab4741b u0 com.samsung.rtlassistant/.HeartbeatActivity
04-15 08:37:10.419   869   869 I SurfaceFlinger: [LayerHierarchy{RequestedLayerState{com.henza.accountingv2/com.henza.accountingv2.MainActivity$_24683#146} no children}] reparent to OffscreenRoot
04-15 08:37:10.419   869   869 I SurfaceFlinger: [LayerHierarchy{RequestedLayerState{com.henza.accountingv2/com.henza.accountingv2.MainActivity$_24683#146} no children}] RelativeParent to null
04-15 08:37:10.420   869   869 I SurfaceFlinger: id=146 Removed com.henza.accountingv2/com.henza.accountingv2.MainActivity$_24683#146 (101)
04-15 08:37:10.420  1189  4294 D WindowManager: Transition is created, t=TransitionRecord{4cdf391 id=-1 type=OPEN flags=0x0}, caller=com.android.server.wm.Transition.<init>:170 com.android.server.wm.ActivityStarter.startActivityUnchecked:330 com.android.server.wm.ActivityStarter.executeRequest:3361 com.android.server.wm.ActivityStarter.execute:1122 com.android.server.wm.ActivityTaskManagerService.startActivityAsUser:88 
04-15 08:37:10.420  1189  4294 D BLASTSyncEngine: SyncGroup is created, id=14, name=Transition-OPEN, caller=com.android.server.wm.BLASTSyncEngine$SyncGroup.<init>:51 com.android.server.wm.TransitionController.moveToCollecting:78 com.android.server.wm.ActivityStarter.startActivityUnchecked:333 com.android.server.wm.ActivityStarter.executeRequest:3361 com.android.server.wm.ActivityStarter.execute:1122 com.android.server.wm.ActivityTaskManagerService.startActivityAsUser:88 com.android.server.wm.ActivityTaskManagerService.startActivity:120 
04-15 08:37:10.420  1189  4294 W BLASTSyncEngine: setSyncMethod, id=14, method=0, caller=com.android.server.wm.TransitionController.moveToCollecting:90 com.android.server.wm.ActivityStarter.startActivityUnchecked:333 com.android.server.wm.ActivityStarter.executeRequest:3361 
04-15 08:37:10.420  1189  4294 V WindowManager: Start collecting in Transition: TransitionRecord{4cdf391 id=14 type=OPEN flags=0x0}, caller=com.android.server.wm.ActivityStarter.startActivityUnchecked:333 com.android.server.wm.ActivityStarter.executeRequest:3361 com.android.server.wm.ActivityStarter.execute:1122 com.android.server.wm.ActivityTaskManagerService.startActivityAsUser:88 com.android.server.wm.ActivityTaskManagerService.startActivity:120 
04-15 08:37:10.421  1189  4294 V WindowManager: Collecting in transition 14: ActivityRecord{ab4741b u0 com.samsung.rtlassistant/.HeartbeatActivity t-1}, caller=com.android.server.wm.TransitionController.collect:7 com.android.server.wm.ActivityStarter.startActivityUnchecked:626 com.android.server.wm.ActivityStarter.executeRequest:3361 com.android.server.wm.ActivityStarter.execute:1122 com.android.server.wm.ActivityTaskManagerService.startActivityAsUser:88 
04-15 08:37:10.421  1189  4294 D ActivityTaskManager: TaskLaunchParamsModifier:task=null activity=ActivityRecord{ab4741b u0 com.samsung.rtlassistant/.HeartbeatActivity t-1} display-area-from-current-params=null display-area-from-default-fallback=DefaultTaskDisplayArea_d0@159073749 display-id=0 task-display-area-windowing-mode=1 suggested-display-area=DefaultTaskDisplayArea_d0@159073749
04-15 08:37:10.421  1189  4294 D ActivityTaskManager: TaskLaunchParamsModifier:task=null activity=ActivityRecord{ab4741b u0 com.samsung.rtlassistant/.HeartbeatActivity t-1} display-area-from-current-params=null display-area-from-default-fallback=DefaultTaskDisplayArea_d0@159073749 display-id=0 task-display-area-windowing-mode=1 suggested-display-area=DefaultTaskDisplayArea_d0@159073749 non-freeform-task-display-area display-area=DefaultTaskDisplayArea_d0@159073749 default-portrait freeform-size-mismatch=Rect(81, 558 - 999, 1728)
04-15 08:37:10.421  1189  4294 E CellBroadcastUtils: getDefaultCellBroadcastReceiverPackageName: no package found
04-15 08:37:10.422   869   939 I SurfaceFlinger: id=147 createSurf, flag=24004, Task=11#147
04-15 08:37:10.422  1189  4294 D ActivityTaskManager: Top Process State changed to PROCESS_STATE_TOP_SLEEPING#2
04-15 08:37:10.422  1189  4294 D ActivityTaskManager: TaskLaunchParamsModifier:task=Task{f0d12f6 #11 type=standard I=com.samsung.rtlassistant/.HeartbeatActivity} activity=ActivityRecord{ab4741b u0 com.samsung.rtlassistant/.HeartbeatActivity t-1} display-from-task=0 display-id=0 task-display-area-windowing-mode=1 suggested-display-area=DefaultTaskDisplayArea_d0@159073749 inherit-from-task=fullscreen non-freeform-task-display-area display-area=DefaultTaskDisplayArea_d0@159073749 default-portrait freeform-size-mismatch=Rect(81, 558 - 999, 1728)
04-15 08:37:10.422  1189  4294 V WindowManager: Collecting in transition 14: Task{f0d12f6 #11 type=standard I=com.samsung.rtlassistant/.HeartbeatActivity}, caller=com.android.server.wm.Transition.collectExistenceChange:42 com.android.server.wm.ActivityStarter.setNewTask:43 com.android.server.wm.ActivityStarter.startActivityInner:281 com.android.server.wm.ActivityStarter.startActivityUnchecked:639 com.android.server.wm.ActivityStarter.executeRequest:3361 
04-15 08:37:10.423  1189  4294 W OptProp : Cannot read opt property android.window.PROPERTY_COMPAT_ALLOW_MIN_ASPECT_RATIO_OVERRIDE
04-15 08:37:10.423   869   939 I SurfaceFlinger: id=148 createSurf, flag=84004, ActivityRecord{ab4741b u0 com.samsung.rtlassistant/.HeartbeatActivity t11}#148
04-15 08:37:10.424  1189  4294 D ActivityTaskManager: Temporarily retain top process state for launching app
04-15 08:37:10.424  1189  4294 V WindowManager: Checking theme of starting window: 0x7f110127
04-15 08:37:10.424  1189  4294 V WindowManager: Translucent=true Floating=false ShowWallpaper=false Disable=false
04-15 08:37:10.424  1189  4294 D WindowManager: App launched activity=ActivityRecord{ab4741b u0 com.samsung.rtlassistant/.HeartbeatActivity t11}, state=1
04-15 08:37:10.426  1189  4294 V WindowManager: Computed rotation=ROTATION_0 (0) for display id=0 based on lastOrientation=SCREEN_ORIENTATION_NOSENSOR (5) and oldRotation=ROTATION_0 (0), caller=com.android.server.wm.DisplayRotation.updateOrientation:25 com.android.server.wm.DisplayContent.updateOrientation:65 com.android.server.wm.DisplayContent.updateOrientation:11 com.android.server.wm.RootWindowContainer.ensureVisibilityAndConfig:7 com.android.server.wm.ActivityTaskSupervisor.realStartActivityLocked:213 com.android.server.wm.ActivityTaskSupervisor.startSpecificActivity:27 
04-15 08:37:10.426  1189  4294 D SGM:FgCheckThread: notifyAppCreated(), packageName: com.samsung.rtlassistant, userId: 0, sendRet: true
04-15 08:37:10.426  1189  1789 D SGM:FgCheckThread: onLooperPrepared(), msg: MSG_APP_CREATE, pkgName: com.samsung.rtlassistant, userId: 0
04-15 08:37:10.426  1189  4294 D CompatChangeReporter: Compat change id reported: 324203798; UID 1000; state: ENABLED
04-15 08:37:10.427  1189  4294 D SGM:FgCheckThread: TaskStackListener.onTaskFocusChanged(), taskId=10, focused=false
04-15 08:37:10.427  1189  4294 D SGM:FgCheckThread: TaskStackListener.onTaskFocusChanged(), taskId=11, focused=true
04-15 08:37:10.427  1189  4294 D SGM:FgCheckThread:   sendRunningComponentFocus(), pkgName: com.samsung.rtlassistant, userId: 0
04-15 08:37:10.427  1189  1789 D SGM:FgCheckThread: onLooperPrepared(), msg: MSG_TASK_FOCUSED, pkgName: com.samsung.rtlassistant, userId: 0
04-15 08:37:10.427  1189  1789 D SGM:FgCheckThread: handleTaskFocused().
04-15 08:37:10.427  1189  1789 D SGM:FgCheckThread:   handleTaskFocused(), pkgName: com.samsung.rtlassistant, userID:0
04-15 08:37:10.427  1189  4294 D InputDispatcher: Focused application(0): ActivityRecord{ab4741b u0 com.samsung.rtlassistant/.HeartbeatActivity t11}
04-15 08:37:10.427  1189  1789 D SGM:FgCheckThread: handleResume().
04-15 08:37:10.427  1189  1789 D SGM:SystemHelper: callReleaseBlock needReleaseBlock:false
04-15 08:37:10.427  1189  1789 D SGM:FgCheckThread:   handleResume(). device is locked yet. ignore
04-15 08:37:10.428  1189  4294 D ActivityTaskManager: scheduleTopResumedActivityChanged, onTop=true, r=ActivityRecord{ab4741b u0 com.samsung.rtlassistant/.HeartbeatActivity t11}, caller=com.android.server.wm.ActivityTaskSupervisor.updateTopResumedActivityIfNeeded:62 com.android.server.wm.TaskFragment.setResumedActivity:29 com.android.server.wm.ActivityRecord.setState:104 com.android.server.wm.ActivityTaskSupervisor.realStartActivityLocked:949 com.android.server.wm.ActivityTaskSupervisor.startSpecificActivity:27 com.android.server.wm.TaskFragment.resumeTopActivity:2204 
04-15 08:37:10.428  1189  4294 W OptProp : Cannot read opt property android.window.PROPERTY_COMPAT_ALLOW_RESIZEABLE_ACTIVITY_OVERRIDES
04-15 08:37:10.428  1189  4294 D ActivityTaskManager: scheduleTopResumedActivityChanged, onTop=false, r=ActivityRecord{ab4741b u0 com.samsung.rtlassistant/.HeartbeatActivity t11}, caller=com.android.server.wm.ActivityTaskSupervisor.scheduleTopResumedActivityStateLossIfNeeded:11 com.android.server.wm.ActivityTaskSupervisor.updateTopResumedActivityIfNeeded:19 com.android.server.wm.TaskFragment.setResumedActivity:29 com.android.server.wm.ActivityRecord.setState:95 com.android.server.wm.TaskFragment.startPausing$1:210 com.android.server.wm.Task$$ExternalSyntheticLambda3.accept:271 
04-15 08:37:10.428  1189  4294 V WindowManager: Collecting in transition 14: ActivityRecord{ab4741b u0 com.samsung.rtlassistant/.HeartbeatActivity t11}, caller=com.android.server.wm.Transition.collectExistenceChange:42 com.android.server.wm.ActivityStarter.handleStartResult:523 com.android.server.wm.ActivityStarter.startActivityUnchecked:653 com.android.server.wm.ActivityStarter.executeRequest:3361 com.android.server.wm.ActivityStarter.execute:1122 
04-15 08:37:10.428  1189  4294 V WindowManager: Requesting StartTransition: TransitionRecord{4cdf391 id=14 type=OPEN flags=0x0}, caller=com.android.server.wm.ActivityStarter.handleStartResult:677 com.android.server.wm.ActivityStarter.startActivityUnchecked:653 com.android.server.wm.ActivityStarter.executeRequest:3361 com.android.server.wm.ActivityStarter.execute:1122 com.android.server.wm.ActivityTaskManagerService.startActivityAsUser:88 
04-15 08:37:10.429  1189  4294 I Pageboost: stop alp
04-15 08:37:10.429  2035  2555 V WindowManagerShell: Transition requested (#14): android.os.BinderProxy@30a23c TransitionRequestInfo { type = OPEN, triggerTask = TaskInfo{userId=0 taskId=11 displayId=0 isRunning=true baseIntent=Intent { dat=heartbeat://d8f1cc71-94b4-4fb7-bdbf-38bb7e8405ba/... flg=0x18800000 cmp=com.samsung.rtlassistant/.HeartbeatActivity } baseActivity=ComponentInfo{com.samsung.rtlassistant/com.samsung.rtlassistant.HeartbeatActivity} topActivity=ComponentInfo{com.samsung.rtlassistant/com.samsung.rtlassistant.HeartbeatActivity} origActivity=null realActivity=ComponentInfo{com.samsung.rtlassistant/com.samsung.rtlassistant.HeartbeatActivity} numActivities=1 lastActiveTime=4834236 supportsMultiWindow=true resizeMode=1 isResizeable=true minWidth=-1 minHeight=-1 maxWidth=-1 maxHeight=-1 defaultMinSize=220 token=WCT{android.window.IWindowContainerToken$Stub$Proxy@c8b8bc5} topActivityType=1 pictureInPictureParams=null shouldDockBigOverlays=false launchIntoPipHostTaskId=-1 lastParentTaskIdBeforePip=-1 displayCutoutSafeInsets=Rect(0, 91 - 0, 0) topActivityInfo=ActivityInfo{b5eb91a com.samsung.rtlassistant.HeartbeatActivity} launchCookies=[] positionInParent=Point(0, 0) parentTaskId=-1 isFocused=true isVisible=false isVisibleRequested=false isSleeping=true topActivityInSizeCompat=false locusId=null displayAreaFeatureId=1 isTopActivityTransparent=true isTopActivityStyleFloating=false appCompatTaskInfo=AppCompatTaskInfo { topActivityInSizeCompat=false eligibleForLetterboxEducation= false isLetterboxEducationEnabled= false isLetterboxDoubleTapEnabled= false eligibleForUserAspectRatioButton= false topActivityBoundsLetterboxed= false isFromLetterboxDoubleTap= false topActivityLetterboxVerticalPosition= -1 topActivityLetterboxHorizontalPosition= -1 topActivityLetterboxWidth=1080 topActivityLetterboxHeight=2340 topActivityLetterboxAppWidth=1080 topActivityLetterboxAppHeight=2340 isUserFullscreenOverrideEnabled=false isSystemFullscreenOverrideEnabled=false hasMinAspectRatioOverride=false cameraCompatTaskInfo=CameraCompatTaskInfo { freeformCameraCompatMode=inactive} topActivityBounds=null topActivityInDisplayCompat=false} originallySupportedMultiWindow=true hasWallpaper=false rootAffinity=null isTopTaskInStage=false topActivityUiMode=17 CoverLauncherWidgetTask=false isAllowedSeamlessRotation=false isTopTransparentActivity=false snappingGuideBounds=Rect(81, 558 - 999, 1728) isAliasManaged=false hasConfigChanged=false isAiKeyRemoveAppTask=false}, pipTask = null, remoteTransition = null, displayChange = null, flags = 0, debugId = 14 }
04-15 08:37:10.429  1189  4294 I ActivityTaskManager: START u0 {dat=heartbeat://d8f1cc71-94b4-4fb7-bdbf-38bb7e8405ba/... flg=0x18800000 cmp=com.samsung.rtlassistant/.HeartbeatActivity} with LAUNCH_MULTIPLE from uid 1000 (BAL_ALLOW_ALLOWLISTED_UID) result code=0
04-15 08:37:10.429  1189  4294 I SemDvfsHyPerManager: acquire hyper - AMS_APP_LAUNCH/1189@16, type = -999
04-15 08:37:10.429  3563  3563 E pageboostd: Received HALT command code 2
04-15 08:37:10.429   814   850 I HYPER-HAL: [RequestManager.cpp]acquire(): Acquired ID : 726631  [1189 / 16]    HINT : AMS_APP_LAUNCH    list : 
04-15 08:37:10.430  6212  6212 I SemDvfsHyPerManager: acquire hyper - APP_START/6212@21, type = -999
04-15 08:37:10.430  8206  8206 I ActivityManager: semUnregisterActivityControllerListener, listener=0xdf3a5e4
04-15 08:37:10.430   814   850 I HYPER-HAL: [RequestManager.cpp]acquire(): Acquired ID : 19428282  [6212 / 21]    HINT : APP_START    list : 
04-15 08:37:10.430  1189  1881 D AS.MultiSoundManager: mForegroundUid = 1000
04-15 08:37:10.431  1189  3930 V WindowManager: Starting Transition 14, caller=com.android.server.wm.WindowOrganizerController.startTransition:37 com.android.server.wm.WindowOrganizerController.startTransition:1 android.window.IWindowOrganizerController$Stub.onTransact:271 
04-15 08:37:10.431  8206  8206 I ActivityManager: semRegisterActivityControllerListener, listener=0xdf3a5e4
04-15 08:37:10.433  1189  1275 D BLASTSyncEngine: SyncGroup 14:  Unfinished container: ActivityRecord{ab4741b u0 com.samsung.rtlassistant/.HeartbeatActivity t11} mSyncState=2
04-15 08:37:10.433  1189  1264 D PkgPredictorService-SecIpmManagerServiceImpl: onForegroundActivitiesChanged pid:8206 uid:1000
04-15 08:37:10.433  1189  3403 V PkgPredictorService-SecIpmManagerServiceImpl: discard foreground app:com.samsung.rtlassistant 0|false
04-15 08:37:10.434  1189  3930 D GraphicsStatsService: requestRenderEngineFor(com.samsung.rtlassistant)
04-15 08:37:10.434  3161  3297 I HoneySpace.TopTaskSource: onTaskMovedToFront : taskId = 11
04-15 08:37:10.434  1189  1264 D NetworkPolicy: already checked 1000
04-15 08:37:10.434  3161  3297 I HoneySpace.TopTaskSource: onTaskFocusChanged(): taskId = 11
04-15 08:37:10.434  3161  3297 I HoneySpace.TopTaskSource: onTaskMovedToFront : taskId = 11
04-15 08:37:10.435  3161  4572 I HoneySpace.RecentTasks: onRecentTasksChanged
04-15 08:37:10.435  2035  2035 I {OngoingActivityDataHelper}: setBaseActivityComponentName:ComponentInfo{com.samsung.rtlassistant/com.samsung.rtlassistant.HeartbeatActivity}
04-15 08:37:10.436  3161  3300 I HoneySpace.TopTaskUseCase: topTasks 11, ComponentInfo{com.samsung.rtlassistant/com.samsung.rtlassistant.HeartbeatActivity}, DisplayId : 0
04-15 08:37:10.436   869   869 I SurfaceFlinger: destroyed com.henza.accountingv2/com.henza.accountingv2.MainActivity$_24683#146
04-15 08:37:10.436  1189  1272 D EnterpriseDeviceManagerService: isMdmAdminPresentInternal() : MDM Admin Found - com.samsung.rtlassistant
04-15 08:37:10.436   869   869 I SurfaceFlinger: [ActivityRecord{ab4741b u0 com.samsung.rtlassistant/.HeartbeatActivity t11}#148] attach to parent LayerHierarchy{RequestedLayerState{Task=11#147 parentId=11} 1 children}
04-15 08:37:10.436   869   869 I SurfaceFlinger: [Task=11#147] attach to parent LayerHierarchy{RequestedLayerState{DefaultTaskDisplayArea_d0#11 parentId=10} 6 children}
04-15 08:37:10.436   869   869 I Layer   : id=146 Destroyed com.henza.accountingv2/com.henza.accountingv2.MainActivity$_24683#146
04-15 08:37:10.437  1189  1272 D SGM:GameManager: identifyGamePackage. com.samsung.rtlassistant, mCurrentUserId: 0, callerUserId: 0, callingMethodInfo: com.samsung.android.game.SemGameManager.isGamePackage(SemGameManager.java:105)
04-15 08:37:10.437  1189  1272 D SGM:SemGameManager: isGamePackage(), pkgName=com.samsung.rtlassistant, ret=false
04-15 08:37:10.438  1189  1272 D SGM:FgCheckThread: noteResumeComponent(), received pkgName: com.samsung.rtlassistant, userId: 0
04-15 08:37:10.438  1189  1967 D SemWifiPackageInfo: isSkipCategory - skip:FAILED
04-15 08:37:10.438  1189  1967 D SemWifiTransportLayerMonitor.TcpMonitorHandler: MSG_SAVE_PACKAGE_INFO
04-15 08:37:10.438  1189  1967 D SemWifiTransportLayerFileManager: saveWifiPackageInfoToFile
04-15 08:37:10.438  1189  1967 D SemWifiTransportLayerFileManager: writeWifiPackageInfoList
04-15 08:37:10.439  1189  3930 V WindowManager: Collecting in transition 14: Task{f0d12f6 #11 type=standard I=com.samsung.rtlassistant/.HeartbeatActivity}, caller=com.android.server.wm.Transition.collectClose:12 com.android.server.wm.ActivityRecord.finishIfPossible:46 com.android.server.wm.ActivityClientController.finishActivity:225 android.app.IActivityClientController$Stub.onTransact:822 com.android.server.wm.ActivityClientController.onTransact:1 
04-15 08:37:10.439  3161  4572 I HoneySpace.HistoryViewModel@143533927@OneUI: Illegal access. Unknown type. skip load history items
04-15 08:37:10.439  6212 20507 I SDHMS:l : handleResumeComponent : put = com.samsung.rtlassistant, userid = 0 instanceid =77346551
04-15 08:37:10.440  1189  1789 D SGM:FgCheckThread: onLooperPrepared(), msg: MSG_APP_RESUME, pkgName: com.samsung.rtlassistant, userid: 0
04-15 08:37:10.440  1189  1789 D SGM:FgCheckThread: handleResume().
04-15 08:37:10.440  1189  1789 D SGM:SystemHelper: callReleaseBlock needReleaseBlock:false
04-15 08:37:10.441  8206  8206 I DecorView: setWindowBackground: isPopOver=false color=0 d=android.graphics.drawable.ColorDrawable@63e7062
04-15 08:37:10.443  1189  1910 I CocktailBarManagerServiceContainer: handleMessage: entry what = 5
04-15 08:37:10.443  1189  1789 D SGM:FgCheckThread:   handleResume(). device is locked yet. ignore
04-15 08:37:10.443  3161  3161 I HoneySpace.EdgePanel.CocktailHostRepositoryImpl: onNoteResume
04-15 08:37:10.443  3161  3161 I HoneySpace.EdgePanel.EdgeContainerViewModel: cocktailHostRepository.edgePanelOperation NoteResumeComponent(componentName=ComponentInfo{com.samsung.rtlassistant/com.samsung.rtlassistant.HeartbeatActivity})
04-15 08:37:10.443  3161  4572 I HoneySpace.EdgePanel.ActivityUtils: HomePackage : com.sec.android.app.launcher, resumePackageName : com.samsung.rtlassistant
04-15 08:37:10.445  1189  8725 W UserManagerService: Requested status bar icon for non-badged user 0
04-15 08:37:10.445  1189  8725 D WindowManager: takeScreenshotToTargetWindow: display=0, target=0, containsTarget=false, crop=Rect(0, 0 - 0, 0), w=540, h=1170, useIdentityTransform=true, ignorePolicy=false, caller=com.android.server.wm.WindowManagerService.takeScreenshotToTargetWindowFromCapture:53 com.android.server.wm.WindowManagerService.takeScreenshotToTargetWindow:14 android.view.IWindowManager$Stub.onTransact:3954 
04-15 08:37:10.445  1189  3904 V WindowManager: Collecting in transition 14: ActivityRecord{9621f7c u0 com.henza.accountingv2/.MainActivity t10}, caller=com.android.server.wm.TransitionController.collect:7 com.android.server.wm.ActivityRecord.setVisibility:189 com.android.server.wm.TaskFragment.resumeTopActivity:1735 com.android.server.wm.Task.resumeTopActivityInnerLocked:98 com.android.server.wm.Task.resumeTopActivityUncheckedLocked:23 
04-15 08:37:10.445  1189  3904 D WindowManager: prepareSync <SYNC_STATE_WAITING_FOR_DRAW>, mPrepareSyncSeqId=0, win=Window{a205c0f u0 com.henza.accountingv2/com.henza.accountingv2.MainActivity}
04-15 08:37:10.445  1189  3904 V WindowManager: Setting visibility of Window{a205c0f u0 com.henza.accountingv2/com.henza.accountingv2.MainActivity}: true, caller=com.android.server.wm.WindowContainer.sendAppVisibilityToClients:19 com.android.server.wm.WindowToken.setClientVisible:49 com.android.server.wm.ActivityRecord.setVisibility:392 com.android.server.wm.TaskFragment.resumeTopActivity:1735 com.android.server.wm.Task.resumeTopActivityInnerLocked:98 
04-15 08:37:10.446  1189  3904 D SGM:FgCheckThread: TaskStackListener.onTaskFocusChanged(), taskId=11, focused=false
04-15 08:37:10.446 24683 24683 I VRI[MainActivity]@c1a52c0: handleAppVisibility mAppVisible = false visible = true
04-15 08:37:10.446  1189  3904 D SGM:FgCheckThread: TaskStackListener.onTaskFocusChanged(), taskId=10, focused=true
04-15 08:37:10.446  1189  3904 D SGM:FgCheckThread:   sendRunningComponentFocus(), pkgName: com.henza.accountingv2, userId: 0
04-15 08:37:10.446  1189  3904 D InputDispatcher: Focused application(0): ActivityRecord{9621f7c u0 com.henza.accountingv2/.MainActivity t10}
04-15 08:37:10.446  1189  1789 D SGM:FgCheckThread: onLooperPrepared(), msg: MSG_TASK_FOCUSED, pkgName: com.henza.accountingv2, userId: 0
04-15 08:37:10.446  1189  1789 D SGM:FgCheckThread: handleTaskFocused().
04-15 08:37:10.446  1189  1789 D SGM:FgCheckThread: sendFocusOutConditionally() - mPrevNotiPkg: (unknown), userId: 0
04-15 08:37:10.446  1189  1789 D SGM:FgCheckThread:   handleTaskFocused(), pkgName: com.henza.accountingv2, userID:0 mResumedPkgMap does not containsKey.
04-15 08:37:10.446  1189  1881 D AS.MultiSoundManager: mForegroundUid = 10337
04-15 08:37:10.446  1189  3904 D ActivityTaskManager: scheduleTopResumedActivityChanged, onTop=true, r=ActivityRecord{9621f7c u0 com.henza.accountingv2/.MainActivity t10}, caller=com.android.server.wm.ActivityTaskSupervisor.updateTopResumedActivityIfNeeded:62 com.android.server.wm.TaskFragment.setResumedActivity:29 com.android.server.wm.ActivityRecord.setState:104 com.android.server.wm.TaskFragment.resumeTopActivity:1817 com.android.server.wm.Task.resumeTopActivityInnerLocked:98 com.android.server.wm.Task.resumeTopActivityUncheckedLocked:23 
04-15 08:37:10.449  1189  3904 V WindowManager: Collecting in transition 14: ActivityRecord{9621f7c u0 com.henza.accountingv2/.MainActivity t10}, caller=com.android.server.wm.TransitionController.collect:7 com.android.server.wm.ActivityRecord.setVisibility:189 com.android.server.wm.ActivityRecord.makeInvisible:39 com.android.server.wm.EnsureActivitiesVisibleHelper.process:637 com.android.server.wm.TaskFragment.updateActivityVisibilities:12 
04-15 08:37:10.451  3161  3297 I HoneySpace.TopTaskSource: onTaskMovedToFront : taskId = 10
04-15 08:37:10.451  3161 17743 I HoneySpace.RecentTasks: onRecentTasksChanged
04-15 08:37:10.451  3161  3300 I HoneySpace.TopTaskUseCase: topTasks 10, ComponentInfo{com.henza.accountingv2/com.henza.accountingv2.MainActivity}, DisplayId : 0
04-15 08:37:10.453   869   869 I BpBinder: onLastStrongRef automatically unlinking death recipients: 
04-15 08:37:10.454  1189  3904 V WindowManager: Computed rotation=ROTATION_0 (0) for display id=0 based on lastOrientation=SCREEN_ORIENTATION_NOSENSOR (5) and oldRotation=ROTATION_0 (0), caller=com.android.server.wm.DisplayRotation.updateOrientation:25 com.android.server.wm.DisplayContent.updateOrientation:65 com.android.server.wm.DisplayContent.updateOrientation:11 com.android.server.wm.RootWindowContainer.ensureVisibilityAndConfig:7 com.android.server.wm.TaskFragment.resumeTopActivity:1836 com.android.server.wm.Task.resumeTopActivityInnerLocked:98 
04-15 08:37:10.456  1189  3904 D ActivityTaskManager: scheduleTopResumedActivityChanged, onTop=false, r=ActivityRecord{9621f7c u0 com.henza.accountingv2/.MainActivity t10}, caller=com.android.server.wm.ActivityTaskSupervisor.scheduleTopResumedActivityStateLossIfNeeded:11 com.android.server.wm.ActivityTaskSupervisor.updateTopResumedActivityIfNeeded:19 com.android.server.wm.TaskFragment.setResumedActivity:29 com.android.server.wm.ActivityRecord.setState:95 com.android.server.wm.TaskFragment.startPausing$1:210 com.android.server.wm.Task$$ExternalSyntheticLambda3.accept:271 
04-15 08:37:10.459 24683 24683 I VRI[MainActivity]@c1a52c0: stopped(false) old = true
04-15 08:37:10.459 24683 24683 D VRI[MainActivity]@c1a52c0: WindowStopped on com.henza.accountingv2/com.henza.accountingv2.MainActivity set to false
04-15 08:37:10.459  1189  3904 V WindowManager: SyncGroup 14: Finished!
04-15 08:37:10.460  1189  3904 D ChangeTransitionController: onTransactionReady: TransitionRecord{4cdf391 id=14 type=OPEN flags=0x0}
04-15 08:37:10.460  1189  3904 V WindowManager: Start calculating TransitionInfo based on participants: {ActivityRecord{9621f7c u0 com.henza.accountingv2/.MainActivity t10}, Task{a476005 #10 type=standard A=10337:com.henza.accountingv2}, ActivityRecord{ab4741b u0 com.samsung.rtlassistant/.HeartbeatActivity t11 f}}, Task{f0d12f6 #11 type=standard I=com.samsung.rtlassistant/.HeartbeatActivity}}
04-15 08:37:10.460  1189  3904 V WindowManager:   Final targets: []
04-15 08:37:10.460  1189  3904 V WindowManager: Calling onTransitionReady: {id=14 t=OPEN f=0x40 trk=0 r=[] c=[]}
04-15 08:37:10.460 24683 24683 D FirebaseSessions: App foregrounded on com.henza.accountingv2
04-15 08:37:10.460  2035  4009 V WindowManagerShell: onTransitionReady(transaction=5106716115694)
04-15 08:37:10.461  1189  1261 V WindowManager: Sent Transition (#14) createdAt=04-15 08:37:10.420 via request=TransitionRequestInfo { type = OPEN, triggerTask = TaskInfo{userId=0 taskId=11 displayId=0 isRunning=true baseIntent=Intent { dat=heartbeat://d8f1cc71-94b4-4fb7-bdbf-38bb7e8405ba/... flg=0x18800000 cmp=com.samsung.rtlassistant/.HeartbeatActivity } baseActivity=ComponentInfo{com.samsung.rtlassistant/com.samsung.rtlassistant.HeartbeatActivity} topActivity=ComponentInfo{com.samsung.rtlassistant/com.samsung.rtlassistant.HeartbeatActivity} origActivity=null realActivity=ComponentInfo{com.samsung.rtlassistant/com.samsung.rtlassistant.HeartbeatActivity} numActivities=1 lastActiveTime=4834236 supportsMultiWindow=true resizeMode=1 isResizeable=true minWidth=-1 minHeight=-1 maxWidth=-1 maxHeight=-1 defaultMinSize=220 token=WCT{RemoteToken{fc1e301 Task{f0d12f6 #11 type=standard I=com.samsung.rtlassistant/.HeartbeatActivity}}} topActivityType=1 pictureInPictureParams=null shouldDockBigOverlays=false launchIntoPipHostTaskId=-1 lastParentTaskIdBeforePip=-1 displayCutoutSafeInsets=Rect(0, 91 - 0, 0) topActivityInfo=ActivityInfo{c7e25a6 com.samsung.rtlassistant.HeartbeatActivity} launchCookies=[] positionInParent=Point(0, 0) parentTaskId=-1 isFocused=true isVisible=false isVisibleRequested=false isSleeping=true topActivityInSizeCompat=false locusId=null displayAreaFeatureId=1 isTopActivityTransparent=true isTopActivityStyleFloating=false appCompatTaskInfo=AppCompatTaskInfo { topActivityInSizeCompat=false eligibleForLetterboxEducation= false isLetterboxEducationEnabled= false isLetterboxDoubleTapEnabled= false eligibleForUserAspectRatioButton= false topActivityBoundsLetterboxed= false isFromLetterboxDoubleTap= false topActivityLetterboxVerticalPosition= -1 topActivityLetterboxHorizontalPosition= -1 topActivityLetterboxWidth=1080 topActivityLetterboxHeight=2340 topActivityLetterboxAppWidth=1080 topActivityLetterboxAppHeight=2340 isUserFullscreenOverrideEnabled=false isSystemFullscreenOverrideEnabled=false hasMinAspectRatioOverride=false cameraCompatTaskInfo=CameraCompatTaskInfo { freeformCameraCompatMode=inactive} topActivityBounds=null topActivityInDisplayCompat=false} originallySupportedMultiWindow=true hasWallpaper=false rootAffinity=null isTopTaskInStage=false topActivityUiMode=17 CoverLauncherWidgetTask=false isAllowedSeamlessRotation=false isTopTransparentActivity=false snappingGuideBounds=Rect(81, 558 - 999, 1728) isAliasManaged=false hasConfigChanged=false isAiKeyRemoveAppTask=false}, pipTask = null, remoteTransition = null, displayChange = null, flags = 0, debugId = 14 }
04-15 08:37:10.461 24683 24683 W unknown:BridgelessReact: ReactHost{0}.onHostResume(activity)
04-15 08:37:10.461 24683 24683 W unknown:BridgelessReact: ReactHost{0}.ReactContext.onHostResume()
04-15 08:37:10.461  1189  1261 V WindowManager:     startWCT=WindowContainerTransaction { changes = {} hops = [] errorCallbackToken=null taskFragmentOrganizer=null }
04-15 08:37:10.461  1189  1261 V WindowManager:     info={id=14 t=OPEN f=0x40 trk=0 r=[] c=[]}
04-15 08:37:10.461  1189  8725 D RestrictionPolicy: isScreenCaptureEnabled : ret=true userId=0
04-15 08:37:10.462  1189  8725 D RestrictionPolicy: isScreenCaptureEnabled : ret=true userId=0
04-15 08:37:10.462  1189  8725 D RestrictionPolicy: isScreenCaptureEnabled : ret=true userId=0
04-15 08:37:10.462  1189  8725 D WindowManager: takeScreenshotToTargetWindow: targetSurface=null, sourceCrop=Rect(0, 0 - 0, 0)
04-15 08:37:10.462  1189  1967 D SemWifiPackageInfo: isSkipCategory - skip:FAILED
04-15 08:37:10.462  1189  1967 D SemWifiTransportLayerMonitor.TcpMonitorHandler: MSG_SAVE_PACKAGE_INFO
04-15 08:37:10.462  1189  1967 D SemWifiTransportLayerFileManager: saveWifiPackageInfoToFile
04-15 08:37:10.462  1189  1967 D SemWifiTransportLayerFileManager: writeWifiPackageInfoList
04-15 08:37:10.463  2035  2555 V WindowManagerShell: onTransitionReady (#14) android.os.BinderProxy@30a23c: {id=14 t=OPEN f=0x40 trk=0 r=[] c=[]}
04-15 08:37:10.463  2035  2555 V WindowManagerShell: No transition roots in (#14) android.os.BinderProxy@30a23c@0 so abort
04-15 08:37:10.463  1189  1272 D SGM:FgCheckThread: notePauseComponent(), received pkgName: com.samsung.rtlassistant, userId: 0
04-15 08:37:10.463  1189  1272 D SGM:FgCheckThread: notePauseComponent(), received pkgName: com.samsung.rtlassistant, userId: 0
04-15 08:37:10.463  1189  1272 D SGM:FgCheckThread: notifyFocusInOut(). of pkg: com.samsung.rtlassistant, type: 20, isSecGameFamily: false, userId: 0
04-15 08:37:10.463  2035  2555 I SurfaceControlRegistry: apply, t=StartTransaction_SyncId<14>, caller=android.view.SurfaceControl$Transaction.apply:3135 android.view.SurfaceControl$Transaction.apply:3122 android.view.SurfaceControl$Transaction.apply:3078 com.android.wm.shell.transition.Transitions.processReadyQueue:240 com.android.wm.shell.transition.Transitions.onAbort:54 com.android.wm.shell.transition.Transitions.dispatchReady:225 
04-15 08:37:10.463  2035  2555 V WindowManagerShell: Transition animation finished (aborted=true), notifying core (#14) android.os.BinderProxy@30a23c@0
04-15 08:37:10.464  1189  1272 D SGM:GameManager: identifyGamePackage. com.samsung.rtlassistant, mCurrentUserId: 0, callerUserId: 0, callingMethodInfo: com.samsung.android.game.SemGameManager.isGamePackage(SemGameManager.java:105)
04-15 08:37:10.464  2035  2555 I SurfaceControlRegistry: apply, t=FinishTransaction_SyncId<14>, caller=android.view.SurfaceControl$Transaction.apply:3135 android.view.SurfaceControl$Transaction.apply:3122 android.view.SurfaceControl$Transaction.apply:3078 com.android.wm.shell.transition.Transitions.onFinish:308 com.android.wm.shell.transition.Transitions.processReadyQueue:246 com.android.wm.shell.transition.Transitions.onAbort:54 
04-15 08:37:10.464  1189  1272 D SGM:SemGameManager: isGamePackage(), pkgName=com.samsung.rtlassistant, ret=false
04-15 08:37:10.464  1189  1272 D SGM:FgCheckThread:   notifyFocusInOut(). unexpected type. 20
04-15 08:37:10.464  3161 17743 I HoneySpace.HistoryViewModel@143533927@OneUI: Illegal access. Unknown type. skip load history items
04-15 08:37:10.464  1189  1910 I CocktailBarManagerServiceContainer: handleMessage: entry what = 6
04-15 08:37:10.464   869   944 D RenderEngine: [SEC_SF_EFFECTS] drawLayersInternal,1313, Rendering layer  at index 0
04-15 08:37:10.465  3161  3297 I HoneySpace.TopTaskSource: onTaskFocusChanged(): taskId = 10
04-15 08:37:10.465  3161  3297 I HoneySpace.TopTaskSource: onTaskMovedToFront : taskId = 10
04-15 08:37:10.466  1189  3930 V WindowManager: Finish Transition: TransitionRecord{4cdf391 id=14 type=OPEN flags=0x40}, caller=com.android.server.wm.WindowOrganizerController.finishTransitionInner:26 com.android.server.wm.WindowOrganizerController.finishAllTransitions:59 android.window.IWindowOrganizerController$Stub.onTransact:311 
04-15 08:37:10.466  1189  1261 V WindowManager: Finish Transition (#14): created at 04-15 08:37:10.420 collect-started=0.3ms request-sent=8.408ms started=10.476ms ready=10.463ms sent=40.033ms finished=45.596ms
04-15 08:37:10.466  1189  8725 D WindowManager: takeScreenshotToTargetWindow, bitmap=android.graphics.Bitmap@556f632, failedReason=, caller=com.android.server.wm.WindowManagerService.takeScreenshotToTargetWindowFromCapture:53 com.android.server.wm.WindowManagerService.takeScreenshotToTargetWindow:14 android.view.IWindowManager$Stub.onTransact:3954 com.android.server.wm.WindowManagerService.onTransact:1 android.os.Binder.execTransactInternal:1536 android.os.Binder.execTransact:1480 
