04-15 13:57:38.671  1182  2712 D WindowManager: takeScreenshotToTargetWindow: display=0, target=0, containsTarget=false, crop=Rect(0, 0 - 0, 0), w=540, h=1170, useIdentityTransform=true, ignorePolicy=false, caller=com.android.server.wm.WmScreenshotController.takeScreenshotToTargetWindow:653 com.android.server.wm.WindowManagerService.takeScreenshotToTargetWindowFromCapture:10842 com.android.server.wm.WindowManagerService.takeScreenshotToTargetWindow:10821 
04-15 13:57:38.671  1182  2712 D RestrictionPolicy: isScreenCaptureEnabled : ret=true userId=0
04-15 13:57:38.671  1182  2712 D RestrictionPolicy: isScreenCaptureEnabled : ret=true userId=0
04-15 13:57:38.671  1182  2712 D RestrictionPolicy: isScreenCaptureEnabled : ret=true userId=0
04-15 13:57:38.671  1182  2712 D WindowManager: takeScreenshotToTargetWindow: targetSurface=null, sourceCrop=Rect(0, 0 - 0, 0)
04-15 13:57:38.677   893   934 D RenderEngine: [SEC_GC_CMN_SF_EFFECTS] drawLayersInternal,1296, Rendering layer  at index 0
04-15 13:57:38.681  1182  2712 D WindowManager: takeScreenshotToTargetWindow, bitmap=android.graphics.Bitmap@99560cd, failedReason=, caller=com.android.server.wm.WindowManagerService.takeScreenshotToTargetWindowFromCapture:10842 com.android.server.wm.WindowManagerService.takeScreenshotToTargetWindow:10821 android.view.IWindowManager$Stub.onTransact:3612 com.android.server.wm.WindowManagerService.onTransact:1543 android.os.Binder.execTransactInternal:1375 android.os.Binder.execTransact:1311 
04-15 13:57:38.739  1182  2712 D WindowManager: takeScreenshotToTargetWindow: display=0, target=0, containsTarget=false, crop=Rect(0, 0 - 0, 0), w=540, h=1170, useIdentityTransform=true, ignorePolicy=false, caller=com.android.server.wm.WmScreenshotController.takeScreenshotToTargetWindow:653 com.android.server.wm.WindowManagerService.takeScreenshotToTargetWindowFromCapture:10842 com.android.server.wm.WindowManagerService.takeScreenshotToTargetWindow:10821 
04-15 13:57:38.739  1182  2712 D RestrictionPolicy: isScreenCaptureEnabled : ret=true userId=0
04-15 13:57:38.739  1182  2712 D RestrictionPolicy: isScreenCaptureEnabled : ret=true userId=0
04-15 13:57:38.739  1182  2712 D RestrictionPolicy: isScreenCaptureEnabled : ret=true userId=0
04-15 13:57:38.739  1182  2712 D WindowManager: takeScreenshotToTargetWindow: targetSurface=null, sourceCrop=Rect(0, 0 - 0, 0)
04-15 13:57:38.741   893   934 D RenderEngine: [SEC_GC_CMN_SF_EFFECTS] drawLayersInternal,1296, Rendering layer  at index 0
04-15 13:57:38.744  1182  2712 D WindowManager: takeScreenshotToTargetWindow, bitmap=android.graphics.Bitmap@3a6dd82, failedReason=, caller=com.android.server.wm.WindowManagerService.takeScreenshotToTargetWindowFromCapture:10842 com.android.server.wm.WindowManagerService.takeScreenshotToTargetWindow:10821 android.view.IWindowManager$Stub.onTransact:3612 com.android.server.wm.WindowManagerService.onTransact:1543 android.os.Binder.execTransactInternal:1375 android.os.Binder.execTransact:1311 
04-15 13:57:38.764  1682  1682 I KeyguardFingerprint: Waiting window focus change
04-15 13:57:38.765  1682  1682 D KeyguardFingerprint: updateFingerprintListeningState#mFingerprintRunningState=0 shouldListenForFingerprint=false isUdfpsEnrolled=false bioType : 0
04-15 13:57:38.794  1182  2712 D WindowManager: takeScreenshotToTargetWindow: display=0, target=0, containsTarget=false, crop=Rect(0, 0 - 0, 0), w=540, h=1170, useIdentityTransform=true, ignorePolicy=false, caller=com.android.server.wm.WmScreenshotController.takeScreenshotToTargetWindow:653 com.android.server.wm.WindowManagerService.takeScreenshotToTargetWindowFromCapture:10842 com.android.server.wm.WindowManagerService.takeScreenshotToTargetWindow:10821 
04-15 13:57:38.796  1182  2712 D RestrictionPolicy: isScreenCaptureEnabled : ret=true userId=0
04-15 13:57:38.797  1182  2712 D RestrictionPolicy: isScreenCaptureEnabled : ret=true userId=0
04-15 13:57:38.798  1182  2712 D RestrictionPolicy: isScreenCaptureEnabled : ret=true userId=0
04-15 13:57:38.800  1182  2712 D WindowManager: takeScreenshotToTargetWindow: targetSurface=null, sourceCrop=Rect(0, 0 - 0, 0)
04-15 13:57:38.803   893   934 D RenderEngine: [SEC_GC_CMN_SF_EFFECTS] drawLayersInternal,1296, Rendering layer  at index 0
04-15 13:57:38.806  1182  2712 D WindowManager: takeScreenshotToTargetWindow, bitmap=android.graphics.Bitmap@a161c93, failedReason=, caller=com.android.server.wm.WindowManagerService.takeScreenshotToTargetWindowFromCapture:10842 com.android.server.wm.WindowManagerService.takeScreenshotToTargetWindow:10821 android.view.IWindowManager$Stub.onTransact:3612 com.android.server.wm.WindowManagerService.onTransact:1543 android.os.Binder.execTransactInternal:1375 android.os.Binder.execTransact:1311 
04-15 13:57:38.847 24670 24670 D AndroidRuntime: >>>>>> START com.android.internal.os.RuntimeInit uid 2000 <<<<<<
04-15 13:57:38.856 24670 24670 I AndroidRuntime: Using default boot image
04-15 13:57:38.856 24670 24670 I AndroidRuntime: Leaving lock profiling enabled
04-15 13:57:38.857  1182  2712 D WindowManager: takeScreenshotToTargetWindow: display=0, target=0, containsTarget=false, crop=Rect(0, 0 - 0, 0), w=540, h=1170, useIdentityTransform=true, ignorePolicy=false, caller=com.android.server.wm.WmScreenshotController.takeScreenshotToTargetWindow:653 com.android.server.wm.WindowManagerService.takeScreenshotToTargetWindowFromCapture:10842 com.android.server.wm.WindowManagerService.takeScreenshotToTargetWindow:10821 
04-15 13:57:38.857  1182  2712 D RestrictionPolicy: isScreenCaptureEnabled : ret=true userId=0
04-15 13:57:38.857  1182  2712 D RestrictionPolicy: isScreenCaptureEnabled : ret=true userId=0
04-15 13:57:38.857  1182  2712 D RestrictionPolicy: isScreenCaptureEnabled : ret=true userId=0
04-15 13:57:38.857  1182  2712 D WindowManager: takeScreenshotToTargetWindow: targetSurface=null, sourceCrop=Rect(0, 0 - 0, 0)
04-15 13:57:38.858 24670 24670 D SecNativeFeatureCppIf: encoded
04-15 13:57:38.859 24670 24670 D SecNativeFeatureCppIf: decoding and unzip finish
04-15 13:57:38.859 24670 24670 D SecNativeFeatureCppIf: use unCompDataBuff. encoded
04-15 13:57:38.859 24670 24670 D SecNativeFeatureCppIf: Free unCompDataBuff
04-15 13:57:38.859 24670 24670 D AndroidRuntime: addProductProperty not brand or 7
04-15 13:57:38.859   893   934 D RenderEngine: [SEC_GC_CMN_SF_EFFECTS] drawLayersInternal,1296, Rendering layer  at index 0
04-15 13:57:38.862  1182  2712 D WindowManager: takeScreenshotToTargetWindow, bitmap=android.graphics.Bitmap@4d124d0, failedReason=, caller=com.android.server.wm.WindowManagerService.takeScreenshotToTargetWindowFromCapture:10842 com.android.server.wm.WindowManagerService.takeScreenshotToTargetWindow:10821 android.view.IWindowManager$Stub.onTransact:3612 com.android.server.wm.WindowManagerService.onTransact:1543 android.os.Binder.execTransactInternal:1375 android.os.Binder.execTransact:1311 
04-15 13:57:38.863 24670 24670 I app_process: Using CollectorTypeCMC GC.
04-15 13:57:38.868  1182  1203 I system_server: NativeAlloc concurrent mark compact GC freed 27055(1924KB) AllocSpace objects, 0(0B) LOS objects, 24% free, 74MB/98MB, paused 1.083ms,2.017ms total 187.564ms
04-15 13:57:38.869  1182  1205 W System  : A resource failed to call HardwareBuffer.close. 
04-15 13:57:38.869  1182  1205 W System  : A resource failed to call HardwareBuffer.close. 
04-15 13:57:38.869  1182  1205 W System  : A resource failed to call HardwareBuffer.close. 
04-15 13:57:38.869  1182  1205 W System  : A resource failed to call HardwareBuffer.close. 
04-15 13:57:38.869  1182  1205 W System  : A resource failed to call HardwareBuffer.close. 
04-15 13:57:38.869  1182  1205 W System  : A resource failed to call HardwareBuffer.close. 
04-15 13:57:38.869  1182  1205 W System  : A resource failed to call HardwareBuffer.close. 
04-15 13:57:38.869  1182  1205 W System  : A resource failed to call HardwareBuffer.close. 
04-15 13:57:38.869  1182  1205 W System  : A resource failed to call HardwareBuffer.close. 
04-15 13:57:38.869  1182  1205 W System  : A resource failed to call HardwareBuffer.close. 
04-15 13:57:38.869  1182  1205 W System  : A resource failed to call HardwareBuffer.close. 
04-15 13:57:38.869  1182  1205 W System  : A resource failed to call HardwareBuffer.close. 
04-15 13:57:38.869  1182  1205 W System  : A resource failed to call HardwareBuffer.close. 
04-15 13:57:38.869  1182  1205 W System  : A resource failed to call HardwareBuffer.close. 
04-15 13:57:38.869  1182  1205 W System  : A resource failed to call HardwareBuffer.close. 
04-15 13:57:38.869  1182  1205 W System  : A resource failed to call HardwareBuffer.close. 
04-15 13:57:38.869  1182  1205 W System  : A resource failed to call HardwareBuffer.close. 
04-15 13:57:38.869  1182  1205 W System  : A resource failed to call HardwareBuffer.close. 
04-15 13:57:38.869  1182  1205 W System  : A resource failed to call HardwareBuffer.close. 
04-15 13:57:38.869  1182  1205 W System  : A resource failed to call HardwareBuffer.close. 
04-15 13:57:38.869  1182  1205 W System  : A resource failed to call HardwareBuffer.close. 
04-15 13:57:38.869  1182  1205 W System  : A resource failed to call HardwareBuffer.close. 
04-15 13:57:38.869  1182  1205 W System  : A resource failed to call HardwareBuffer.close. 
04-15 13:57:38.904  1182  2712 D WindowManager: takeScreenshotToTargetWindow: display=0, target=0, containsTarget=false, crop=Rect(0, 0 - 0, 0), w=540, h=1170, useIdentityTransform=true, ignorePolicy=false, caller=com.android.server.wm.WmScreenshotController.takeScreenshotToTargetWindow:653 com.android.server.wm.WindowManagerService.takeScreenshotToTargetWindowFromCapture:10842 com.android.server.wm.WindowManagerService.takeScreenshotToTargetWindow:10821 
04-15 13:57:38.904  1182  2712 D RestrictionPolicy: isScreenCaptureEnabled : ret=true userId=0
04-15 13:57:38.904  1182  2712 D RestrictionPolicy: isScreenCaptureEnabled : ret=true userId=0
04-15 13:57:38.904  1182  2712 D RestrictionPolicy: isScreenCaptureEnabled : ret=true userId=0
04-15 13:57:38.904  1182  2712 D WindowManager: takeScreenshotToTargetWindow: targetSurface=null, sourceCrop=Rect(0, 0 - 0, 0)
04-15 13:57:38.906   893   934 D RenderEngine: [SEC_GC_CMN_SF_EFFECTS] drawLayersInternal,1296, Rendering layer  at index 0
04-15 13:57:38.908  1182  2712 D WindowManager: takeScreenshotToTargetWindow, bitmap=android.graphics.Bitmap@f243cc9, failedReason=, caller=com.android.server.wm.WindowManagerService.takeScreenshotToTargetWindowFromCapture:10842 com.android.server.wm.WindowManagerService.takeScreenshotToTargetWindow:10821 android.view.IWindowManager$Stub.onTransact:3612 com.android.server.wm.WindowManagerService.onTransact:1543 android.os.Binder.execTransactInternal:1375 android.os.Binder.execTransact:1311 
04-15 13:57:38.953  1182  2712 D WindowManager: takeScreenshotToTargetWindow: display=0, target=0, containsTarget=false, crop=Rect(0, 0 - 0, 0), w=540, h=1170, useIdentityTransform=true, ignorePolicy=false, caller=com.android.server.wm.WmScreenshotController.takeScreenshotToTargetWindow:653 com.android.server.wm.WindowManagerService.takeScreenshotToTargetWindowFromCapture:10842 com.android.server.wm.WindowManagerService.takeScreenshotToTargetWindow:10821 
04-15 13:57:38.954  1182  2712 D RestrictionPolicy: isScreenCaptureEnabled : ret=true userId=0
04-15 13:57:38.954  1182  2712 D RestrictionPolicy: isScreenCaptureEnabled : ret=true userId=0
04-15 13:57:38.954  1182  2712 D RestrictionPolicy: isScreenCaptureEnabled : ret=true userId=0
04-15 13:57:38.954  1182  2712 D WindowManager: takeScreenshotToTargetWindow: targetSurface=null, sourceCrop=Rect(0, 0 - 0, 0)
04-15 13:57:38.956   893   934 D RenderEngine: [SEC_GC_CMN_SF_EFFECTS] drawLayersInternal,1296, Rendering layer  at index 0
04-15 13:57:38.956  8941  8941 W ContextImpl: Calling a method in the system process without a qualified user: android.app.ContextImpl.startActivity:1144 android.content.ContextWrapper.startActivity:445 com.samsung.rtlassistant.utils.ActivityControllerManager$HeartbeatTask.runHeartbeat:24 com.samsung.rtlassistant.utils.ActivityControllerManager$HeartbeatTask.run:2 android.os.Handler.handleCallback:958 
04-15 13:57:38.957  8941  8941 W ContextImpl: Calling a method in the system process without a qualified user: android.app.ContextImpl.startActivity:1156 android.app.ContextImpl.startActivity:1145 android.content.ContextWrapper.startActivity:445 com.samsung.rtlassistant.utils.ActivityControllerManager$HeartbeatTask.runHeartbeat:24 com.samsung.rtlassistant.utils.ActivityControllerManager$HeartbeatTask.run:2 
04-15 13:57:38.957  1182  4164 D ActivityTaskManager: startActivityAsUser: callingPid=8941, callingUid=1000, caller=com.android.server.wm.ActivityTaskManagerService.startActivityAsUser:1870 com.android.server.wm.ActivityTaskManagerService.startActivity:1844 android.app.IActivityTaskManager$Stub.onTransact:1369 com.android.server.wm.ActivityTaskManagerService.onTransact:7025 android.os.Binder.execTransactInternal:1375 android.os.Binder.execTransact:1311 <bottom of call stack> 
04-15 13:57:38.958  1182  1239 I ChimeraSystemEventListener: appLaunchIntent package name is: com.samsung.rtlassistant
04-15 13:57:38.959  1182  2712 D WindowManager: takeScreenshotToTargetWindow, bitmap=android.graphics.Bitmap@9694fce, failedReason=, caller=com.android.server.wm.WindowManagerService.takeScreenshotToTargetWindowFromCapture:10842 com.android.server.wm.WindowManagerService.takeScreenshotToTargetWindow:10821 android.view.IWindowManager$Stub.onTransact:3612 com.android.server.wm.WindowManagerService.onTransact:1543 android.os.Binder.execTransactInternal:1375 android.os.Binder.execTransact:1311 
04-15 13:57:38.960  1182  4164 I ActivityTaskManager: START u0 {dat=heartbeat://babfa8cd-0afe-4981-9af8-ebf6baa84e39/... flg=0x18800000 cmp=com.samsung.rtlassistant/.HeartbeatActivity} with LAUNCH_MULTIPLE from uid 1000 (BAL_ALLOW_ALLOWLISTED_UID) result code=102
04-15 13:57:38.960  1182  4164 I Pageboost: stop alp
04-15 13:57:38.960  1182  4164 D ActivityTaskManager: startActivity: reason=startActivityAsUser, result=102
04-15 13:57:38.960  3245  3245 E pageboostd: Received HALT command code 2
04-15 13:57:38.987 24670 24670 D nativeloader: InitDefaultPublicLibraries for_preload=1: libandroid.so:libaaudio.so:libamidi.so:libbinder_ndk.so:libc.so:libcamera2ndk.so:libdl.so:libEGL.so:libGLESv1_CM.so:libGLESv2.so:libGLESv3.so:libicu.so:libicui18n.so:libicuuc.so:libjnigraphics.so:liblog.so:libmediandk.so:libm.so:libnativehelper.so:libnativewindow.so:libOpenMAXAL.so:libOpenSLES.so:libRS.so:libstdc++.so:libsync.so:libvulkan.so:libwebviewchromium_plat_support.so:libz.so
04-15 13:57:39.001  1182  2712 D WindowManager: takeScreenshotToTargetWindow: display=0, target=0, containsTarget=false, crop=Rect(0, 0 - 0, 0), w=540, h=1170, useIdentityTransform=true, ignorePolicy=false, caller=com.android.server.wm.WmScreenshotController.takeScreenshotToTargetWindow:653 com.android.server.wm.WindowManagerService.takeScreenshotToTargetWindowFromCapture:10842 com.android.server.wm.WindowManagerService.takeScreenshotToTargetWindow:10821 
04-15 13:57:39.001  1182  2712 D RestrictionPolicy: isScreenCaptureEnabled : ret=true userId=0
04-15 13:57:39.001  1182  2712 D RestrictionPolicy: isScreenCaptureEnabled : ret=true userId=0
04-15 13:57:39.001  1182  2712 D RestrictionPolicy: isScreenCaptureEnabled : ret=true userId=0
04-15 13:57:39.001  1182  2712 D WindowManager: takeScreenshotToTargetWindow: targetSurface=null, sourceCrop=Rect(0, 0 - 0, 0)
04-15 13:57:39.003   893   934 D RenderEngine: [SEC_GC_CMN_SF_EFFECTS] drawLayersInternal,1296, Rendering layer  at index 0
04-15 13:57:39.005  1182  2712 D WindowManager: takeScreenshotToTargetWindow, bitmap=android.graphics.Bitmap@f7beeef, failedReason=, caller=com.android.server.wm.WindowManagerService.takeScreenshotToTargetWindowFromCapture:10842 com.android.server.wm.WindowManagerService.takeScreenshotToTargetWindow:10821 android.view.IWindowManager$Stub.onTransact:3612 com.android.server.wm.WindowManagerService.onTransact:1543 android.os.Binder.execTransactInternal:1375 android.os.Binder.execTransact:1311 
04-15 13:57:39.010 24670 24670 D app_process: Time zone APEX ICU file found: /apex/com.android.tzdata/etc/icu/icu_tzdata.dat
04-15 13:57:39.010 24670 24670 D app_process: I18n APEX ICU file found: /apex/com.android.i18n/etc/icu/icudt72l.dat
04-15 13:57:39.045  1182  2712 D WindowManager: takeScreenshotToTargetWindow: display=0, target=0, containsTarget=false, crop=Rect(0, 0 - 0, 0), w=540, h=1170, useIdentityTransform=true, ignorePolicy=false, caller=com.android.server.wm.WmScreenshotController.takeScreenshotToTargetWindow:653 com.android.server.wm.WindowManagerService.takeScreenshotToTargetWindowFromCapture:10842 com.android.server.wm.WindowManagerService.takeScreenshotToTargetWindow:10821 
04-15 13:57:39.045  1182  2712 D RestrictionPolicy: isScreenCaptureEnabled : ret=true userId=0
04-15 13:57:39.045  1182  2712 D RestrictionPolicy: isScreenCaptureEnabled : ret=true userId=0
04-15 13:57:39.045  1182  2712 D RestrictionPolicy: isScreenCaptureEnabled : ret=true userId=0
04-15 13:57:39.046  1182  2712 D WindowManager: takeScreenshotToTargetWindow: targetSurface=null, sourceCrop=Rect(0, 0 - 0, 0)
04-15 13:57:39.047   893   934 D RenderEngine: [SEC_GC_CMN_SF_EFFECTS] drawLayersInternal,1296, Rendering layer  at index 0
04-15 13:57:39.049  1182  2712 D WindowManager: takeScreenshotToTargetWindow, bitmap=android.graphics.Bitmap@66bbdfc, failedReason=, caller=com.android.server.wm.WindowManagerService.takeScreenshotToTargetWindowFromCapture:10842 com.android.server.wm.WindowManagerService.takeScreenshotToTargetWindow:10821 android.view.IWindowManager$Stub.onTransact:3612 com.android.server.wm.WindowManagerService.onTransact:1543 android.os.Binder.execTransactInternal:1375 android.os.Binder.execTransact:1311 
04-15 13:57:39.055 24670 24670 E SemDvfsManager_JNI: SemDvfsManager: registerfunction enter
04-15 13:57:39.055 24670 24670 E SemAffinityControl: SemAffinityControl: registerfunction enter
04-15 13:57:39.062 24670 24670 W libc    : Access denied finding property "ro.product.name_for_attestation"
04-15 13:57:39.062   753   753 E audit   : type=1400 audit(1776241659.058:800): avc:  denied  { read } for  pid=24670 comm="main" name="u:object_r:build_attestation_prop:s0" dev="tmpfs" ino=160 scontext=u:r:shell:s0 tcontext=u:object_r:build_attestation_prop:s0 tclass=file permissive=0 SEPF_SM-S721B_14_0001 audit_filtered
04-15 13:57:39.062 24670 24670 W libc    : Access denied finding property "ro.product.brand_for_attestation"
04-15 13:57:39.062 24670 24670 W libc    : Access denied finding property "ro.product.model_for_attestation"
04-15 13:57:39.062   753   753 E audit   : type=1400 audit(1776241659.058:801): avc:  denied  { read } for  pid=24670 comm="main" name="u:object_r:build_attestation_prop:s0" dev="tmpfs" ino=160 scontext=u:r:shell:s0 tcontext=u:object_r:build_attestation_prop:s0 tclass=file permissive=0 SEPF_SM-S721B_14_0001 audit_filtered
04-15 13:57:39.062   753   753 E audit   : type=1400 audit(1776241659.058:802): avc:  denied  { read } for  pid=24670 comm="main" name="u:object_r:build_attestation_prop:s0" dev="tmpfs" ino=160 scontext=u:r:shell:s0 tcontext=u:object_r:build_attestation_prop:s0 tclass=file permissive=0 SEPF_SM-S721B_14_0001 audit_filtered
04-15 13:57:39.064 24670 24670 D AndroidRuntime: Calling main entry com.android.commands.monkey.Monkey
04-15 13:57:39.064 24670 24670 W Monkey  : args: [-p, com.henza.accountingv2, -c, android.intent.category.LAUNCHER, 1]
04-15 13:57:39.064 24670 24670 W Monkey  :  arg: "-p"
04-15 13:57:39.064 24670 24670 W Monkey  :  arg: "com.henza.accountingv2"
04-15 13:57:39.064 24670 24670 W Monkey  :  arg: "-c"
04-15 13:57:39.064 24670 24670 W Monkey  :  arg: "android.intent.category.LAUNCHER"
04-15 13:57:39.064 24670 24670 W Monkey  :  arg: "1"
04-15 13:57:39.064 24670 24670 W Monkey  : data="com.henza.accountingv2"
04-15 13:57:39.064 24670 24670 W Monkey  : data="android.intent.category.LAUNCHER"
04-15 13:57:39.075  1182  2712 D WindowManager: takeScreenshotToTargetWindow: display=0, target=0, containsTarget=false, crop=Rect(0, 0 - 0, 0), w=540, h=1170, useIdentityTransform=true, ignorePolicy=false, caller=com.android.server.wm.WmScreenshotController.takeScreenshotToTargetWindow:653 com.android.server.wm.WindowManagerService.takeScreenshotToTargetWindowFromCapture:10842 com.android.server.wm.WindowManagerService.takeScreenshotToTargetWindow:10821 
04-15 13:57:39.075  1182  2712 D RestrictionPolicy: isScreenCaptureEnabled : ret=true userId=0
04-15 13:57:39.076  1182  2712 D RestrictionPolicy: isScreenCaptureEnabled : ret=true userId=0
04-15 13:57:39.076  1182  2712 D RestrictionPolicy: isScreenCaptureEnabled : ret=true userId=0
04-15 13:57:39.076  1182  2712 D WindowManager: takeScreenshotToTargetWindow: targetSurface=null, sourceCrop=Rect(0, 0 - 0, 0)
04-15 13:57:39.077   893   934 D RenderEngine: [SEC_GC_CMN_SF_EFFECTS] drawLayersInternal,1296, Rendering layer  at index 0
04-15 13:57:39.079  1182  2712 D WindowManager: takeScreenshotToTargetWindow, bitmap=android.graphics.Bitmap@caadc85, failedReason=, caller=com.android.server.wm.WindowManagerService.takeScreenshotToTargetWindowFromCapture:10842 com.android.server.wm.WindowManagerService.takeScreenshotToTargetWindow:10821 android.view.IWindowManager$Stub.onTransact:3612 com.android.server.wm.WindowManagerService.onTransact:1543 android.os.Binder.execTransactInternal:1375 android.os.Binder.execTransact:1311 
04-15 13:57:39.091  1182  2712 W ActivityTaskManager: setActivityController controller: android.app.IActivityController$Stub$Proxy@7ce9ada  mControllerDescription: pid = 24670 uid = 2000
04-15 13:57:39.092  1182  2712 W ActivityManager: registerReceiverWithFeature: no app for null
04-15 13:57:39.095 24670 24670 D SemCscFeature: Encoded
04-15 13:57:39.101  1182  2712 D ActivityTaskManager: startActivityAsUser: callingPid=24670, callingUid=2000, caller=com.android.server.wm.ActivityTaskManagerService.startActivityAsUser:1870 com.android.server.am.ActivityManagerService.startActivityAsUserWithFeature:3821 android.app.IActivityManager$Stub.onTransact$startActivityAsUserWithFeature$:12299 android.app.IActivityManager$Stub.onTransact:4162 com.android.server.am.ActivityManagerService.onTransact:3202 android.os.Binder.execTransactInternal:1375 android.os.Binder.execTransact:1311 
04-15 13:57:39.101  1182  2712 I Pageboost: onAppLaunch : com.henza.accountingv2
04-15 13:57:39.101  1182  1239 I ChimeraSystemEventListener: appLaunchIntent package name is: com.henza.accountingv2
04-15 13:57:39.101  1182  1659 I Pageboost: Record App IO : com.henza.accountingv2 pid 0
04-15 13:57:39.101  1182  2712 W ActivityTaskManager: callingPackage for (uid=2000, pid=24670) has no WPC
04-15 13:57:39.102  1182  2712 D CompatibilityChangeReporter: Compat change id reported: 265464455; UID 10345; state: DISABLED
04-15 13:57:39.102  1182  2712 D CompatibilityChangeReporter: Compat change id reported: 265452344; UID 10345; state: DISABLED
04-15 13:57:39.102  1182  2712 D CompatibilityChangeReporter: Compat change id reported: 266124927; UID 10345; state: DISABLED
04-15 13:57:39.102  1182  2712 D CompatibilityChangeReporter: Compat change id reported: 265451093; UID 10345; state: DISABLED
04-15 13:57:39.102  1182  2712 D CompatibilityChangeReporter: Compat change id reported: 265456536; UID 10345; state: DISABLED
04-15 13:57:39.102  1182  2712 D CompatibilityChangeReporter: Compat change id reported: 255940284; UID 10345; state: DISABLED
04-15 13:57:39.102  1182  2712 D CompatibilityChangeReporter: Compat change id reported: 236283604; UID 10345; state: DISABLED
04-15 13:57:39.102  1182  2712 D CompatibilityChangeReporter: Compat change id reported: 263959004; UID 10345; state: DISABLED
04-15 13:57:39.102  1182  2712 D CompatibilityChangeReporter: Compat change id reported: 264304459; UID 10345; state: DISABLED
04-15 13:57:39.102  1182  2712 D CompatibilityChangeReporter: Compat change id reported: 264301586; UID 10345; state: DISABLED
04-15 13:57:39.102  1182  2712 D CompatibilityChangeReporter: Compat change id reported: 254631730; UID 10345; state: DISABLED
04-15 13:57:39.103  1182  2712 D CompatibilityChangeReporter: Compat change id reported: 273509367; UID 10345; state: DISABLED
04-15 13:57:39.103  1182  2712 D CompatibilityChangeReporter: Compat change id reported: 263259275; UID 10345; state: DISABLED
04-15 13:57:39.103  1182  2712 D CompatibilityChangeReporter: Compat change id reported: 174042980; UID 10345; state: DISABLED
04-15 13:57:39.103  1182  2712 D CompatibilityChangeReporter: Compat change id reported: 174042936; UID 10345; state: DISABLED
04-15 13:57:39.103  1182  2712 D CompatibilityChangeReporter: Compat change id reported: 181136395; UID 10345; state: DISABLED
04-15 13:57:39.104  1182  4164 D WindowManager: takeScreenshotToTargetWindow: display=0, target=0, containsTarget=false, crop=Rect(0, 0 - 0, 0), w=540, h=1170, useIdentityTransform=true, ignorePolicy=false, caller=com.android.server.wm.WmScreenshotController.takeScreenshotToTargetWindow:653 com.android.server.wm.WindowManagerService.takeScreenshotToTargetWindowFromCapture:10842 com.android.server.wm.WindowManagerService.takeScreenshotToTargetWindow:10821 
04-15 13:57:39.105  1182  2712 D CompatibilityChangeReporter: Compat change id reported: 194480991; UID 10345; state: ENABLED
04-15 13:57:39.106  1182  2712 D WindowManager: Transition is created, t=TransitionRecord{bd5ab32 id=-1 type=OPEN flags=0x0}, caller=com.android.server.wm.TransitionController.createAndStartCollecting:1830 com.android.server.wm.ActivityStarter.startActivityUnchecked:2374 com.android.server.wm.ActivityStarter.executeRequest:1959 com.android.server.wm.ActivityStarter.execute:1075 com.android.server.wm.ActivityTaskManagerService.startActivityAsUser:2011 
04-15 13:57:39.106  1182  2712 D WindowManager: SyncGroup is created, id=12, name=Transition, caller=com.android.server.wm.BLASTSyncEngine$SyncGroup.<init>:0 com.android.server.wm.BLASTSyncEngine.prepareSyncSet:523 com.android.server.wm.BLASTSyncEngine.startSyncSet:528 com.android.server.wm.Transition.startCollecting:704 com.android.server.wm.TransitionController.moveToCollecting:360 com.android.server.wm.TransitionController.createAndStartCollecting:1831 com.android.server.wm.ActivityStarter.startActivityUnchecked:2374 
04-15 13:57:39.106  1182  2712 W WindowManager: setSyncMethod, id=12, method=0, caller=com.android.server.wm.Transition.startCollecting:706 com.android.server.wm.TransitionController.moveToCollecting:360 com.android.server.wm.TransitionController.createAndStartCollecting:1831 
04-15 13:57:39.106  1182  2712 V WindowManager: Start collecting in Transition: TransitionRecord{bd5ab32 id=12 type=OPEN flags=0x0}, caller=com.android.server.wm.TransitionController.createAndStartCollecting:1831 com.android.server.wm.ActivityStarter.startActivityUnchecked:2374 com.android.server.wm.ActivityStarter.executeRequest:1959 com.android.server.wm.ActivityStarter.execute:1075 com.android.server.wm.ActivityTaskManagerService.startActivityAsUser:2011 
04-15 13:57:39.107  1182  2712 V WindowManager: Collecting in transition 12: ActivityRecord{ecf5083 u0 com.henza.accountingv2/.MainActivity, caller=com.android.server.wm.Transition.collect:753 com.android.server.wm.TransitionController.collect:975 com.android.server.wm.ActivityStarter.startActivityUnchecked:2407 com.android.server.wm.ActivityStarter.executeRequest:1959 com.android.server.wm.ActivityStarter.execute:1075 
04-15 13:57:39.107  1182  2712 D ActivityTaskManager: TaskLaunchParamsModifier:task=null activity=ActivityRecord{ecf5083 u0 com.henza.accountingv2/.MainActivity t-1} display-id=0 task-display-area-windowing-mode=1 suggested-display-area=DefaultTaskDisplayArea_d0@251880036
04-15 13:57:39.108  1182  2712 D ActivityTaskManager: TaskLaunchParamsModifier:task=null activity=ActivityRecord{ecf5083 u0 com.henza.accountingv2/.MainActivity t-1} display-id=0 task-display-area-windowing-mode=1 suggested-display-area=DefaultTaskDisplayArea_d0@251880036 non-freeform-task-display-area display-area=DefaultTaskDisplayArea_d0@251880036 activity-requested-portrait freeform-size-mismatch=Rect(81, 563 - 999, 1733)
04-15 13:57:39.109  1182  2712 E CellBroadcastUtils: getDefaultCellBroadcastReceiverPackageName: no package found
04-15 13:57:39.109   893  2101 I SurfaceFlinger: id=236 createSurf, flag=24004, Task=11#236
04-15 13:57:39.110  1182  2712 D ActivityTaskManager: Top Process State changed to PROCESS_STATE_TOP_SLEEPING#2
04-15 13:57:39.110  1182  2712 D ActivityTaskManager: TaskLaunchParamsModifier:task=Task{11f6200 #11 type=standard A=10345:com.henza.accountingv2} activity=ActivityRecord{ecf5083 u0 com.henza.accountingv2/.MainActivity t-1} display-from-task=0 display-id=0 task-display-area-windowing-mode=1 suggested-display-area=DefaultTaskDisplayArea_d0@251880036 inherit-from-task=fullscreen non-freeform-task-display-area display-area=DefaultTaskDisplayArea_d0@251880036 activity-requested-portrait freeform-size-mismatch=Rect(81, 563 - 999, 1733)
04-15 13:57:39.110  1182  2712 V WindowManager: Collecting in transition 12: Task{11f6200 #11 type=standard A=10345:com.henza.accountingv2}, caller=com.android.server.wm.Transition.collect:753 com.android.server.wm.Transition.collectExistenceChange:936 com.android.server.wm.TransitionController.collectExistenceChange:1025 com.android.server.wm.ActivityStarter.setNewTask:4836 com.android.server.wm.ActivityStarter.startActivityInner:3040 
04-15 13:57:39.110  1182  2712 D CompatibilityChangeReporter: Compat change id reported: 184838306; UID 10345; state: DISABLED
04-15 13:57:39.111  1182  2712 D CompatibilityChangeReporter: Compat change id reported: 185004937; UID 10345; state: DISABLED
04-15 13:57:39.111   893  2101 I SurfaceFlinger: id=237 createSurf, flag=84004, ActivityRecord{ecf5083 u0 com.henza.accountingv2/.MainActivity t11}#237
04-15 13:57:39.112  1182  2712 D ActivityTaskManager: Temporarily retain top process state for launching app
04-15 13:57:39.113  1182  2712 V WindowManager: Checking theme of starting window: 0x7f130263
04-15 13:57:39.113  1182  2712 V WindowManager: Translucent=false Floating=false ShowWallpaper=false Disable=false
04-15 13:57:39.115  1182  2712 D WindowManager: App launched activity=ActivityRecord{ecf5083 u0 com.henza.accountingv2/.MainActivity t11}, state=1
04-15 13:57:39.115  1182  2712 V WindowManager: Collecting in transition 12: ActivityRecord{ecf5083 u0 com.henza.accountingv2/.MainActivity t11}, caller=com.android.server.wm.Transition.collect:753 com.android.server.wm.Transition.collectExistenceChange:936 com.android.server.wm.TransitionController.collectExistenceChange:1025 com.android.server.wm.ActivityStarter.handleStartResult:2631 com.android.server.wm.ActivityStarter.startActivityUnchecked:2415 
04-15 13:57:39.115  1182  2712 V WindowManager: Requesting StartTransition: TransitionRecord{bd5ab32 id=12 type=OPEN flags=0x0}, caller=com.android.server.wm.ActivityStarter.handleStartResult:2665 com.android.server.wm.ActivityStarter.startActivityUnchecked:2415 com.android.server.wm.ActivityStarter.executeRequest:1959 com.android.server.wm.ActivityStarter.execute:1075 com.android.server.wm.ActivityTaskManagerService.startActivityAsUser:2011 
04-15 13:57:39.116  1182  2712 D CompatibilityChangeReporter: Compat change id reported: 194833441; UID 10345; state: ENABLED
04-15 13:57:39.116  1182  2712 I ActivityTaskManager: START u0 {act=android.intent.action.MAIN cat=[android.intent.category.LAUNCHER] flg=0x10200000 cmp=com.henza.accountingv2/.MainActivity} with LAUNCH_SINGLE_TASK from uid 2000 (BAL_ALLOW_PERMISSION) result code=0
04-15 13:57:39.116  1182  2712 I Pageboost: stop alp
04-15 13:57:39.116  1182  2712 I SemDvfsHyPerManager: acquire hyper - AMS_APP_LAUNCH/1182@15, type = -999
04-15 13:57:39.116   802   837 I HYPER-HAL: [RequestManager.cpp]acquire(): Acquired ID : 717018  [1182 / 15]    HINT : AMS_APP_LAUNCH    list : 
04-15 13:57:39.116  1682  1988 V WindowManagerShell: Transition requested: android.os.BinderProxy@d396649 TransitionRequestInfo { type = OPEN, triggerTask = TaskInfo{userId=0 taskId=11 displayId=0 isRunning=true baseIntent=Intent { act=android.intent.action.MAIN cat=[android.intent.category.LAUNCHER] flg=0x10200000 cmp=com.henza.accountingv2/.MainActivity } baseActivity=ComponentInfo{com.henza.accountingv2/com.henza.accountingv2.MainActivity} topActivity=ComponentInfo{com.henza.accountingv2/com.henza.accountingv2.MainActivity} origActivity=null realActivity=ComponentInfo{com.henza.accountingv2/com.henza.accountingv2.MainActivity} numActivities=1 lastActiveTime=18410948 supportsMultiWindow=true resizeMode=1 isResizeable=true minWidth=-1 minHeight=-1 maxWidth=-1 maxHeight=-1 defaultMinSize=220 token=WCT{android.window.IWindowContainerToken$Stub$Proxy@410fb4e} topActivityType=1 pictureInPictureParams=null shouldDockBigOverlays=false launchIntoPipHostTaskId=-1 lastParentTaskIdBeforePip=-1 displayCutoutSafeInsets=Rect(0, 92 - 0, 0) topActivityInfo=ActivityInfo{420f46f com.henza.accountingv2.MainActivity} launchCookies=[] positionInParent=Point(0, 0) parentTaskId=-1 isFocused=false isVisible=false isVisibleRequested=false isSleeping=true topActivityInSizeCompat=false topActivityEligibleForLetterboxEducation= false topActivityLetterboxed= false isFromDoubleTap= false topActivityLetterboxVerticalPosition= -1 topActivityLetterboxHorizontalPosition= -1 topActivityLetterboxWidth=-1 topActivityLetterboxHeight=-1 locusId=null displayAreaFeatureId=1 cameraCompatControlState=hidden originallySupportedMultiWindow=true hasWallpaper=false topActivityInFixedAspectRatio=false rootAffinity=10345:com.henza.accountingv2 topActivityInDisplayCompat=false topActivityInBoundsCompat=false topActivityBounds=null singleTapFromLetterbox=false isTopTaskInStage=false topActivityUiMode=17 CoverLauncherWidgetTask=false CoverScreenTask=false isAllowedSeamlessRotation=false isTopTransparentActivity=false hasPopOver=false}, remoteTransition = null, displayChange = null }
04-15 13:57:39.117 24670 24670 I Monkey  : Events injected: 1
04-15 13:57:39.117  3517  3517 I SemDvfsHyPerManager: acquire hyper - APP_START/3517@21, type = -999
04-15 13:57:39.117  1182  4334 V WindowManager: Starting Transition 12, caller=com.android.server.wm.WindowOrganizerController.startTransition:384 com.android.server.wm.WindowOrganizerController.startTransition:315 android.window.IWindowOrganizerController$Stub.onTransact:257 
04-15 13:57:39.118  1182  4334 V Transition:  allReady query: used=false, override=false, defer=0, states=Display{#0 state=OFF size=1080x2340 ROTATION_0}:false
04-15 13:57:39.118   802   837 I HYPER-HAL: [RequestManager.cpp]acquire(): Acquired ID : 6260512  [3517 / 21]    HINT : APP_START    list : 
04-15 13:57:39.119  1182  4164 D RestrictionPolicy: isScreenCaptureEnabled : ret=true userId=0
04-15 13:57:39.119  1182  4164 D RestrictionPolicy: isScreenCaptureEnabled : ret=true userId=0
04-15 13:57:39.119  1182  4164 D RestrictionPolicy: isScreenCaptureEnabled : ret=true userId=0
04-15 13:57:39.119  1182  4164 D WindowManager: takeScreenshotToTargetWindow: targetSurface=null, sourceCrop=Rect(0, 0 - 0, 0)
04-15 13:57:39.119  1182  2712 D KNOX_MDM_SettingsProvider: isChangeAllowed() : name = accelerometer_rotation
04-15 13:57:39.119  1182  2712 D KNOX_MDM_SettingsProvider: isChangeAllowed() : name = user_rotation
04-15 13:57:39.120  1182  2712 V WindowManager: rotationForOrientation(orient=SCREEN_ORIENTATION_NOSENSOR (5), last=ROTATION_0 (0)); user=ROTATION_0 (0) USER_ROTATION_LOCKED
04-15 13:57:39.120  1182  2712 D WindowManager: rotationForOrientation, orientationSource=Window{6a7f699 u0 NotificationShade}
04-15 13:57:39.120   893   934 D RenderEngine: [SEC_GC_CMN_SF_EFFECTS] drawLayersInternal,1296, Rendering layer  at index 0
04-15 13:57:39.120  1182  2712 V WindowManager: Computed rotation=ROTATION_0 (0) for display id=0 based on lastOrientation=SCREEN_ORIENTATION_NOSENSOR (5) and oldRotation=ROTATION_0 (0), caller=com.android.server.wm.DisplayContent.updateRotationUnchecked:2679 com.android.server.wm.WindowManagerService.updateRotationUnchecked:4936 com.android.server.wm.WindowManagerService.freezeDisplayRotation:4836 com.android.server.wm.WindowManagerService.freezeRotation:4795 android.view.IWindowManager$Stub.onTransact:2722 com.android.server.wm.WindowManagerService.onTransact:1543 
04-15 13:57:39.121  1182  2712 D KNOX_MDM_SettingsProvider: isChangeAllowed() : name = accelerometer_rotation
04-15 13:57:39.121  1182  2712 D KNOX_MDM_SettingsProvider: isChangeAllowed() : name = user_rotation
04-15 13:57:39.121  1182  2712 V WindowManager: rotationForOrientation(orient=SCREEN_ORIENTATION_NOSENSOR (5), last=ROTATION_0 (0)); user=ROTATION_0 (0) USER_ROTATION_LOCKED
04-15 13:57:39.121  1182  2712 D WindowManager: rotationForOrientation, orientationSource=Window{6a7f699 u0 NotificationShade}
04-15 13:57:39.121  1182  2712 V WindowManager: Computed rotation=ROTATION_0 (0) for display id=0 based on lastOrientation=SCREEN_ORIENTATION_NOSENSOR (5) and oldRotation=ROTATION_0 (0), caller=com.android.server.wm.DisplayContent.updateRotationUnchecked:2679 com.android.server.wm.WindowManagerService.updateRotationUnchecked:4936 com.android.server.wm.WindowManagerService.thawDisplayRotation:4877 com.android.server.wm.WindowManagerService.thawRotation:4841 android.view.IWindowManager$Stub.onTransact:2728 com.android.server.wm.WindowManagerService.onTransact:1543 
04-15 13:57:39.121  1182  2712 W ActivityTaskManager: setActivityController controller: null  mControllerDescription: pid = 24670 uid = 2000
04-15 13:57:39.122  2296  2604 I HoneySpace.TopTaskSource: onTaskMovedToFront : taskId = 11
04-15 13:57:39.122  1182  1237 V WindowManager: rotationForOrientation(orient=SCREEN_ORIENTATION_NOSENSOR (5), last=ROTATION_0 (0)); user=ROTATION_0 (0) 
04-15 13:57:39.122  1182  1237 D WindowManager: rotationForOrientation, orientationSource=Window{6a7f699 u0 NotificationShade}
04-15 13:57:39.122  1182  1237 V WindowManager: Computed rotation=ROTATION_0 (0) for display id=0 based on lastOrientation=SCREEN_ORIENTATION_NOSENSOR (5) and oldRotation=ROTATION_0 (0), caller=com.android.server.wm.DisplayContent.updateRotationUnchecked:2679 com.android.server.wm.WindowManagerService.updateRotationUnchecked:4936 com.android.server.wm.WindowManagerService.updateRotation:4917 com.android.server.wm.DisplayRotation$SettingsObserver.onChange:2451 android.database.ContentObserver.onChange:154 android.database.ContentObserver.onChange:170 
04-15 13:57:39.122 24670 24670 I Monkey  : ## Network stats: elapsed time=21ms (0ms mobile, 0ms wifi, 21ms not connected)
04-15 13:57:39.122  2296  2606 I HoneySpace.TopTaskUseCase: topTasks 11 ComponentInfo{com.henza.accountingv2/com.henza.accountingv2.MainActivity}
04-15 13:57:39.122 24670 24670 I app_process: System.exit called, status: 0
04-15 13:57:39.122 24670 24670 I AndroidRuntime: VM exiting with result code 0.
04-15 13:57:39.122  2296 24232 I HoneySpace.GlobalSettingDataSourceImpl: Setting accelerometer_rotation changed to 1
04-15 13:57:39.123  1182  4164 D WindowManager: takeScreenshotToTargetWindow, bitmap=android.graphics.Bitmap@8b0a771, failedReason=, caller=com.android.server.wm.WindowManagerService.takeScreenshotToTargetWindowFromCapture:10842 com.android.server.wm.WindowManagerService.takeScreenshotToTargetWindow:10821 android.view.IWindowManager$Stub.onTransact:3612 com.android.server.wm.WindowManagerService.onTransact:1543 android.os.Binder.execTransactInternal:1375 android.os.Binder.execTransact:1311 
04-15 13:57:39.123  1682  1682 D Navbar.Store: handleEvent(0) OnRotationLockedChanged(rotationLocked=false) [Module] NavBarStoreImpl
04-15 13:57:39.124  1182  1237 D TspStateManager: updateCustomValue customSetting=
04-15 13:57:39.124  1182  1237 W PhoneWindowManagerExt: onDexModeChangedLw: called same dexMode=0
04-15 13:57:39.125  1182  1239 D CompatibilityChangeReporter: Compat change id reported: 135634846; UID 10345; state: DISABLED
04-15 13:57:39.125  1182  1239 D CompatibilityChangeReporter: Compat change id reported: 177438394; UID 10345; state: DISABLED
04-15 13:57:39.125  1182  1239 D CompatibilityChangeReporter: Compat change id reported: 135772972; UID 10345; state: DISABLED
04-15 13:57:39.125  1182  1239 D CompatibilityChangeReporter: Compat change id reported: 135754954; UID 10345; state: ENABLED
04-15 13:57:39.126  1682  1682 D SettingsHelper: onChange() COMPLETED elapsed= 0
04-15 13:57:39.126  1182  1246 D CompatibilityChangeReporter: Compat change id reported: 143937733; UID 10345; state: ENABLED
04-15 13:57:39.126  1682  1682 D SRotationLockTile:  OnChangedCallback : 
04-15 13:57:39.127  1682  1682 I AODTriggers: onAODEventDispatched = 4 / eventData = com.samsung.android.app.aodservice.controller.configuration.c@95c157c
04-15 13:57:39.127  1682  1682 I AOD_LIVE_CLOCK@LiveClockController: updateDisplayState: DISPLAY_STATE_OFF
04-15 13:57:39.127  1182  1239 D DisplayManagerService: Ignore redundant display event 0/2 to 10272/22310
04-15 13:57:39.127  1682  2078 D SRotationLockTile:  mRotationLocked: false handleUpdateState: true orientation = true
04-15 13:57:39.128  2296 24232 I HoneySpace.RecentTasks: onRecentTasksChanged
04-15 13:57:39.131   893   893 I BpBinder: onLastStrongRef automatically unlinking death recipients: 
04-15 13:57:39.134   773   773 D Zygote  : Forked child process 24704
04-15 13:57:39.135  1182  1246 I ActivityManager: Start proc 24704:com.henza.accountingv2/u0a345 for top-activity {com.henza.accountingv2/com.henza.accountingv2.MainActivity}
04-15 13:57:39.149  1182  2712 D WindowManager: takeScreenshotToTargetWindow: display=0, target=0, containsTarget=false, crop=Rect(0, 0 - 0, 0), w=540, h=1170, useIdentityTransform=true, ignorePolicy=false, caller=com.android.server.wm.WmScreenshotController.takeScreenshotToTargetWindow:653 com.android.server.wm.WindowManagerService.takeScreenshotToTargetWindowFromCapture:10842 com.android.server.wm.WindowManagerService.takeScreenshotToTargetWindow:10821 
04-15 13:57:39.149  1182  2712 D RestrictionPolicy: isScreenCaptureEnabled : ret=true userId=0
04-15 13:57:39.149  1182  2712 D RestrictionPolicy: isScreenCaptureEnabled : ret=true userId=0
04-15 13:57:39.149  1182  2712 D RestrictionPolicy: isScreenCaptureEnabled : ret=true userId=0
04-15 13:57:39.149  1182  2712 D WindowManager: takeScreenshotToTargetWindow: targetSurface=null, sourceCrop=Rect(0, 0 - 0, 0)
04-15 13:57:39.150 24704 24704 I za.accountingv2: Using CollectorTypeCMC GC.
04-15 13:57:39.151   893   934 D RenderEngine: [SEC_GC_CMN_SF_EFFECTS] drawLayersInternal,1296, Rendering layer  at index 0
04-15 13:57:39.153 24704 24704 E za.accountingv2: Not starting debugger since process cannot load the jdwp agent.
04-15 13:57:39.153  1182  2712 D WindowManager: takeScreenshotToTargetWindow, bitmap=android.graphics.Bitmap@d7ccd2e, failedReason=, caller=com.android.server.wm.WindowManagerService.takeScreenshotToTargetWindowFromCapture:10842 com.android.server.wm.WindowManagerService.takeScreenshotToTargetWindow:10821 android.view.IWindowManager$Stub.onTransact:3612 com.android.server.wm.WindowManagerService.onTransact:1543 android.os.Binder.execTransactInternal:1375 android.os.Binder.execTransact:1311 
04-15 13:57:39.157 24704 24704 D ActivityThread: setConscryptValidator
04-15 13:57:39.157 24704 24704 D ActivityThread: setConscryptValidator - put
04-15 13:57:39.161  1182  2712 D WindowManager: App launched activity=ActivityRecord{ecf5083 u0 com.henza.accountingv2/.MainActivity t11}, state=1
04-15 13:57:39.161  1182  2712 V WindowManager: rotationForOrientation(orient=SCREEN_ORIENTATION_NOSENSOR (5), last=ROTATION_0 (0)); user=ROTATION_0 (0) 
04-15 13:57:39.161  1182  2712 D WindowManager: rotationForOrientation, orientationSource=Window{6a7f699 u0 NotificationShade}
04-15 13:57:39.161  1182  2712 V WindowManager: Computed rotation=ROTATION_0 (0) for display id=0 based on lastOrientation=SCREEN_ORIENTATION_NOSENSOR (5) and oldRotation=ROTATION_0 (0), caller=com.android.server.wm.DisplayRotation.updateOrientation:525 com.android.server.wm.DisplayContent.updateOrientation:2181 com.android.server.wm.DisplayContent.updateOrientation:2097 com.android.server.wm.RootWindowContainer.ensureVisibilityAndConfig:2083 com.android.server.wm.ActivityTaskSupervisor.realStartActivityLocked:956 com.android.server.wm.RootWindowContainer$AttachApplicationHelper.test:4370 
04-15 13:57:39.161  1182  2712 D SGM:PkgDataHelper: notifyAppCreate(), pkgName: com.henza.accountingv2, userId: 0, sendRet: true
04-15 13:57:39.161  1182  1433 D SGM:FgCheckThread: onLooperPrepared(), msg: MSG_APP_CREATE, pkgName: com.henza.accountingv2, userId: 0
04-15 13:57:39.161  1182  2712 D SGM:FgCheckThread: TaskStackListener.onTaskFocusChanged(), taskId=6, focused=false
04-15 13:57:39.162  1182  2712 D SGM:FgCheckThread: TaskStackListener.onTaskFocusChanged(), taskId=11, focused=true
04-15 13:57:39.162  1182  2712 D SGM:FgCheckThread:   sendRunningComponentFocus(), pkgName: com.henza.accountingv2, userId: 0
04-15 13:57:39.162  1182  2712 D InputDispatcher: Focused application(0): ActivityRecord{ecf5083 u0 com.henza.accountingv2/.MainActivity t11}
04-15 13:57:39.162  1182  2712 D SGM:FgCheckThread: TaskStackListener.onTaskFocusChanged(), taskId=6, focused=false
04-15 13:57:39.162  1182  1433 D SGM:FgCheckThread: onLooperPrepared(), msg: MSG_TASK_FOCUSED, pkgName: com.henza.accountingv2, userId: 0
04-15 13:57:39.162  1182  2712 D SGM:FgCheckThread: TaskStackListener.onTaskFocusChanged(), taskId=11, focused=true
04-15 13:57:39.162  1182  1433 D SGM:FgCheckThread: handleTaskFocused().
04-15 13:57:39.162  1182  1433 D SGM:FgCheckThread:   handleTaskFocused(), pkgName: com.henza.accountingv2, userID:0
04-15 13:57:39.162  1182  1433 D SGM:FgCheckThread: handleResume().
04-15 13:57:39.162  1182  1433 D SGM:SystemHelper: callReleaseBlock needReleaseBlock:false
04-15 13:57:39.162  1182  1433 D SGM:FgCheckThread:   handleResume(). device is locked yet. ignore
04-15 13:57:39.162  1182  2712 D SGM:FgCheckThread:   sendRunningComponentFocus(), pkgName: com.henza.accountingv2, userId: 0
04-15 13:57:39.163  1182  1433 D SGM:FgCheckThread: onLooperPrepared(), msg: MSG_TASK_FOCUSED, pkgName: com.henza.accountingv2, userId: 0
04-15 13:57:39.163  1182  1433 D SGM:FgCheckThread: handleTaskFocused().
04-15 13:57:39.163  1182  1433 D SGM:FgCheckThread:   handleTaskFocused(), pkgName: com.henza.accountingv2, userID:0
04-15 13:57:39.163  1182  1433 D SGM:FgCheckThread: handleResume().
04-15 13:57:39.163  1182  1433 D SGM:SystemHelper: callReleaseBlock needReleaseBlock:false
04-15 13:57:39.163  1182  1433 D SGM:FgCheckThread:   handleResume(). device is locked yet. ignore
04-15 13:57:39.163  1182  2712 D ActivityTaskManager: scheduleTopResumedActivityChanged, onTop=true, r=ActivityRecord{ecf5083 u0 com.henza.accountingv2/.MainActivity t11}, caller=com.android.server.wm.ActivityTaskSupervisor.scheduleTopResumedActivityStateIfNeeded:2904 com.android.server.wm.ActivityTaskSupervisor.updateTopResumedActivityIfNeeded:2896 com.android.server.wm.TaskFragment.setResumedActivity:581 com.android.server.wm.TaskFragment.onActivityStateChanged:905 com.android.server.wm.ActivityRecord.setState:6892 com.android.server.wm.Task.minimalResumeActivityLocked:6255 
04-15 13:57:39.163  1182  2712 V WindowManager: Collecting in transition 12: ActivityRecord{ecf5083 u0 com.henza.accountingv2/.MainActivity t11}, caller=com.android.server.wm.Transition.collect:753 com.android.server.wm.TransitionController.collect:975 com.android.server.wm.ActivityRecord.setVisibility:6429 com.android.server.wm.ActivityRecord.setVisibility:6381 com.android.server.wm.ActivityRecord.completeResumeLocked:7499 
04-15 13:57:39.163  1182  2712 V WindowManager: Collecting in transition 12: ActivityRecord{ecf5083 u0 com.henza.accountingv2/.MainActivity t11}, caller=com.android.server.wm.Transition.collect:753 com.android.server.wm.TransitionController.collect:975 com.android.server.wm.ActivityRecord.setVisibility:6429 com.android.server.wm.ActivityRecord.setVisibility:6381 com.android.server.wm.ActivityRecord.makeInvisible:7223 
04-15 13:57:39.164  1182  2712 D WindowManager: VisibleRequested updated, r=ActivityRecord{ecf5083 u0 com.henza.accountingv2/.MainActivity t11}
04-15 13:57:39.164  2296  2604 I HoneySpace.TopTaskSource: onTaskFocusChanged(): taskId = 11
04-15 13:57:39.164  2296  2604 I HoneySpace.TopTaskSource: onTaskFocusChanged(): taskId = 11
04-15 13:57:39.164  2296  2604 I HoneySpace.TopTaskSource: onTaskMovedToFront : taskId = 11
04-15 13:57:39.164  2296  2604 I HoneySpace.TopTaskSource: onTaskMovedToFront : taskId = 11
04-15 13:57:39.165  1182  2712 V Transition:  allReady query: used=true, override=false, defer=0, states=Display{#0 state=OFF size=1080x2340 ROTATION_0}:true
04-15 13:57:39.165  1182  2712 D ActivityTaskManager: scheduleTopResumedActivityChanged, onTop=false, r=ActivityRecord{ecf5083 u0 com.henza.accountingv2/.MainActivity t11}, caller=com.android.server.wm.ActivityTaskSupervisor.updateTopResumedActivityIfNeeded:2873 com.android.server.wm.TaskFragment.setResumedActivity:581 com.android.server.wm.TaskFragment.onActivityStateChanged:890 com.android.server.wm.ActivityRecord.setState:6892 com.android.server.wm.TaskFragment.startPausing:2014 com.android.server.wm.TaskFragment.startPausing:1958 
04-15 13:57:39.165  1182  1518 D AS.MultiSoundManager: mForegroundUid = 10345
04-15 13:57:39.166  1182  1518 D AS.MultiSoundManager: mForegroundUid = 10345
04-15 13:57:39.166  1182  1240 D WindowManager: SyncGroup 12:  Unfinished container: ActivityRecord{ecf5083 u0 com.henza.accountingv2/.MainActivity t11} mSyncState=2
04-15 13:57:39.166 24704 24704 D CompatibilityChangeReporter: Compat change id reported: 171979766; UID 10345; state: ENABLED
