04-15 08:40:49.019  1189  2065 D WindowManager: takeScreenshotToTargetWindow: display=0, target=0, containsTarget=false, crop=Rect(0, 0 - 0, 0), w=540, h=1170, useIdentityTransform=true, ignorePolicy=false, caller=com.android.server.wm.WindowManagerService.takeScreenshotToTargetWindowFromCapture:53 com.android.server.wm.WindowManagerService.takeScreenshotToTargetWindow:14 android.view.IWindowManager$Stub.onTransact:3954 
04-15 08:40:49.019  1189  2065 D RestrictionPolicy: isScreenCaptureEnabled : ret=true userId=0
04-15 08:40:49.019  1189  2065 D RestrictionPolicy: isScreenCaptureEnabled : ret=true userId=0
04-15 08:40:49.019  1189  2065 D RestrictionPolicy: isScreenCaptureEnabled : ret=true userId=0
04-15 08:40:49.019  1189  2065 D WindowManager: takeScreenshotToTargetWindow: targetSurface=null, sourceCrop=Rect(0, 0 - 0, 0)
04-15 08:40:49.023   869   944 D RenderEngine: [SEC_SF_EFFECTS] drawLayersInternal,1313, Rendering layer  at index 0
04-15 08:40:49.025  1189  2065 D WindowManager: takeScreenshotToTargetWindow, bitmap=android.graphics.Bitmap@298f83c, failedReason=, caller=com.android.server.wm.WindowManagerService.takeScreenshotToTargetWindowFromCapture:53 com.android.server.wm.WindowManagerService.takeScreenshotToTargetWindow:14 android.view.IWindowManager$Stub.onTransact:3954 com.android.server.wm.WindowManagerService.onTransact:1 android.os.Binder.execTransactInternal:1536 android.os.Binder.execTransact:1480 
04-15 08:40:49.027 25177 25316 D nativeloader: Load /data/app/~~HQZoSXXAeeXZTzeIRwoSBQ==/com.henza.accountingv2-1Q3tuJsq40XdNpq6w-yCCg==/lib/arm64/libreact_codegen_rnscreens.so using ns clns-8 from class loader (caller=/data/app/~~HQZoSXXAeeXZTzeIRwoSBQ==/com.henza.accountingv2-1Q3tuJsq40XdNpq6w-yCCg==/base.apk!classes3.dex): ok
04-15 08:40:49.027 25177 25316 D jni_lib_merge: Entering merged library JNI_OnLoad.
04-15 08:40:49.027 25177 25316 D jni_lib_merge: Preparing 12 pre-merged libs (including stub)
04-15 08:40:49.027 25177 25316 D jni_lib_merge: Preparing to register libfabricjni_so.  onload_func: 0x71f35fc7f8
04-15 08:40:49.027 25177 25316 D jni_lib_merge: Preparing to register libreact_devsupportjni_so.  onload_func: 0x71f36b6a7c
04-15 08:40:49.027 25177 25316 D jni_lib_merge: Preparing to register libreact_featureflagsjni_so.  onload_func: 0x71f36d0518
04-15 08:40:49.027 25177 25316 D jni_lib_merge: Preparing to register libreact_newarchdefaults_so.  onload_func: 0x71f37111f8
04-15 08:40:49.027 25177 25316 D jni_lib_merge: Preparing to register libreactnativeblob_so.  onload_func: 0x71f37b0c88
04-15 08:40:49.027 25177 25316 D jni_lib_merge: Preparing to register libreactnativejni_so.  onload_func: 0x71f37c7548
04-15 08:40:49.027 25177 25316 D jni_lib_merge: Preparing to register libreactnativejni_common_so.  onload_func: 0x71f37cde24
04-15 08:40:49.027 25177 25316 D jni_lib_merge: Preparing to register librninstance_so.  onload_func: 0x71f37e7c50
04-15 08:40:49.027 25177 25316 D jni_lib_merge: Preparing to register libturbomodulejsijni_so.  onload_func: 0x71f3890e38
04-15 08:40:49.027 25177 25316 D jni_lib_merge: Preparing to register libuimanagerjni_so.  onload_func: 0x71f3898330
04-15 08:40:49.027 25177 25316 D jni_lib_merge: Preparing to register libyoga_so.  onload_func: 0x71f389f8f4
04-15 08:40:49.027 25177 25316 D jni_lib_merge: About to register 11 actual methods.
04-15 08:40:49.056 25177 25316 D CompatChangeReporter: Compat change id reported: 63938206; UID 10337; state: ENABLED
04-15 08:40:49.066  1189  2065 D WindowManager: takeScreenshotToTargetWindow: display=0, target=0, containsTarget=false, crop=Rect(0, 0 - 0, 0), w=540, h=1170, useIdentityTransform=true, ignorePolicy=false, caller=com.android.server.wm.WindowManagerService.takeScreenshotToTargetWindowFromCapture:53 com.android.server.wm.WindowManagerService.takeScreenshotToTargetWindow:14 android.view.IWindowManager$Stub.onTransact:3954 
04-15 08:40:49.066  1189  2065 D RestrictionPolicy: isScreenCaptureEnabled : ret=true userId=0
04-15 08:40:49.066  1189  2065 D RestrictionPolicy: isScreenCaptureEnabled : ret=true userId=0
04-15 08:40:49.067  1189  2065 D RestrictionPolicy: isScreenCaptureEnabled : ret=true userId=0
04-15 08:40:49.067  1189  2065 D WindowManager: takeScreenshotToTargetWindow: targetSurface=null, sourceCrop=Rect(0, 0 - 0, 0)
04-15 08:40:49.071   869   944 D RenderEngine: [SEC_SF_EFFECTS] drawLayersInternal,1313, Rendering layer  at index 0
04-15 08:40:49.074  1189  2065 D WindowManager: takeScreenshotToTargetWindow, bitmap=android.graphics.Bitmap@12c29c5, failedReason=, caller=com.android.server.wm.WindowManagerService.takeScreenshotToTargetWindowFromCapture:53 com.android.server.wm.WindowManagerService.takeScreenshotToTargetWindow:14 android.view.IWindowManager$Stub.onTransact:3954 com.android.server.wm.WindowManagerService.onTransact:1 android.os.Binder.execTransactInternal:1536 android.os.Binder.execTransact:1480 
04-15 08:40:49.087 25177 25316 W unknown:ViewManagerPropertyUpdater: Could not find generated setter for class com.th3rdwave.safeareacontext.SafeAreaProviderManager
04-15 08:40:49.092 25177 25316 W unknown:ViewManagerPropertyUpdater: Could not find generated setter for class com.facebook.react.uimanager.LayoutShadowNode
04-15 08:40:49.094  2035  2035 D SubscreenNotificationListCoordinator: onAfterRenderList() isSubScreen = false, pluginLockMode = 0, doNotShowOnCover = false
04-15 08:40:49.094 25177 25316 W unknown:ViewManagerPropertyUpdater: Could not find generated setter for class com.swmansion.rnscreens.SearchBarManager
04-15 08:40:49.094  2035  2035 I LockscreenNotificationIconsOnlyController: onNotificationInfoUpdated 2
04-15 08:40:49.095 25177 25316 W unknown:ViewManagerPropertyUpdater: Could not find generated setter for class expo.modules.kotlin.views.GroupViewManagerWrapper
04-15 08:40:49.096  2035  2035 I AODNotificationManager: updateNotification() 
04-15 08:40:49.096  2035  2035 D ContrastColorUtil: GrayScale=false. Bitmap is not grayscale.
04-15 08:40:49.097  2035  2035 D PluginAODManager: onNotificationInfoUpdated() 2
04-15 08:40:49.097  2035  2035 D PluginAODManager: onNotificationInfoUpdated() 0|com.samsung.crane|3|null|1001
04-15 08:40:49.097  2035  2035 D PluginAODManager: onNotificationInfoUpdated() 0|com.samsung.rtl.androidrtlservice|1|null|10336
04-15 08:40:49.097  2035  2035 I AODNotificationManager: updateVisibleNotifications: 2
04-15 08:40:49.097 25177 25316 W unknown:ViewManagerPropertyUpdater: Could not find generated setter for class com.swmansion.rnscreens.ScreenFooterManager
04-15 08:40:49.098 25177 25316 W unknown:ViewManagerPropertyUpdater: Could not find generated setter for class com.swmansion.rnscreens.gamma.tabs.TabScreenViewManager
04-15 08:40:49.099 25177 25316 W unknown:ViewManagerPropertyUpdater: Could not find generated setter for class com.swmansion.rnscreens.ScreenContainerViewManager
04-15 08:40:49.100 25177 25316 W unknown:ViewManagerPropertyUpdater: Could not find generated setter for class com.swmansion.rnscreens.gamma.tabs.TabsHostViewManager
04-15 08:40:49.102 25177 25316 W unknown:ViewManagerPropertyUpdater: Could not find generated setter for class com.swmansion.rnscreens.ModalScreenViewManager
04-15 08:40:49.103 25177 25316 W unknown:ViewManagerPropertyUpdater: Could not find generated setter for class com.swmansion.rnscreens.ScreenStackHeaderConfigViewManager
04-15 08:40:49.104 25177 25316 W unknown:ViewManagerPropertyUpdater: Could not find generated setter for class com.swmansion.rnscreens.ScreenContentWrapperManager
04-15 08:40:49.104 25177 25316 W unknown:ViewManagerPropertyUpdater: Could not find generated setter for class com.th3rdwave.safeareacontext.SafeAreaViewManager
04-15 08:40:49.105  1189  2065 D WindowManager: takeScreenshotToTargetWindow: display=0, target=0, containsTarget=false, crop=Rect(0, 0 - 0, 0), w=540, h=1170, useIdentityTransform=true, ignorePolicy=false, caller=com.android.server.wm.WindowManagerService.takeScreenshotToTargetWindowFromCapture:53 com.android.server.wm.WindowManagerService.takeScreenshotToTargetWindow:14 android.view.IWindowManager$Stub.onTransact:3954 
04-15 08:40:49.105  1189  2065 D RestrictionPolicy: isScreenCaptureEnabled : ret=true userId=0
04-15 08:40:49.105  1189  2065 D RestrictionPolicy: isScreenCaptureEnabled : ret=true userId=0
04-15 08:40:49.105  1189  2065 D RestrictionPolicy: isScreenCaptureEnabled : ret=true userId=0
04-15 08:40:49.105  1189  2065 D WindowManager: takeScreenshotToTargetWindow: targetSurface=null, sourceCrop=Rect(0, 0 - 0, 0)
04-15 08:40:49.106 25177 25316 W unknown:ViewManagerPropertyUpdater: Could not find generated setter for class com.th3rdwave.safeareacontext.SafeAreaViewShadowNode
04-15 08:40:49.106 25177 25316 W unknown:ViewManagerPropertyUpdater: Could not find generated setter for class com.swmansion.rnscreens.safearea.SafeAreaViewManager
04-15 08:40:49.107 25177 25316 W unknown:ViewManagerPropertyUpdater: Could not find generated setter for class com.swmansion.rnscreens.safearea.paper.SafeAreaViewShadowNode
04-15 08:40:49.107 25177 25316 W unknown:ViewManagerPropertyUpdater: Could not find generated setter for class com.swmansion.rnscreens.ScreenViewManager
04-15 08:40:49.108   869   944 D RenderEngine: [SEC_SF_EFFECTS] drawLayersInternal,1313, Rendering layer  at index 0
04-15 08:40:49.109 25177 25316 W unknown:ViewManagerPropertyUpdater: Could not find generated setter for class com.swmansion.rnscreens.gamma.stack.host.StackHostViewManager
04-15 08:40:49.109 25177 25316 W unknown:ViewManagerPropertyUpdater: Could not find generated setter for class com.swmansion.rnscreens.ScreenStackHeaderSubviewManager
04-15 08:40:49.109 25177 25316 W unknown:ViewManagerPropertyUpdater: Could not find generated setter for class com.swmansion.rnscreens.gamma.stack.screen.StackScreenViewManager
04-15 08:40:49.110 25177 25316 W unknown:ViewManagerPropertyUpdater: Could not find generated setter for class com.swmansion.rnscreens.ScreenStackViewManager
04-15 08:40:49.111  1189  2065 D WindowManager: takeScreenshotToTargetWindow, bitmap=android.graphics.Bitmap@7e5ff1a, failedReason=, caller=com.android.server.wm.WindowManagerService.takeScreenshotToTargetWindowFromCapture:53 com.android.server.wm.WindowManagerService.takeScreenshotToTargetWindow:14 android.view.IWindowManager$Stub.onTransact:3954 com.android.server.wm.WindowManagerService.onTransact:1 android.os.Binder.execTransactInternal:1536 android.os.Binder.execTransact:1480 
04-15 08:40:49.121  1189  2065 W ProcessStats: Tracking association SourceState{e0f3348 com.henza.accountingv2/10337 Top #12742} whose proc state 1 is better than process ProcessState{97c834a com.google.android.gms.persistent/10282 pkg=com.google.android.gms} proc state 4 (7 skipped)
04-15 08:40:49.124  3561  3572 I FontLog : (REDACTED) Received query %s, URI %s
04-15 08:40:49.125  3561  3572 I FontLog : (REDACTED) Query [%s] resolved to %s
04-15 08:40:49.127  3561  3572 I FontLog : (REDACTED) Fetch %s end status %s
04-15 08:40:49.129  3561  3572 I FontLog : (REDACTED) Pulling font file for id = %d, cache size = %d
04-15 08:40:49.135  3561  3572 I FontLog : (REDACTED) Pulling font file for id = %d, cache size = %d
04-15 08:40:49.146  1189  2065 D WindowManager: takeScreenshotToTargetWindow: display=0, target=0, containsTarget=false, crop=Rect(0, 0 - 0, 0), w=540, h=1170, useIdentityTransform=true, ignorePolicy=false, caller=com.android.server.wm.WindowManagerService.takeScreenshotToTargetWindowFromCapture:53 com.android.server.wm.WindowManagerService.takeScreenshotToTargetWindow:14 android.view.IWindowManager$Stub.onTransact:3954 
04-15 08:40:49.146  1189  2065 D RestrictionPolicy: isScreenCaptureEnabled : ret=true userId=0
04-15 08:40:49.147  1189  2065 D RestrictionPolicy: isScreenCaptureEnabled : ret=true userId=0
04-15 08:40:49.147  1189  2065 D RestrictionPolicy: isScreenCaptureEnabled : ret=true userId=0
04-15 08:40:49.147  1189  2065 D WindowManager: takeScreenshotToTargetWindow: targetSurface=null, sourceCrop=Rect(0, 0 - 0, 0)
04-15 08:40:49.151   869   944 D RenderEngine: [SEC_SF_EFFECTS] drawLayersInternal,1313, Rendering layer  at index 0
04-15 08:40:49.153  1189  2065 D WindowManager: takeScreenshotToTargetWindow, bitmap=android.graphics.Bitmap@f1b5c28, failedReason=, caller=com.android.server.wm.WindowManagerService.takeScreenshotToTargetWindowFromCapture:53 com.android.server.wm.WindowManagerService.takeScreenshotToTargetWindow:14 android.view.IWindowManager$Stub.onTransact:3954 com.android.server.wm.WindowManagerService.onTransact:1 android.os.Binder.execTransactInternal:1536 android.os.Binder.execTransact:1480 
04-15 08:40:49.161 25177 25316 W unknown:ViewManagerPropertyUpdater: Could not find generated setter for class com.horcrux.svg.RenderableViewManager$DefsViewManager
04-15 08:40:49.162 25177 25316 W unknown:ViewManagerPropertyUpdater: Could not find generated setter for class com.horcrux.svg.VirtualViewManager$RenderableShadowNode
04-15 08:40:49.164  3785  4740 W AiSuggestionModuleProvider: createAiSuggestionApiImplInstance, failed to create instance
04-15 08:40:49.165 25177 25316 W unknown:ViewManagerPropertyUpdater: Could not find generated setter for class com.horcrux.svg.RenderableViewManager$FeMergeManager
04-15 08:40:49.168 25177 25316 W unknown:ViewManagerPropertyUpdater: Could not find generated setter for class com.facebook.react.views.safeareaview.ReactSafeAreaViewManager
04-15 08:40:49.170 25177 25316 W unknown:ViewManagerPropertyUpdater: Could not find generated setter for class com.horcrux.svg.RenderableViewManager$LinearGradientManager
04-15 08:40:49.172 25177 25316 W unknown:ViewManagerPropertyUpdater: Could not find generated setter for class com.horcrux.svg.RenderableViewManager$FeGaussianBlurManager
04-15 08:40:49.176 25177 25316 W unknown:ViewManagerPropertyUpdater: Could not find generated setter for class com.facebook.react.views.progressbar.ReactProgressBarViewManager
04-15 08:40:49.176 25177 25316 W unknown:ViewManagerPropertyUpdater: Could not find generated setter for class com.facebook.react.views.progressbar.ProgressBarShadowNode
04-15 08:40:49.180 25177 25316 W unknown:ViewManagerPropertyUpdater: Could not find generated setter for class com.facebook.react.views.scroll.ReactHorizontalScrollViewManager
04-15 08:40:49.185 25177 25316 W unknown:ViewManagerPropertyUpdater: Could not find generated setter for class com.facebook.react.views.text.ReactTextViewManager
04-15 08:40:49.186 25177 25316 W unknown:ViewManagerPropertyUpdater: Could not find generated setter for class com.facebook.react.views.text.ReactTextShadowNode
04-15 08:40:49.189 25177 25316 W unknown:ViewManagerPropertyUpdater: Could not find generated setter for class com.horcrux.svg.RenderableViewManager$FeColorMatrixManager
04-15 08:40:49.190  1189  2065 D WindowManager: takeScreenshotToTargetWindow: display=0, target=0, containsTarget=false, crop=Rect(0, 0 - 0, 0), w=540, h=1170, useIdentityTransform=true, ignorePolicy=false, caller=com.android.server.wm.WindowManagerService.takeScreenshotToTargetWindowFromCapture:53 com.android.server.wm.WindowManagerService.takeScreenshotToTargetWindow:14 android.view.IWindowManager$Stub.onTransact:3954 
04-15 08:40:49.190  1189  2065 D RestrictionPolicy: isScreenCaptureEnabled : ret=true userId=0
04-15 08:40:49.190  1189  2065 D RestrictionPolicy: isScreenCaptureEnabled : ret=true userId=0
04-15 08:40:49.190  1189  2065 D RestrictionPolicy: isScreenCaptureEnabled : ret=true userId=0
04-15 08:40:49.190  1189  2065 D WindowManager: takeScreenshotToTargetWindow: targetSurface=null, sourceCrop=Rect(0, 0 - 0, 0)
04-15 08:40:49.192 25177 25316 W unknown:ViewManagerPropertyUpdater: Could not find generated setter for class com.facebook.react.views.scroll.ReactHorizontalScrollContainerViewManager
04-15 08:40:49.193   869   944 D RenderEngine: [SEC_SF_EFFECTS] drawLayersInternal,1313, Rendering layer  at index 0
04-15 08:40:49.195 25177 25316 W unknown:ViewManagerPropertyUpdater: Could not find generated setter for class com.horcrux.svg.RenderableViewManager$ClipPathViewManager
04-15 08:40:49.196  1189  2065 D WindowManager: takeScreenshotToTargetWindow, bitmap=android.graphics.Bitmap@c91b027, failedReason=, caller=com.android.server.wm.WindowManagerService.takeScreenshotToTargetWindowFromCapture:53 com.android.server.wm.WindowManagerService.takeScreenshotToTargetWindow:14 android.view.IWindowManager$Stub.onTransact:3954 com.android.server.wm.WindowManagerService.onTransact:1 android.os.Binder.execTransactInternal:1536 android.os.Binder.execTransact:1480 
04-15 08:40:49.199 25177 25316 W unknown:ViewManagerPropertyUpdater: Could not find generated setter for class com.horcrux.svg.RenderableViewManager$SymbolManager
04-15 08:40:49.203 25177 25316 W unknown:ViewManagerPropertyUpdater: Could not find generated setter for class com.horcrux.svg.RenderableViewManager$PatternManager
04-15 08:40:49.206 25177 25316 W unknown:ViewManagerPropertyUpdater: Could not find generated setter for class com.horcrux.svg.RenderableViewManager$FeBlendManager
04-15 08:40:49.208 25177 25316 W unknown:ViewManagerPropertyUpdater: Could not find generated setter for class com.facebook.react.views.view.ReactViewManager
04-15 08:40:49.212 25177 25316 W unknown:ViewManagerPropertyUpdater: Could not find generated setter for class com.horcrux.svg.SvgViewManager
04-15 08:40:49.217 25177 25316 W unknown:ViewManagerPropertyUpdater: Could not find generated setter for class com.facebook.react.views.switchview.ReactSwitchManager
04-15 08:40:49.218 25177 25316 W unknown:ViewManagerPropertyUpdater: Could not find generated setter for class com.facebook.react.views.switchview.ReactSwitchShadowNode
04-15 08:40:49.221 25177 25316 W unknown:ViewManagerPropertyUpdater: Could not find generated setter for class com.horcrux.svg.RenderableViewManager$UseViewManager
04-15 08:40:49.224 25177 25316 W unknown:ViewManagerPropertyUpdater: Could not find generated setter for class com.horcrux.svg.RenderableViewManager$CircleViewManager
04-15 08:40:49.227 25177 25316 W unknown:ViewManagerPropertyUpdater: Could not find generated setter for class com.horcrux.svg.RenderableViewManager$TSpanViewManager
04-15 08:40:49.230  1189  2065 D WindowManager: takeScreenshotToTargetWindow: display=0, target=0, containsTarget=false, crop=Rect(0, 0 - 0, 0), w=540, h=1170, useIdentityTransform=true, ignorePolicy=false, caller=com.android.server.wm.WindowManagerService.takeScreenshotToTargetWindowFromCapture:53 com.android.server.wm.WindowManagerService.takeScreenshotToTargetWindow:14 android.view.IWindowManager$Stub.onTransact:3954 
04-15 08:40:49.230  1189  2065 D RestrictionPolicy: isScreenCaptureEnabled : ret=true userId=0
04-15 08:40:49.230  1189  2065 D RestrictionPolicy: isScreenCaptureEnabled : ret=true userId=0
04-15 08:40:49.230  1189  2065 D RestrictionPolicy: isScreenCaptureEnabled : ret=true userId=0
04-15 08:40:49.230  1189  2065 D WindowManager: takeScreenshotToTargetWindow: targetSurface=null, sourceCrop=Rect(0, 0 - 0, 0)
04-15 08:40:49.234   869   944 D RenderEngine: [SEC_SF_EFFECTS] drawLayersInternal,1313, Rendering layer  at index 0
04-15 08:40:49.234 25177 25316 W unknown:ViewManagerPropertyUpdater: Could not find generated setter for class com.horcrux.svg.RenderableViewManager$FilterManager
04-15 08:40:49.237  1189  2065 D WindowManager: takeScreenshotToTargetWindow, bitmap=android.graphics.Bitmap@2de12d4, failedReason=, caller=com.android.server.wm.WindowManagerService.takeScreenshotToTargetWindowFromCapture:53 com.android.server.wm.WindowManagerService.takeScreenshotToTargetWindow:14 android.view.IWindowManager$Stub.onTransact:3954 com.android.server.wm.WindowManagerService.onTransact:1 android.os.Binder.execTransactInternal:1536 android.os.Binder.execTransact:1480 
04-15 08:40:49.237 25177 25316 W unknown:ViewManagerPropertyUpdater: Could not find generated setter for class com.horcrux.svg.RenderableViewManager$MarkerManager
04-15 08:40:49.242 25177 25316 W unknown:ViewManagerPropertyUpdater: Could not find generated setter for class com.facebook.react.views.modal.ReactModalHostManager
04-15 08:40:49.245 25177 25316 W unknown:ViewManagerPropertyUpdater: Could not find generated setter for class com.horcrux.svg.RenderableViewManager$ForeignObjectManager
04-15 08:40:49.248 25177 25316 W unknown:ViewManagerPropertyUpdater: Could not find generated setter for class com.horcrux.svg.RenderableViewManager$EllipseViewManager
04-15 08:40:49.251 25177 25316 W unknown:ViewManagerPropertyUpdater: Could not find generated setter for class com.horcrux.svg.RenderableViewManager$LineViewManager
04-15 08:40:49.253 25177 25316 W unknown:ViewManagerPropertyUpdater: Could not find generated setter for class com.facebook.react.views.text.frescosupport.FrescoBasedReactTextInlineImageViewManager
04-15 08:40:49.254 25177 25316 W unknown:ViewManagerPropertyUpdater: Could not find generated setter for class com.facebook.react.views.text.frescosupport.FrescoBasedReactTextInlineImageShadowNode
04-15 08:40:49.256 25177 25316 W unknown:ViewManagerPropertyUpdater: Could not find generated setter for class com.horcrux.svg.RenderableViewManager$FeFloodManager
04-15 08:40:49.258 25177 25316 W unknown:ViewManagerPropertyUpdater: Could not find generated setter for class com.horcrux.svg.RenderableViewManager$GroupViewManager
04-15 08:40:49.261 25177 25316 W unknown:ViewManagerPropertyUpdater: Could not find generated setter for class com.horcrux.svg.RenderableViewManager$TextViewManager
04-15 08:40:49.265 25177 25316 W unknown:ViewManagerPropertyUpdater: Could not find generated setter for class com.horcrux.svg.RenderableViewManager$ImageViewManager
04-15 08:40:49.267 25177 25316 W unknown:ViewManagerPropertyUpdater: Could not find generated setter for class com.horcrux.svg.RenderableViewManager$FeCompositeManager
04-15 08:40:49.271 25177 25316 W unknown:ViewManagerPropertyUpdater: Could not find generated setter for class com.facebook.react.views.image.ReactImageManager
04-15 08:40:49.274 25177 25316 W unknown:ViewManagerPropertyUpdater: Could not find generated setter for class com.horcrux.svg.RenderableViewManager$RadialGradientManager
04-15 08:40:49.277 25177 25316 W unknown:ViewManagerPropertyUpdater: Could not find generated setter for class com.horcrux.svg.RenderableViewManager$MaskManager
04-15 08:40:49.278  1189  2065 D WindowManager: takeScreenshotToTargetWindow: display=0, target=0, containsTarget=false, crop=Rect(0, 0 - 0, 0), w=540, h=1170, useIdentityTransform=true, ignorePolicy=false, caller=com.android.server.wm.WindowManagerService.takeScreenshotToTargetWindowFromCapture:53 com.android.server.wm.WindowManagerService.takeScreenshotToTargetWindow:14 android.view.IWindowManager$Stub.onTransact:3954 
04-15 08:40:49.278  1189  2065 D RestrictionPolicy: isScreenCaptureEnabled : ret=true userId=0
04-15 08:40:49.278  1189  2065 D RestrictionPolicy: isScreenCaptureEnabled : ret=true userId=0
04-15 08:40:49.278  1189  2065 D RestrictionPolicy: isScreenCaptureEnabled : ret=true userId=0
04-15 08:40:49.278  1189  2065 D WindowManager: takeScreenshotToTargetWindow: targetSurface=null, sourceCrop=Rect(0, 0 - 0, 0)
04-15 08:40:49.281 25177 25316 W unknown:ViewManagerPropertyUpdater: Could not find generated setter for class com.facebook.react.views.unimplementedview.ReactUnimplementedViewManager
04-15 08:40:49.282   869   944 D RenderEngine: [SEC_SF_EFFECTS] drawLayersInternal,1313, Rendering layer  at index 0
04-15 08:40:49.283 25177 25316 W unknown:ViewManagerPropertyUpdater: Could not find generated setter for class com.horcrux.svg.RenderableViewManager$RectViewManager
04-15 08:40:49.284  1189  2065 D WindowManager: takeScreenshotToTargetWindow, bitmap=android.graphics.Bitmap@642cc7d, failedReason=, caller=com.android.server.wm.WindowManagerService.takeScreenshotToTargetWindowFromCapture:53 com.android.server.wm.WindowManagerService.takeScreenshotToTargetWindow:14 android.view.IWindowManager$Stub.onTransact:3954 com.android.server.wm.WindowManagerService.onTransact:1 android.os.Binder.execTransactInternal:1536 android.os.Binder.execTransact:1480 
04-15 08:40:49.291 25177 25316 W unknown:ViewManagerPropertyUpdater: Could not find generated setter for class com.horcrux.svg.RenderableViewManager$TextPathViewManager
04-15 08:40:49.296 25177 25316 W unknown:ViewManagerPropertyUpdater: Could not find generated setter for class com.facebook.react.views.scroll.ReactScrollViewManager
04-15 08:40:49.300 25177 25316 W unknown:ViewManagerPropertyUpdater: Could not find generated setter for class com.horcrux.svg.RenderableViewManager$FeOffsetManager
04-15 08:40:49.302 25177 25316 W unknown:ViewManagerPropertyUpdater: Could not find generated setter for class com.horcrux.svg.RenderableViewManager$PathViewManager
04-15 08:40:49.311 25177 25316 W unknown:ViewManagerPropertyUpdater: Could not find generated setter for class com.facebook.react.views.drawer.ReactDrawerLayoutManager
04-15 08:40:49.315 25177 25316 W unknown:ViewManagerPropertyUpdater: Could not find generated setter for class com.facebook.react.views.swiperefresh.SwipeRefreshLayoutManager
04-15 08:40:49.322 25177 25316 W unknown:ViewManagerPropertyUpdater: Could not find generated setter for class com.facebook.react.views.textinput.ReactTextInputManager
04-15 08:40:49.324 25177 25316 W unknown:ViewManagerPropertyUpdater: Could not find generated setter for class com.facebook.react.views.textinput.ReactTextInputShadowNode
04-15 08:40:49.326  1189  2697 D WindowManager: takeScreenshotToTargetWindow: display=0, target=0, containsTarget=false, crop=Rect(0, 0 - 0, 0), w=540, h=1170, useIdentityTransform=true, ignorePolicy=false, caller=com.android.server.wm.WindowManagerService.takeScreenshotToTargetWindowFromCapture:53 com.android.server.wm.WindowManagerService.takeScreenshotToTargetWindow:14 android.view.IWindowManager$Stub.onTransact:3954 
04-15 08:40:49.326  1189  2697 D RestrictionPolicy: isScreenCaptureEnabled : ret=true userId=0
04-15 08:40:49.326  1189  2697 D RestrictionPolicy: isScreenCaptureEnabled : ret=true userId=0
04-15 08:40:49.326  1189  2697 D RestrictionPolicy: isScreenCaptureEnabled : ret=true userId=0
04-15 08:40:49.326  1189  2697 D WindowManager: takeScreenshotToTargetWindow: targetSurface=null, sourceCrop=Rect(0, 0 - 0, 0)
04-15 08:40:49.329   869   944 D RenderEngine: [SEC_SF_EFFECTS] drawLayersInternal,1313, Rendering layer  at index 0
04-15 08:40:49.331  1189  2697 D WindowManager: takeScreenshotToTargetWindow, bitmap=android.graphics.Bitmap@2e3cbd1, failedReason=, caller=com.android.server.wm.WindowManagerService.takeScreenshotToTargetWindowFromCapture:53 com.android.server.wm.WindowManagerService.takeScreenshotToTargetWindow:14 android.view.IWindowManager$Stub.onTransact:3954 com.android.server.wm.WindowManagerService.onTransact:1 android.os.Binder.execTransactInternal:1536 android.os.Binder.execTransact:1480 
04-15 08:40:49.333 25177 25316 V AsyncStorageExpoMigration: No scoped database found
04-15 08:40:49.365  1189  2065 D WindowManager: takeScreenshotToTargetWindow: display=0, target=0, containsTarget=false, crop=Rect(0, 0 - 0, 0), w=540, h=1170, useIdentityTransform=true, ignorePolicy=false, caller=com.android.server.wm.WindowManagerService.takeScreenshotToTargetWindowFromCapture:53 com.android.server.wm.WindowManagerService.takeScreenshotToTargetWindow:14 android.view.IWindowManager$Stub.onTransact:3954 
04-15 08:40:49.365  1189  2065 D RestrictionPolicy: isScreenCaptureEnabled : ret=true userId=0
04-15 08:40:49.365  1189  2065 D RestrictionPolicy: isScreenCaptureEnabled : ret=true userId=0
04-15 08:40:49.365  1189  2065 D RestrictionPolicy: isScreenCaptureEnabled : ret=true userId=0
04-15 08:40:49.365  1189  2065 D WindowManager: takeScreenshotToTargetWindow: targetSurface=null, sourceCrop=Rect(0, 0 - 0, 0)
04-15 08:40:49.365  8206  8206 W ContextImpl: Calling a method in the system process without a qualified user: android.app.ContextImpl.startActivity:1177 android.content.ContextWrapper.startActivity:447 com.samsung.rtlassistant.utils.ActivityControllerManager$HeartbeatTask.runHeartbeat:24 com.samsung.rtlassistant.utils.ActivityControllerManager$HeartbeatTask.run:2 android.os.Handler.handleCallback:959 
04-15 08:40:49.366  8206  8206 W ContextImpl: Calling a method in the system process without a qualified user: android.app.ContextImpl.startActivity:1189 android.app.ContextImpl.startActivity:1178 android.content.ContextWrapper.startActivity:447 com.samsung.rtlassistant.utils.ActivityControllerManager$HeartbeatTask.runHeartbeat:24 com.samsung.rtlassistant.utils.ActivityControllerManager$HeartbeatTask.run:2 
04-15 08:40:49.366  1189  2892 D ActivityTaskManager: startActivityAsUser: callingPid=8206, callingUid=1000, caller=com.android.server.wm.ActivityTaskManagerService.startActivity:120 android.app.IActivityTaskManager$Stub.onTransact:1356 com.android.server.wm.ActivityTaskManagerService.onTransact:1 android.os.Binder.execTransactInternal:1536 android.os.Binder.execTransact:1480 <bottom of call stack> <bottom of call stack> 
04-15 08:40:49.369  1189  2892 D ActivityTaskManager: TaskLaunchParamsModifier:task=null activity=null display-area-from-current-params=null display-area-from-default-fallback=DefaultTaskDisplayArea_d0@159073749 display-id=0 task-display-area-windowing-mode=1 suggested-display-area=DefaultTaskDisplayArea_d0@159073749
04-15 08:40:49.369   869   944 D RenderEngine: [SEC_SF_EFFECTS] drawLayersInternal,1313, Rendering layer  at index 0
04-15 08:40:49.370  1189  2892 D CompatChangeReporter: Compat change id reported: 151861875; UID 1000; state: ENABLED
04-15 08:40:49.370  1189  2892 W OptProp : Cannot read opt property android.window.PROPERTY_COMPAT_ALLOW_ORIENTATION_OVERRIDE
04-15 08:40:49.370  1189  2892 D ActivityTaskManager: Non-opaque activity is created, styleTranslucent=true, styleFloating=false, r=ActivityRecord{8286937 u0 com.samsung.rtlassistant/.HeartbeatActivity
04-15 08:40:49.371  1189  2065 D WindowManager: takeScreenshotToTargetWindow, bitmap=android.graphics.Bitmap@cdbea4, failedReason=, caller=com.android.server.wm.WindowManagerService.takeScreenshotToTargetWindowFromCapture:53 com.android.server.wm.WindowManagerService.takeScreenshotToTargetWindow:14 android.view.IWindowManager$Stub.onTransact:3954 com.android.server.wm.WindowManagerService.onTransact:1 android.os.Binder.execTransactInternal:1536 android.os.Binder.execTransact:1480 
04-15 08:40:49.373  1189  2892 D WindowManager: Transition is created, t=TransitionRecord{8b5efc2 id=-1 type=OPEN flags=0x0}, caller=com.android.server.wm.Transition.<init>:170 com.android.server.wm.ActivityStarter.startActivityUnchecked:330 com.android.server.wm.ActivityStarter.executeRequest:3361 com.android.server.wm.ActivityStarter.execute:1122 com.android.server.wm.ActivityTaskManagerService.startActivityAsUser:88 
04-15 08:40:49.373  1189  2892 D BLASTSyncEngine: SyncGroup is created, id=16, name=Transition-OPEN, caller=com.android.server.wm.BLASTSyncEngine$SyncGroup.<init>:51 com.android.server.wm.TransitionController.moveToCollecting:78 com.android.server.wm.ActivityStarter.startActivityUnchecked:333 com.android.server.wm.ActivityStarter.executeRequest:3361 com.android.server.wm.ActivityStarter.execute:1122 com.android.server.wm.ActivityTaskManagerService.startActivityAsUser:88 com.android.server.wm.ActivityTaskManagerService.startActivity:120 
04-15 08:40:49.374  1189  2892 W BLASTSyncEngine: setSyncMethod, id=16, method=0, caller=com.android.server.wm.TransitionController.moveToCollecting:90 com.android.server.wm.ActivityStarter.startActivityUnchecked:333 com.android.server.wm.ActivityStarter.executeRequest:3361 
04-15 08:40:49.374  1189  2892 V WindowManager: Start collecting in Transition: TransitionRecord{8b5efc2 id=16 type=OPEN flags=0x0}, caller=com.android.server.wm.ActivityStarter.startActivityUnchecked:333 com.android.server.wm.ActivityStarter.executeRequest:3361 com.android.server.wm.ActivityStarter.execute:1122 com.android.server.wm.ActivityTaskManagerService.startActivityAsUser:88 com.android.server.wm.ActivityTaskManagerService.startActivity:120 
04-15 08:40:49.374  1189  2892 V WindowManager: Collecting in transition 16: ActivityRecord{8286937 u0 com.samsung.rtlassistant/.HeartbeatActivity t-1}, caller=com.android.server.wm.TransitionController.collect:7 com.android.server.wm.ActivityStarter.startActivityUnchecked:626 com.android.server.wm.ActivityStarter.executeRequest:3361 com.android.server.wm.ActivityStarter.execute:1122 com.android.server.wm.ActivityTaskManagerService.startActivityAsUser:88 
04-15 08:40:49.374  1189  2892 D ActivityTaskManager: TaskLaunchParamsModifier:task=null activity=ActivityRecord{8286937 u0 com.samsung.rtlassistant/.HeartbeatActivity t-1} display-area-from-current-params=null display-area-from-default-fallback=DefaultTaskDisplayArea_d0@159073749 display-id=0 task-display-area-windowing-mode=1 suggested-display-area=DefaultTaskDisplayArea_d0@159073749
04-15 08:40:49.375  1189  2892 D ActivityTaskManager: TaskLaunchParamsModifier:task=null activity=ActivityRecord{8286937 u0 com.samsung.rtlassistant/.HeartbeatActivity t-1} display-area-from-current-params=null display-area-from-default-fallback=DefaultTaskDisplayArea_d0@159073749 display-id=0 task-display-area-windowing-mode=1 suggested-display-area=DefaultTaskDisplayArea_d0@159073749 non-freeform-task-display-area display-area=DefaultTaskDisplayArea_d0@159073749 default-portrait freeform-size-mismatch=Rect(81, 558 - 999, 1728)
04-15 08:40:49.375  1189  2892 E CellBroadcastUtils: getDefaultCellBroadcastReceiverPackageName: no package found
04-15 08:40:49.376   869   939 I SurfaceFlinger: id=155 createSurf, flag=24004, Task=13#155
04-15 08:40:49.377  1189  2892 D ActivityTaskManager: Top Process State changed to PROCESS_STATE_TOP_SLEEPING#2
04-15 08:40:49.377  1189  2892 D ActivityTaskManager: TaskLaunchParamsModifier:task=Task{69061d3 #13 type=standard I=com.samsung.rtlassistant/.HeartbeatActivity} activity=ActivityRecord{8286937 u0 com.samsung.rtlassistant/.HeartbeatActivity t-1} display-from-task=0 display-id=0 task-display-area-windowing-mode=1 suggested-display-area=DefaultTaskDisplayArea_d0@159073749 inherit-from-task=fullscreen non-freeform-task-display-area display-area=DefaultTaskDisplayArea_d0@159073749 default-portrait freeform-size-mismatch=Rect(81, 558 - 999, 1728)
04-15 08:40:49.377  1189  2892 V WindowManager: Collecting in transition 16: Task{69061d3 #13 type=standard I=com.samsung.rtlassistant/.HeartbeatActivity}, caller=com.android.server.wm.Transition.collectExistenceChange:42 com.android.server.wm.ActivityStarter.setNewTask:43 com.android.server.wm.ActivityStarter.startActivityInner:281 com.android.server.wm.ActivityStarter.startActivityUnchecked:639 com.android.server.wm.ActivityStarter.executeRequest:3361 
04-15 08:40:49.378  1189  2892 W OptProp : Cannot read opt property android.window.PROPERTY_COMPAT_ALLOW_MIN_ASPECT_RATIO_OVERRIDE
04-15 08:40:49.378   869   939 I SurfaceFlinger: id=156 createSurf, flag=84004, ActivityRecord{8286937 u0 com.samsung.rtlassistant/.HeartbeatActivity t13}#156
04-15 08:40:49.379  1189  2892 D ActivityTaskManager: Temporarily retain top process state for launching app
04-15 08:40:49.379  1189  2892 V WindowManager: Checking theme of starting window: 0x7f110127
04-15 08:40:49.379  1189  2892 V WindowManager: Translucent=true Floating=false ShowWallpaper=false Disable=false
04-15 08:40:49.379  1189  2892 D WindowManager: App launched activity=ActivityRecord{8286937 u0 com.samsung.rtlassistant/.HeartbeatActivity t13}, state=1
04-15 08:40:49.380  1189  2892 V WindowManager: Computed rotation=ROTATION_0 (0) for display id=0 based on lastOrientation=SCREEN_ORIENTATION_NOSENSOR (5) and oldRotation=ROTATION_0 (0), caller=com.android.server.wm.DisplayRotation.updateOrientation:25 com.android.server.wm.DisplayContent.updateOrientation:65 com.android.server.wm.DisplayContent.updateOrientation:11 com.android.server.wm.RootWindowContainer.ensureVisibilityAndConfig:7 com.android.server.wm.ActivityTaskSupervisor.realStartActivityLocked:213 com.android.server.wm.ActivityTaskSupervisor.startSpecificActivity:27 
04-15 08:40:49.382  1189  2892 D SGM:FgCheckThread: notifyAppCreated(), packageName: com.samsung.rtlassistant, userId: 0, sendRet: true
04-15 08:40:49.382  1189  1789 D SGM:FgCheckThread: onLooperPrepared(), msg: MSG_APP_CREATE, pkgName: com.samsung.rtlassistant, userId: 0
04-15 08:40:49.382  1189  2892 D CompatChangeReporter: Compat change id reported: 324203798; UID 1000; state: ENABLED
04-15 08:40:49.383  1189  2892 D SGM:FgCheckThread: TaskStackListener.onTaskFocusChanged(), taskId=12, focused=false
04-15 08:40:49.383  1189  2892 D SGM:FgCheckThread: TaskStackListener.onTaskFocusChanged(), taskId=13, focused=true
04-15 08:40:49.384  1189  2892 D SGM:FgCheckThread:   sendRunningComponentFocus(), pkgName: com.samsung.rtlassistant, userId: 0
04-15 08:40:49.384  1189  1789 D SGM:FgCheckThread: onLooperPrepared(), msg: MSG_TASK_FOCUSED, pkgName: com.samsung.rtlassistant, userId: 0
04-15 08:40:49.384  1189  1789 D SGM:FgCheckThread: handleTaskFocused().
04-15 08:40:49.384  1189  2892 D InputDispatcher: Focused application(0): ActivityRecord{8286937 u0 com.samsung.rtlassistant/.HeartbeatActivity t13}
04-15 08:40:49.384  1189  1789 D SGM:FgCheckThread:   handleTaskFocused(), pkgName: com.samsung.rtlassistant, userID:0
04-15 08:40:49.384  1189  1789 D SGM:FgCheckThread: handleResume().
04-15 08:40:49.385  1189  1789 D SGM:SystemHelper: callReleaseBlock needReleaseBlock:false
04-15 08:40:49.385  1189  1789 D SGM:FgCheckThread:   handleResume(). device is locked yet. ignore
04-15 08:40:49.385  1189  2892 D ActivityTaskManager: scheduleTopResumedActivityChanged, onTop=true, r=ActivityRecord{8286937 u0 com.samsung.rtlassistant/.HeartbeatActivity t13}, caller=com.android.server.wm.ActivityTaskSupervisor.updateTopResumedActivityIfNeeded:62 com.android.server.wm.TaskFragment.setResumedActivity:29 com.android.server.wm.ActivityRecord.setState:104 com.android.server.wm.ActivityTaskSupervisor.realStartActivityLocked:949 com.android.server.wm.ActivityTaskSupervisor.startSpecificActivity:27 com.android.server.wm.TaskFragment.resumeTopActivity:2204 
04-15 08:40:49.386  1189  2892 W OptProp : Cannot read opt property android.window.PROPERTY_COMPAT_ALLOW_RESIZEABLE_ACTIVITY_OVERRIDES
04-15 08:40:49.387  1189  2892 D ActivityTaskManager: scheduleTopResumedActivityChanged, onTop=false, r=ActivityRecord{8286937 u0 com.samsung.rtlassistant/.HeartbeatActivity t13}, caller=com.android.server.wm.ActivityTaskSupervisor.scheduleTopResumedActivityStateLossIfNeeded:11 com.android.server.wm.ActivityTaskSupervisor.updateTopResumedActivityIfNeeded:19 com.android.server.wm.TaskFragment.setResumedActivity:29 com.android.server.wm.ActivityRecord.setState:95 com.android.server.wm.TaskFragment.startPausing$1:210 com.android.server.wm.Task$$ExternalSyntheticLambda3.accept:271 
04-15 08:40:49.388  1189  2892 V WindowManager: Collecting in transition 16: ActivityRecord{8286937 u0 com.samsung.rtlassistant/.HeartbeatActivity t13}, caller=com.android.server.wm.Transition.collectExistenceChange:42 com.android.server.wm.ActivityStarter.handleStartResult:523 com.android.server.wm.ActivityStarter.startActivityUnchecked:653 com.android.server.wm.ActivityStarter.executeRequest:3361 com.android.server.wm.ActivityStarter.execute:1122 
04-15 08:40:49.389  1189  2892 V WindowManager: Requesting StartTransition: TransitionRecord{8b5efc2 id=16 type=OPEN flags=0x0}, caller=com.android.server.wm.ActivityStarter.handleStartResult:677 com.android.server.wm.ActivityStarter.startActivityUnchecked:653 com.android.server.wm.ActivityStarter.executeRequest:3361 com.android.server.wm.ActivityStarter.execute:1122 com.android.server.wm.ActivityTaskManagerService.startActivityAsUser:88 
04-15 08:40:49.390  2035  2555 V WindowManagerShell: Transition requested (#16): android.os.BinderProxy@184f9bb TransitionRequestInfo { type = OPEN, triggerTask = TaskInfo{userId=0 taskId=13 displayId=0 isRunning=true baseIntent=Intent { dat=heartbeat://d8f78dc2-0f4c-465f-a8a6-d05fc4831fdd/... flg=0x18800000 cmp=com.samsung.rtlassistant/.HeartbeatActivity } baseActivity=ComponentInfo{com.samsung.rtlassistant/com.samsung.rtlassistant.HeartbeatActivity} topActivity=ComponentInfo{com.samsung.rtlassistant/com.samsung.rtlassistant.HeartbeatActivity} origActivity=null realActivity=ComponentInfo{com.samsung.rtlassistant/com.samsung.rtlassistant.HeartbeatActivity} numActivities=1 lastActiveTime=5053195 supportsMultiWindow=true resizeMode=1 isResizeable=true minWidth=-1 minHeight=-1 maxWidth=-1 maxHeight=-1 defaultMinSize=220 token=WCT{android.window.IWindowContainerToken$Stub$Proxy@b577ed8} topActivityType=1 pictureInPictureParams=null shouldDockBigOverlays=false launchIntoPipHostTaskId=-1 lastParentTaskIdBeforePip=-1 displayCutoutSafeInsets=Rect(0, 91 - 0, 0) topActivityInfo=ActivityInfo{ff70231 com.samsung.rtlassistant.HeartbeatActivity} launchCookies=[] positionInParent=Point(0, 0) parentTaskId=-1 isFocused=true isVisible=false isVisibleRequested=false isSleeping=true topActivityInSizeCompat=false locusId=null displayAreaFeatureId=1 isTopActivityTransparent=true isTopActivityStyleFloating=false appCompatTaskInfo=AppCompatTaskInfo { topActivityInSizeCompat=false eligibleForLetterboxEducation= false isLetterboxEducationEnabled= false isLetterboxDoubleTapEnabled= false eligibleForUserAspectRatioButton= false topActivityBoundsLetterboxed= false isFromLetterboxDoubleTap= false topActivityLetterboxVerticalPosition= -1 topActivityLetterboxHorizontalPosition= -1 topActivityLetterboxWidth=1080 topActivityLetterboxHeight=2340 topActivityLetterboxAppWidth=1080 topActivityLetterboxAppHeight=2340 isUserFullscreenOverrideEnabled=false isSystemFullscreenOverrideEnabled=false hasMinAspectRatioOverride=false cameraCompatTaskInfo=CameraCompatTaskInfo { freeformCameraCompatMode=inactive} topActivityBounds=null topActivityInDisplayCompat=false} originallySupportedMultiWindow=true hasWallpaper=false rootAffinity=null isTopTaskInStage=false topActivityUiMode=17 CoverLauncherWidgetTask=false isAllowedSeamlessRotation=false isTopTransparentActivity=false snappingGuideBounds=Rect(81, 558 - 999, 1728) isAliasManaged=false hasConfigChanged=false isAiKeyRemoveAppTask=false}, pipTask = null, remoteTransition = null, displayChange = null, flags = 0, debugId = 16 }
04-15 08:40:49.390  1189  2892 I Pageboost: stop alp
04-15 08:40:49.390  1189  2892 I ActivityTaskManager: START u0 {dat=heartbeat://d8f78dc2-0f4c-465f-a8a6-d05fc4831fdd/... flg=0x18800000 cmp=com.samsung.rtlassistant/.HeartbeatActivity} with LAUNCH_MULTIPLE from uid 1000 (BAL_ALLOW_ALLOWLISTED_UID) result code=0
04-15 08:40:49.391  1189  2892 I SemDvfsHyPerManager: acquire hyper - AMS_APP_LAUNCH/1189@16, type = -999
04-15 08:40:49.391   814   850 I HYPER-HAL: [RequestManager.cpp]acquire(): Acquired ID : 726631  [1189 / 16]    HINT : AMS_APP_LAUNCH    list : 
04-15 08:40:49.392  6212  6212 I SemDvfsHyPerManager: acquire hyper - APP_START/6212@21, type = -999
04-15 08:40:49.392  8206  8206 I ActivityManager: semUnregisterActivityControllerListener, listener=0xdf3a5e4
04-15 08:40:49.392  3563  3563 E pageboostd: Received HALT command code 2
04-15 08:40:49.392   814   850 I HYPER-HAL: [RequestManager.cpp]acquire(): Acquired ID : 19428282  [6212 / 21]    HINT : APP_START    list : 
04-15 08:40:49.394  1189  1881 D AS.MultiSoundManager: mForegroundUid = 1000
04-15 08:40:49.394  1189  2065 V WindowManager: Starting Transition 16, caller=com.android.server.wm.WindowOrganizerController.startTransition:37 com.android.server.wm.WindowOrganizerController.startTransition:1 android.window.IWindowOrganizerController$Stub.onTransact:271 
04-15 08:40:49.394  1189  1264 D PkgPredictorService-SecIpmManagerServiceImpl: onForegroundActivitiesChanged pid:8206 uid:1000
04-15 08:40:49.394  8206  8206 I ActivityManager: semRegisterActivityControllerListener, listener=0xdf3a5e4
04-15 08:40:49.394  1189  3403 V PkgPredictorService-SecIpmManagerServiceImpl: discard foreground app:com.samsung.rtlassistant 0|false
04-15 08:40:49.394   869   869 I SurfaceFlinger: [Task=13#155] attach to parent LayerHierarchy{RequestedLayerState{DefaultTaskDisplayArea_d0#11 parentId=10} 6 children}
04-15 08:40:49.394   869   869 I SurfaceFlinger: [ActivityRecord{8286937 u0 com.samsung.rtlassistant/.HeartbeatActivity t13}#156] attach to parent LayerHierarchy{RequestedLayerState{Task=13#155 parentId=11} 1 children}
04-15 08:40:49.395  1189  2892 D GraphicsStatsService: requestRenderEngineFor(com.samsung.rtlassistant)
04-15 08:40:49.396  3161  3242 I HoneySpace.RecentTasks: onRecentTasksChanged
04-15 08:40:49.397  3161  3297 I HoneySpace.TopTaskSource: onTaskMovedToFront : taskId = 13
04-15 08:40:49.397  3161  3297 I HoneySpace.TopTaskSource: onTaskFocusChanged(): taskId = 13
04-15 08:40:49.397  3161  3297 I HoneySpace.TopTaskSource: onTaskMovedToFront : taskId = 13
04-15 08:40:49.397  1189  1275 D BLASTSyncEngine: SyncGroup 16:  Unfinished container: ActivityRecord{8286937 u0 com.samsung.rtlassistant/.HeartbeatActivity t13} mSyncState=2
04-15 08:40:49.398  1189  1264 D NetworkPolicy: already checked 1000
04-15 08:40:49.398  3161  3300 I HoneySpace.TopTaskUseCase: topTasks 13, ComponentInfo{com.samsung.rtlassistant/com.samsung.rtlassistant.HeartbeatActivity}, DisplayId : 0
04-15 08:40:49.399  1189  1272 D EnterpriseDeviceManagerService: isMdmAdminPresentInternal() : MDM Admin Found - com.samsung.rtlassistant
04-15 08:40:49.399  1189  2892 V WindowManager: Collecting in transition 16: Task{69061d3 #13 type=standard I=com.samsung.rtlassistant/.HeartbeatActivity}, caller=com.android.server.wm.Transition.collectClose:12 com.android.server.wm.ActivityRecord.finishIfPossible:46 com.android.server.wm.ActivityClientController.finishActivity:225 android.app.IActivityClientController$Stub.onTransact:822 com.android.server.wm.ActivityClientController.onTransact:1 
04-15 08:40:49.401  2035  2035 E {OngoingActivityController}: getTaskInfo find task 13 fail. taskInfoList.size:2
04-15 08:40:49.401  1189  2065 W UserManagerService: Requested status bar icon for non-badged user 0
04-15 08:40:49.402  8206  8206 I DecorView: setWindowBackground: isPopOver=false color=0 d=android.graphics.drawable.ColorDrawable@e4097c8
04-15 08:40:49.402  3161  3242 I HoneySpace.HistoryViewModel@143533927@OneUI: Illegal access. Unknown type. skip load history items
04-15 08:40:49.402  6212 15102 I SDHMS:l : handleResumeComponent : put = com.samsung.rtlassistant, userid = 0 instanceid =91889936
04-15 08:40:49.402  1189  1272 D SGM:FgCheckThread: noteResumeComponent(), received pkgName: com.samsung.rtlassistant, userId: 0
04-15 08:40:49.403  1189  1789 D SGM:FgCheckThread: onLooperPrepared(), msg: MSG_APP_RESUME, pkgName: com.samsung.rtlassistant, userid: 0
04-15 08:40:49.403  1189  1789 D SGM:FgCheckThread: handleResume().
04-15 08:40:49.403  1189  1910 I CocktailBarManagerServiceContainer: handleMessage: entry what = 5
04-15 08:40:49.403  1189  1789 D SGM:SystemHelper: callReleaseBlock needReleaseBlock:false
04-15 08:40:49.403  3161  3161 I HoneySpace.EdgePanel.CocktailHostRepositoryImpl: onNoteResume
04-15 08:40:49.404  3161  3161 I HoneySpace.EdgePanel.EdgeContainerViewModel: cocktailHostRepository.edgePanelOperation NoteResumeComponent(componentName=ComponentInfo{com.samsung.rtlassistant/com.samsung.rtlassistant.HeartbeatActivity})
04-15 08:40:49.404  1189  3928 V WindowManager: Collecting in transition 16: ActivityRecord{6dc0768 u0 com.henza.accountingv2/.MainActivity t12}, caller=com.android.server.wm.TransitionController.collect:7 com.android.server.wm.ActivityRecord.setVisibility:189 com.android.server.wm.TaskFragment.resumeTopActivity:1735 com.android.server.wm.Task.resumeTopActivityInnerLocked:98 com.android.server.wm.Task.resumeTopActivityUncheckedLocked:23 
04-15 08:40:49.404  1189  1789 D SGM:FgCheckThread:   handleResume(). device is locked yet. ignore
04-15 08:40:49.404  1189  3928 D WindowManager: prepareSync <SYNC_STATE_WAITING_FOR_DRAW>, mPrepareSyncSeqId=0, win=Window{9b58247 u0 com.henza.accountingv2/com.henza.accountingv2.MainActivity}
04-15 08:40:49.404  1189  3928 V WindowManager: Setting visibility of Window{9b58247 u0 com.henza.accountingv2/com.henza.accountingv2.MainActivity}: true, caller=com.android.server.wm.WindowContainer.sendAppVisibilityToClients:19 com.android.server.wm.WindowToken.setClientVisible:49 com.android.server.wm.ActivityRecord.setVisibility:392 com.android.server.wm.TaskFragment.resumeTopActivity:1735 com.android.server.wm.Task.resumeTopActivityInnerLocked:98 
04-15 08:40:49.404  1189  3928 D SGM:FgCheckThread: TaskStackListener.onTaskFocusChanged(), taskId=13, focused=false
04-15 08:40:49.404  1189  3928 D SGM:FgCheckThread: TaskStackListener.onTaskFocusChanged(), taskId=12, focused=true
04-15 08:40:49.404  1189  3928 D SGM:FgCheckThread:   sendRunningComponentFocus(), pkgName: com.henza.accountingv2, userId: 0
04-15 08:40:49.404 25177 25177 I VRI[MainActivity]@9ab7df2: handleAppVisibility mAppVisible = false visible = true
04-15 08:40:49.404  1189  3928 D InputDispatcher: Focused application(0): ActivityRecord{6dc0768 u0 com.henza.accountingv2/.MainActivity t12}
04-15 08:40:49.404  1189  1789 D SGM:FgCheckThread: onLooperPrepared(), msg: MSG_TASK_FOCUSED, pkgName: com.henza.accountingv2, userId: 0
04-15 08:40:49.405  1189  1881 D AS.MultiSoundManager: mForegroundUid = 10337
