04-15 08:40:49.405  1189  3928 D ActivityTaskManager: scheduleTopResumedActivityChanged, onTop=true, r=ActivityRecord{6dc0768 u0 com.henza.accountingv2/.MainActivity t12}, caller=com.android.server.wm.ActivityTaskSupervisor.updateTopResumedActivityIfNeeded:62 com.android.server.wm.TaskFragment.setResumedActivity:29 com.android.server.wm.ActivityRecord.setState:104 com.android.server.wm.TaskFragment.resumeTopActivity:1817 com.android.server.wm.Task.resumeTopActivityInnerLocked:98 com.android.server.wm.Task.resumeTopActivityUncheckedLocked:23 
04-15 08:40:49.405  1189  2892 D WindowManager: takeScreenshotToTargetWindow: display=0, target=0, containsTarget=false, crop=Rect(0, 0 - 0, 0), w=540, h=1170, useIdentityTransform=true, ignorePolicy=false, caller=com.android.server.wm.WindowManagerService.takeScreenshotToTargetWindowFromCapture:53 com.android.server.wm.WindowManagerService.takeScreenshotToTargetWindow:14 android.view.IWindowManager$Stub.onTransact:3954 
04-15 08:40:49.405  1189  3928 V WindowManager: Collecting in transition 16: ActivityRecord{6dc0768 u0 com.henza.accountingv2/.MainActivity t12}, caller=com.android.server.wm.TransitionController.collect:7 com.android.server.wm.ActivityRecord.setVisibility:189 com.android.server.wm.ActivityRecord.makeInvisible:39 com.android.server.wm.EnsureActivitiesVisibleHelper.process:637 com.android.server.wm.TaskFragment.updateActivityVisibilities:12 
04-15 08:40:49.405  1189  1789 D SGM:FgCheckThread: handleTaskFocused().
04-15 08:40:49.405  3161  3242 I HoneySpace.EdgePanel.ActivityUtils: HomePackage : com.sec.android.app.launcher, resumePackageName : com.samsung.rtlassistant
04-15 08:40:49.405  1189  1789 D SGM:FgCheckThread: sendFocusOutConditionally() - mPrevNotiPkg: (unknown), userId: 0
04-15 08:40:49.405  1189  1789 D SGM:FgCheckThread:   handleTaskFocused(), pkgName: com.henza.accountingv2, userID:0 mResumedPkgMap does not containsKey.
04-15 08:40:49.405  1189  3928 V WindowManager: Computed rotation=ROTATION_0 (0) for display id=0 based on lastOrientation=SCREEN_ORIENTATION_NOSENSOR (5) and oldRotation=ROTATION_0 (0), caller=com.android.server.wm.DisplayRotation.updateOrientation:25 com.android.server.wm.DisplayContent.updateOrientation:65 com.android.server.wm.DisplayContent.updateOrientation:11 com.android.server.wm.RootWindowContainer.ensureVisibilityAndConfig:7 com.android.server.wm.TaskFragment.resumeTopActivity:1836 com.android.server.wm.Task.resumeTopActivityInnerLocked:98 
04-15 08:40:49.405  1189  3928 D ActivityTaskManager: scheduleTopResumedActivityChanged, onTop=false, r=ActivityRecord{6dc0768 u0 com.henza.accountingv2/.MainActivity t12}, caller=com.android.server.wm.ActivityTaskSupervisor.scheduleTopResumedActivityStateLossIfNeeded:11 com.android.server.wm.ActivityTaskSupervisor.updateTopResumedActivityIfNeeded:19 com.android.server.wm.TaskFragment.setResumedActivity:29 com.android.server.wm.ActivityRecord.setState:95 com.android.server.wm.TaskFragment.startPausing$1:210 com.android.server.wm.Task$$ExternalSyntheticLambda3.accept:271 
04-15 08:40:49.406  1189  3928 V WindowManager: SyncGroup 16: Finished!
04-15 08:40:49.406  1189  3928 D ChangeTransitionController: onTransactionReady: TransitionRecord{8b5efc2 id=16 type=OPEN flags=0x0}
04-15 08:40:49.406  1189  3928 V WindowManager: Start calculating TransitionInfo based on participants: {Task{69061d3 #13 type=standard I=com.samsung.rtlassistant/.HeartbeatActivity}, ActivityRecord{6dc0768 u0 com.henza.accountingv2/.MainActivity t12}, ActivityRecord{8286937 u0 com.samsung.rtlassistant/.HeartbeatActivity t13 f}}, Task{8610781 #12 type=standard A=10337:com.henza.accountingv2}}
04-15 08:40:49.406  1189  3928 V WindowManager:   Final targets: []
04-15 08:40:49.406 25177 25177 I VRI[MainActivity]@9ab7df2: stopped(false) old = true
04-15 08:40:49.406  1189  3928 V WindowManager: Calling onTransitionReady: {id=16 t=OPEN f=0x40 trk=0 r=[] c=[]}
04-15 08:40:49.406 25177 25177 D VRI[MainActivity]@9ab7df2: WindowStopped on com.henza.accountingv2/com.henza.accountingv2.MainActivity set to false
04-15 08:40:49.407  2035 18191 V WindowManagerShell: onTransitionReady(transaction=5106716115734)
04-15 08:40:49.407  1189  1261 V WindowManager: Sent Transition (#16) createdAt=04-15 08:40:49.373 via request=TransitionRequestInfo { type = OPEN, triggerTask = TaskInfo{userId=0 taskId=13 displayId=0 isRunning=true baseIntent=Intent { dat=heartbeat://d8f78dc2-0f4c-465f-a8a6-d05fc4831fdd/... flg=0x18800000 cmp=com.samsung.rtlassistant/.HeartbeatActivity } baseActivity=ComponentInfo{com.samsung.rtlassistant/com.samsung.rtlassistant.HeartbeatActivity} topActivity=ComponentInfo{com.samsung.rtlassistant/com.samsung.rtlassistant.HeartbeatActivity} origActivity=null realActivity=ComponentInfo{com.samsung.rtlassistant/com.samsung.rtlassistant.HeartbeatActivity} numActivities=1 lastActiveTime=5053195 supportsMultiWindow=true resizeMode=1 isResizeable=true minWidth=-1 minHeight=-1 maxWidth=-1 maxHeight=-1 defaultMinSize=220 token=WCT{RemoteToken{33ec78b Task{69061d3 #13 type=standard I=com.samsung.rtlassistant/.HeartbeatActivity}}} topActivityType=1 pictureInPictureParams=null shouldDockBigOverlays=false launchIntoPipHostTaskId=-1 lastParentTaskIdBeforePip=-1 displayCutoutSafeInsets=Rect(0, 91 - 0, 0) topActivityInfo=ActivityInfo{3098068 com.samsung.rtlassistant.HeartbeatActivity} launchCookies=[] positionInParent=Point(0, 0) parentTaskId=-1 isFocused=true isVisible=false isVisibleRequested=false isSleeping=true topActivityInSizeCompat=false locusId=null displayAreaFeatureId=1 isTopActivityTransparent=true isTopActivityStyleFloating=false appCompatTaskInfo=AppCompatTaskInfo { topActivityInSizeCompat=false eligibleForLetterboxEducation= false isLetterboxEducationEnabled= false isLetterboxDoubleTapEnabled= false eligibleForUserAspectRatioButton= false topActivityBoundsLetterboxed= false isFromLetterboxDoubleTap= false topActivityLetterboxVerticalPosition= -1 topActivityLetterboxHorizontalPosition= -1 topActivityLetterboxWidth=1080 topActivityLetterboxHeight=2340 topActivityLetterboxAppWidth=1080 topActivityLetterboxAppHeight=2340 isUserFullscreenOverrideEnabled=false isSystemFullscreenOverrideEnabled=false hasMinAspectRatioOverride=false cameraCompatTaskInfo=CameraCompatTaskInfo { freeformCameraCompatMode=inactive} topActivityBounds=null topActivityInDisplayCompat=false} originallySupportedMultiWindow=true hasWallpaper=false rootAffinity=null isTopTaskInStage=false topActivityUiMode=17 CoverLauncherWidgetTask=false isAllowedSeamlessRotation=false isTopTransparentActivity=false snappingGuideBounds=Rect(81, 558 - 999, 1728) isAliasManaged=false hasConfigChanged=false isAiKeyRemoveAppTask=false}, pipTask = null, remoteTransition = null, displayChange = null, flags = 0, debugId = 16 }
04-15 08:40:49.407  2035  2555 V WindowManagerShell: onTransitionReady (#16) android.os.BinderProxy@184f9bb: {id=16 t=OPEN f=0x40 trk=0 r=[] c=[]}
04-15 08:40:49.407  1189  1261 V WindowManager:     startWCT=WindowContainerTransaction { changes = {} hops = [] errorCallbackToken=null taskFragmentOrganizer=null }
04-15 08:40:49.407  2035  2555 V WindowManagerShell: No transition roots in (#16) android.os.BinderProxy@184f9bb@0 so abort
04-15 08:40:49.407  1189  1261 V WindowManager:     info={id=16 t=OPEN f=0x40 trk=0 r=[] c=[]}
04-15 08:40:49.407  2035  2555 I SurfaceControlRegistry: apply, t=StartTransaction_SyncId<16>, caller=android.view.SurfaceControl$Transaction.apply:3135 android.view.SurfaceControl$Transaction.apply:3122 android.view.SurfaceControl$Transaction.apply:3078 com.android.wm.shell.transition.Transitions.processReadyQueue:240 com.android.wm.shell.transition.Transitions.onAbort:54 com.android.wm.shell.transition.Transitions.dispatchReady:225 
04-15 08:40:49.407  2035  2555 V WindowManagerShell: Transition animation finished (aborted=true), notifying core (#16) android.os.BinderProxy@184f9bb@0
04-15 08:40:49.408  2035  2555 I SurfaceControlRegistry: apply, t=FinishTransaction_SyncId<16>, caller=android.view.SurfaceControl$Transaction.apply:3135 android.view.SurfaceControl$Transaction.apply:3122 android.view.SurfaceControl$Transaction.apply:3078 com.android.wm.shell.transition.Transitions.onFinish:308 com.android.wm.shell.transition.Transitions.processReadyQueue:246 com.android.wm.shell.transition.Transitions.onAbort:54 
04-15 08:40:49.408  1189  2892 D RestrictionPolicy: isScreenCaptureEnabled : ret=true userId=0
04-15 08:40:49.408  1189  2892 D RestrictionPolicy: isScreenCaptureEnabled : ret=true userId=0
04-15 08:40:49.408  1189  2892 D RestrictionPolicy: isScreenCaptureEnabled : ret=true userId=0
04-15 08:40:49.408  1189  2892 D WindowManager: takeScreenshotToTargetWindow: targetSurface=null, sourceCrop=Rect(0, 0 - 0, 0)
04-15 08:40:49.408  1189  2697 V WindowManager: Finish Transition: TransitionRecord{8b5efc2 id=16 type=OPEN flags=0x40}, caller=com.android.server.wm.WindowOrganizerController.finishTransitionInner:26 com.android.server.wm.WindowOrganizerController.finishAllTransitions:59 android.window.IWindowOrganizerController$Stub.onTransact:311 
04-15 08:40:49.408 25177 25177 D FirebaseSessions: App foregrounded on com.henza.accountingv2
04-15 08:40:49.409  1189  2697 D ChangeTransitionController: onTransitionFinished: TransitionRecord{8b5efc2 id=16 type=OPEN flags=0x40}
04-15 08:40:49.409  1189  1261 V WindowManager: Finish Transition (#16): created at 04-15 08:40:49.373 collect-started=0.904ms request-sent=16.217ms started=21.002ms ready=20.982ms sent=33.728ms finished=35.488ms
04-15 08:40:49.409  2035  2555 V WindowManagerShell: Track 0 became idle
04-15 08:40:49.409  1189  1272 I ActivityManager: Changes in 10337 12 to 2, 0 to 127
04-15 08:40:49.409  2035  2555 V WindowManagerShell: All active transition animations finished
04-15 08:40:49.409  1189  1264 D PkgPredictorService-SecIpmManagerServiceImpl: bg information pid:8206 uid:1000 pkgName:com.samsung.rtlassistant
04-15 08:40:49.409 25177 25177 W unknown:BridgelessReact: ReactHost{0}.onHostResume(activity)
04-15 08:40:49.409 25177 25177 W unknown:BridgelessReact: ReactHost{0}.ReactContext.onHostResume()
04-15 08:40:49.410  3161  3297 I HoneySpace.TopTaskSource: onTaskMovedToFront : taskId = 12
04-15 08:40:49.411  1189  1272 D SGM:FgCheckThread: notePauseComponent(), received pkgName: com.samsung.rtlassistant, userId: 0
04-15 08:40:49.411  1189  1272 D SGM:FgCheckThread: notePauseComponent(), received pkgName: com.samsung.rtlassistant, userId: 0
04-15 08:40:49.411  1189  1272 D SGM:FgCheckThread: notifyFocusInOut(). of pkg: com.samsung.rtlassistant, type: 20, isSecGameFamily: false, userId: 0
04-15 08:40:49.411   869   869 I BpBinder: onLastStrongRef automatically unlinking death recipients: 
04-15 08:40:49.413  3161  3242 I HoneySpace.RecentTasks: onRecentTasksChanged
04-15 08:40:49.413 25177 25177 D FirebaseSessions: App backgrounded on com.henza.accountingv2
04-15 08:40:49.414 25177 25177 W unknown:BridgelessReact: ReactHost{0}.onHostPause(activity)
04-15 08:40:49.414 25177 25177 W unknown:BridgelessReact: ReactHost{0}.ReactContext.onHostPause()
04-15 08:40:49.414  1189  7791 W UserManagerService: Requested status bar icon for non-badged user 0
04-15 08:40:49.414  1189  1272 D SGM:GameManager: identifyGamePackage. com.samsung.rtlassistant, mCurrentUserId: 0, callerUserId: 0, callingMethodInfo: com.samsung.android.game.SemGameManager.isGamePackage(SemGameManager.java:105)
04-15 08:40:49.414  3161  3300 I HoneySpace.TopTaskUseCase: topTasks 12, ComponentInfo{com.henza.accountingv2/com.henza.accountingv2.MainActivity}, DisplayId : 0
04-15 08:40:49.415  3161  3242 I HoneySpace.HistoryViewModel@143533927@OneUI: Illegal access. Unknown type. skip load history items
04-15 08:40:49.416  1189  7791 W UserManagerService: Requested status bar icon for non-badged user 0
04-15 08:40:49.417  1189  7791 W UserManagerService: Requested status bar icon for non-badged user 0
04-15 08:40:49.417   814   850 I HYPER-HAL: [RequestManager.cpp]acquire(): Acquired ID : 384185  [817 / 59]    HINT :      list : [TID_LOW_LATENCY / 1] [TID / 25319] [TID / 25320] [TID / 25177] [TID / 25304] 
04-15 08:40:49.418  1189  1272 D SGM:SemGameManager: isGamePackage(), pkgName=com.samsung.rtlassistant, ret=false
04-15 08:40:49.418  1189  1272 D SGM:FgCheckThread:   notifyFocusInOut(). unexpected type. 20
04-15 08:40:49.418  1189  1910 I CocktailBarManagerServiceContainer: handleMessage: entry what = 6
04-15 08:40:49.420   869   944 D RenderEngine: [SEC_SF_EFFECTS] drawLayersInternal,1313, Rendering layer  at index 0
04-15 08:40:49.420  3161  3297 I HoneySpace.TopTaskSource: onTaskFocusChanged(): taskId = 12
04-15 08:40:49.420  3161  3297 I HoneySpace.TopTaskSource: onTaskMovedToFront : taskId = 12
04-15 08:40:49.423  1189  2892 D WindowManager: takeScreenshotToTargetWindow, bitmap=android.graphics.Bitmap@69d03, failedReason=, caller=com.android.server.wm.WindowManagerService.takeScreenshotToTargetWindowFromCapture:53 com.android.server.wm.WindowManagerService.takeScreenshotToTargetWindow:14 android.view.IWindowManager$Stub.onTransact:3954 com.android.server.wm.WindowManagerService.onTransact:1 android.os.Binder.execTransactInternal:1536 android.os.Binder.execTransact:1480 
04-15 08:40:49.423  1189  7791 V WindowManager: Relayout Window{9b58247 u0 com.henza.accountingv2/com.henza.accountingv2.MainActivity}: viewVisibility=0 req=1080x2340 ty=1 d0
04-15 08:40:49.424   869   939 I SurfaceFlinger: id=157 createSurf, flag=44004, com.henza.accountingv2/com.henza.accountingv2.MainActivity$_25177#157
04-15 08:40:49.424  1189  7791 D WindowManager: makeSurface duration=0 name=com.henza.accountingv2/com.henza.accountingv2.MainActivity$_25177
04-15 08:40:49.424  1189  1272 D EnterpriseDeviceManagerService: isMdmAdminPresentInternal() : MDM Admin Found - com.samsung.rtlassistant
04-15 08:40:49.425  1189  7791 V WindowManager: Relayout hash=9b58247, pid=25177, syncId=-1: mAttrs={(0,0)(fillxfill) sim={adjust=resize forwardNavigation} layoutInDisplayCutoutMode=always ty=BASE_APPLICATION wanim=0x1030312
04-15 08:40:49.425  1189  7791 V WindowManager:   fl=81810100
04-15 08:40:49.425  1189  7791 V WindowManager:   pfl=100088c0
04-15 08:40:49.425  1189  7791 V WindowManager:   vsysui=10
04-15 08:40:49.425  1189  7791 V WindowManager:   apr=10
04-15 08:40:49.425  1189  7791 V WindowManager:   bhv=1
04-15 08:40:49.425  1189  7791 V WindowManager:   fitSides=0
04-15 08:40:49.425  1189  7791 V WindowManager:   frameRateBoostOnTouch=true
04-15 08:40:49.425  1189  7791 V WindowManager:   dvrrWindowFrameRateHint=true naviIconColor=0}
04-15 08:40:49.426  6212 20507 I SDHMS:l : handleResumeComponent : put = com.henza.accountingv2, userid = 0 instanceid =6271014
04-15 08:40:49.426  1189  1272 D SGM:FgCheckThread: noteResumeComponent(), received pkgName: com.henza.accountingv2, userId: 0
04-15 08:40:49.426  1189  1789 D SGM:FgCheckThread: onLooperPrepared(), msg: MSG_APP_RESUME, pkgName: com.henza.accountingv2, userid: 0
04-15 08:40:49.426  1189  1789 D SGM:FgCheckThread: handleResume().
04-15 08:40:49.426  1189  1789 D SGM:SystemHelper: callReleaseBlock needReleaseBlock:false
04-15 08:40:49.426  1189  1789 D SGM:FgCheckThread:   handleResume(). device is locked yet. ignore
04-15 08:40:49.426  1189  1910 I CocktailBarManagerServiceContainer: handleMessage: entry what = 5
04-15 08:40:49.426 25177 25177 I BLASTBufferQueue_Java: new BLASTBufferQueue, mName= VRI[MainActivity]@9ab7df2 mNativeObject= 0xb4000073c2c5a4b0 sc.mNativeObject= 0xb400007542c47310 caller= android.view.ViewRootImpl.updateBlastSurfaceIfNeeded:3397 android.view.ViewRootImpl.relayoutWindow:11361 android.view.ViewRootImpl.performTraversals:4544 android.view.ViewRootImpl.doTraversal:3708 android.view.ViewRootImpl$TraversalRunnable.run:12542 android.view.Choreographer$CallbackRecord.run:1751 android.view.Choreographer$CallbackRecord.run:1760 android.view.Choreographer.doCallbacks:1216 android.view.Choreographer.doFrame:1142 android.view.Choreographer$FrameDisplayEventReceiver.run:1707 
04-15 08:40:49.426  3161  3161 I HoneySpace.EdgePanel.CocktailHostRepositoryImpl: onNoteResume
04-15 08:40:49.427  3161  3161 I HoneySpace.EdgePanel.EdgeContainerViewModel: cocktailHostRepository.edgePanelOperation NoteResumeComponent(componentName=ComponentInfo{com.henza.accountingv2/com.henza.accountingv2.MainActivity})
04-15 08:40:49.427 25177 25177 I BLASTBufferQueue_Java: update, w= 1080 h= 2340 mName = VRI[MainActivity]@9ab7df2 mNativeObject= 0xb4000073c2c5a4b0 sc.mNativeObject= 0xb400007542c47310 format= -1 caller= android.graphics.BLASTBufferQueue.<init>:88 android.view.ViewRootImpl.updateBlastSurfaceIfNeeded:3397 android.view.ViewRootImpl.relayoutWindow:11361 android.view.ViewRootImpl.performTraversals:4544 android.view.ViewRootImpl.doTraversal:3708 android.view.ViewRootImpl$TraversalRunnable.run:12542 
04-15 08:40:49.427 25177 25177 I VRI[MainActivity]@9ab7df2: Relayout returned: old=(0,0,1080,2340) new=(0,0,1080,2340) relayoutAsync=false req=(1080,2340)0 dur=3 res=0x3 s={true 0xb4000073e2cbb730} ch=true seqId=0
04-15 08:40:49.427  3161 25236 I HoneySpace.EdgePanel.ActivityUtils: HomePackage : com.sec.android.app.launcher, resumePackageName : com.henza.accountingv2
04-15 08:40:49.427 25177 25177 D VRI[MainActivity]@9ab7df2: mThreadedRenderer.initialize() mSurface={isValid=true 0xb4000073e2cbb730} hwInitialized=true
04-15 08:40:49.428  1189  1272 I ActivityManager: Changes in 10337 2 to 12, 127 to 0
04-15 08:40:49.428 25177 25177 D VRI[MainActivity]@9ab7df2: reportNextDraw android.view.ViewRootImpl.performTraversals:5193 android.view.ViewRootImpl.doTraversal:3708 android.view.ViewRootImpl$TraversalRunnable.run:12542 android.view.Choreographer$CallbackRecord.run:1751 android.view.Choreographer$CallbackRecord.run:1760 
04-15 08:40:49.428 25177 25177 D VRI[MainActivity]@9ab7df2: Setup new sync=wmsSync-VRI[MainActivity]@9ab7df2#2
04-15 08:40:49.428 25177 25177 I VRI[MainActivity]@9ab7df2: Creating new active sync group VRI[MainActivity]@9ab7df2#3
04-15 08:40:49.428   869   869 I SurfaceFlinger: [com.henza.accountingv2/com.henza.accountingv2.MainActivity$_25177#157] attach to parent LayerHierarchy{RequestedLayerState{9b58247 com.henza.accountingv2/com.henza.accountingv2.MainActivity#153 parentId=152} 1 children}
04-15 08:40:49.428 25177 25177 D VRI[MainActivity]@9ab7df2: Start draw after previous draw not visible
04-15 08:40:49.429 25177 25177 D VRI[MainActivity]@9ab7df2: registerCallbacksForSync syncBuffer=false
04-15 08:40:49.429 25177 25320 D VRI[MainActivity]@9ab7df2: Received frameDrawingCallback syncResult=0 frameNum=1.
04-15 08:40:49.429 25177 25320 I VRI[MainActivity]@9ab7df2: mWNT: t=0xb400007442c7ded0 mBlastBufferQueue=0xb4000073c2c5a4b0 fn= 1 HdrRenderState mRenderHdrSdrRatio=1.0 caller= android.view.ViewRootImpl$11.onFrameDraw:15016 android.view.ThreadedRenderer$1.onFrameDraw:761 <bottom of call stack> 
04-15 08:40:49.430 25177 25320 I VRI[MainActivity]@9ab7df2: Setting up sync and frameCommitCallback
04-15 08:40:49.430  1022  1022 I CameraService: onUidStateChanged: uid=10052, procState is changed. (5 -> 1)
04-15 08:40:49.430  1189  7791 D ActivityTaskManager: Top Process State changed to PROCESS_STATE_TOP_SLEEPING#2
04-15 08:40:49.431  1022  1022 I CameraService: onUidStateChanged: uid=10052, procState is changed. (1 -> 5)
04-15 08:40:49.431  1189  1915 I MR2ServiceImpl: Updating composite discovery preference | preference: RouteDiscoveryRequest{ preferredFeatures={}, activeScan=false }, active routers: []
04-15 08:40:49.431  1189  1915 I MR2ServiceImpl: Updating composite discovery preference | preference: RouteDiscoveryRequest{ preferredFeatures={}, activeScan=false }, active routers: []
04-15 08:40:49.431  1189  1261 D HintManagerService: Sent cleanup message for uid 10337
04-15 08:40:49.431  1189  1272 D SGM:FgCheckThread: notePauseComponent(), received pkgName: com.henza.accountingv2, userId: 0
04-15 08:40:49.431  1189  1272 D SGM:FgCheckThread: notePauseComponent(), received pkgName: com.henza.accountingv2, userId: 0
04-15 08:40:49.431  1189  1272 D SGM:FgCheckThread: notifyFocusInOut(). of pkg: com.henza.accountingv2, type: 20, isSecGameFamily: false, userId: 0
04-15 08:40:49.431   814   850 I HYPER-HAL: [RequestManager.cpp]acquire(): Acquired ID : 384185  [817 / 59]    HINT :      list : [TID_LOW_LATENCY / 0] [TID / 25319] [TID / 25320] [TID / 25177] [TID / 25304] 
04-15 08:40:49.432  1189  1272 D SGM:GameManager: identifyGamePackage. com.henza.accountingv2, mCurrentUserId: 0, callerUserId: 0, callingMethodInfo: com.samsung.android.game.SemGameManager.isGamePackage(SemGameManager.java:105)
04-15 08:40:49.432  1189  1272 D SGM:SemGameManager: isGamePackage(), pkgName=com.henza.accountingv2, ret=false
04-15 08:40:49.432  1189  1272 D SGM:FgCheckThread:   notifyFocusInOut(). unexpected type. 20
04-15 08:40:49.432  1189  1910 I CocktailBarManagerServiceContainer: handleMessage: entry what = 6
04-15 08:40:49.433  1189  1272 D SGM:FgCheckThread: getForegroundApp(), foregroundPkgName=com.henza.accountingv2
04-15 08:40:49.433  1189  1272 D SGM:FgCheckThread: pkgName: com.samsung.rtlassistant is not in foreground
04-15 08:40:49.433  1189  1272 D SGM:FgCheckThread: noteStopComponent(), received pkgName: com.samsung.rtlassistant, focusedPkgName: com.henza.accountingv2, userId: 0
04-15 08:40:49.434  3161 25236 I HoneySpace.RecentTasks: onRecentTasksChanged
04-15 08:40:49.434  3161  3297 I HoneySpace.TopTaskSource: onTaskRemoved: 13
04-15 08:40:49.434 25177 25304 I BLASTBufferQueue: [VRI[MainActivity]@9ab7df2#1](f:0,a:0,s:0) onFrameAvailable the first frame is available
04-15 08:40:49.434 25177 25304 I VRI[MainActivity]@9ab7df2: Received frameCommittedCallback lastAttemptedDrawFrameNum=1 didProduceBuffer=true
04-15 08:40:49.434   869   938 I SurfaceFlinger: [com.henza.accountingv2/com.henza.accountingv2.MainActivity$_25177#157] setTransactionState with the first frame. bufferData(ID: 108134391611396, frameNumber: 1)
04-15 08:40:49.435 25177 25177 D VRI[MainActivity]@9ab7df2: reportDrawFinished seqId=0
04-15 08:40:49.435  3161  3297 I HoneySpace.TopTaskSource: onTaskRemoved: 13
04-15 08:40:49.435  1189  2065 D WindowManager: finishDrawingWindow: Window{9b58247 u0 com.henza.accountingv2/com.henza.accountingv2.MainActivity} mDrawState=DRAW_PENDING seqId=0
04-15 08:40:49.435 25177 25304 D HWUI    : CacheManager::trimMemory(20)
04-15 08:40:49.436  3161 25236 I HoneySpace.HistoryViewModel@143533927@OneUI: Illegal access. Unknown type. skip load history items
04-15 08:40:49.436 25177 25177 I VRI[MainActivity]@9ab7df2: stopped(true) old = false
04-15 08:40:49.436 25177 25177 D VRI[MainActivity]@9ab7df2: WindowStopped on com.henza.accountingv2/com.henza.accountingv2.MainActivity set to true
04-15 08:40:49.436 25177 25304 D HWUI    : CacheManager::trimMemory(20)
04-15 08:40:49.440 25177 25304 D HWUI    : CacheManager::trimMemory(20)
04-15 08:40:49.442  1189  2697 V WindowManager: Relayout Window{9b58247 u0 com.henza.accountingv2/com.henza.accountingv2.MainActivity}: viewVisibility=4 req=1080x2340 ty=1 d0
04-15 08:40:49.444  1189  2697 V WindowManager: Relayout hash=9b58247, pid=25177, syncId=-1: mAttrs={(0,0)(fillxfill) sim={adjust=resize forwardNavigation} layoutInDisplayCutoutMode=always ty=BASE_APPLICATION wanim=0x1030312
04-15 08:40:49.444  1189  2697 V WindowManager:   fl=81810100
04-15 08:40:49.444  1189  2697 V WindowManager:   pfl=100088c0
04-15 08:40:49.444  1189  2697 V WindowManager:   vsysui=10
04-15 08:40:49.444  1189  2697 V WindowManager:   apr=10
04-15 08:40:49.444  1189  2697 V WindowManager:   bhv=1
04-15 08:40:49.444  1189  2697 V WindowManager:   fitSides=0
04-15 08:40:49.444  1189  2697 V WindowManager:   frameRateBoostOnTouch=true
04-15 08:40:49.444  1189  2697 V WindowManager:   dvrrWindowFrameRateHint=true naviIconColor=0}
04-15 08:40:49.444   869   869 I SurfaceFlinger: [LayerHierarchy{RequestedLayerState{Task=13#155 z=2} 1 children}] reparent to OffscreenRoot
04-15 08:40:49.445   869   869 I SurfaceFlinger: [LayerHierarchy{RequestedLayerState{Task=13#155 z=2} 1 children}] RelativeParent to null
04-15 08:40:49.445   869   869 I SurfaceFlinger: [LayerHierarchy{RequestedLayerState{ActivityRecord{8286937 u0 com.samsung.rtlassistant/.HeartbeatActivity t13}#156} no children}] reparent to OffscreenRoot
04-15 08:40:49.445   869   869 I SurfaceFlinger: [LayerHierarchy{RequestedLayerState{ActivityRecord{8286937 u0 com.samsung.rtlassistant/.HeartbeatActivity t13}#156} no children}] RelativeParent to null
04-15 08:40:49.445   869   869 I SurfaceFlinger: id=156 Removed ActivityRecord{8286937 u0 com.samsung.rtlassistant/.HeartbeatActivity t13}#156 (104)
04-15 08:40:49.445   869   869 I SurfaceFlinger: id=155 Removed Task=13#155 (104)
04-15 08:40:49.445 25177 25177 I VRI[MainActivity]@9ab7df2: Relayout returned: old=(0,0,1080,2340) new=(0,0,1080,2340) relayoutAsync=false req=(1080,2340)4 dur=3 res=0x2 s={false 0x0} ch=false seqId=0
04-15 08:40:49.445 25177 25177 D VRI[MainActivity]@9ab7df2: Not drawing due to not visible. Reason=View.INVISIBLE
04-15 08:40:49.446  1189  2697 V WindowManager: Setting visibility of Window{9b58247 u0 com.henza.accountingv2/com.henza.accountingv2.MainActivity}: false, caller=com.android.server.wm.WindowContainer.sendAppVisibilityToClients:19 com.android.server.wm.WindowToken.setClientVisible:49 com.android.server.wm.ActivityRecord.setClientVisible:8 com.android.server.wm.ActivityRecord.activityStopped:201 com.android.server.wm.ActivityClientController.activityStopped:95 
04-15 08:40:49.446  1189  1272 D SGM:FgCheckThread: getForegroundApp(), foregroundPkgName=com.henza.accountingv2
04-15 08:40:49.446  1189  2697 E WindowManager: win=Window{9b58247 u0 com.henza.accountingv2/com.henza.accountingv2.MainActivity} destroySurfaces: appStopped=true cleanupOnResume=false win.mWindowRemovalAllowed=false win.mRemoveOnExit=false win.mViewVisibility=4 caller=com.android.server.wm.ActivityRecord.destroySurfaces:25 com.android.server.wm.ActivityRecord.activityStopped:204 com.android.server.wm.ActivityClientController.activityStopped:95 android.app.IActivityClientController$Stub.onTransact:722 com.android.server.wm.ActivityClientController.onTransact:1 android.os.Binder.execTransactInternal:1541 android.os.Binder.execTransact:1480 
04-15 08:40:49.446 25177 25177 I VRI[MainActivity]@9ab7df2: handleAppVisibility mAppVisible = true visible = false
04-15 08:40:49.446  1189  2697 I WindowManager: Destroying surface Surface(name=com.henza.accountingv2/com.henza.accountingv2.MainActivity$_25177)/@0x7fa6257 called by com.android.server.wm.WindowStateAnimator.destroySurface:11 com.android.server.wm.WindowStateAnimator.destroySurfaceLocked:54 com.android.server.wm.WindowState.destroySurfaceUnchecked:5 com.android.server.wm.WindowState.destroySurface:126 com.android.server.wm.ActivityRecord.destroySurfaces:25 com.android.server.wm.ActivityRecord.activityStopped:204 com.android.server.wm.ActivityClientController.activityStopped:95 android.app.IActivityClientController$Stub.onTransact:722 
04-15 08:40:49.446  1189  1272 D SGM:FgCheckThread: pkgName: com.henza.accountingv2 is not in foreground
04-15 08:40:49.452  1189  2892 D WindowManager: takeScreenshotToTargetWindow: display=0, target=0, containsTarget=false, crop=Rect(0, 0 - 0, 0), w=540, h=1170, useIdentityTransform=true, ignorePolicy=false, caller=com.android.server.wm.WindowManagerService.takeScreenshotToTargetWindowFromCapture:53 com.android.server.wm.WindowManagerService.takeScreenshotToTargetWindow:14 android.view.IWindowManager$Stub.onTransact:3954 
04-15 08:40:49.452  1189  2892 D RestrictionPolicy: isScreenCaptureEnabled : ret=true userId=0
04-15 08:40:49.452  1189  2892 D RestrictionPolicy: isScreenCaptureEnabled : ret=true userId=0
04-15 08:40:49.452  1189  2892 D RestrictionPolicy: isScreenCaptureEnabled : ret=true userId=0
04-15 08:40:49.452  1189  2892 D WindowManager: takeScreenshotToTargetWindow: targetSurface=null, sourceCrop=Rect(0, 0 - 0, 0)
04-15 08:40:49.454   869   944 D RenderEngine: [SEC_SF_EFFECTS] drawLayersInternal,1313, Rendering layer  at index 0
04-15 08:40:49.457  1189  2892 D WindowManager: takeScreenshotToTargetWindow, bitmap=android.graphics.Bitmap@5dc9144, failedReason=, caller=com.android.server.wm.WindowManagerService.takeScreenshotToTargetWindowFromCapture:53 com.android.server.wm.WindowManagerService.takeScreenshotToTargetWindow:14 android.view.IWindowManager$Stub.onTransact:3954 com.android.server.wm.WindowManagerService.onTransact:1 android.os.Binder.execTransactInternal:1536 android.os.Binder.execTransact:1480 
04-15 08:40:49.461   869   869 I SurfaceFlinger: destroyed Task=13#155
04-15 08:40:49.461   869   869 I SurfaceFlinger: destroyed ActivityRecord{8286937 u0 com.samsung.rtlassistant/.HeartbeatActivity t13}#156
04-15 08:40:49.461   869   869 I SurfaceFlinger: [LayerHierarchy{RequestedLayerState{com.henza.accountingv2/com.henza.accountingv2.MainActivity$_25177#157} no children}] reparent to OffscreenRoot
04-15 08:40:49.461   869   869 I SurfaceFlinger: [LayerHierarchy{RequestedLayerState{com.henza.accountingv2/com.henza.accountingv2.MainActivity$_25177#157} no children}] RelativeParent to null
04-15 08:40:49.462   869   869 I Layer   : id=155 Destroyed Task=13#155
04-15 08:40:49.462   869   869 I Layer   : id=156 Destroyed ActivityRecord{8286937 u0 com.samsung.rtlassistant/.HeartbeatActivity t13}#156
04-15 08:40:49.462   869   869 I SurfaceFlinger: id=157 Removed com.henza.accountingv2/com.henza.accountingv2.MainActivity$_25177#157 (102)
04-15 08:40:49.478   869   869 I SurfaceFlinger: destroyed com.henza.accountingv2/com.henza.accountingv2.MainActivity$_25177#157
04-15 08:40:49.478   869   869 I Layer   : id=157 Destroyed com.henza.accountingv2/com.henza.accountingv2.MainActivity$_25177#157
04-15 08:40:49.484  1189  2697 D WindowManager: takeScreenshotToTargetWindow: display=0, target=0, containsTarget=false, crop=Rect(0, 0 - 0, 0), w=540, h=1170, useIdentityTransform=true, ignorePolicy=false, caller=com.android.server.wm.WindowManagerService.takeScreenshotToTargetWindowFromCapture:53 com.android.server.wm.WindowManagerService.takeScreenshotToTargetWindow:14 android.view.IWindowManager$Stub.onTransact:3954 
04-15 08:40:49.484  1189  2697 D RestrictionPolicy: isScreenCaptureEnabled : ret=true userId=0
04-15 08:40:49.484  1189  2697 D RestrictionPolicy: isScreenCaptureEnabled : ret=true userId=0
04-15 08:40:49.484  1189  2697 D RestrictionPolicy: isScreenCaptureEnabled : ret=true userId=0
04-15 08:40:49.484  1189  2697 D WindowManager: takeScreenshotToTargetWindow: targetSurface=null, sourceCrop=Rect(0, 0 - 0, 0)
04-15 08:40:49.487   869   944 D RenderEngine: [SEC_SF_EFFECTS] drawLayersInternal,1313, Rendering layer  at index 0
04-15 08:40:49.490  1189  2697 D WindowManager: takeScreenshotToTargetWindow, bitmap=android.graphics.Bitmap@1c4c22d, failedReason=, caller=com.android.server.wm.WindowManagerService.takeScreenshotToTargetWindowFromCapture:53 com.android.server.wm.WindowManagerService.takeScreenshotToTargetWindow:14 android.view.IWindowManager$Stub.onTransact:3954 com.android.server.wm.WindowManagerService.onTransact:1 android.os.Binder.execTransactInternal:1536 android.os.Binder.execTransact:1480 
04-15 08:40:49.507  6212  6700 I SDHMS:l : onTaskStackChanged
04-15 08:40:49.507  3161 17742 I HoneySpace.RecentTasks: onRecentTasksChanged
04-15 08:40:49.507  6212  6439 I SDHMS:l : no app is Resumed!!! mResumedPackages.size = 0
04-15 08:40:49.509  3161 17742 I HoneySpace.HistoryViewModel@143533927@OneUI: Illegal access. Unknown type. skip load history items
04-15 08:40:49.523  1189  2065 D WindowManager: takeScreenshotToTargetWindow: display=0, target=0, containsTarget=false, crop=Rect(0, 0 - 0, 0), w=540, h=1170, useIdentityTransform=true, ignorePolicy=false, caller=com.android.server.wm.WindowManagerService.takeScreenshotToTargetWindowFromCapture:53 com.android.server.wm.WindowManagerService.takeScreenshotToTargetWindow:14 android.view.IWindowManager$Stub.onTransact:3954 
04-15 08:40:49.524  1189  2065 D RestrictionPolicy: isScreenCaptureEnabled : ret=true userId=0
04-15 08:40:49.524  1189  2065 D RestrictionPolicy: isScreenCaptureEnabled : ret=true userId=0
04-15 08:40:49.524  1189  2065 D RestrictionPolicy: isScreenCaptureEnabled : ret=true userId=0
04-15 08:40:49.524  1189  2065 D WindowManager: takeScreenshotToTargetWindow: targetSurface=null, sourceCrop=Rect(0, 0 - 0, 0)
04-15 08:40:49.527   869   944 D RenderEngine: [SEC_SF_EFFECTS] drawLayersInternal,1313, Rendering layer  at index 0
04-15 08:40:49.529  6212  6515 I SDHMS:x : SIOP:: AP:342 BAT:289 USB:277 CHG:318 PA:309 CP:312 WIFI:314 CF:312 BLK:0 SUBBAT:0 LRPTHM:308 SKIN:307 SKINF:307 SKINB:307 LRP2:307 LRF2:307 LRB2:307 AP2:307 CHG2:304 WIFI2:306 RCV2:305 SPK2:281 FCAM:276 UPSPK:313 DNSPK:275 VAP02:322 VWIFI:315 AMB2:245 AVGCUR:0 POWER:0
04-15 08:40:49.529  1189  2065 D WindowManager: takeScreenshotToTargetWindow, bitmap=android.graphics.Bitmap@fbe9362, failedReason=, caller=com.android.server.wm.WindowManagerService.takeScreenshotToTargetWindowFromCapture:53 com.android.server.wm.WindowManagerService.takeScreenshotToTargetWindow:14 android.view.IWindowManager$Stub.onTransact:3954 com.android.server.wm.WindowManagerService.onTransact:1 android.os.Binder.execTransactInternal:1536 android.os.Binder.execTransact:1480 
04-15 08:40:49.540  1189  1868 D MdnieScenarioControlService:  packageName : com.henza.accountingv2    className : com.henza.accountingv2.MainActivity
04-15 08:40:49.541  1189  1868 V MdnieScenarioControlService: setUIMode from UI function(3)
04-15 08:40:49.566  1189  2065 D WindowManager: takeScreenshotToTargetWindow: display=0, target=0, containsTarget=false, crop=Rect(0, 0 - 0, 0), w=540, h=1170, useIdentityTransform=true, ignorePolicy=false, caller=com.android.server.wm.WindowManagerService.takeScreenshotToTargetWindowFromCapture:53 com.android.server.wm.WindowManagerService.takeScreenshotToTargetWindow:14 android.view.IWindowManager$Stub.onTransact:3954 
04-15 08:40:49.566  1189  2065 D RestrictionPolicy: isScreenCaptureEnabled : ret=true userId=0
04-15 08:40:49.566  1189  2065 D RestrictionPolicy: isScreenCaptureEnabled : ret=true userId=0
04-15 08:40:49.566  1189  2065 D RestrictionPolicy: isScreenCaptureEnabled : ret=true userId=0
04-15 08:40:49.567  1189  2065 D WindowManager: takeScreenshotToTargetWindow: targetSurface=null, sourceCrop=Rect(0, 0 - 0, 0)
04-15 08:40:49.570   869   944 D RenderEngine: [SEC_SF_EFFECTS] drawLayersInternal,1313, Rendering layer  at index 0
04-15 08:40:49.572  1189  2065 D WindowManager: takeScreenshotToTargetWindow, bitmap=android.graphics.Bitmap@4d8ccf3, failedReason=, caller=com.android.server.wm.WindowManagerService.takeScreenshotToTargetWindowFromCapture:53 com.android.server.wm.WindowManagerService.takeScreenshotToTargetWindow:14 android.view.IWindowManager$Stub.onTransact:3954 com.android.server.wm.WindowManagerService.onTransact:1 android.os.Binder.execTransactInternal:1536 android.os.Binder.execTransact:1480 
04-15 08:40:49.613  1189  2065 D WindowManager: takeScreenshotToTargetWindow: display=0, target=0, containsTarget=false, crop=Rect(0, 0 - 0, 0), w=540, h=1170, useIdentityTransform=true, ignorePolicy=false, caller=com.android.server.wm.WindowManagerService.takeScreenshotToTargetWindowFromCapture:53 com.android.server.wm.WindowManagerService.takeScreenshotToTargetWindow:14 android.view.IWindowManager$Stub.onTransact:3954 
04-15 08:40:49.613  1189  2065 D RestrictionPolicy: isScreenCaptureEnabled : ret=true userId=0
04-15 08:40:49.614  1189  2065 D RestrictionPolicy: isScreenCaptureEnabled : ret=true userId=0
04-15 08:40:49.614  1189  2065 D RestrictionPolicy: isScreenCaptureEnabled : ret=true userId=0
04-15 08:40:49.614  1189  2065 D WindowManager: takeScreenshotToTargetWindow: targetSurface=null, sourceCrop=Rect(0, 0 - 0, 0)
04-15 08:40:49.617   869   944 D RenderEngine: [SEC_SF_EFFECTS] drawLayersInternal,1313, Rendering layer  at index 0
04-15 08:40:49.619  1189  2065 D WindowManager: takeScreenshotToTargetWindow, bitmap=android.graphics.Bitmap@5b37db0, failedReason=, caller=com.android.server.wm.WindowManagerService.takeScreenshotToTargetWindowFromCapture:53 com.android.server.wm.WindowManagerService.takeScreenshotToTargetWindow:14 android.view.IWindowManager$Stub.onTransact:3954 com.android.server.wm.WindowManagerService.onTransact:1 android.os.Binder.execTransactInternal:1536 android.os.Binder.execTransact:1480 
04-15 08:40:49.632  1189  1736 D HintManagerService: Duplicate messages for 10337
04-15 08:40:49.642  1189  1868 V MdnieScenarioControlService: mAclOffEnabled : false
04-15 08:40:49.660  1189  2065 D WindowManager: takeScreenshotToTargetWindow: display=0, target=0, containsTarget=false, crop=Rect(0, 0 - 0, 0), w=540, h=1170, useIdentityTransform=true, ignorePolicy=false, caller=com.android.server.wm.WindowManagerService.takeScreenshotToTargetWindowFromCapture:53 com.android.server.wm.WindowManagerService.takeScreenshotToTargetWindow:14 android.view.IWindowManager$Stub.onTransact:3954 
04-15 08:40:49.660  1189  2065 D RestrictionPolicy: isScreenCaptureEnabled : ret=true userId=0
04-15 08:40:49.660  1189  2065 D RestrictionPolicy: isScreenCaptureEnabled : ret=true userId=0
04-15 08:40:49.660  1189  2065 D RestrictionPolicy: isScreenCaptureEnabled : ret=true userId=0
04-15 08:40:49.660  1189  2065 D WindowManager: takeScreenshotToTargetWindow: targetSurface=null, sourceCrop=Rect(0, 0 - 0, 0)
04-15 08:40:49.664   869   944 D RenderEngine: [SEC_SF_EFFECTS] drawLayersInternal,1313, Rendering layer  at index 0
04-15 08:40:49.666  1189  2065 D WindowManager: takeScreenshotToTargetWindow, bitmap=android.graphics.Bitmap@d7683ae, failedReason=, caller=com.android.server.wm.WindowManagerService.takeScreenshotToTargetWindowFromCapture:53 com.android.server.wm.WindowManagerService.takeScreenshotToTargetWindow:14 android.view.IWindowManager$Stub.onTransact:3954 com.android.server.wm.WindowManagerService.onTransact:1 android.os.Binder.execTransactInternal:1536 android.os.Binder.execTransact:1480 
04-15 08:40:49.706  1189  2065 D WindowManager: takeScreenshotToTargetWindow: display=0, target=0, containsTarget=false, crop=Rect(0, 0 - 0, 0), w=540, h=1170, useIdentityTransform=true, ignorePolicy=false, caller=com.android.server.wm.WindowManagerService.takeScreenshotToTargetWindowFromCapture:53 com.android.server.wm.WindowManagerService.takeScreenshotToTargetWindow:14 android.view.IWindowManager$Stub.onTransact:3954 
04-15 08:40:49.706  1189  2065 D RestrictionPolicy: isScreenCaptureEnabled : ret=true userId=0
04-15 08:40:49.706  1189  2065 D RestrictionPolicy: isScreenCaptureEnabled : ret=true userId=0
04-15 08:40:49.706  1189  2065 D RestrictionPolicy: isScreenCaptureEnabled : ret=true userId=0
04-15 08:40:49.706  1189  2065 D WindowManager: takeScreenshotToTargetWindow: targetSurface=null, sourceCrop=Rect(0, 0 - 0, 0)
04-15 08:40:49.709   869   944 D RenderEngine: [SEC_SF_EFFECTS] drawLayersInternal,1313, Rendering layer  at index 0
04-15 08:40:49.712  1189  2065 D WindowManager: takeScreenshotToTargetWindow, bitmap=android.graphics.Bitmap@e29454f, failedReason=, caller=com.android.server.wm.WindowManagerService.takeScreenshotToTargetWindowFromCapture:53 com.android.server.wm.WindowManagerService.takeScreenshotToTargetWindow:14 android.view.IWindowManager$Stub.onTransact:3954 com.android.server.wm.WindowManagerService.onTransact:1 android.os.Binder.execTransactInternal:1536 android.os.Binder.execTransact:1480 
04-15 08:40:49.718 25177 25316 D nativeloader: Load /data/app/~~HQZoSXXAeeXZTzeIRwoSBQ==/com.henza.accountingv2-1Q3tuJsq40XdNpq6w-yCCg==/lib/arm64/libexpo-sqlite.so using ns clns-8 from class loader (caller=/data/app/~~HQZoSXXAeeXZTzeIRwoSBQ==/com.henza.accountingv2-1Q3tuJsq40XdNpq6w-yCCg==/base.apk!classes3.dex): ok
04-15 08:40:49.752  1189  2065 D WindowManager: takeScreenshotToTargetWindow: display=0, target=0, containsTarget=false, crop=Rect(0, 0 - 0, 0), w=540, h=1170, useIdentityTransform=true, ignorePolicy=false, caller=com.android.server.wm.WindowManagerService.takeScreenshotToTargetWindowFromCapture:53 com.android.server.wm.WindowManagerService.takeScreenshotToTargetWindow:14 android.view.IWindowManager$Stub.onTransact:3954 
04-15 08:40:49.752  1189  2065 D RestrictionPolicy: isScreenCaptureEnabled : ret=true userId=0
04-15 08:40:49.752  1189  2065 D RestrictionPolicy: isScreenCaptureEnabled : ret=true userId=0
04-15 08:40:49.752  1189  2065 D RestrictionPolicy: isScreenCaptureEnabled : ret=true userId=0
04-15 08:40:49.752  1189  2065 D WindowManager: takeScreenshotToTargetWindow: targetSurface=null, sourceCrop=Rect(0, 0 - 0, 0)
04-15 08:40:49.756   869   944 D RenderEngine: [SEC_SF_EFFECTS] drawLayersInternal,1313, Rendering layer  at index 0
04-15 08:40:49.758  1189  2065 D WindowManager: takeScreenshotToTargetWindow, bitmap=android.graphics.Bitmap@4cac4dc, failedReason=, caller=com.android.server.wm.WindowManagerService.takeScreenshotToTargetWindowFromCapture:53 com.android.server.wm.WindowManagerService.takeScreenshotToTargetWindow:14 android.view.IWindowManager$Stub.onTransact:3954 com.android.server.wm.WindowManagerService.onTransact:1 android.os.Binder.execTransactInternal:1536 android.os.Binder.execTransact:1480 
04-15 08:40:49.759 25177 25316 D nativeloader: Load /data/app/~~HQZoSXXAeeXZTzeIRwoSBQ==/com.henza.accountingv2-1Q3tuJsq40XdNpq6w-yCCg==/lib/arm64/librnscreens.so using ns clns-8 from class loader (caller=/data/app/~~HQZoSXXAeeXZTzeIRwoSBQ==/com.henza.accountingv2-1Q3tuJsq40XdNpq6w-yCCg==/base.apk!classes3.dex): ok
04-15 08:40:49.799  1189  2065 D WindowManager: takeScreenshotToTargetWindow: display=0, target=0, containsTarget=false, crop=Rect(0, 0 - 0, 0), w=540, h=1170, useIdentityTransform=true, ignorePolicy=false, caller=com.android.server.wm.WindowManagerService.takeScreenshotToTargetWindowFromCapture:53 com.android.server.wm.WindowManagerService.takeScreenshotToTargetWindow:14 android.view.IWindowManager$Stub.onTransact:3954 
04-15 08:40:49.800  1189  2065 D RestrictionPolicy: isScreenCaptureEnabled : ret=true userId=0
04-15 08:40:49.800  1189  2065 D RestrictionPolicy: isScreenCaptureEnabled : ret=true userId=0
04-15 08:40:49.800  1189  2065 D RestrictionPolicy: isScreenCaptureEnabled : ret=true userId=0
04-15 08:40:49.800  1189  2065 D WindowManager: takeScreenshotToTargetWindow: targetSurface=null, sourceCrop=Rect(0, 0 - 0, 0)
04-15 08:40:49.803   869   944 D RenderEngine: [SEC_SF_EFFECTS] drawLayersInternal,1313, Rendering layer  at index 0
04-15 08:40:49.806  1189  2065 D WindowManager: takeScreenshotToTargetWindow, bitmap=android.graphics.Bitmap@7909e5, failedReason=, caller=com.android.server.wm.WindowManagerService.takeScreenshotToTargetWindowFromCapture:53 com.android.server.wm.WindowManagerService.takeScreenshotToTargetWindow:14 android.view.IWindowManager$Stub.onTransact:3954 com.android.server.wm.WindowManagerService.onTransact:1 android.os.Binder.execTransactInternal:1536 android.os.Binder.execTransact:1480 
04-15 08:40:49.846  1189  2065 D WindowManager: takeScreenshotToTargetWindow: display=0, target=0, containsTarget=false, crop=Rect(0, 0 - 0, 0), w=540, h=1170, useIdentityTransform=true, ignorePolicy=false, caller=com.android.server.wm.WindowManagerService.takeScreenshotToTargetWindowFromCapture:53 com.android.server.wm.WindowManagerService.takeScreenshotToTargetWindow:14 android.view.IWindowManager$Stub.onTransact:3954 
04-15 08:40:49.847  1189  2065 D RestrictionPolicy: isScreenCaptureEnabled : ret=true userId=0
04-15 08:40:49.847  1189  2065 D RestrictionPolicy: isScreenCaptureEnabled : ret=true userId=0
04-15 08:40:49.847  1189  2065 D RestrictionPolicy: isScreenCaptureEnabled : ret=true userId=0
04-15 08:40:49.847  1189  2065 D WindowManager: takeScreenshotToTargetWindow: targetSurface=null, sourceCrop=Rect(0, 0 - 0, 0)
04-15 08:40:49.850   869   944 D RenderEngine: [SEC_SF_EFFECTS] drawLayersInternal,1313, Rendering layer  at index 0
04-15 08:40:49.853  1189  2065 D WindowManager: takeScreenshotToTargetWindow, bitmap=android.graphics.Bitmap@ab2cba, failedReason=, caller=com.android.server.wm.WindowManagerService.takeScreenshotToTargetWindowFromCapture:53 com.android.server.wm.WindowManagerService.takeScreenshotToTargetWindow:14 android.view.IWindowManager$Stub.onTransact:3954 com.android.server.wm.WindowManagerService.onTransact:1 android.os.Binder.execTransactInternal:1536 android.os.Binder.execTransact:1480 
04-15 08:40:49.894  1189  2065 D WindowManager: takeScreenshotToTargetWindow: display=0, target=0, containsTarget=false, crop=Rect(0, 0 - 0, 0), w=540, h=1170, useIdentityTransform=true, ignorePolicy=false, caller=com.android.server.wm.WindowManagerService.takeScreenshotToTargetWindowFromCapture:53 com.android.server.wm.WindowManagerService.takeScreenshotToTargetWindow:14 android.view.IWindowManager$Stub.onTransact:3954 
04-15 08:40:49.895  1189  2065 D RestrictionPolicy: isScreenCaptureEnabled : ret=true userId=0
04-15 08:40:49.895  1189  2065 D RestrictionPolicy: isScreenCaptureEnabled : ret=true userId=0
04-15 08:40:49.895  1189  2065 D RestrictionPolicy: isScreenCaptureEnabled : ret=true userId=0
04-15 08:40:49.895  1189  2065 D WindowManager: takeScreenshotToTargetWindow: targetSurface=null, sourceCrop=Rect(0, 0 - 0, 0)
04-15 08:40:49.899   869   944 D RenderEngine: [SEC_SF_EFFECTS] drawLayersInternal,1313, Rendering layer  at index 0
04-15 08:40:49.899 25177 25316 D RNFBCrashlyticsInit: isCrashlyticsCollectionEnabled via RNFBPreferences: true
04-15 08:40:49.899 25177 25316 D RNFBCrashlyticsInit: isCrashlyticsCollectionEnabled final value: true
04-15 08:40:49.900 25177 25316 D RNFBCrashlyticsInit: isErrorGenerationOnJSCrashEnabled via RNFBMeta: true
04-15 08:40:49.900 25177 25316 D RNFBCrashlyticsInit: isErrorGenerationOnJSCrashEnabled final value: true
04-15 08:40:49.900 25177 25316 D RNFBCrashlyticsInit: isCrashlyticsJavascriptExceptionHandlerChainingEnabled via RNFBMeta: true
04-15 08:40:49.900 25177 25316 D RNFBCrashlyticsInit: isCrashlyticsJavascriptExceptionHandlerChainingEnabled final value: true
04-15 08:40:49.902  1189  2065 D WindowManager: takeScreenshotToTargetWindow, bitmap=android.graphics.Bitmap@1b69912, failedReason=, caller=com.android.server.wm.WindowManagerService.takeScreenshotToTargetWindowFromCapture:53 com.android.server.wm.WindowManagerService.takeScreenshotToTargetWindow:14 android.view.IWindowManager$Stub.onTransact:3954 com.android.server.wm.WindowManagerService.onTransact:1 android.os.Binder.execTransactInternal:1536 android.os.Binder.execTransact:1480 
04-15 08:40:49.906 10340 11889 I SCS@AiSearch user 0: (AppsDataWorker) [androidx.work-3] entering in doWork():  
04-15 08:40:49.907 10340 11889 I SCS@AiSearch user 0: (AppsDataObserver) [androidx.work-3] entering in execute():  
04-15 08:40:49.907 10340 11889 I SCS@AiSearch user 0: (AppsDataObserver-CMD_UPDATE_LIST) changed package count: 1
04-15 08:40:49.912 25177 25316 D ConnectivityManager: StackLog: [android.net.ConnectivityManager.sendRequestForNetwork(ConnectivityManager.java:4671)] [android.net.ConnectivityManager.registerDefaultNetworkCallbackForUid(ConnectivityManager.java:5360)] [android.net.ConnectivityManager.registerDefaultNetworkCallback(ConnectivityManager.java:5327)] [android.net.ConnectivityManager.registerDefaultNetworkCallback(ConnectivityManager.java:5301)] [com.reactnativecommunity.netinfo.NetworkCallbackConnectivityReceiver.register(NetworkCallbackConnectivityReceiver.java:62)] [com.reactnativecommunity.netinfo.NetInfoModuleImpl.initialize(NetInfoModuleImpl.java:37)] [com.reactnativecommunity.netinfo.NetInfoModule.initialize(NetInfoModule.java:49)] [com.facebook.react.internal.turbomodule.core.TurboModuleManager.getOrCreateModule(TurboModuleManager.kt:261)] [com.facebook.react.internal.turbomodule.core.TurboModuleManager.getModule(TurboModuleManager.kt:203)] [com.facebook.react.internal.turbomodule.core.TurboModuleManager.getTurboJavaModule(TurboModuleManager.kt:160)] [com.facebook.jni.NativeRunnable.run(Native Method)]
04-15 08:40:49.913  1189  2065 D ConnectivityService: requestNetwork for uid/pid:10337/25177 activeRequest: null callbackRequest: 375 [NetworkRequest [ REQUEST id=376, [ Capabilities: INTERNET&NOT_RESTRICTED&TRUSTED&NOT_VCN_MANAGED&NOT_BANDWIDTH_CONSTRAINED Uid: 10337 RequestorUid: 10337 RequestorPkg: com.henza.accountingv2 UnderlyingNetworks: Null] ]] callback flags: 0 order: 2147483647 isUidTracked: false declaredMethods: ALL
04-15 08:40:49.914  1189  1852 D ConnectivityService:    accepting network in place of null for NetworkRequest [ REQUEST id=376, [ Capabilities: INTERNET&NOT_RESTRICTED&TRUSTED&NOT_VCN_MANAGED&NOT_BANDWIDTH_CONSTRAINED Uid: 10337 RequestorUid: 10337 RequestorPkg: com.henza.accountingv2 UnderlyingNetworks: Null] ]
04-15 08:40:49.916  1189  1829 D WifiNetworkFactory: got request NetworkRequest [ REQUEST id=376, [ Capabilities: INTERNET&NOT_RESTRICTED&TRUSTED&NOT_VCN_MANAGED&NOT_BANDWIDTH_CONSTRAINED Uid: 10337 RequestorUid: 10337 RequestorPkg: com.henza.accountingv2 UnderlyingNetworks: Null] ]
04-15 08:40:49.916  1189  1829 D UntrustedWifiNetworkFactory: got request NetworkRequest [ REQUEST id=376, [ Capabilities: INTERNET&NOT_RESTRICTED&TRUSTED&NOT_VCN_MANAGED&NOT_BANDWIDTH_CONSTRAINED Uid: 10337 RequestorUid: 10337 RequestorPkg: com.henza.accountingv2 UnderlyingNetworks: Null] ]
04-15 08:40:49.916  1189  1829 D OemPaidWifiNetworkFactory: got request NetworkRequest [ REQUEST id=376, [ Capabilities: INTERNET&NOT_RESTRICTED&TRUSTED&NOT_VCN_MANAGED&NOT_BANDWIDTH_CONSTRAINED Uid: 10337 RequestorUid: 10337 RequestorPkg: com.henza.accountingv2 UnderlyingNetworks: Null] ]
04-15 08:40:49.916  1189  1829 D MultiInternetWifiNetworkFactory: got request NetworkRequest [ REQUEST id=376, [ Capabilities: INTERNET&NOT_RESTRICTED&TRUSTED&NOT_VCN_MANAGED&NOT_BANDWIDTH_CONSTRAINED Uid: 10337 RequestorUid: 10337 RequestorPkg: com.henza.accountingv2 UnderlyingNetworks: Null] ]
