04-15 14:02:28.571  1182  9433 V WindowManager: Computed rotation=ROTATION_0 (0) for display id=0 based on lastOrientation=SCREEN_ORIENTATION_NOSENSOR (5) and oldRotation=ROTATION_0 (0), caller=com.android.server.wm.DisplayContent.updateRotationUnchecked:2679 com.android.server.wm.WindowManagerService.updateRotationUnchecked:4936 com.android.server.wm.WindowManagerService.thawDisplayRotation:4877 com.android.server.wm.WindowManagerService.thawRotation:4841 android.view.IWindowManager$Stub.onTransact:2728 com.android.server.wm.WindowManagerService.onTransact:1543 
04-15 14:02:28.571  1182  1237 V WindowManager: rotationForOrientation(orient=SCREEN_ORIENTATION_NOSENSOR (5), last=ROTATION_0 (0)); user=ROTATION_0 (0) 
04-15 14:02:28.571  1182  1237 D WindowManager: rotationForOrientation, orientationSource=Window{6a7f699 u0 NotificationShade}
04-15 14:02:28.571  1182  1237 V WindowManager: Computed rotation=ROTATION_0 (0) for display id=0 based on lastOrientation=SCREEN_ORIENTATION_NOSENSOR (5) and oldRotation=ROTATION_0 (0), caller=com.android.server.wm.DisplayContent.updateRotationUnchecked:2679 com.android.server.wm.WindowManagerService.updateRotationUnchecked:4936 com.android.server.wm.WindowManagerService.updateRotation:4917 com.android.server.wm.DisplayRotation$SettingsObserver.onChange:2451 android.database.ContentObserver.onChange:154 android.database.ContentObserver.onChange:170 
04-15 14:02:28.572 25120 25120 D AppCompatDelegate: Checking for metadata for AppLocalesMetadataHolderService : Service not found
04-15 14:02:28.572  1182  1237 D TspStateManager: updateCustomValue customSetting=
04-15 14:02:28.572  1182  1237 W PhoneWindowManagerExt: onDexModeChangedLw: called same dexMode=0
04-15 14:02:28.572  1182  1239 D EnterpriseDeviceManagerService: isMdmAdminPresentInternal() : MDM Admin Found - com.samsung.rtlassistant
04-15 14:02:28.572  1182  1351 W ActivityTaskManager: setActivityController controller: null  mControllerDescription: pid = 25315 uid = 2000
04-15 14:02:28.572  1182  1239 D SGM:FgCheckThread: noteResumeComponent(), received pkgName: com.henza.accountingv2, userId: 0
04-15 14:02:28.572  1182  1239 I GameSDK@LifeCycle: noteResumeComponent(): package name  : com.henza.accountingv2
04-15 14:02:28.573  1182  1433 D SGM:FgCheckThread: onLooperPrepared(), msg: MSG_APP_RESUME, pkgName: com.henza.accountingv2, userid: 0
04-15 14:02:28.573  1182  1433 D SGM:FgCheckThread: handleResume().
04-15 14:02:28.573  2296 24231 I HoneySpace.GlobalSettingDataSourceImpl: Setting accelerometer_rotation changed to 1
04-15 14:02:28.573  1182  1433 D SGM:SystemHelper: callReleaseBlock needReleaseBlock:false
04-15 14:02:28.573  1182  1433 D SGM:FgCheckThread:   handleResume(). device is locked yet. ignore
04-15 14:02:28.573  1182  1551 I CocktailBarManagerServiceContainer: handleMessage: entry what = 5
04-15 14:02:28.573  2296  2296 I Edge.ActivityUtils: HomePackage : com.sec.android.app.launcher, resumePackageName : com.henza.accountingv2
04-15 14:02:28.574 25315 25315 I Monkey  : ## Network stats: elapsed time=37ms (0ms mobile, 0ms wifi, 37ms not connected)
04-15 14:02:28.574  3517 30329 I SDHMS:l : handleResumeComponent : put = com.henza.accountingv2, userid = 0 instanceid =28279700
04-15 14:02:28.574  1182  1239 D SGM:GameManager: identifyGamePackage. com.henza.accountingv2, mCurrentUserId: 0, callerUserId: 0, callingMethodInfo: com.samsung.android.game.SemGameManager.isGamePackage(SemGameManager.java:111)
04-15 14:02:28.574  1182  1239 D SGM:PkgDataHelper: getGamePkgData(). com.henza.accountingv2
04-15 14:02:28.574  1182  1239 D SGM:SemGameManager: isGamePackage(), pkgName=com.henza.accountingv2, ret=false
04-15 14:02:28.575 25315 25315 I app_process: System.exit called, status: 0
04-15 14:02:28.575 25315 25315 I AndroidRuntime: VM exiting with result code 0.
04-15 14:02:28.575  1182  1601 D SemWifiTransportLayerMonitor.TcpMonitorHandler: MSG_SAVE_PACKAGE_INFO
04-15 14:02:28.575  1182  1601 D SemWifiTransportLayerFileManager: saveWifiPackageInfoToFile
04-15 14:02:28.575  1182  1601 D SemWifiTransportLayerFileManager: writeWifiPackageInfoList
04-15 14:02:28.577 28046 28080 I SAMSUNGWALLET: [Hint_ProcessStatusChange] fg Change, pid : 2296 , isNotify : true , isForeground : false , fg list : [25120]
04-15 14:02:28.577  1182  1237 D ScreenCurtainController: onForegroundActivitiesChanged: com.henza.accountingv2
04-15 14:02:28.578  1182  1237 D PkgPredictorService-SecIpmManagerServiceImpl: bg information pid:2296 uid:10158 pkgName:com.sec.android.app.launcher
04-15 14:02:28.579 28046 28046 I SAMSUNGWALLET: [Hint_IntroHintService] Hint Status - already invisible, skip hide : [4000003] - Disable on keyguard
04-15 14:02:28.584  1682  1682 D Navbar.Store: handleEvent(0) OnRotationLockedChanged(rotationLocked=false) [Module] NavBarStoreImpl
04-15 14:02:28.585  1682  1682 D SettingsHelper: onChange() COMPLETED elapsed= 0
04-15 14:02:28.585  1682  1682 D SRotationLockTile:  OnChangedCallback : 
04-15 14:02:28.585  1682  2078 D SRotationLockTile:  mRotationLocked: false handleUpdateState: true orientation = true
04-15 14:02:28.594  1182  1209 D WindowManager: takeScreenshotToTargetWindow: display=0, target=0, containsTarget=false, crop=Rect(0, 0 - 0, 0), w=540, h=1170, useIdentityTransform=true, ignorePolicy=false, caller=com.android.server.wm.WmScreenshotController.takeScreenshotToTargetWindow:653 com.android.server.wm.WindowManagerService.takeScreenshotToTargetWindowFromCapture:10842 com.android.server.wm.WindowManagerService.takeScreenshotToTargetWindow:10821 
04-15 14:02:28.594  1182  1209 D RestrictionPolicy: isScreenCaptureEnabled : ret=true userId=0
04-15 14:02:28.594  1182  1209 D RestrictionPolicy: isScreenCaptureEnabled : ret=true userId=0
04-15 14:02:28.594  1182  1209 D RestrictionPolicy: isScreenCaptureEnabled : ret=true userId=0
04-15 14:02:28.595  1182  1209 D WindowManager: takeScreenshotToTargetWindow: targetSurface=null, sourceCrop=Rect(0, 0 - 0, 0)
04-15 14:02:28.596   893   934 D RenderEngine: [SEC_GC_CMN_SF_EFFECTS] drawLayersInternal,1296, Rendering layer  at index 0
04-15 14:02:28.598  1182  1209 D WindowManager: takeScreenshotToTargetWindow, bitmap=android.graphics.Bitmap@5d4cfcf, failedReason=, caller=com.android.server.wm.WindowManagerService.takeScreenshotToTargetWindowFromCapture:10842 com.android.server.wm.WindowManagerService.takeScreenshotToTargetWindow:10821 android.view.IWindowManager$Stub.onTransact:3612 com.android.server.wm.WindowManagerService.onTransact:1543 android.os.Binder.execTransactInternal:1375 android.os.Binder.execTransact:1311 
04-15 14:02:28.603 25120 25120 W unknown:BridgelessReact: ReactHost{0}.startSurface(surfaceId = 0): Schedule
04-15 14:02:28.603 25120 25120 W unknown:BridgelessReact: ReactHost{0}.attachSurface(surfaceId = 0)
04-15 14:02:28.604 25120 25354 W unknown:BridgelessReact: ReactHost{0}.getOrCreateReactInstanceTask()
04-15 14:02:28.604 25120 25354 W unknown:BridgelessReact: ReactHost{0}.getOrCreateReactInstanceTask(): Start
04-15 14:02:28.604 25120 25354 W unknown:BridgelessReact: ReactHost{0}.getJSBundleLoader()
04-15 14:02:28.604 25120 25354 W unknown:BridgelessReact: ReactHost{0}.getOrCreateReactInstanceTask(): Creating BridgelessReactContext
04-15 14:02:28.605 25120 25354 W unknown:BridgelessReact: ReactHost{0}.getOrCreateReactInstanceTask(): Creating ReactInstance
04-15 14:02:28.607 25120 25120 I DecorView: setWindowBackground: isPopOver=false color=fffafafa d=android.graphics.drawable.ColorDrawable@9f7b7b6
04-15 14:02:28.610 25120 25354 D jni_lib_merge: Entering merged library JNI_OnLoad.
04-15 14:02:28.610 25120 25354 D jni_lib_merge: Preparing 4 pre-merged libs (including stub)
04-15 14:02:28.610 25120 25354 D jni_lib_merge: Preparing to register libhermes_executor_so.  onload_func: 0x7bd335f760
04-15 14:02:28.610 25120 25354 D jni_lib_merge: Preparing to register libhermesinstancejni_so.  onload_func: 0x7bd3366dd4
04-15 14:02:28.610 25120 25354 D jni_lib_merge: Preparing to register libjsijniprofiler_so.  onload_func: 0x7bd33675c0
04-15 14:02:28.610 25120 25354 D jni_lib_merge: About to register 3 actual methods.
04-15 14:02:28.612 25120 25120 D FirebaseSessions: App foregrounded on com.henza.accountingv2
04-15 14:02:28.612 25120 25120 D FirebaseSessions: Process com.henza.accountingv2 is stale
04-15 14:02:28.612 25120 25120 W unknown:BridgelessReact: ReactHost{0}.onHostResume(activity)
04-15 14:02:28.612 25120 25120 W unknown:BridgelessReact: ReactHost{0}.ReactContext.onHostResume()
04-15 14:02:28.614 25120 25242 D FirebaseSessions: Cold app start detected
04-15 14:02:28.614 25120 25242 D FirebaseSessions: Process com.henza.accountingv2 is stale
04-15 14:02:28.614 25120 25120 D CompatibilityChangeReporter: Compat change id reported: 237531167; UID 10345; state: DISABLED
04-15 14:02:28.615 25120 25330 D NativeCustomFrequencyManager: [NativeCFMS] BpCustomFrequencyManager::BpCustomFrequencyManager()
04-15 14:02:28.617  1182  1209 D InputTransport: Input channel constructed: '6108f06', fd=1007
04-15 14:02:28.617  1182  1209 D InputTransport: Input channel constructed: '6108f06', fd=1024
04-15 14:02:28.617  1182  1209 D InputTransport: Input channel constructed: '6108f06', fd=1026
04-15 14:02:28.617  1182  1209 D WindowManager: prepareSync <SYNC_STATE_WAITING_FOR_DRAW>, mPrepareSyncSeqId=0, win=Window{6108f06 u0 com.henza.accountingv2/com.henza.accountingv2.MainActivity}
04-15 14:02:28.618   893   929 I SurfaceFlinger: id=246 createSurf, flag=84004, 6108f06 com.henza.accountingv2/com.henza.accountingv2.MainActivity#246
04-15 14:02:28.618  1182  1209 D RestrictionPolicy: isScreenCaptureEnabled : ret=true userId=0
04-15 14:02:28.618  1182  1209 D InputTransport: Input channel destroyed: '6108f06', fd=1026
04-15 14:02:28.618   802   837 I HYPER-HAL: [RequestManager.cpp]acquire(): Acquired ID : 489738  [806 / 183]    HINT :      list : [TID_LOW_LATENCY / 1] [TID / 25358] [TID / 25359] [TID / 25120] [TID / 25330] 
04-15 14:02:28.619 25120 25120 I InsetsController: onStateChanged: host=com.henza.accountingv2/com.henza.accountingv2.MainActivity, from=android.view.ViewRootImpl.setView:1797, state=InsetsState: {mDisplayFrame=Rect(0, 0 - 1080, 2340), mDisplayCutout=DisplayCutout{insets=Rect(0, 92 - 0, 0) waterfall=Insets{left=0, top=0, right=0, bottom=0} boundingRect={Bounds=[Rect(0, 0 - 0, 0), Rect(506, 0 - 574, 92), Rect(0, 0 - 0, 0), Rect(0, 0 - 0, 0)]} cutoutPathParserInfo={CutoutPathParserInfo{displayWidth=1080 displayHeight=2340 physicalDisplayWidth=1080 physicalDisplayHeight=2340 density={2.8125} cutoutSpec={M 0,0 M 0, 8.533333333333333 a 12.08888888888889,12.08888888888889 0 1,0 0,24.17777777777778 a 12.08888888888889,12.08888888888889 0 1,0 0,-24.17777777777778 Z @dp} rotation={0} scale={1.0} physicalPixelDisplaySizeRatio={1.0}}}}, mRoundedCorners=RoundedCorners{[RoundedCorner{position=TopLeft, radius=107, center=Point(107, 107)}, RoundedCorner{position=TopRight, radius=107, center=Point(973, 107)}, RoundedCorner{position=BottomRight, radius=107, center=Point(973, 2233)}, RoundedCorner{position=BottomLeft, radius=107, center=Point(107, 2233)}]}  mRoundedCornerFrame=Rect(0, 0 - 1080, 2340), mPrivacyIndicatorBounds=PrivacyIndicatorBounds {static bounds=Rect(956, 0 - 1080, 92) rotation=0}, mDisplayShape=DisplayShape{ spec=-311912193 displayWidth=1080 displayHeight=2340 physicalPixelDisplaySizeRatio=1.0 rotation=0 offsetX=0 offsetY=0 scale=1.0}, mSources= { InsetsSource: {839f0000 mType=statusBars mFrame=[0,0][1080,92] mVisible=true mFlags=[]}, InsetsSource: {839f0005 mType=mandatorySystemGestures mFrame=[0,0][1080,126] mVisible=true mFlags=[]}, InsetsSource: {839f0006 mType=tappableElement mFrame=[0,0][1080,92] mVisible=true mFlags=[]}, InsetsSource: {d1110001 mType=navigationBars mFrame=[0,2205][1080,2340] mVisible=false mFlags=[]}, InsetsSource: {d1110004 mType=systemGestures mFrame=[0,0][0,0] mVisible=true mFlags=[]}, InsetsSource: {d1110005 mType=mandatorySystemGestures mFrame=[0,2205][1080,2340] mVisible=true mFlags=[]}, InsetsSource: {d1110006 mType=tappableElement mFrame=[0,2205][1080,2340] mVisible=true mFlags=[]}, InsetsSource: {d1110024 mType=systemGestures mFrame=[0,0][0,0] mVisible=true mFlags=[]}, InsetsSource: {3 mType=ime mFrame=[0,0][0,0] mVisible=false mFlags=[]}, InsetsSource: {27 mType=displayCutout mFrame=[0,0][1080,92] mVisible=true mFlags=[]} }
04-15 14:02:28.619 25120 25242 D FirebaseSessions: Session Event Type: SESSION_START
04-15 14:02:28.619 25120 25120 I ViewRootImpl@8f5703e[MainActivity]: synced displayState. AttachInfo displayState=1
04-15 14:02:28.619 25120 25120 I ViewRootImpl@8f5703e[MainActivity]: setView = com.android.internal.policy.DecorView@2da3220 TM=true
04-15 14:02:28.619 25120 25120 I IDS_TAG : Clearing training data of com.henza.accountingv2.MainApplication@208c114
04-15 14:02:28.619 25120 25242 D FirebaseSessions: Successfully logged Session Start event.
04-15 14:02:28.619 25120 25120 I IDS_TAG : Starting IDS observe window
04-15 14:02:28.619 25120 25120 I IDS_TAG : Getting Shared Preference for com.henza.accountingv2.MainApplication@208c114 uid = 10345
04-15 14:02:28.620 25120 25120 I IDS_TAG : App com.henza.accountingv2.MainApplication@208c114 has not finished training
04-15 14:02:28.620 25120 25251 D FirebaseSessions: Notified CRASHLYTICS of new session c66c6d4ab2764193af5cac6678d47241
04-15 14:02:28.620 25120 25120 D FirebaseSessions: App backgrounded on com.henza.accountingv2
04-15 14:02:28.620 25120 25120 W unknown:BridgelessReact: ReactHost{0}.onHostPause(activity)
04-15 14:02:28.620 25120 25120 W unknown:BridgelessReact: ReactHost{0}.ReactContext.onHostPause()
04-15 14:02:28.621  1182  1239 D SGM:FgCheckThread: notePauseComponent(), received pkgName: com.henza.accountingv2, userId: 0
04-15 14:02:28.621 25120 25330 D OpenGLRenderer: HWUI - treat SMPTE_170M as sRGB
04-15 14:02:28.621 25120 25120 I IDS_TAG : Closing IDS observe window
04-15 14:02:28.621 25120 25120 I IDS_TAG : Getting Shared Preference for com.henza.accountingv2.MainApplication@208c114 uid = 10345
04-15 14:02:28.621 25120 25120 I IDS_TAG : IDS count updated to 1 for com.henza.accountingv2.MainApplication@208c114
04-15 14:02:28.621  1182  1551 I CocktailBarManagerServiceContainer: handleMessage: entry what = 6
04-15 14:02:28.622 25120 25243 D CompatibilityChangeReporter: Compat change id reported: 194532703; UID 10345; state: ENABLED
04-15 14:02:28.622 25120 25243 D CompatibilityChangeReporter: Compat change id reported: 253665015; UID 10345; state: ENABLED
04-15 14:02:28.623  1182  1209 D CompatibilityChangeReporter: Compat change id reported: 253665015; UID 10345; state: ENABLED
04-15 14:02:28.623  1182  1209 D CompatibilityChangeReporter: Compat change id reported: 194532703; UID 10345; state: ENABLED
04-15 14:02:28.623  1182  1351 D CoreBackPreview: Window{6108f06 u0 com.henza.accountingv2/com.henza.accountingv2.MainActivity}: Setting back callback OnBackInvokedCallbackInfo{mCallback=android.window.IOnBackInvokedCallback$Stub$Proxy@c9c5b63, mPriority=0, mIsAnimationCallback=false}
04-15 14:02:28.623  1182  1209 V WindowManager: Relayout Window{6108f06 u0 com.henza.accountingv2/com.henza.accountingv2.MainActivity}: viewVisibility=0 req=1080x2340 ty=1 d0
04-15 14:02:28.623  1182  1209 D RestrictionPolicy: isScreenCaptureEnabled : ret=true userId=0
04-15 14:02:28.623   893   929 I SurfaceFlinger: id=247 createSurf, flag=44004, com.henza.accountingv2/com.henza.accountingv2.MainActivity$_25120#247
04-15 14:02:28.624  1182  1209 D WindowManager: makeSurface duration=1 name=com.henza.accountingv2/com.henza.accountingv2.MainActivity$_25120
04-15 14:02:28.624  1182  1351 D WindowManager: takeScreenshotToTargetWindow: display=0, target=0, containsTarget=false, crop=Rect(0, 0 - 0, 0), w=540, h=1170, useIdentityTransform=true, ignorePolicy=false, caller=com.android.server.wm.WmScreenshotController.takeScreenshotToTargetWindow:653 com.android.server.wm.WindowManagerService.takeScreenshotToTargetWindowFromCapture:10842 com.android.server.wm.WindowManagerService.takeScreenshotToTargetWindow:10821 
04-15 14:02:28.624  1182  1209 D WindowManager: SyncGroup 15:  Unfinished container: ActivityRecord{3fd45a6 u0 com.henza.accountingv2/.MainActivity t13} mSyncState=2
04-15 14:02:28.625  1182  1209 V Transition:  allReady query: used=true, override=false, defer=0, states=Display{#0 state=OFF size=1080x2340 ROTATION_0}:true
04-15 14:02:28.625  1182  1209 V WindowManager: SyncGroup 15: Finished!
04-15 14:02:28.625  1182  1209 D ChangeTransitionController: onTransactionReady: TransitionRecord{7498301 id=15 type=OPEN flags=0x0}
04-15 14:02:28.625  1182  1209 V WindowManager: Start calculating TransitionInfo based on participants: {Task{2736be7 #13 type=standard A=10345:com.henza.accountingv2}, ActivityRecord{3fd45a6 u0 com.henza.accountingv2/.MainActivity t13}}
04-15 14:02:28.625  1182  1209 V WindowManager:   Final targets: []
04-15 14:02:28.625  1182  1209 D RestrictionPolicy: isScreenCaptureEnabled : ret=true userId=0
04-15 14:02:28.625  1182  1209 I WindowManager: Attempted to take screenshot while display was off.
04-15 14:02:28.625  1182  1209 V WindowManager: Calling onTransitionReady: {id=15 t=OPEN f=0x40 trk=0 r=[] c=[]}
04-15 14:02:28.626  1682  1988 V WindowManagerShell: onTransitionReady android.os.BinderProxy@a079ca5: {id=15 t=OPEN f=0x40 trk=0 r=[] c=[]}
04-15 14:02:28.626  1182  1236 V WindowManager: Sent Transition #15 createdAt=04-15 14:02:28.538 via request=TransitionRequestInfo { type = OPEN, triggerTask = TaskInfo{userId=0 taskId=13 displayId=0 isRunning=true baseIntent=Intent { act=android.intent.action.MAIN cat=[android.intent.category.LAUNCHER] flg=0x10200000 cmp=com.henza.accountingv2/.MainActivity } baseActivity=ComponentInfo{com.henza.accountingv2/com.henza.accountingv2.MainActivity} topActivity=ComponentInfo{com.henza.accountingv2/com.henza.accountingv2.MainActivity} origActivity=null realActivity=ComponentInfo{com.henza.accountingv2/com.henza.accountingv2.MainActivity} numActivities=1 lastActiveTime=18700380 supportsMultiWindow=true resizeMode=1 isResizeable=true minWidth=-1 minHeight=-1 maxWidth=-1 maxHeight=-1 defaultMinSize=220 token=WCT{RemoteToken{3fd4360 Task{2736be7 #13 type=standard A=10345:com.henza.accountingv2}}} topActivityType=1 pictureInPictureParams=null shouldDockBigOverlays=false launchIntoPipHostTaskId=-1 lastParentTaskIdBeforePip=-1 displayCutoutSafeInsets=Rect(0, 92 - 0, 0) topActivityInfo=ActivityInfo{99d2019 com.henza.accountingv2.MainActivity} launchCookies=[] positionInParent=Point(0, 0) parentTaskId=-1 isFocused=true isVisible=false isVisibleRequested=false isSleeping=true topActivityInSizeCompat=false topActivityEligibleForLetterboxEducation= false topActivityLetterboxed= false isFromDoubleTap= false topActivityLetterboxVerticalPosition= -1 topActivityLetterboxHorizontalPosition= -1 topActivityLetterboxWidth=-1 topActivityLetterboxHeight=-1 locusId=null displayAreaFeatureId=1 cameraCompatControlState=hidden originallySupportedMultiWindow=true hasWallpaper=false topActivityInFixedAspectRatio=false rootAffinity=10345:com.henza.accountingv2 topActivityInDisplayCompat=false topActivityInBoundsCompat=false topActivityBounds=null singleTapFromLetterbox=false isTopTaskInStage=false topActivityUiMode=17 CoverLauncherWidgetTask=false CoverScreenTask=false isAllowedSeamlessRotation=false isTopTransparentActivity=false hasPopOver=false}, remoteTransition = null, displayChange = null }
04-15 14:02:28.626  1182  1236 V WindowManager:     startWCT=WindowContainerTransaction { changes = {} hops = [] errorCallbackToken=null taskFragmentOrganizer=null }
04-15 14:02:28.626  1682  1988 V WindowManagerShell: No transition roots in (#15)android.os.BinderProxy@a079ca5@0 so abort
04-15 14:02:28.626  1182  1236 V WindowManager:     info={id=15 t=OPEN f=0x40 trk=0 r=[] c=[]}
04-15 14:02:28.626  1182  1209 V WindowManager: Relayout hash=6108f06, pid=25120, syncId=-1: mAttrs={(0,0)(fillxfill) sim={adjust=resize forwardNavigation} layoutInDisplayCutoutMode=always ty=BASE_APPLICATION wanim=0x1030303
04-15 14:02:28.626  1182  1209 V WindowManager:   fl=81810100
04-15 14:02:28.626  1182  1209 V WindowManager:   pfl=16008040
04-15 14:02:28.626  1182  1209 V WindowManager:   vsysui=110
04-15 14:02:28.626  1182  1209 V WindowManager:   apr=LIGHT_NAVIGATION_BARS
04-15 14:02:28.626  1182  1209 V WindowManager:   bhv=DEFAULT
04-15 14:02:28.626  1182  1209 V WindowManager:   fitSides= naviIconColor=0}
04-15 14:02:28.626  1682  1988 I SurfaceControl: apply is called, name=StartTransaction_SyncId<15>, caller=android.view.SurfaceControl$Transaction.apply:2933 com.android.wm.shell.transition.Transitions.processReadyQueue:188 com.android.wm.shell.transition.Transitions.onAbort:72 com.android.wm.shell.transition.Transitions.dispatchReady:213 com.android.wm.shell.transition.Transitions.onTransitionReady:118 com.android.wm.shell.transition.Transitions$TransitionPlayerImpl$$ExternalSyntheticLambda0.run:13 
04-15 14:02:28.626  1182  1351 D RestrictionPolicy: isScreenCaptureEnabled : ret=true userId=0
04-15 14:02:28.626  1682  1988 V WindowManagerShell: Transition animation finished (aborted=true), notifying core (#15)android.os.BinderProxy@a079ca5@0
04-15 14:02:28.626  1182  1351 D RestrictionPolicy: isScreenCaptureEnabled : ret=true userId=0
04-15 14:02:28.626  1182  1351 D RestrictionPolicy: isScreenCaptureEnabled : ret=true userId=0
04-15 14:02:28.626  1682  1988 I SurfaceControl: apply is called, name=FinishTransaction_SyncId<15>, caller=android.view.SurfaceControl$Transaction.apply:2933 com.android.wm.shell.transition.Transitions.onFinish:302 com.android.wm.shell.transition.Transitions.processReadyQueue:191 com.android.wm.shell.transition.Transitions.onAbort:72 com.android.wm.shell.transition.Transitions.dispatchReady:213 com.android.wm.shell.transition.Transitions.onTransitionReady:118 
04-15 14:02:28.626  1182  1351 D RestrictionPolicy: isScreenCaptureEnabled : ret=true userId=0
04-15 14:02:28.626  1182  1351 D WindowManager: takeScreenshotToTargetWindow: targetSurface=null, sourceCrop=Rect(0, 0 - 0, 0)
04-15 14:02:28.626 25120 25120 I BLASTBufferQueue_Java: new BLASTBufferQueue, mName= ViewRootImpl@8f5703e[MainActivity] mNativeObject= 0xb400007cfd52baf0 sc.mNativeObject= 0xb400007c3d51c7d0 caller= android.view.ViewRootImpl.updateBlastSurfaceIfNeeded:3085 android.view.ViewRootImpl.relayoutWindow:10224 android.view.ViewRootImpl.performTraversals:4167 android.view.ViewRootImpl.doTraversal:3345 android.view.ViewRootImpl$TraversalRunnable.run:11437 android.view.Choreographer$CallbackRecord.run:1690 android.view.Choreographer$CallbackRecord.run:1699 android.view.Choreographer.doCallbacks:1154 android.view.Choreographer.doFrame:1080 android.view.Choreographer$FrameDisplayEventReceiver.run:1647 
04-15 14:02:28.626 25120 25120 I BLASTBufferQueue_Java: update, w= 1080 h= 2340 mName = ViewRootImpl@8f5703e[MainActivity] mNativeObject= 0xb400007cfd52baf0 sc.mNativeObject= 0xb400007c3d51c7d0 format= -1 caller= android.graphics.BLASTBufferQueue.<init>:89 android.view.ViewRootImpl.updateBlastSurfaceIfNeeded:3085 android.view.ViewRootImpl.relayoutWindow:10224 android.view.ViewRootImpl.performTraversals:4167 android.view.ViewRootImpl.doTraversal:3345 android.view.ViewRootImpl$TraversalRunnable.run:11437 
04-15 14:02:28.627   965  1959 I CameraService: onUidStateChanged: uid=10053, procState is changed. (5 -> 1)
04-15 14:02:28.627  1182  1209 V WindowManager: Finish Transition: TransitionRecord{7498301 id=15 type=OPEN flags=0x40}, caller=com.android.server.wm.WindowOrganizerController.finishTransition:507 android.window.IWindowOrganizerController$Stub.onTransact:286 com.android.server.wm.WindowOrganizerController.onTransact:219 
04-15 14:02:28.627 25120 25120 I ViewRootImpl@8f5703e[MainActivity]: Relayout returned: old=(0,0,1080,2340) new=(0,0,1080,2340) relayoutAsync=false req=(1080,2340)0 dur=3 res=0x403 s={true 0xb400007d3d52ff00} ch=true seqId=0
04-15 14:02:28.627 25120 25120 D ViewRootImpl@8f5703e[MainActivity]: mThreadedRenderer.initialize() mSurface={isValid=true 0xb400007d3d52ff00} hwInitialized=true
04-15 14:02:28.627  1182  1209 D ChangeTransitionController: onTransitionFinished: TransitionRecord{7498301 id=15 type=OPEN flags=0x40}
04-15 14:02:28.628   893   934 D RenderEngine: [SEC_GC_CMN_SF_EFFECTS] drawLayersInternal,1296, Rendering layer  at index 0
04-15 14:02:28.628 25120 25330 W vulkan  : CreateSwapchainKHR(VkSwapchainCreateInfoKHR.imageColorSpace = 1000104013) failed: Unsupported color space, but assume as Success for ANGLE.
04-15 14:02:28.628  1182  1236 V WindowManager: Finish Transition #15: created at 04-15 14:02:28.538 collect-started=0.361ms request-sent=9.458ms started=17.475ms ready=17.448ms sent=87.746ms finished=89.066ms
04-15 14:02:28.628  1682  1988 V WindowManagerShell: Track 0 became idle
04-15 14:02:28.629  1682  1988 V WindowManagerShell: All active transition animations finished
04-15 14:02:28.630   965  1959 I CameraService: onUidStateChanged: uid=10053, procState is changed. (1 -> 5)
04-15 14:02:28.630 25120 25120 D ViewRootImpl@8f5703e[MainActivity]: reportNextDraw android.view.ViewRootImpl.performTraversals:4781 android.view.ViewRootImpl.doTraversal:3345 android.view.ViewRootImpl$TraversalRunnable.run:11437 android.view.Choreographer$CallbackRecord.run:1690 android.view.Choreographer$CallbackRecord.run:1699 
04-15 14:02:28.630 25120 25120 I ViewRootImpl@8f5703e[MainActivity]: Setup new sync=wmsSync-ViewRootImpl@8f5703e[MainActivity]#0
04-15 14:02:28.630 25120 25120 I ViewRootImpl@8f5703e[MainActivity]: Creating new active sync group ViewRootImpl@8f5703e[MainActivity]#1
04-15 14:02:28.630 25120 25120 I SurfaceSyncGroup: addLocalSync=ViewRootImpl@8f5703e[MainActivity]#1 to name=wmsSync-ViewRootImpl@8f5703e[MainActivity]#0, callers=android.window.SurfaceSyncGroup.add:431 android.window.SurfaceSyncGroup.add:392 android.window.SurfaceSyncGroup.add:340 android.view.ViewRootImpl.createSyncIfNeeded:4912 android.view.ViewRootImpl.performTraversals:4796 android.view.ViewRootImpl.doTraversal:3345 
04-15 14:02:28.631  1182  1239 I ActivityManager: Changes in 10345 2 to 12, 63 to 0
04-15 14:02:28.631  1182  1351 D WindowManager: takeScreenshotToTargetWindow, bitmap=android.graphics.Bitmap@2e3358c, failedReason=, caller=com.android.server.wm.WindowManagerService.takeScreenshotToTargetWindowFromCapture:10842 com.android.server.wm.WindowManagerService.takeScreenshotToTargetWindow:10821 android.view.IWindowManager$Stub.onTransact:3612 com.android.server.wm.WindowManagerService.onTransact:1543 android.os.Binder.execTransactInternal:1375 android.os.Binder.execTransact:1311 
04-15 14:02:28.631 25120 25330 I za.accountingv2: [HIDL_FETCH_IMapper] android.hardware.graphics.mapper@4.0: Loaded Mapper successfully.
04-15 14:02:28.631   893   893 I Layer   : Layer [6108f06 com.henza.accountingv2/com.henza.accountingv2.MainActivity#246] hidden!! flag(0)
04-15 14:02:28.632  2201  2201 D HidDeviceService: handleMessage(): msg.what=8
04-15 14:02:28.632   802   837 I HYPER-HAL: [RequestManager.cpp]acquire(): Acquired ID : 489738  [806 / 183]    HINT :      list : [TID_LOW_LATENCY / 0] [TID / 25358] [TID / 25359] [TID / 25120] [TID / 25330] 
04-15 14:02:28.633   515   515 I hwservicemanager: getTransport: Cannot find entry android.hardware.graphics.allocator@4.0::IAllocator/default in either framework or device VINTF manifest.
04-15 14:02:28.636 25120 25120 I ViewRootImpl@8f5703e[MainActivity]: registerCallbacksForSync syncBuffer=false
04-15 14:02:28.637 25120 25358 I ViewRootImpl@8f5703e[MainActivity]: Received frameDrawingCallback syncResult=0 frameNum=1.
04-15 14:02:28.637 25120 25358 I ViewRootImpl@8f5703e[MainActivity]: mWNT: t=0xb400007e1d54ced0 mBlastBufferQueue=0xb400007cfd52baf0 fn= 1 mRenderHdrSdrRatio=1.0 caller= android.view.ViewRootImpl$8.onFrameDraw:13946 android.view.ThreadedRenderer$1.onFrameDraw:792 <bottom of call stack> 
04-15 14:02:28.637 25120 25358 I ViewRootImpl@8f5703e[MainActivity]: Setting up sync and frameCommitCallback
04-15 14:02:28.639 25120 25330 I BLASTBufferQueue: [ViewRootImpl@8f5703e[MainActivity]#0](f:0,a:0,s:0) onFrameAvailable the first frame is available
04-15 14:02:28.640 25120 25330 I ViewRootImpl@8f5703e[MainActivity]: Received frameCommittedCallback lastAttemptedDrawFrameNum=1 didProduceBuffer=true
04-15 14:02:28.640 25120 25330 I SurfaceSyncGroup: onTransactionReady mName=wmsSync-ViewRootImpl@8f5703e[MainActivity]#0 callback=29966464
04-15 14:02:28.640 25120 25330 D OpenGLRenderer: CFMS:: SetUp Pid : 25120    Tid : 25330
04-15 14:02:28.640 25120 25120 I ViewRootImpl@8f5703e[MainActivity]: reportDrawFinished seqId=0
04-15 14:02:28.641  1182  1351 D WindowManager: finishDrawingWindow: Window{6108f06 u0 com.henza.accountingv2/com.henza.accountingv2.MainActivity} mDrawState=DRAW_PENDING seqId=0
04-15 14:02:28.642 25120 25330 D OpenGLRenderer: CacheManager::trimMemory(20)
04-15 14:02:28.642  1182  1236 W ziparchive: Unable to open '/data/app/~~Cqso9iRTnJ2L2BmION8l8Q==/com.henza.accountingv2--rr7xMWE_emWQgLyXYkS4A==/base.dm': No such file or directory
04-15 14:02:28.642 25120 25120 I ViewRootImpl@8f5703e[MainActivity]: stopped(true) old = false
04-15 14:02:28.642 25120 25120 D ViewRootImpl@8f5703e[MainActivity]: WindowStopped on com.henza.accountingv2/com.henza.accountingv2.MainActivity set to true
04-15 14:02:28.642 25120 25330 D OpenGLRenderer: CacheManager::trimMemory(20)
04-15 14:02:28.643  1182  1236 D [secipm]: mSecIpmManager report to nap
04-15 14:02:28.643  1182  1236 I PkgPredictorService-SecIpmManagerServiceImpl: reportToNAP uid:10345 com.henza.accountingv2/com.henza.accountingv2.MainActivity thisTime:106
04-15 14:02:28.643  1182  1236 D PkgPredictorService-SecIpmManagerServiceImpl: reportToNAP: mHeavyLaunchCounter is false
04-15 14:02:28.643  1182  2952 D PkgPredictorService-SecIpmManagerServiceImpl: ACTION_FOREGROUND_FINISH_EVENT sCurForegroundApp :com.henza.accountingv2
04-15 14:02:28.643  1182  1236 I ActivityTaskManager: Displayed com.henza.accountingv2/.MainActivity for user 0: +106ms
04-15 14:02:28.643  1182  1236 I Pageboost: Launch time gathered : pid 25120 com.henza.accountingv2 106
04-15 14:02:28.643  3245  3245 E pageboostd: Received HALT command code 2
04-15 14:02:28.649 25120 25120 I ViewRootImpl@8f5703e[MainActivity]: destroyHardwareResources: Callers=android.view.ViewRootImpl.performTraversals:3989 android.view.ViewRootImpl.doTraversal:3345 android.view.ViewRootImpl$TraversalRunnable.run:11437 android.view.Choreographer$CallbackRecord.run:1690 android.view.Choreographer$CallbackRecord.run:1699 android.view.Choreographer.doCallbacks:1154 android.view.Choreographer.doFrame:1080 android.view.Choreographer$FrameDisplayEventReceiver.run:1647 android.os.Handler.handleCallback:958 android.os.Handler.dispatchMessage:99 
04-15 14:02:28.651 25120 25330 D OpenGLRenderer: CacheManager::trimMemory(20)
04-15 14:02:28.651  1182  2553 V WindowManager: Relayout Window{6108f06 u0 com.henza.accountingv2/com.henza.accountingv2.MainActivity}: viewVisibility=4 req=1080x2340 ty=1 d0
04-15 14:02:28.651   802   837 I HYPER-HAL: [RequestManager.cpp]acquire(): Acquired ID : 489738  [806 / 183]    HINT :      list : [TID_LOW_LATENCY / 0] [TID / 25358] [TID / 25359] [TID / 25120] [TID / 25330] 
04-15 14:02:28.652   802   837 I HYPER-HAL: [RequestManager.cpp]acquire(): Acquired ID : 490729  [806 / 184]    HINT :      list : [UCLAMP_MIN_BOOST / 0] [TID / 25358] [TID / 25359] [TID / 25120] [TID / 25330] 
04-15 14:02:28.652   802   837 I HYPER-HAL: [RequestManager.cpp]releaseLocked(): Released ID : 489738
04-15 14:02:28.652   802   837 I HYPER-HAL: [RequestManager.cpp]releaseLocked(): Released ID : 490729
04-15 14:02:28.653  1182  2553 V WindowManager: Relayout hash=6108f06, pid=25120, syncId=-1: mAttrs={(0,0)(fillxfill) sim={adjust=resize forwardNavigation} layoutInDisplayCutoutMode=always ty=BASE_APPLICATION wanim=0x1030303
04-15 14:02:28.653  1182  2553 V WindowManager:   fl=81810100
04-15 14:02:28.653  1182  2553 V WindowManager:   pfl=16008040
04-15 14:02:28.653  1182  2553 V WindowManager:   vsysui=110
04-15 14:02:28.653  1182  2553 V WindowManager:   apr=LIGHT_NAVIGATION_BARS
04-15 14:02:28.653  1182  2553 V WindowManager:   bhv=DEFAULT
04-15 14:02:28.653  1182  2553 V WindowManager:   fitSides= naviIconColor=0}
04-15 14:02:28.654 25120 25120 I ViewRootImpl@8f5703e[MainActivity]: Relayout returned: old=(0,0,1080,2340) new=(0,0,1080,2340) relayoutAsync=false req=(1080,2340)4 dur=2 res=0x402 s={false 0x0} ch=false seqId=0
04-15 14:02:28.654  1182  2553 V WindowManager: Setting visibility of Window{6108f06 u0 com.henza.accountingv2/com.henza.accountingv2.MainActivity}: false, caller=com.android.server.wm.WindowContainer.sendAppVisibilityToClients:1305 com.android.server.wm.WindowToken.setClientVisible:454 com.android.server.wm.ActivityRecord.setClientVisible:8235 com.android.server.wm.ActivityRecord.activityStopped:7744 com.android.server.wm.ActivityClientController.activityStopped:321 
04-15 14:02:28.654  1182  2553 E WindowManager: win=Window{6108f06 u0 com.henza.accountingv2/com.henza.accountingv2.MainActivity} destroySurfaces: appStopped=true cleanupOnResume=false win.mWindowRemovalAllowed=false win.mRemoveOnExit=false win.mViewVisibility=4 caller=com.android.server.wm.ActivityRecord.destroySurfaces:7033 com.android.server.wm.ActivityRecord.destroySurfaces:7014 com.android.server.wm.ActivityRecord.activityStopped:7747 com.android.server.wm.ActivityClientController.activityStopped:321 android.app.IActivityClientController$Stub.onTransact:702 com.android.server.wm.ActivityClientController.onTransact:186 android.os.Binder.execTransactInternal:1380 
04-15 14:02:28.654  1182  2553 I WindowManager: Destroying surface Surface(name=com.henza.accountingv2/com.henza.accountingv2.MainActivity$_25120)/@0x8541e78 called by com.android.server.wm.WindowStateAnimator.destroySurface:811 com.android.server.wm.WindowStateAnimator.destroySurfaceLocked:478 com.android.server.wm.WindowState.destroySurfaceUnchecked:4219 com.android.server.wm.WindowState.destroySurface:4193 com.android.server.wm.ActivityRecord.destroySurfaces:7033 com.android.server.wm.ActivityRecord.destroySurfaces:7014 com.android.server.wm.ActivityRecord.activityStopped:7747 com.android.server.wm.ActivityClientController.activityStopped:321 
04-15 14:02:28.654 25120 25120 I ViewRootImpl@8f5703e[MainActivity]: handleAppVisibility mAppVisible = true visible = false
04-15 14:02:28.657  1182  2553 D WindowManager: takeScreenshotToTargetWindow: display=0, target=0, containsTarget=false, crop=Rect(0, 0 - 0, 0), w=540, h=1170, useIdentityTransform=true, ignorePolicy=false, caller=com.android.server.wm.WmScreenshotController.takeScreenshotToTargetWindow:653 com.android.server.wm.WindowManagerService.takeScreenshotToTargetWindowFromCapture:10842 com.android.server.wm.WindowManagerService.takeScreenshotToTargetWindow:10821 
04-15 14:02:28.657  1182  2553 D RestrictionPolicy: isScreenCaptureEnabled : ret=true userId=0
04-15 14:02:28.657  1182  2553 D RestrictionPolicy: isScreenCaptureEnabled : ret=true userId=0
04-15 14:02:28.657  1182  2553 D RestrictionPolicy: isScreenCaptureEnabled : ret=true userId=0
04-15 14:02:28.657  1182  2553 D WindowManager: takeScreenshotToTargetWindow: targetSurface=null, sourceCrop=Rect(0, 0 - 0, 0)
04-15 14:02:28.659   893   934 D RenderEngine: [SEC_GC_CMN_SF_EFFECTS] drawLayersInternal,1296, Rendering layer  at index 0
04-15 14:02:28.661  1182  2553 D WindowManager: takeScreenshotToTargetWindow, bitmap=android.graphics.Bitmap@5e9b951, failedReason=, caller=com.android.server.wm.WindowManagerService.takeScreenshotToTargetWindowFromCapture:10842 com.android.server.wm.WindowManagerService.takeScreenshotToTargetWindow:10821 android.view.IWindowManager$Stub.onTransact:3612 com.android.server.wm.WindowManagerService.onTransact:1543 android.os.Binder.execTransactInternal:1375 android.os.Binder.execTransact:1311 
04-15 14:02:28.664   893   893 I Layer   : id=247 removeFromCurrentState com.henza.accountingv2/com.henza.accountingv2.MainActivity$_25120#247 (111)
04-15 14:02:28.665   893   893 I SurfaceFlinger: id=247 Removed com.henza.accountingv2/com.henza.accountingv2.MainActivity$_25120#247 (111)
04-15 14:02:28.681   893   893 I Layer   : id=247 Destroyed com.henza.accountingv2/com.henza.accountingv2.MainActivity$_25120#247
04-15 14:02:28.688  1182  2553 D WindowManager: takeScreenshotToTargetWindow: display=0, target=0, containsTarget=false, crop=Rect(0, 0 - 0, 0), w=540, h=1170, useIdentityTransform=true, ignorePolicy=false, caller=com.android.server.wm.WmScreenshotController.takeScreenshotToTargetWindow:653 com.android.server.wm.WindowManagerService.takeScreenshotToTargetWindowFromCapture:10842 com.android.server.wm.WindowManagerService.takeScreenshotToTargetWindow:10821 
04-15 14:02:28.689  1182  2553 D RestrictionPolicy: isScreenCaptureEnabled : ret=true userId=0
04-15 14:02:28.689  1182  2553 D RestrictionPolicy: isScreenCaptureEnabled : ret=true userId=0
04-15 14:02:28.689  1182  2553 D RestrictionPolicy: isScreenCaptureEnabled : ret=true userId=0
04-15 14:02:28.689  1182  2553 D WindowManager: takeScreenshotToTargetWindow: targetSurface=null, sourceCrop=Rect(0, 0 - 0, 0)
04-15 14:02:28.690   893   934 D RenderEngine: [SEC_GC_CMN_SF_EFFECTS] drawLayersInternal,1296, Rendering layer  at index 0
04-15 14:02:28.693  1182  2553 D WindowManager: takeScreenshotToTargetWindow, bitmap=android.graphics.Bitmap@a0c5b6, failedReason=, caller=com.android.server.wm.WindowManagerService.takeScreenshotToTargetWindowFromCapture:10842 com.android.server.wm.WindowManagerService.takeScreenshotToTargetWindow:10821 android.view.IWindowManager$Stub.onTransact:3612 com.android.server.wm.WindowManagerService.onTransact:1543 android.os.Binder.execTransactInternal:1375 android.os.Binder.execTransact:1311 
04-15 14:02:28.708  1182  1510 D MdnieScenarioControlService:  packageName : com.henza.accountingv2    className : com.henza.accountingv2.MainActivity
04-15 14:02:28.708  1182  1510 V MdnieScenarioControlService: setUIMode from UI function(3)
04-15 14:02:28.721  1182  2553 D WindowManager: takeScreenshotToTargetWindow: display=0, target=0, containsTarget=false, crop=Rect(0, 0 - 0, 0), w=540, h=1170, useIdentityTransform=true, ignorePolicy=false, caller=com.android.server.wm.WmScreenshotController.takeScreenshotToTargetWindow:653 com.android.server.wm.WindowManagerService.takeScreenshotToTargetWindowFromCapture:10842 com.android.server.wm.WindowManagerService.takeScreenshotToTargetWindow:10821 
04-15 14:02:28.721  1182  2553 D RestrictionPolicy: isScreenCaptureEnabled : ret=true userId=0
04-15 14:02:28.721  1182  2553 D RestrictionPolicy: isScreenCaptureEnabled : ret=true userId=0
04-15 14:02:28.721  1182  2553 D RestrictionPolicy: isScreenCaptureEnabled : ret=true userId=0
04-15 14:02:28.722  1182  2553 D WindowManager: takeScreenshotToTargetWindow: targetSurface=null, sourceCrop=Rect(0, 0 - 0, 0)
04-15 14:02:28.722  3517 22342 I SDHMS:l : onTaskStackChanged
04-15 14:02:28.722  2296 24231 I HoneySpace.RecentTasks: onRecentTasksChanged
04-15 14:02:28.722  3517  4061 I SDHMS:l : no app is Resumed!!! mResumedPackages.size = 0
04-15 14:02:28.723   893   934 D RenderEngine: [SEC_GC_CMN_SF_EFFECTS] drawLayersInternal,1296, Rendering layer  at index 0
04-15 14:02:28.726  1182  2553 D WindowManager: takeScreenshotToTargetWindow, bitmap=android.graphics.Bitmap@175d2b7, failedReason=, caller=com.android.server.wm.WindowManagerService.takeScreenshotToTargetWindowFromCapture:10842 com.android.server.wm.WindowManagerService.takeScreenshotToTargetWindow:10821 android.view.IWindowManager$Stub.onTransact:3612 com.android.server.wm.WindowManagerService.onTransact:1543 android.os.Binder.execTransactInternal:1375 android.os.Binder.execTransact:1311 
04-15 14:02:28.759  1182  2553 D WindowManager: takeScreenshotToTargetWindow: display=0, target=0, containsTarget=false, crop=Rect(0, 0 - 0, 0), w=540, h=1170, useIdentityTransform=true, ignorePolicy=false, caller=com.android.server.wm.WmScreenshotController.takeScreenshotToTargetWindow:653 com.android.server.wm.WindowManagerService.takeScreenshotToTargetWindowFromCapture:10842 com.android.server.wm.WindowManagerService.takeScreenshotToTargetWindow:10821 
04-15 14:02:28.760  1182  2553 D RestrictionPolicy: isScreenCaptureEnabled : ret=true userId=0
04-15 14:02:28.760  1182  2553 D RestrictionPolicy: isScreenCaptureEnabled : ret=true userId=0
04-15 14:02:28.760  1182  2553 D RestrictionPolicy: isScreenCaptureEnabled : ret=true userId=0
04-15 14:02:28.760  1182  2553 D WindowManager: takeScreenshotToTargetWindow: targetSurface=null, sourceCrop=Rect(0, 0 - 0, 0)
04-15 14:02:28.762   893   934 D RenderEngine: [SEC_GC_CMN_SF_EFFECTS] drawLayersInternal,1296, Rendering layer  at index 0
04-15 14:02:28.765  1182  2553 D WindowManager: takeScreenshotToTargetWindow, bitmap=android.graphics.Bitmap@3bf998d, failedReason=, caller=com.android.server.wm.WindowManagerService.takeScreenshotToTargetWindowFromCapture:10842 com.android.server.wm.WindowManagerService.takeScreenshotToTargetWindow:10821 android.view.IWindowManager$Stub.onTransact:3612 com.android.server.wm.WindowManagerService.onTransact:1543 android.os.Binder.execTransactInternal:1375 android.os.Binder.execTransact:1311 
04-15 14:02:28.805  1182  1209 D WindowManager: takeScreenshotToTargetWindow: display=0, target=0, containsTarget=false, crop=Rect(0, 0 - 0, 0), w=540, h=1170, useIdentityTransform=true, ignorePolicy=false, caller=com.android.server.wm.WmScreenshotController.takeScreenshotToTargetWindow:653 com.android.server.wm.WindowManagerService.takeScreenshotToTargetWindowFromCapture:10842 com.android.server.wm.WindowManagerService.takeScreenshotToTargetWindow:10821 
04-15 14:02:28.806  1182  1209 D RestrictionPolicy: isScreenCaptureEnabled : ret=true userId=0
04-15 14:02:28.806  1182  1209 D RestrictionPolicy: isScreenCaptureEnabled : ret=true userId=0
04-15 14:02:28.806  1182  1209 D RestrictionPolicy: isScreenCaptureEnabled : ret=true userId=0
04-15 14:02:28.806  1182  1209 D WindowManager: takeScreenshotToTargetWindow: targetSurface=null, sourceCrop=Rect(0, 0 - 0, 0)
04-15 14:02:28.809   893   934 D RenderEngine: [SEC_GC_CMN_SF_EFFECTS] drawLayersInternal,1296, Rendering layer  at index 0
04-15 14:02:28.809  1182  1510 V MdnieScenarioControlService: mAclOffEnabled : false
04-15 14:02:28.811  1182  1209 D WindowManager: takeScreenshotToTargetWindow, bitmap=android.graphics.Bitmap@50ae353, failedReason=, caller=com.android.server.wm.WindowManagerService.takeScreenshotToTargetWindowFromCapture:10842 com.android.server.wm.WindowManagerService.takeScreenshotToTargetWindow:10821 android.view.IWindowManager$Stub.onTransact:3612 com.android.server.wm.WindowManagerService.onTransact:1543 android.os.Binder.execTransactInternal:1375 android.os.Binder.execTransact:1311 
04-15 14:02:28.847  1182  1351 D WindowManager: takeScreenshotToTargetWindow: display=0, target=0, containsTarget=false, crop=Rect(0, 0 - 0, 0), w=540, h=1170, useIdentityTransform=true, ignorePolicy=false, caller=com.android.server.wm.WmScreenshotController.takeScreenshotToTargetWindow:653 com.android.server.wm.WindowManagerService.takeScreenshotToTargetWindowFromCapture:10842 com.android.server.wm.WindowManagerService.takeScreenshotToTargetWindow:10821 
04-15 14:02:28.847  1182  1351 D RestrictionPolicy: isScreenCaptureEnabled : ret=true userId=0
04-15 14:02:28.847  1182  1351 D RestrictionPolicy: isScreenCaptureEnabled : ret=true userId=0
04-15 14:02:28.847  1182  1351 D RestrictionPolicy: isScreenCaptureEnabled : ret=true userId=0
04-15 14:02:28.847  1182  1351 D WindowManager: takeScreenshotToTargetWindow: targetSurface=null, sourceCrop=Rect(0, 0 - 0, 0)
04-15 14:02:28.850   893   934 D RenderEngine: [SEC_GC_CMN_SF_EFFECTS] drawLayersInternal,1296, Rendering layer  at index 0
04-15 14:02:28.853  1182  1351 D WindowManager: takeScreenshotToTargetWindow, bitmap=android.graphics.Bitmap@c184490, failedReason=, caller=com.android.server.wm.WindowManagerService.takeScreenshotToTargetWindowFromCapture:10842 com.android.server.wm.WindowManagerService.takeScreenshotToTargetWindow:10821 android.view.IWindowManager$Stub.onTransact:3612 com.android.server.wm.WindowManagerService.onTransact:1543 android.os.Binder.execTransactInternal:1375 android.os.Binder.execTransact:1311 
04-15 14:02:28.856 25120 25354 I ExpoModulesCore: ✅ AppContext was initialized
04-15 14:02:28.893  1182  1351 D WindowManager: takeScreenshotToTargetWindow: display=0, target=0, containsTarget=false, crop=Rect(0, 0 - 0, 0), w=540, h=1170, useIdentityTransform=true, ignorePolicy=false, caller=com.android.server.wm.WmScreenshotController.takeScreenshotToTargetWindow:653 com.android.server.wm.WindowManagerService.takeScreenshotToTargetWindowFromCapture:10842 com.android.server.wm.WindowManagerService.takeScreenshotToTargetWindow:10821 
04-15 14:02:28.893  1182  1351 D RestrictionPolicy: isScreenCaptureEnabled : ret=true userId=0
04-15 14:02:28.894  1182  1351 D RestrictionPolicy: isScreenCaptureEnabled : ret=true userId=0
04-15 14:02:28.894  1182  1351 D RestrictionPolicy: isScreenCaptureEnabled : ret=true userId=0
04-15 14:02:28.894  1182  1351 D WindowManager: takeScreenshotToTargetWindow: targetSurface=null, sourceCrop=Rect(0, 0 - 0, 0)
04-15 14:02:28.897   893   934 D RenderEngine: [SEC_GC_CMN_SF_EFFECTS] drawLayersInternal,1296, Rendering layer  at index 0
04-15 14:02:28.899  1182  1351 D WindowManager: takeScreenshotToTargetWindow, bitmap=android.graphics.Bitmap@2994189, failedReason=, caller=com.android.server.wm.WindowManagerService.takeScreenshotToTargetWindowFromCapture:10842 com.android.server.wm.WindowManagerService.takeScreenshotToTargetWindow:10821 android.view.IWindowManager$Stub.onTransact:3612 com.android.server.wm.WindowManagerService.onTransact:1543 android.os.Binder.execTransactInternal:1375 android.os.Binder.execTransact:1311 
04-15 14:02:28.916 25120 25354 W unknown:BridgelessReact: ReactHost{0}.getOrCreateReactInstanceTask(): Loading JS Bundle
04-15 14:02:28.916 25120 25354 W unknown:BridgelessReact: ReactHost{0}.getOrCreateReactInstanceTask(): DevSupportManager.onNewReactContextCreated()
04-15 14:02:28.917 25120 25120 W unknown:BridgelessReact: ReactHost{0}.getOrCreateReactInstanceTask(): Executing ReactInstanceEventListeners
04-15 14:02:28.917 25120 25354 W unknown:BridgelessReact: ReactHost{0}.startSurface(surfaceId = 0): Execute
04-15 14:02:28.942  1182  1351 D WindowManager: takeScreenshotToTargetWindow: display=0, target=0, containsTarget=false, crop=Rect(0, 0 - 0, 0), w=540, h=1170, useIdentityTransform=true, ignorePolicy=false, caller=com.android.server.wm.WmScreenshotController.takeScreenshotToTargetWindow:653 com.android.server.wm.WindowManagerService.takeScreenshotToTargetWindowFromCapture:10842 com.android.server.wm.WindowManagerService.takeScreenshotToTargetWindow:10821 
04-15 14:02:28.943  1182  1351 D RestrictionPolicy: isScreenCaptureEnabled : ret=true userId=0
04-15 14:02:28.943  1182  1351 D RestrictionPolicy: isScreenCaptureEnabled : ret=true userId=0
04-15 14:02:28.943  1182  1351 D RestrictionPolicy: isScreenCaptureEnabled : ret=true userId=0
04-15 14:02:28.943  1182  1351 D WindowManager: takeScreenshotToTargetWindow: targetSurface=null, sourceCrop=Rect(0, 0 - 0, 0)
04-15 14:02:28.946   893   934 D RenderEngine: [SEC_GC_CMN_SF_EFFECTS] drawLayersInternal,1296, Rendering layer  at index 0
04-15 14:02:28.949  1182  1351 D WindowManager: takeScreenshotToTargetWindow, bitmap=android.graphics.Bitmap@62ed58e, failedReason=, caller=com.android.server.wm.WindowManagerService.takeScreenshotToTargetWindowFromCapture:10842 com.android.server.wm.WindowManagerService.takeScreenshotToTargetWindow:10821 android.view.IWindowManager$Stub.onTransact:3612 com.android.server.wm.WindowManagerService.onTransact:1543 android.os.Binder.execTransactInternal:1375 android.os.Binder.execTransact:1311 
04-15 14:02:28.952 25120 25355 W BridgelessReactContext: [WARNING] Bridgeless doesn't support CatalystInstance. Accessing an API that's not part of the new architecture is not encouraged usage.
04-15 14:02:28.969 25120 25355 I ExpoModulesCore: ✅ JSI interop was installed
04-15 14:02:28.980 25120 25355 I ExpoModulesCore: ✅ Constants were exported
04-15 14:02:28.990  1182  2553 D WindowManager: takeScreenshotToTargetWindow: display=0, target=0, containsTarget=false, crop=Rect(0, 0 - 0, 0), w=540, h=1170, useIdentityTransform=true, ignorePolicy=false, caller=com.android.server.wm.WmScreenshotController.takeScreenshotToTargetWindow:653 com.android.server.wm.WindowManagerService.takeScreenshotToTargetWindowFromCapture:10842 com.android.server.wm.WindowManagerService.takeScreenshotToTargetWindow:10821 
04-15 14:02:28.990  1182  2553 D RestrictionPolicy: isScreenCaptureEnabled : ret=true userId=0
04-15 14:02:28.990  1182  2553 D RestrictionPolicy: isScreenCaptureEnabled : ret=true userId=0
04-15 14:02:28.990  1182  2553 D RestrictionPolicy: isScreenCaptureEnabled : ret=true userId=0
04-15 14:02:28.990  1182  2553 D WindowManager: takeScreenshotToTargetWindow: targetSurface=null, sourceCrop=Rect(0, 0 - 0, 0)
04-15 14:02:28.993   893   934 D RenderEngine: [SEC_GC_CMN_SF_EFFECTS] drawLayersInternal,1296, Rendering layer  at index 0
04-15 14:02:28.996  1182  2553 D WindowManager: takeScreenshotToTargetWindow, bitmap=android.graphics.Bitmap@d661af, failedReason=, caller=com.android.server.wm.WindowManagerService.takeScreenshotToTargetWindowFromCapture:10842 com.android.server.wm.WindowManagerService.takeScreenshotToTargetWindow:10821 android.view.IWindowManager$Stub.onTransact:3612 com.android.server.wm.WindowManagerService.onTransact:1543 android.os.Binder.execTransactInternal:1375 android.os.Binder.execTransact:1311 
04-15 14:02:29.001 25120 25355 D jni_lib_merge: Entering merged library JNI_OnLoad.
04-15 14:02:29.001 25120 25355 D jni_lib_merge: Preparing 12 pre-merged libs (including stub)
