04-15 14:02:31.131  1182  1497 D ConnectivityService:  Removing from current network [100 WIFI], leaving 111 requests.
04-15 14:02:31.131  2296  2296 I SearchHoneyPot: onViewCreated: onStop
04-15 14:02:31.131  1182  3454 I WindowManager: WIN DEATH: Window{6108f06 u0 com.henza.accountingv2/com.henza.accountingv2.MainActivity}
04-15 14:02:31.131  1182  3454 D InputTransport: Input channel destroyed: '6108f06', fd=1007
04-15 14:02:31.131  1182  3454 W InputManager-JNI: Input channel object '6108f06 com.henza.accountingv2/com.henza.accountingv2.MainActivity (client)' was disposed without first being removed with the input manager!
04-15 14:02:31.131  1182  3454 D InputTransport: Input channel destroyed: '6108f06', fd=1024
04-15 14:02:31.131  1182  9433 I AppWidgetServiceImpl: stopListening callbacks : null
04-15 14:02:31.131  1182  3454 V WindowManager: Remove Window{6108f06 u0 com.henza.accountingv2/com.henza.accountingv2.MainActivity}: mSurfaceController=null mAnimatingExit=false mRemoveOnExit=false mHasSurface=false surfaceShowing=false animating=false app-animation=false mDisplayFrozen=false callers=com.android.server.wm.WindowState$DeathRecipient.binderDied:3698 android.os.IBinder$DeathRecipient.binderDied:325 android.os.BinderProxy.sendDeathNotice:781 <bottom of call stack> <bottom of call stack> <bottom of call stack> 
04-15 14:02:31.131  2296  2296 I HoneySpace.ContentsAnimator: end call
04-15 14:02:31.132  1182  3454 D RestrictionPolicy: isScreenCaptureEnabled : ret=true userId=0
04-15 14:02:31.132  2296  2296 I ViewRootImpl@4723777[LauncherActivity]: stopped(true) old = false
04-15 14:02:31.132  2296  2296 I HoneySpace.Launcher: !@Boot_EBS_D: Launcher.onStop()
04-15 14:02:31.132  2296  2296 I HoneySpace.OneUiSpace: onSaveInstanceState honeyScreen=ab.h0@674012c
04-15 14:02:31.133  1182  1268 I libprocessgroup: Successfully killed process cgroup uid 10345 pid 25120 in 2ms
04-15 14:02:31.135   893   930 I SurfaceFlinger: id=252 createSurf, flag=24004, Task=13#252
04-15 14:02:31.135  1182  2553 D ActivityTaskManager: Top Process State changed to PROCESS_STATE_TOP_SLEEPING#2
04-15 14:02:31.137  1182  1239 W ActivityManager: setHasOverlayUi called on unknown pid: 25120
04-15 14:02:31.139  4321  4321 I A       : onPause
04-15 14:02:31.140  2296  4026 I HoneySpace.RecentTasks: onRecentTasksChanged
04-15 14:02:31.141  4321  4321 I A       : onStop
04-15 14:02:31.141  1182  1237 D DisplayManagerService: Drop pending events for gone uid 10345
04-15 14:02:31.144  2201  2201 D HidDeviceService: handleMessage(): msg.what=8
04-15 14:02:31.144  1182  1244 W UsageStatsService: Unexpected activity event reported! (com.henza.accountingv2/com.henza.accountingv2.MainActivity event : 23 instanceId : 28279700)
04-15 14:02:31.147  2296  2296 I ViewRootImpl@4723777[LauncherActivity]: destroyHardwareResources: Callers=android.view.ViewRootImpl.performTraversals:3989 android.view.ViewRootImpl.doTraversal:3345 android.view.ViewRootImpl$TraversalRunnable.run:11437 android.view.Choreographer$CallbackRecord.run:1690 android.view.Choreographer$CallbackRecord.run:1699 android.view.Choreographer.doCallbacks:1154 android.view.Choreographer.doFrame:1080 android.view.Choreographer$FrameDisplayEventReceiver.run:1647 android.os.Handler.handleCallback:958 android.os.Handler.dispatchMessage:99 
04-15 14:02:31.148   893   893 I Layer   : id=246 removeFromCurrentState 6108f06 com.henza.accountingv2/com.henza.accountingv2.MainActivity#246 (112)
04-15 14:02:31.148   893   893 I Layer   : id=245 removeFromCurrentState ActivityRecord{3fd45a6 u0 com.henza.accountingv2/.MainActivity t13}#245 (112)
04-15 14:02:31.148   893   893 I Layer   : id=244 removeFromCurrentState Task=13#244 (112)
04-15 14:02:31.148   893   893 I Layer   : id=252 removeFromCurrentState Task=13#252 (112)
04-15 14:02:31.148   893   893 I SurfaceFlinger: id=252 Removed Task=13#252 (112)
04-15 14:02:31.148   893   893 I SurfaceFlinger: id=245 Removed ActivityRecord{3fd45a6 u0 com.henza.accountingv2/.MainActivity t13}#245 (112)
04-15 14:02:31.148   893   893 I SurfaceFlinger: id=246 Removed 6108f06 com.henza.accountingv2/com.henza.accountingv2.MainActivity#246 (112)
04-15 14:02:31.148   802   837 I HYPER-HAL: [RequestManager.cpp]acquire(): Acquired ID : 487759  [806 / 181]    HINT :      list : [TID_LOW_LATENCY / 0] [TID / 3916] [TID / 3917] [TID / 2296] [TID / 3546] 
04-15 14:02:31.148   802   837 I HYPER-HAL: [RequestManager.cpp]acquire(): Acquired ID : 488748  [806 / 182]    HINT :      list : [UCLAMP_MIN_BOOST / 0] [TID / 3916] [TID / 3917] [TID / 2296] [TID / 3546] 
04-15 14:02:31.149  1182  3850 V WindowManager: Relayout Window{c3657be u0 com.sec.android.app.launcher/com.sec.android.app.launcher.activities.LauncherActivity}: viewVisibility=4 req=1080x2340 ty=1 d0
04-15 14:02:31.149   802   837 I HYPER-HAL: [RequestManager.cpp]releaseLocked(): Released ID : 487759
04-15 14:02:31.149   802   837 I HYPER-HAL: [RequestManager.cpp]releaseLocked(): Released ID : 488748
04-15 14:02:31.149  1182  3966 D WindowManager: takeScreenshotToTargetWindow: display=0, target=0, containsTarget=false, crop=Rect(0, 0 - 0, 0), w=540, h=1170, useIdentityTransform=true, ignorePolicy=false, caller=com.android.server.wm.WmScreenshotController.takeScreenshotToTargetWindow:653 com.android.server.wm.WindowManagerService.takeScreenshotToTargetWindowFromCapture:10842 com.android.server.wm.WindowManagerService.takeScreenshotToTargetWindow:10821 
04-15 14:02:31.151  1182  3850 V WindowManager: Relayout hash=c3657be, pid=2296, syncId=-1: mAttrs={(0,0)(fillxfill) sim={adjust=nothing} layoutInDisplayCutoutMode=shortEdges ty=BASE_APPLICATION fmt=TRANSPARENT wanim=0x10302f2
04-15 14:02:31.151  1182  3850 V WindowManager:   fl=81910100
04-15 14:02:31.151  1182  3850 V WindowManager:   pfl=1e008040
04-15 14:02:31.151  1182  3850 V WindowManager:   bhv=SHOW_TRANSIENT_BARS_BY_SWIPE
04-15 14:02:31.151  1182  3850 V WindowManager:   fitSides= screenDimDuration=100000 naviIconColor=0}
04-15 14:02:31.151  1182  3966 D RestrictionPolicy: isScreenCaptureEnabled : ret=true userId=0
04-15 14:02:31.151  1182  3966 D RestrictionPolicy: isScreenCaptureEnabled : ret=true userId=0
04-15 14:02:31.151  1182  3966 D RestrictionPolicy: isScreenCaptureEnabled : ret=true userId=0
04-15 14:02:31.151  1182  3966 D WindowManager: takeScreenshotToTargetWindow: targetSurface=null, sourceCrop=Rect(0, 0 - 0, 0)
04-15 14:02:31.151  2296  2296 I ViewRootImpl@4723777[LauncherActivity]: Relayout returned: old=(0,0,1080,2340) new=(0,0,1080,2340) relayoutAsync=false req=(1080,2340)4 dur=3 res=0x402 s={false 0x0} ch=false seqId=0
04-15 14:02:31.152  1182  3850 V WindowManager: Setting visibility of Window{c3657be u0 com.sec.android.app.launcher/com.sec.android.app.launcher.activities.LauncherActivity}: false, caller=com.android.server.wm.WindowContainer.sendAppVisibilityToClients:1305 com.android.server.wm.WindowToken.setClientVisible:454 com.android.server.wm.ActivityRecord.setClientVisible:8235 com.android.server.wm.ActivityRecord.activityStopped:7744 com.android.server.wm.ActivityClientController.activityStopped:321 
04-15 14:02:31.152  1182  3850 E WindowManager: win=Window{c3657be u0 com.sec.android.app.launcher/com.sec.android.app.launcher.activities.LauncherActivity} destroySurfaces: appStopped=true cleanupOnResume=false win.mWindowRemovalAllowed=false win.mRemoveOnExit=false win.mViewVisibility=4 caller=com.android.server.wm.ActivityRecord.destroySurfaces:7033 com.android.server.wm.ActivityRecord.destroySurfaces:7014 com.android.server.wm.ActivityRecord.activityStopped:7747 com.android.server.wm.ActivityClientController.activityStopped:321 android.app.IActivityClientController$Stub.onTransact:702 com.android.server.wm.ActivityClientController.onTransact:186 android.os.Binder.execTransactInternal:1380 
04-15 14:02:31.152  1182  3850 I WindowManager: Destroying surface Surface(name=com.sec.android.app.launcher/com.sec.android.app.launcher.activities.LauncherActivity$_2296)/@0x2f10382 called by com.android.server.wm.WindowStateAnimator.destroySurface:811 com.android.server.wm.WindowStateAnimator.destroySurfaceLocked:478 com.android.server.wm.WindowState.destroySurfaceUnchecked:4219 com.android.server.wm.WindowState.destroySurface:4193 com.android.server.wm.ActivityRecord.destroySurfaces:7033 com.android.server.wm.ActivityRecord.destroySurfaces:7014 com.android.server.wm.ActivityRecord.activityStopped:7747 com.android.server.wm.ActivityClientController.activityStopped:321 
04-15 14:02:31.153   893   934 D RenderEngine: [SEC_GC_CMN_SF_EFFECTS] drawLayersInternal,1296, Rendering layer  at index 0
04-15 14:02:31.153  2296  2296 I HoneySpace.TaskListViewModel: onTaskRemoved : 13
04-15 14:02:31.153  2296  2296 I HoneySpace.TaskListPot: taskRemoveId, taskId = 13
04-15 14:02:31.153  2296  2296 I HoneySpace.BaseRecentsView: INVALID_TASK_POSITION 13
04-15 14:02:31.153  2296  2296 I HoneySpace.TaskListViewModel: onTaskRemoved : 13
04-15 14:02:31.154  2296  2296 I HoneySpace.TaskListPot: taskRemoveId, taskId = 13
04-15 14:02:31.154  2296  2604 I HoneySpace.TopTaskSource: onTaskRemoved: 13
04-15 14:02:31.154  2296  2296 I HoneySpace.BaseRecentsView: INVALID_TASK_POSITION 13
04-15 14:02:31.154  2296  2296 I ViewRootImpl@4723777[LauncherActivity]: handleAppVisibility mAppVisible = true visible = false
04-15 14:02:31.155  1182  3966 D WindowManager: takeScreenshotToTargetWindow, bitmap=android.graphics.Bitmap@83c4a93, failedReason=, caller=com.android.server.wm.WindowManagerService.takeScreenshotToTargetWindowFromCapture:10842 com.android.server.wm.WindowManagerService.takeScreenshotToTargetWindow:10821 android.view.IWindowManager$Stub.onTransact:3612 com.android.server.wm.WindowManagerService.onTransact:1543 android.os.Binder.execTransactInternal:1375 android.os.Binder.execTransact:1311 
04-15 14:02:31.156  2296  2604 I HoneySpace.TopTaskSource: onTaskRemoved: 13
04-15 14:02:31.164   893   893 I Layer   : id=251 removeFromCurrentState com.sec.android.app.launcher/com.sec.android.app.launcher.activities.LauncherActivity$_2296#251 (112)
04-15 14:02:31.165   893   893 I Layer   : id=252 Destroyed Task=13#252
04-15 14:02:31.165   893   893 I Layer   : id=245 Destroyed ActivityRecord{3fd45a6 u0 com.henza.accountingv2/.MainActivity t13}#245
04-15 14:02:31.165   893   893 I Layer   : id=246 Destroyed 6108f06 com.henza.accountingv2/com.henza.accountingv2.MainActivity#246
04-15 14:02:31.165   893   893 I SurfaceFlinger: id=251 Removed com.sec.android.app.launcher/com.sec.android.app.launcher.activities.LauncherActivity$_2296#251 (109)
04-15 14:02:31.181   893   893 I Layer   : id=251 Destroyed com.sec.android.app.launcher/com.sec.android.app.launcher.activities.LauncherActivity$_2296#251
04-15 14:02:31.197  1182  3966 D WindowManager: takeScreenshotToTargetWindow: display=0, target=0, containsTarget=false, crop=Rect(0, 0 - 0, 0), w=540, h=1170, useIdentityTransform=true, ignorePolicy=false, caller=com.android.server.wm.WmScreenshotController.takeScreenshotToTargetWindow:653 com.android.server.wm.WindowManagerService.takeScreenshotToTargetWindowFromCapture:10842 com.android.server.wm.WindowManagerService.takeScreenshotToTargetWindow:10821 
04-15 14:02:31.197  1182  3966 D RestrictionPolicy: isScreenCaptureEnabled : ret=true userId=0
04-15 14:02:31.197  1182  3966 D RestrictionPolicy: isScreenCaptureEnabled : ret=true userId=0
04-15 14:02:31.197  1182  3966 D RestrictionPolicy: isScreenCaptureEnabled : ret=true userId=0
04-15 14:02:31.197  1182  3966 D WindowManager: takeScreenshotToTargetWindow: targetSurface=null, sourceCrop=Rect(0, 0 - 0, 0)
04-15 14:02:31.199   893   934 D RenderEngine: [SEC_GC_CMN_SF_EFFECTS] drawLayersInternal,1296, Rendering layer  at index 0
04-15 14:02:31.201  1182  3966 D WindowManager: takeScreenshotToTargetWindow, bitmap=android.graphics.Bitmap@116bad0, failedReason=, caller=com.android.server.wm.WindowManagerService.takeScreenshotToTargetWindowFromCapture:10842 com.android.server.wm.WindowManagerService.takeScreenshotToTargetWindow:10821 android.view.IWindowManager$Stub.onTransact:3612 com.android.server.wm.WindowManagerService.onTransact:1543 android.os.Binder.execTransactInternal:1375 android.os.Binder.execTransact:1311 
04-15 14:02:31.214  3517  4582 I SDHMS:l : onTaskStackChanged
04-15 14:02:31.214  3517  4061 I SDHMS:l : no app is Resumed!!! mResumedPackages.size = 0
04-15 14:02:31.215  2296  4026 I HoneySpace.RecentTasks: onRecentTasksChanged
04-15 14:02:31.248  1182  1510 D MdnieScenarioControlService:  packageName : com.sec.android.app.launcher    className : com.sec.android.app.launcher.Launcher
04-15 14:02:31.249  1182  1510 V MdnieScenarioControlService: setUIMode from UI function(3)
04-15 14:02:31.253  1182  3850 D WindowManager: takeScreenshotToTargetWindow: display=0, target=0, containsTarget=false, crop=Rect(0, 0 - 0, 0), w=540, h=1170, useIdentityTransform=true, ignorePolicy=false, caller=com.android.server.wm.WmScreenshotController.takeScreenshotToTargetWindow:653 com.android.server.wm.WindowManagerService.takeScreenshotToTargetWindowFromCapture:10842 com.android.server.wm.WindowManagerService.takeScreenshotToTargetWindow:10821 
04-15 14:02:31.253  1182  3850 D RestrictionPolicy: isScreenCaptureEnabled : ret=true userId=0
04-15 14:02:31.253  1182  3850 D RestrictionPolicy: isScreenCaptureEnabled : ret=true userId=0
04-15 14:02:31.254  1182  3850 D RestrictionPolicy: isScreenCaptureEnabled : ret=true userId=0
04-15 14:02:31.254  1182  3850 D WindowManager: takeScreenshotToTargetWindow: targetSurface=null, sourceCrop=Rect(0, 0 - 0, 0)
04-15 14:02:31.258   893   934 D RenderEngine: [SEC_GC_CMN_SF_EFFECTS] drawLayersInternal,1296, Rendering layer  at index 0
04-15 14:02:31.261  1182  3850 D WindowManager: takeScreenshotToTargetWindow, bitmap=android.graphics.Bitmap@791ac9, failedReason=, caller=com.android.server.wm.WindowManagerService.takeScreenshotToTargetWindowFromCapture:10842 com.android.server.wm.WindowManagerService.takeScreenshotToTargetWindow:10821 android.view.IWindowManager$Stub.onTransact:3612 com.android.server.wm.WindowManagerService.onTransact:1543 android.os.Binder.execTransactInternal:1375 android.os.Binder.execTransact:1311 
04-15 14:02:31.312  1182  3850 D WindowManager: takeScreenshotToTargetWindow: display=0, target=0, containsTarget=false, crop=Rect(0, 0 - 0, 0), w=540, h=1170, useIdentityTransform=true, ignorePolicy=false, caller=com.android.server.wm.WmScreenshotController.takeScreenshotToTargetWindow:653 com.android.server.wm.WindowManagerService.takeScreenshotToTargetWindowFromCapture:10842 com.android.server.wm.WindowManagerService.takeScreenshotToTargetWindow:10821 
04-15 14:02:31.313  1182  3850 D RestrictionPolicy: isScreenCaptureEnabled : ret=true userId=0
04-15 14:02:31.313  1182  3850 D RestrictionPolicy: isScreenCaptureEnabled : ret=true userId=0
04-15 14:02:31.313  1182  3850 D RestrictionPolicy: isScreenCaptureEnabled : ret=true userId=0
04-15 14:02:31.313  1182  3850 D WindowManager: takeScreenshotToTargetWindow: targetSurface=null, sourceCrop=Rect(0, 0 - 0, 0)
04-15 14:02:31.317   893   934 D RenderEngine: [SEC_GC_CMN_SF_EFFECTS] drawLayersInternal,1296, Rendering layer  at index 0
04-15 14:02:31.321  1182  3850 D WindowManager: takeScreenshotToTargetWindow, bitmap=android.graphics.Bitmap@a2fd5ce, failedReason=, caller=com.android.server.wm.WindowManagerService.takeScreenshotToTargetWindowFromCapture:10842 com.android.server.wm.WindowManagerService.takeScreenshotToTargetWindow:10821 android.view.IWindowManager$Stub.onTransact:3612 com.android.server.wm.WindowManagerService.onTransact:1543 android.os.Binder.execTransactInternal:1375 android.os.Binder.execTransact:1311 
04-15 14:02:31.351  1182  1510 V MdnieScenarioControlService: mAclOffEnabled : false
04-15 14:02:31.390  1182  3850 D WindowManager: takeScreenshotToTargetWindow: display=0, target=0, containsTarget=false, crop=Rect(0, 0 - 0, 0), w=540, h=1170, useIdentityTransform=true, ignorePolicy=false, caller=com.android.server.wm.WmScreenshotController.takeScreenshotToTargetWindow:653 com.android.server.wm.WindowManagerService.takeScreenshotToTargetWindowFromCapture:10842 com.android.server.wm.WindowManagerService.takeScreenshotToTargetWindow:10821 
04-15 14:02:31.391  1182  3850 D RestrictionPolicy: isScreenCaptureEnabled : ret=true userId=0
04-15 14:02:31.391  1182  3850 D RestrictionPolicy: isScreenCaptureEnabled : ret=true userId=0
04-15 14:02:31.391  1182  3850 D RestrictionPolicy: isScreenCaptureEnabled : ret=true userId=0
04-15 14:02:31.391  1182  3850 D WindowManager: takeScreenshotToTargetWindow: targetSurface=null, sourceCrop=Rect(0, 0 - 0, 0)
04-15 14:02:31.398   893   934 D RenderEngine: [SEC_GC_CMN_SF_EFFECTS] drawLayersInternal,1296, Rendering layer  at index 0
04-15 14:02:31.403  1182  3850 D WindowManager: takeScreenshotToTargetWindow, bitmap=android.graphics.Bitmap@74b3fc, failedReason=, caller=com.android.server.wm.WindowManagerService.takeScreenshotToTargetWindowFromCapture:10842 com.android.server.wm.WindowManagerService.takeScreenshotToTargetWindow:10821 android.view.IWindowManager$Stub.onTransact:3612 com.android.server.wm.WindowManagerService.onTransact:1543 android.os.Binder.execTransactInternal:1375 android.os.Binder.execTransact:1311 
04-15 14:02:31.466   562   562 D io_stats: !@   8,0 r 362818 15639616 w 223641 13473656 d 20101 7008312 f 6331 26014 iot 223076 0 th 0 0 0 pt 0 inp 0 0 18703.300
04-15 14:02:31.467   562   562 D io_stats: !@ Read_top(KB): kworker/u20:4(23588) 288 kworker/u20:1(25030) 208 system_server(1182) 80
04-15 14:02:31.467   562   562 D io_stats: !@ Write_top(KB): f2fs_ckpt-254:5(611) 748 kworker/u20:1(25030) 164 za.accountingv2(25120) 80
04-15 14:02:31.475  1182  3966 D WindowManager: takeScreenshotToTargetWindow: display=0, target=0, containsTarget=false, crop=Rect(0, 0 - 0, 0), w=540, h=1170, useIdentityTransform=true, ignorePolicy=false, caller=com.android.server.wm.WmScreenshotController.takeScreenshotToTargetWindow:653 com.android.server.wm.WindowManagerService.takeScreenshotToTargetWindowFromCapture:10842 com.android.server.wm.WindowManagerService.takeScreenshotToTargetWindow:10821 
04-15 14:02:31.475  1182  3966 D RestrictionPolicy: isScreenCaptureEnabled : ret=true userId=0
04-15 14:02:31.476  1182  3966 D RestrictionPolicy: isScreenCaptureEnabled : ret=true userId=0
04-15 14:02:31.476  1182  3966 D RestrictionPolicy: isScreenCaptureEnabled : ret=true userId=0
04-15 14:02:31.476  1182  3966 D WindowManager: takeScreenshotToTargetWindow: targetSurface=null, sourceCrop=Rect(0, 0 - 0, 0)
04-15 14:02:31.483   893   934 D RenderEngine: [SEC_GC_CMN_SF_EFFECTS] drawLayersInternal,1296, Rendering layer  at index 0
04-15 14:02:31.486  1182  3966 D WindowManager: takeScreenshotToTargetWindow, bitmap=android.graphics.Bitmap@16f9a85, failedReason=, caller=com.android.server.wm.WindowManagerService.takeScreenshotToTargetWindowFromCapture:10842 com.android.server.wm.WindowManagerService.takeScreenshotToTargetWindow:10821 android.view.IWindowManager$Stub.onTransact:3612 com.android.server.wm.WindowManagerService.onTransact:1543 android.os.Binder.execTransactInternal:1375 android.os.Binder.execTransact:1311 
04-15 14:02:31.519  8941  8941 W ContextImpl: Calling a method in the system process without a qualified user: android.app.ContextImpl.startActivity:1144 android.content.ContextWrapper.startActivity:445 com.samsung.rtlassistant.utils.ActivityControllerManager$HeartbeatTask.runHeartbeat:24 com.samsung.rtlassistant.utils.ActivityControllerManager$HeartbeatTask.run:2 android.os.Handler.handleCallback:958 
04-15 14:02:31.520  8941  8941 W ContextImpl: Calling a method in the system process without a qualified user: android.app.ContextImpl.startActivity:1156 android.app.ContextImpl.startActivity:1145 android.content.ContextWrapper.startActivity:445 com.samsung.rtlassistant.utils.ActivityControllerManager$HeartbeatTask.runHeartbeat:24 com.samsung.rtlassistant.utils.ActivityControllerManager$HeartbeatTask.run:2 
04-15 14:02:31.521  1182  3966 D ActivityTaskManager: startActivityAsUser: callingPid=8941, callingUid=1000, caller=com.android.server.wm.ActivityTaskManagerService.startActivityAsUser:1870 com.android.server.wm.ActivityTaskManagerService.startActivity:1844 android.app.IActivityTaskManager$Stub.onTransact:1369 com.android.server.wm.ActivityTaskManagerService.onTransact:7025 android.os.Binder.execTransactInternal:1375 android.os.Binder.execTransact:1311 <bottom of call stack> 
04-15 14:02:31.523  1182  1239 I ChimeraSystemEventListener: appLaunchIntent package name is: com.samsung.rtlassistant
04-15 14:02:31.527  1182  3966 I ActivityTaskManager: START u0 {dat=heartbeat://0ba7449c-a3d0-40b3-937d-fa0220eefde7/... flg=0x18800000 cmp=com.samsung.rtlassistant/.HeartbeatActivity} with LAUNCH_MULTIPLE from uid 1000 (BAL_ALLOW_ALLOWLISTED_UID) result code=102
04-15 14:02:31.527  1182  3966 I Pageboost: stop alp
04-15 14:02:31.527  1182  3966 D ActivityTaskManager: startActivity: reason=startActivityAsUser, result=102
04-15 14:02:31.528  3245  3245 E pageboostd: Received HALT command code 2
04-15 14:02:31.544  2296  2296 I Edge.TrayVisibilityController: getComputedTrayVisible : keyguardState = 3
04-15 14:02:31.544  2296  2296 I Edge.TrayVisibilityController: updateTrayVisible: State=3 visible=2 mCurrentVisible=2 specificMode=0
04-15 14:02:31.546  2296  2296 I Edge.TrayStateController: setUiState 2 :  already 2
04-15 14:02:31.558  1182  3966 D WindowManager: takeScreenshotToTargetWindow: display=0, target=0, containsTarget=false, crop=Rect(0, 0 - 0, 0), w=540, h=1170, useIdentityTransform=true, ignorePolicy=false, caller=com.android.server.wm.WmScreenshotController.takeScreenshotToTargetWindow:653 com.android.server.wm.WindowManagerService.takeScreenshotToTargetWindowFromCapture:10842 com.android.server.wm.WindowManagerService.takeScreenshotToTargetWindow:10821 
04-15 14:02:31.559  1182  3966 D RestrictionPolicy: isScreenCaptureEnabled : ret=true userId=0
04-15 14:02:31.559  1182  3966 D RestrictionPolicy: isScreenCaptureEnabled : ret=true userId=0
04-15 14:02:31.559  1182  3966 D RestrictionPolicy: isScreenCaptureEnabled : ret=true userId=0
04-15 14:02:31.559  1182  3966 D WindowManager: takeScreenshotToTargetWindow: targetSurface=null, sourceCrop=Rect(0, 0 - 0, 0)
04-15 14:02:31.566   893   934 D RenderEngine: [SEC_GC_CMN_SF_EFFECTS] drawLayersInternal,1296, Rendering layer  at index 0
04-15 14:02:31.571  1182  3966 D WindowManager: takeScreenshotToTargetWindow, bitmap=android.graphics.Bitmap@fc0790b, failedReason=, caller=com.android.server.wm.WindowManagerService.takeScreenshotToTargetWindowFromCapture:10842 com.android.server.wm.WindowManagerService.takeScreenshotToTargetWindow:10821 android.view.IWindowManager$Stub.onTransact:3612 com.android.server.wm.WindowManagerService.onTransact:1543 android.os.Binder.execTransactInternal:1375 android.os.Binder.execTransact:1311 
04-15 14:02:31.645  1182  1659 I Pageboost: Launcher App Execution
04-15 14:02:31.646  1182  1659 E Pageboost: ioinfo read failed
04-15 14:02:31.650  1182  3850 D WindowManager: takeScreenshotToTargetWindow: display=0, target=0, containsTarget=false, crop=Rect(0, 0 - 0, 0), w=540, h=1170, useIdentityTransform=true, ignorePolicy=false, caller=com.android.server.wm.WmScreenshotController.takeScreenshotToTargetWindow:653 com.android.server.wm.WindowManagerService.takeScreenshotToTargetWindowFromCapture:10842 com.android.server.wm.WindowManagerService.takeScreenshotToTargetWindow:10821 
04-15 14:02:31.650  1182  3850 D RestrictionPolicy: isScreenCaptureEnabled : ret=true userId=0
04-15 14:02:31.651  1182  3850 D RestrictionPolicy: isScreenCaptureEnabled : ret=true userId=0
04-15 14:02:31.651  1182  3850 D RestrictionPolicy: isScreenCaptureEnabled : ret=true userId=0
04-15 14:02:31.651  1182  3850 D WindowManager: takeScreenshotToTargetWindow: targetSurface=null, sourceCrop=Rect(0, 0 - 0, 0)
04-15 14:02:31.660   893   934 D RenderEngine: [SEC_GC_CMN_SF_EFFECTS] drawLayersInternal,1296, Rendering layer  at index 0
04-15 14:02:31.666  1182  3850 D WindowManager: takeScreenshotToTargetWindow, bitmap=android.graphics.Bitmap@35713e8, failedReason=, caller=com.android.server.wm.WindowManagerService.takeScreenshotToTargetWindowFromCapture:10842 com.android.server.wm.WindowManagerService.takeScreenshotToTargetWindow:10821 android.view.IWindowManager$Stub.onTransact:3612 com.android.server.wm.WindowManagerService.onTransact:1543 android.os.Binder.execTransactInternal:1375 android.os.Binder.execTransact:1311 
04-15 14:02:31.748  1182  3850 D WindowManager: takeScreenshotToTargetWindow: display=0, target=0, containsTarget=false, crop=Rect(0, 0 - 0, 0), w=540, h=1170, useIdentityTransform=true, ignorePolicy=false, caller=com.android.server.wm.WmScreenshotController.takeScreenshotToTargetWindow:653 com.android.server.wm.WindowManagerService.takeScreenshotToTargetWindowFromCapture:10842 com.android.server.wm.WindowManagerService.takeScreenshotToTargetWindow:10821 
04-15 14:02:31.749  1182  3850 D RestrictionPolicy: isScreenCaptureEnabled : ret=true userId=0
04-15 14:02:31.749  1182  3850 D RestrictionPolicy: isScreenCaptureEnabled : ret=true userId=0
04-15 14:02:31.749  1182  3850 D RestrictionPolicy: isScreenCaptureEnabled : ret=true userId=0
04-15 14:02:31.750  1182  3850 D WindowManager: takeScreenshotToTargetWindow: targetSurface=null, sourceCrop=Rect(0, 0 - 0, 0)
04-15 14:02:31.758   893   934 D RenderEngine: [SEC_GC_CMN_SF_EFFECTS] drawLayersInternal,1296, Rendering layer  at index 0
04-15 14:02:31.764  1182  3850 D WindowManager: takeScreenshotToTargetWindow, bitmap=android.graphics.Bitmap@1945a01, failedReason=, caller=com.android.server.wm.WindowManagerService.takeScreenshotToTargetWindowFromCapture:10842 com.android.server.wm.WindowManagerService.takeScreenshotToTargetWindow:10821 android.view.IWindowManager$Stub.onTransact:3612 com.android.server.wm.WindowManagerService.onTransact:1543 android.os.Binder.execTransactInternal:1375 android.os.Binder.execTransact:1311 
04-15 14:02:31.853  1182  3966 D WindowManager: takeScreenshotToTargetWindow: display=0, target=0, containsTarget=false, crop=Rect(0, 0 - 0, 0), w=540, h=1170, useIdentityTransform=true, ignorePolicy=false, caller=com.android.server.wm.WmScreenshotController.takeScreenshotToTargetWindow:653 com.android.server.wm.WindowManagerService.takeScreenshotToTargetWindowFromCapture:10842 com.android.server.wm.WindowManagerService.takeScreenshotToTargetWindow:10821 
04-15 14:02:31.853  1182  3966 D RestrictionPolicy: isScreenCaptureEnabled : ret=true userId=0
04-15 14:02:31.854  1182  3966 D RestrictionPolicy: isScreenCaptureEnabled : ret=true userId=0
04-15 14:02:31.854  1182  3966 D RestrictionPolicy: isScreenCaptureEnabled : ret=true userId=0
04-15 14:02:31.855  1182  3966 D WindowManager: takeScreenshotToTargetWindow: targetSurface=null, sourceCrop=Rect(0, 0 - 0, 0)
04-15 14:02:31.863   893   934 D RenderEngine: [SEC_GC_CMN_SF_EFFECTS] drawLayersInternal,1296, Rendering layer  at index 0
04-15 14:02:31.869  1182  3966 D WindowManager: takeScreenshotToTargetWindow, bitmap=android.graphics.Bitmap@d5cd0a6, failedReason=, caller=com.android.server.wm.WindowManagerService.takeScreenshotToTargetWindowFromCapture:10842 com.android.server.wm.WindowManagerService.takeScreenshotToTargetWindow:10821 android.view.IWindowManager$Stub.onTransact:3612 com.android.server.wm.WindowManagerService.onTransact:1543 android.os.Binder.execTransactInternal:1375 android.os.Binder.execTransact:1311 
04-15 14:02:31.940  1182  3850 D WindowManager: takeScreenshotToTargetWindow: display=0, target=0, containsTarget=false, crop=Rect(0, 0 - 0, 0), w=540, h=1170, useIdentityTransform=true, ignorePolicy=false, caller=com.android.server.wm.WmScreenshotController.takeScreenshotToTargetWindow:653 com.android.server.wm.WindowManagerService.takeScreenshotToTargetWindowFromCapture:10842 com.android.server.wm.WindowManagerService.takeScreenshotToTargetWindow:10821 
04-15 14:02:31.941  1182  3850 D RestrictionPolicy: isScreenCaptureEnabled : ret=true userId=0
04-15 14:02:31.941  1182  3850 D RestrictionPolicy: isScreenCaptureEnabled : ret=true userId=0
04-15 14:02:31.941  1182  3850 D RestrictionPolicy: isScreenCaptureEnabled : ret=true userId=0
04-15 14:02:31.941  1182  3850 D WindowManager: takeScreenshotToTargetWindow: targetSurface=null, sourceCrop=Rect(0, 0 - 0, 0)
04-15 14:02:31.946   893   934 D RenderEngine: [SEC_GC_CMN_SF_EFFECTS] drawLayersInternal,1296, Rendering layer  at index 0
04-15 14:02:31.948  1182  3850 D WindowManager: takeScreenshotToTargetWindow, bitmap=android.graphics.Bitmap@e7b9ae7, failedReason=, caller=com.android.server.wm.WindowManagerService.takeScreenshotToTargetWindowFromCapture:10842 com.android.server.wm.WindowManagerService.takeScreenshotToTargetWindow:10821 android.view.IWindowManager$Stub.onTransact:3612 com.android.server.wm.WindowManagerService.onTransact:1543 android.os.Binder.execTransactInternal:1375 android.os.Binder.execTransact:1311 
04-15 14:02:32.015  1182  3850 D WindowManager: takeScreenshotToTargetWindow: display=0, target=0, containsTarget=false, crop=Rect(0, 0 - 0, 0), w=540, h=1170, useIdentityTransform=true, ignorePolicy=false, caller=com.android.server.wm.WmScreenshotController.takeScreenshotToTargetWindow:653 com.android.server.wm.WindowManagerService.takeScreenshotToTargetWindowFromCapture:10842 com.android.server.wm.WindowManagerService.takeScreenshotToTargetWindow:10821 
04-15 14:02:32.018  1182  3850 D RestrictionPolicy: isScreenCaptureEnabled : ret=true userId=0
04-15 14:02:32.019  1182  3850 D RestrictionPolicy: isScreenCaptureEnabled : ret=true userId=0
04-15 14:02:32.019  1182  3850 D RestrictionPolicy: isScreenCaptureEnabled : ret=true userId=0
04-15 14:02:32.020  1182  3850 D WindowManager: takeScreenshotToTargetWindow: targetSurface=null, sourceCrop=Rect(0, 0 - 0, 0)
04-15 14:02:32.025   893   934 D RenderEngine: [SEC_GC_CMN_SF_EFFECTS] drawLayersInternal,1296, Rendering layer  at index 0
04-15 14:02:32.028  1182  3850 D WindowManager: takeScreenshotToTargetWindow, bitmap=android.graphics.Bitmap@97d8694, failedReason=, caller=com.android.server.wm.WindowManagerService.takeScreenshotToTargetWindowFromCapture:10842 com.android.server.wm.WindowManagerService.takeScreenshotToTargetWindow:10821 android.view.IWindowManager$Stub.onTransact:3612 com.android.server.wm.WindowManagerService.onTransact:1543 android.os.Binder.execTransactInternal:1375 android.os.Binder.execTransact:1311 
04-15 14:02:32.053  1182  3394 E TaskPersister: File error accessing recents directory (directory doesn't exist?).
04-15 14:02:32.055  1182  1203 I system_server: NativeAlloc concurrent mark compact GC freed 38153(3926KB) AllocSpace objects, 23(1620KB) LOS objects, 24% free, 75MB/99MB, paused 1.067ms,1.930ms total 185.981ms
04-15 14:02:32.057  1182  1205 W System  : A resource failed to call HardwareBuffer.close. 
04-15 14:02:32.057  1182  1205 W System  : A resource failed to call HardwareBuffer.close. 
04-15 14:02:32.057  1182  1205 W System  : A resource failed to call HardwareBuffer.close. 
04-15 14:02:32.057  1182  1205 W System  : A resource failed to call HardwareBuffer.close. 
04-15 14:02:32.057  1182  1205 W System  : A resource failed to call HardwareBuffer.close. 
04-15 14:02:32.057  1182  1205 W System  : A resource failed to call HardwareBuffer.close. 
04-15 14:02:32.057  1182  1205 W System  : A resource failed to call HardwareBuffer.close. 
04-15 14:02:32.057  1182  1205 W System  : A resource failed to call HardwareBuffer.close. 
04-15 14:02:32.057  1182  1205 W System  : A resource failed to call HardwareBuffer.close. 
04-15 14:02:32.057  1182  1205 W System  : A resource failed to call HardwareBuffer.close. 
04-15 14:02:32.057  1182  1205 W System  : A resource failed to call HardwareBuffer.close. 
04-15 14:02:32.057  1182  1205 W System  : A resource failed to call close. 
04-15 14:02:32.058  1182  1205 W System  : A resource failed to call HardwareBuffer.close. 
04-15 14:02:32.058  1182  1205 W System  : A resource failed to call HardwareBuffer.close. 
04-15 14:02:32.058  1182  1205 W System  : A resource failed to call HardwareBuffer.close. 
04-15 14:02:32.058  1182  1205 W System  : A resource failed to call HardwareBuffer.close. 
04-15 14:02:32.058  1182  1205 W System  : A resource failed to call HardwareBuffer.close. 
04-15 14:02:32.059  1182  1205 W System  : A resource failed to call HardwareBuffer.close. 
04-15 14:02:32.059  1182  1205 W System  : A resource failed to call HardwareBuffer.close. 
04-15 14:02:32.059  1182  1205 W System  : A resource failed to call HardwareBuffer.close. 
04-15 14:02:32.059  1182  1205 W System  : A resource failed to call HardwareBuffer.close. 
04-15 14:02:32.059  1182  1205 W System  : A resource failed to call HardwareBuffer.close. 
04-15 14:02:32.059  1182  1205 W System  : A resource failed to call HardwareBuffer.close. 
04-15 14:02:32.059  1182  1205 W System  : A resource failed to call HardwareBuffer.close. 
04-15 14:02:32.093  1182  3966 D WindowManager: takeScreenshotToTargetWindow: display=0, target=0, containsTarget=false, crop=Rect(0, 0 - 0, 0), w=540, h=1170, useIdentityTransform=true, ignorePolicy=false, caller=com.android.server.wm.WmScreenshotController.takeScreenshotToTargetWindow:653 com.android.server.wm.WindowManagerService.takeScreenshotToTargetWindowFromCapture:10842 com.android.server.wm.WindowManagerService.takeScreenshotToTargetWindow:10821 
04-15 14:02:32.094  1182  3966 D RestrictionPolicy: isScreenCaptureEnabled : ret=true userId=0
04-15 14:02:32.094  1182  3966 D RestrictionPolicy: isScreenCaptureEnabled : ret=true userId=0
04-15 14:02:32.094  1182  3966 D RestrictionPolicy: isScreenCaptureEnabled : ret=true userId=0
04-15 14:02:32.095  1182  3966 D WindowManager: takeScreenshotToTargetWindow: targetSurface=null, sourceCrop=Rect(0, 0 - 0, 0)
04-15 14:02:32.102   893   934 D RenderEngine: [SEC_GC_CMN_SF_EFFECTS] drawLayersInternal,1296, Rendering layer  at index 0
04-15 14:02:32.106  1182  3966 D WindowManager: takeScreenshotToTargetWindow, bitmap=android.graphics.Bitmap@cf55132, failedReason=, caller=com.android.server.wm.WindowManagerService.takeScreenshotToTargetWindowFromCapture:10842 com.android.server.wm.WindowManagerService.takeScreenshotToTargetWindow:10821 android.view.IWindowManager$Stub.onTransact:3612 com.android.server.wm.WindowManagerService.onTransact:1543 android.os.Binder.execTransactInternal:1375 android.os.Binder.execTransact:1311 
04-15 14:02:32.198  1182  3966 D WindowManager: takeScreenshotToTargetWindow: display=0, target=0, containsTarget=false, crop=Rect(0, 0 - 0, 0), w=540, h=1170, useIdentityTransform=true, ignorePolicy=false, caller=com.android.server.wm.WmScreenshotController.takeScreenshotToTargetWindow:653 com.android.server.wm.WindowManagerService.takeScreenshotToTargetWindowFromCapture:10842 com.android.server.wm.WindowManagerService.takeScreenshotToTargetWindow:10821 
04-15 14:02:32.199  1182  3966 D RestrictionPolicy: isScreenCaptureEnabled : ret=true userId=0
04-15 14:02:32.199  1182  3966 D RestrictionPolicy: isScreenCaptureEnabled : ret=true userId=0
04-15 14:02:32.199  1182  3966 D RestrictionPolicy: isScreenCaptureEnabled : ret=true userId=0
04-15 14:02:32.199  1182  3966 D WindowManager: takeScreenshotToTargetWindow: targetSurface=null, sourceCrop=Rect(0, 0 - 0, 0)
04-15 14:02:32.211   893   934 D RenderEngine: [SEC_GC_CMN_SF_EFFECTS] drawLayersInternal,1296, Rendering layer  at index 0
04-15 14:02:32.219  1182  3966 D WindowManager: takeScreenshotToTargetWindow, bitmap=android.graphics.Bitmap@1dcfe83, failedReason=, caller=com.android.server.wm.WindowManagerService.takeScreenshotToTargetWindowFromCapture:10842 com.android.server.wm.WindowManagerService.takeScreenshotToTargetWindow:10821 android.view.IWindowManager$Stub.onTransact:3612 com.android.server.wm.WindowManagerService.onTransact:1543 android.os.Binder.execTransactInternal:1375 android.os.Binder.execTransact:1311 
04-15 14:02:32.300  1182  3966 D WindowManager: takeScreenshotToTargetWindow: display=0, target=0, containsTarget=false, crop=Rect(0, 0 - 0, 0), w=540, h=1170, useIdentityTransform=true, ignorePolicy=false, caller=com.android.server.wm.WmScreenshotController.takeScreenshotToTargetWindow:653 com.android.server.wm.WindowManagerService.takeScreenshotToTargetWindowFromCapture:10842 com.android.server.wm.WindowManagerService.takeScreenshotToTargetWindow:10821 
04-15 14:02:32.300  1182  3966 D RestrictionPolicy: isScreenCaptureEnabled : ret=true userId=0
04-15 14:02:32.301  1182  3966 D RestrictionPolicy: isScreenCaptureEnabled : ret=true userId=0
04-15 14:02:32.301  1182  3966 D RestrictionPolicy: isScreenCaptureEnabled : ret=true userId=0
04-15 14:02:32.301  1182  3966 D WindowManager: takeScreenshotToTargetWindow: targetSurface=null, sourceCrop=Rect(0, 0 - 0, 0)
04-15 14:02:32.311   893   934 D RenderEngine: [SEC_GC_CMN_SF_EFFECTS] drawLayersInternal,1296, Rendering layer  at index 0
04-15 14:02:32.319  1182  3966 D WindowManager: takeScreenshotToTargetWindow, bitmap=android.graphics.Bitmap@cf67800, failedReason=, caller=com.android.server.wm.WindowManagerService.takeScreenshotToTargetWindowFromCapture:10842 com.android.server.wm.WindowManagerService.takeScreenshotToTargetWindow:10821 android.view.IWindowManager$Stub.onTransact:3612 com.android.server.wm.WindowManagerService.onTransact:1543 android.os.Binder.execTransactInternal:1375 android.os.Binder.execTransact:1311 
04-15 14:02:32.399  1182  2588 D WindowManager: takeScreenshotToTargetWindow: display=0, target=0, containsTarget=false, crop=Rect(0, 0 - 0, 0), w=540, h=1170, useIdentityTransform=true, ignorePolicy=false, caller=com.android.server.wm.WmScreenshotController.takeScreenshotToTargetWindow:653 com.android.server.wm.WindowManagerService.takeScreenshotToTargetWindowFromCapture:10842 com.android.server.wm.WindowManagerService.takeScreenshotToTargetWindow:10821 
04-15 14:02:32.399  1182  2588 D RestrictionPolicy: isScreenCaptureEnabled : ret=true userId=0
04-15 14:02:32.400  1182  2588 D RestrictionPolicy: isScreenCaptureEnabled : ret=true userId=0
04-15 14:02:32.400  1182  2588 D RestrictionPolicy: isScreenCaptureEnabled : ret=true userId=0
04-15 14:02:32.400  1182  2588 D WindowManager: takeScreenshotToTargetWindow: targetSurface=null, sourceCrop=Rect(0, 0 - 0, 0)
04-15 14:02:32.412   893   934 D RenderEngine: [SEC_GC_CMN_SF_EFFECTS] drawLayersInternal,1296, Rendering layer  at index 0
04-15 14:02:32.419  1182  2588 D WindowManager: takeScreenshotToTargetWindow, bitmap=android.graphics.Bitmap@d814839, failedReason=, caller=com.android.server.wm.WindowManagerService.takeScreenshotToTargetWindowFromCapture:10842 com.android.server.wm.WindowManagerService.takeScreenshotToTargetWindow:10821 android.view.IWindowManager$Stub.onTransact:3612 com.android.server.wm.WindowManagerService.onTransact:1543 android.os.Binder.execTransactInternal:1375 android.os.Binder.execTransact:1311 
04-15 14:02:32.503  1182  2588 D WindowManager: takeScreenshotToTargetWindow: display=0, target=0, containsTarget=false, crop=Rect(0, 0 - 0, 0), w=540, h=1170, useIdentityTransform=true, ignorePolicy=false, caller=com.android.server.wm.WmScreenshotController.takeScreenshotToTargetWindow:653 com.android.server.wm.WindowManagerService.takeScreenshotToTargetWindowFromCapture:10842 com.android.server.wm.WindowManagerService.takeScreenshotToTargetWindow:10821 
04-15 14:02:32.504  1182  2588 D RestrictionPolicy: isScreenCaptureEnabled : ret=true userId=0
04-15 14:02:32.504  1182  2588 D RestrictionPolicy: isScreenCaptureEnabled : ret=true userId=0
04-15 14:02:32.504  1182  2588 D RestrictionPolicy: isScreenCaptureEnabled : ret=true userId=0
04-15 14:02:32.504  1182  2588 D WindowManager: takeScreenshotToTargetWindow: targetSurface=null, sourceCrop=Rect(0, 0 - 0, 0)
04-15 14:02:32.514   893   934 D RenderEngine: [SEC_GC_CMN_SF_EFFECTS] drawLayersInternal,1296, Rendering layer  at index 0
04-15 14:02:32.521  1182  2588 D WindowManager: takeScreenshotToTargetWindow, bitmap=android.graphics.Bitmap@9234e7e, failedReason=, caller=com.android.server.wm.WindowManagerService.takeScreenshotToTargetWindowFromCapture:10842 com.android.server.wm.WindowManagerService.takeScreenshotToTargetWindow:10821 android.view.IWindowManager$Stub.onTransact:3612 com.android.server.wm.WindowManagerService.onTransact:1543 android.os.Binder.execTransactInternal:1375 android.os.Binder.execTransact:1311 
04-15 14:02:32.531  8941  8941 W ContextImpl: Calling a method in the system process without a qualified user: android.app.ContextImpl.startActivity:1144 android.content.ContextWrapper.startActivity:445 com.samsung.rtlassistant.utils.ActivityControllerManager$HeartbeatTask.runHeartbeat:24 com.samsung.rtlassistant.utils.ActivityControllerManager$HeartbeatTask.run:2 android.os.Handler.handleCallback:958 
04-15 14:02:32.531  8941  8941 W ContextImpl: Calling a method in the system process without a qualified user: android.app.ContextImpl.startActivity:1156 android.app.ContextImpl.startActivity:1145 android.content.ContextWrapper.startActivity:445 com.samsung.rtlassistant.utils.ActivityControllerManager$HeartbeatTask.runHeartbeat:24 com.samsung.rtlassistant.utils.ActivityControllerManager$HeartbeatTask.run:2 
04-15 14:02:32.536  1182  3850 D ActivityTaskManager: startActivityAsUser: callingPid=8941, callingUid=1000, caller=com.android.server.wm.ActivityTaskManagerService.startActivityAsUser:1870 com.android.server.wm.ActivityTaskManagerService.startActivity:1844 android.app.IActivityTaskManager$Stub.onTransact:1369 com.android.server.wm.ActivityTaskManagerService.onTransact:7025 android.os.Binder.execTransactInternal:1375 android.os.Binder.execTransact:1311 <bottom of call stack> 
04-15 14:02:32.538  1182  1239 I ChimeraSystemEventListener: appLaunchIntent package name is: com.samsung.rtlassistant
04-15 14:02:32.544  1182  3850 I ActivityTaskManager: START u0 {dat=heartbeat://3c72ec0b-21fd-4081-b6a1-8467a86985d5/... flg=0x18800000 cmp=com.samsung.rtlassistant/.HeartbeatActivity} with LAUNCH_MULTIPLE from uid 1000 (BAL_ALLOW_ALLOWLISTED_UID) result code=102
04-15 14:02:32.544  1182  3850 I Pageboost: stop alp
04-15 14:02:32.544  1182  3850 D ActivityTaskManager: startActivity: reason=startActivityAsUser, result=102
04-15 14:02:32.545  3245  3245 E pageboostd: Received HALT command code 2
04-15 14:02:32.600  1182  3850 D WindowManager: takeScreenshotToTargetWindow: display=0, target=0, containsTarget=false, crop=Rect(0, 0 - 0, 0), w=540, h=1170, useIdentityTransform=true, ignorePolicy=false, caller=com.android.server.wm.WmScreenshotController.takeScreenshotToTargetWindow:653 com.android.server.wm.WindowManagerService.takeScreenshotToTargetWindowFromCapture:10842 com.android.server.wm.WindowManagerService.takeScreenshotToTargetWindow:10821 
04-15 14:02:32.601  1182  3850 D RestrictionPolicy: isScreenCaptureEnabled : ret=true userId=0
04-15 14:02:32.601  1182  3850 D RestrictionPolicy: isScreenCaptureEnabled : ret=true userId=0
04-15 14:02:32.601  1182  3850 D RestrictionPolicy: isScreenCaptureEnabled : ret=true userId=0
04-15 14:02:32.601  1182  3850 D WindowManager: takeScreenshotToTargetWindow: targetSurface=null, sourceCrop=Rect(0, 0 - 0, 0)
04-15 14:02:32.612   893   934 D RenderEngine: [SEC_GC_CMN_SF_EFFECTS] drawLayersInternal,1296, Rendering layer  at index 0
04-15 14:02:32.620  1182  3850 D WindowManager: takeScreenshotToTargetWindow, bitmap=android.graphics.Bitmap@966ffdf, failedReason=, caller=com.android.server.wm.WindowManagerService.takeScreenshotToTargetWindowFromCapture:10842 com.android.server.wm.WindowManagerService.takeScreenshotToTargetWindow:10821 android.view.IWindowManager$Stub.onTransact:3612 com.android.server.wm.WindowManagerService.onTransact:1543 android.os.Binder.execTransactInternal:1375 android.os.Binder.execTransact:1311 
04-15 14:02:32.700  1182  3966 D WindowManager: takeScreenshotToTargetWindow: display=0, target=0, containsTarget=false, crop=Rect(0, 0 - 0, 0), w=540, h=1170, useIdentityTransform=true, ignorePolicy=false, caller=com.android.server.wm.WmScreenshotController.takeScreenshotToTargetWindow:653 com.android.server.wm.WindowManagerService.takeScreenshotToTargetWindowFromCapture:10842 com.android.server.wm.WindowManagerService.takeScreenshotToTargetWindow:10821 
04-15 14:02:32.701  1182  3966 D RestrictionPolicy: isScreenCaptureEnabled : ret=true userId=0
04-15 14:02:32.701  1182  3966 D RestrictionPolicy: isScreenCaptureEnabled : ret=true userId=0
04-15 14:02:32.701  1182  3966 D RestrictionPolicy: isScreenCaptureEnabled : ret=true userId=0
04-15 14:02:32.701  1182  3966 D WindowManager: takeScreenshotToTargetWindow: targetSurface=null, sourceCrop=Rect(0, 0 - 0, 0)
04-15 14:02:32.707   893   934 D RenderEngine: [SEC_GC_CMN_SF_EFFECTS] drawLayersInternal,1296, Rendering layer  at index 0
04-15 14:02:32.710  1182  3966 D WindowManager: takeScreenshotToTargetWindow, bitmap=android.graphics.Bitmap@9b308c9, failedReason=, caller=com.android.server.wm.WindowManagerService.takeScreenshotToTargetWindowFromCapture:10842 com.android.server.wm.WindowManagerService.takeScreenshotToTargetWindow:10821 android.view.IWindowManager$Stub.onTransact:3612 com.android.server.wm.WindowManagerService.onTransact:1543 android.os.Binder.execTransactInternal:1375 android.os.Binder.execTransact:1311 
04-15 14:02:32.753  1182  3966 D WindowManager: takeScreenshotToTargetWindow: display=0, target=0, containsTarget=false, crop=Rect(0, 0 - 0, 0), w=540, h=1170, useIdentityTransform=true, ignorePolicy=false, caller=com.android.server.wm.WmScreenshotController.takeScreenshotToTargetWindow:653 com.android.server.wm.WindowManagerService.takeScreenshotToTargetWindowFromCapture:10842 com.android.server.wm.WindowManagerService.takeScreenshotToTargetWindow:10821 
04-15 14:02:32.753  1182  3966 D RestrictionPolicy: isScreenCaptureEnabled : ret=true userId=0
04-15 14:02:32.753  1182  3966 D RestrictionPolicy: isScreenCaptureEnabled : ret=true userId=0
04-15 14:02:32.753  1182  3966 D RestrictionPolicy: isScreenCaptureEnabled : ret=true userId=0
04-15 14:02:32.753  1182  3966 D WindowManager: takeScreenshotToTargetWindow: targetSurface=null, sourceCrop=Rect(0, 0 - 0, 0)
04-15 14:02:32.756   893   934 D RenderEngine: [SEC_GC_CMN_SF_EFFECTS] drawLayersInternal,1296, Rendering layer  at index 0
04-15 14:02:32.758  1182  3966 D WindowManager: takeScreenshotToTargetWindow, bitmap=android.graphics.Bitmap@25e2bce, failedReason=, caller=com.android.server.wm.WindowManagerService.takeScreenshotToTargetWindowFromCapture:10842 com.android.server.wm.WindowManagerService.takeScreenshotToTargetWindow:10821 android.view.IWindowManager$Stub.onTransact:3612 com.android.server.wm.WindowManagerService.onTransact:1543 android.os.Binder.execTransactInternal:1375 android.os.Binder.execTransact:1311 
04-15 14:02:32.765 12794 12817 W app_process: ApkAssets: Deleting an ApkAssets object '/data/overlays/current_locale_apks/files/com.samsung.android.arzone.en.apk' with 1 weak references
04-15 14:02:32.766 12794 12817 W app_process: ApkAssets: Deleting an ApkAssets object '<empty> and /data/app/~~iW3sOVxdGqvwxgubcnLGhg==/com.sec.android.app.sbrowser-UsOYa1JPEdU12dVgKQmdyQ==/base.apk' with 1 weak references
04-15 14:02:32.804  1182  3966 D WindowManager: takeScreenshotToTargetWindow: display=0, target=0, containsTarget=false, crop=Rect(0, 0 - 0, 0), w=540, h=1170, useIdentityTransform=true, ignorePolicy=false, caller=com.android.server.wm.WmScreenshotController.takeScreenshotToTargetWindow:653 com.android.server.wm.WindowManagerService.takeScreenshotToTargetWindowFromCapture:10842 com.android.server.wm.WindowManagerService.takeScreenshotToTargetWindow:10821 
04-15 14:02:32.804  1182  3966 D RestrictionPolicy: isScreenCaptureEnabled : ret=true userId=0
04-15 14:02:32.804  1182  3966 D RestrictionPolicy: isScreenCaptureEnabled : ret=true userId=0
04-15 14:02:32.804  1182  3966 D RestrictionPolicy: isScreenCaptureEnabled : ret=true userId=0
04-15 14:02:32.804  1182  3966 D WindowManager: takeScreenshotToTargetWindow: targetSurface=null, sourceCrop=Rect(0, 0 - 0, 0)
04-15 14:02:32.806   893   934 D RenderEngine: [SEC_GC_CMN_SF_EFFECTS] drawLayersInternal,1296, Rendering layer  at index 0
04-15 14:02:32.809  1182  3966 D WindowManager: takeScreenshotToTargetWindow, bitmap=android.graphics.Bitmap@2c59aef, failedReason=, caller=com.android.server.wm.WindowManagerService.takeScreenshotToTargetWindowFromCapture:10842 com.android.server.wm.WindowManagerService.takeScreenshotToTargetWindow:10821 android.view.IWindowManager$Stub.onTransact:3612 com.android.server.wm.WindowManagerService.onTransact:1543 android.os.Binder.execTransactInternal:1375 android.os.Binder.execTransact:1311 
04-15 14:02:32.855  1182  3966 D WindowManager: takeScreenshotToTargetWindow: display=0, target=0, containsTarget=false, crop=Rect(0, 0 - 0, 0), w=540, h=1170, useIdentityTransform=true, ignorePolicy=false, caller=com.android.server.wm.WmScreenshotController.takeScreenshotToTargetWindow:653 com.android.server.wm.WindowManagerService.takeScreenshotToTargetWindowFromCapture:10842 com.android.server.wm.WindowManagerService.takeScreenshotToTargetWindow:10821 
04-15 14:02:32.856  1182  3966 D RestrictionPolicy: isScreenCaptureEnabled : ret=true userId=0
04-15 14:02:32.856  1182  3966 D RestrictionPolicy: isScreenCaptureEnabled : ret=true userId=0
04-15 14:02:32.856  1182  3966 D RestrictionPolicy: isScreenCaptureEnabled : ret=true userId=0
04-15 14:02:32.856  1182  3966 D WindowManager: takeScreenshotToTargetWindow: targetSurface=null, sourceCrop=Rect(0, 0 - 0, 0)
04-15 14:02:32.859   893   934 D RenderEngine: [SEC_GC_CMN_SF_EFFECTS] drawLayersInternal,1296, Rendering layer  at index 0
