04-15 13:57:39.987 24704 24792 W unknown:ViewManagerPropertyUpdater: Could not find generated setter for class com.horcrux.svg.RenderableViewManager$MarkerManager
04-15 13:57:39.987  1182 10223 D SGM:FgCheckThread: TaskStackListener.onTaskFocusChanged(), taskId=11, focused=false
04-15 13:57:39.988  1182 10223 D SGM:FgCheckThread: TaskStackListener.onTaskFocusChanged(), taskId=12, focused=true
04-15 13:57:39.988  1182 10223 D SGM:FgCheckThread:   sendRunningComponentFocus(), pkgName: com.samsung.rtlassistant, userId: 0
04-15 13:57:39.988  1182  1433 D SGM:FgCheckThread: onLooperPrepared(), msg: MSG_TASK_FOCUSED, pkgName: com.samsung.rtlassistant, userId: 0
04-15 13:57:39.988  1182  1433 D SGM:FgCheckThread: handleTaskFocused().
04-15 13:57:39.988  1182  1433 D SGM:FgCheckThread:   handleTaskFocused(), pkgName: com.samsung.rtlassistant, userID:0
04-15 13:57:39.988  1182  1433 D SGM:FgCheckThread: handleResume().
04-15 13:57:39.988  1182  1433 D SGM:SystemHelper: callReleaseBlock needReleaseBlock:false
04-15 13:57:39.988  1182  1433 D SGM:FgCheckThread:   handleResume(). device is locked yet. ignore
04-15 13:57:39.989  1182 10223 D ActivityTaskManager: scheduleTopResumedActivityChanged, onTop=true, r=ActivityRecord{7a03849 u0 com.samsung.rtlassistant/.HeartbeatActivity t12}, caller=com.android.server.wm.ActivityTaskSupervisor.scheduleTopResumedActivityStateIfNeeded:2904 com.android.server.wm.ActivityTaskSupervisor.updateTopResumedActivityIfNeeded:2896 com.android.server.wm.TaskFragment.setResumedActivity:581 com.android.server.wm.TaskFragment.onActivityStateChanged:905 com.android.server.wm.ActivityRecord.setState:6892 com.android.server.wm.Task.minimalResumeActivityLocked:6255 
04-15 13:57:39.989  1182 10223 V WindowManager: Collecting in transition 13: ActivityRecord{7a03849 u0 com.samsung.rtlassistant/.HeartbeatActivity t12}, caller=com.android.server.wm.Transition.collect:753 com.android.server.wm.TransitionController.collect:975 com.android.server.wm.ActivityRecord.setVisibility:6429 com.android.server.wm.ActivityRecord.setVisibility:6381 com.android.server.wm.ActivityRecord.completeResumeLocked:7499 
04-15 13:57:39.990  1182 10223 V WindowManager: Collecting in transition 13: ActivityRecord{7a03849 u0 com.samsung.rtlassistant/.HeartbeatActivity t12}, caller=com.android.server.wm.Transition.collect:753 com.android.server.wm.TransitionController.collect:975 com.android.server.wm.ActivityRecord.setVisibility:6429 com.android.server.wm.ActivityRecord.setVisibility:6381 com.android.server.wm.ActivityRecord.makeInvisible:7223 
04-15 13:57:39.990  1182 10223 D WindowManager: VisibleRequested updated, r=ActivityRecord{7a03849 u0 com.samsung.rtlassistant/.HeartbeatActivity t12}
04-15 13:57:39.990  1182 10223 D ActivityTaskManager: scheduleTopResumedActivityChanged, onTop=false, r=ActivityRecord{7a03849 u0 com.samsung.rtlassistant/.HeartbeatActivity t12}, caller=com.android.server.wm.ActivityTaskSupervisor.updateTopResumedActivityIfNeeded:2873 com.android.server.wm.TaskFragment.setResumedActivity:581 com.android.server.wm.TaskFragment.onActivityStateChanged:890 com.android.server.wm.ActivityRecord.setState:6892 com.android.server.wm.TaskFragment.startPausing:2014 com.android.server.wm.TaskFragment.startPausing:1958 
04-15 13:57:39.991  1182 10223 V WindowManager: Collecting in transition 13: ActivityRecord{7a03849 u0 com.samsung.rtlassistant/.HeartbeatActivity t12}, caller=com.android.server.wm.Transition.collect:753 com.android.server.wm.Transition.collectExistenceChange:936 com.android.server.wm.TransitionController.collectExistenceChange:1025 com.android.server.wm.ActivityStarter.handleStartResult:2631 com.android.server.wm.ActivityStarter.startActivityUnchecked:2415 
04-15 13:57:39.992  1182 10223 V WindowManager: Requesting StartTransition: TransitionRecord{6a1166f id=13 type=OPEN flags=0x0}, caller=com.android.server.wm.ActivityStarter.handleStartResult:2665 com.android.server.wm.ActivityStarter.startActivityUnchecked:2415 com.android.server.wm.ActivityStarter.executeRequest:1959 com.android.server.wm.ActivityStarter.execute:1075 com.android.server.wm.ActivityTaskManagerService.startActivityAsUser:2011 
04-15 13:57:39.992 24704 24792 W unknown:ViewManagerPropertyUpdater: Could not find generated setter for class com.facebook.react.views.modal.ReactModalHostManager
04-15 13:57:39.993  1682  1988 V WindowManagerShell: Transition requested: android.os.BinderProxy@8bf9814 TransitionRequestInfo { type = OPEN, triggerTask = TaskInfo{userId=0 taskId=12 displayId=0 isRunning=true baseIntent=Intent { dat=heartbeat://f028368a-98b9-4357-8627-bb35dd7503c5/... flg=0x18800000 cmp=com.samsung.rtlassistant/.HeartbeatActivity } baseActivity=ComponentInfo{com.samsung.rtlassistant/com.samsung.rtlassistant.HeartbeatActivity} topActivity=ComponentInfo{com.samsung.rtlassistant/com.samsung.rtlassistant.HeartbeatActivity} origActivity=null realActivity=ComponentInfo{com.samsung.rtlassistant/com.samsung.rtlassistant.HeartbeatActivity} numActivities=1 lastActiveTime=18411824 supportsMultiWindow=true resizeMode=1 isResizeable=true minWidth=-1 minHeight=-1 maxWidth=-1 maxHeight=-1 defaultMinSize=220 token=WCT{android.window.IWindowContainerToken$Stub$Proxy@d6208bd} topActivityType=1 pictureInPictureParams=null shouldDockBigOverlays=false launchIntoPipHostTaskId=-1 lastParentTaskIdBeforePip=-1 displayCutoutSafeInsets=Rect(0, 92 - 0, 0) topActivityInfo=ActivityInfo{957eb2 com.samsung.rtlassistant.HeartbeatActivity} launchCookies=[] positionInParent=Point(0, 0) parentTaskId=-1 isFocused=true isVisible=false isVisibleRequested=false isSleeping=true topActivityInSizeCompat=false topActivityEligibleForLetterboxEducation= false topActivityLetterboxed= false isFromDoubleTap= false topActivityLetterboxVerticalPosition= -1 topActivityLetterboxHorizontalPosition= -1 topActivityLetterboxWidth=-1 topActivityLetterboxHeight=-1 locusId=null displayAreaFeatureId=1 cameraCompatControlState=hidden originallySupportedMultiWindow=true hasWallpaper=false topActivityInFixedAspectRatio=false rootAffinity=null topActivityInDisplayCompat=false topActivityInBoundsCompat=false topActivityBounds=null singleTapFromLetterbox=false isTopTaskInStage=false topActivityUiMode=17 CoverLauncherWidgetTask=false CoverScreenTask=false isAllowedSeamlessRotation=false isTopTransparentActivity=false hasPopOver=false}, remoteTransition = null, displayChange = null }
04-15 13:57:39.994  1182 10223 I ActivityTaskManager: START u0 {dat=heartbeat://f028368a-98b9-4357-8627-bb35dd7503c5/... flg=0x18800000 cmp=com.samsung.rtlassistant/.HeartbeatActivity} with LAUNCH_MULTIPLE from uid 1000 (BAL_ALLOW_ALLOWLISTED_UID) result code=0
04-15 13:57:39.994  1182 10223 I Pageboost: stop alp
04-15 13:57:39.994  1182 10223 I SemDvfsHyPerManager: acquire hyper - AMS_APP_LAUNCH/1182@15, type = -999
04-15 13:57:39.994  3245  3245 E pageboostd: Received HALT command code 2
04-15 13:57:39.994   802   837 I HYPER-HAL: [RequestManager.cpp]acquire(): Acquired ID : 717018  [1182 / 15]    HINT : AMS_APP_LAUNCH    list : 
04-15 13:57:39.995 24704 24792 W unknown:ViewManagerPropertyUpdater: Could not find generated setter for class com.horcrux.svg.RenderableViewManager$ForeignObjectManager
04-15 13:57:39.995  1182 10223 D WindowManager: takeScreenshotToTargetWindow: display=0, target=0, containsTarget=false, crop=Rect(0, 0 - 0, 0), w=540, h=1170, useIdentityTransform=true, ignorePolicy=false, caller=com.android.server.wm.WmScreenshotController.takeScreenshotToTargetWindow:653 com.android.server.wm.WindowManagerService.takeScreenshotToTargetWindowFromCapture:10842 com.android.server.wm.WindowManagerService.takeScreenshotToTargetWindow:10821 
04-15 13:57:39.995  1182 10223 D RestrictionPolicy: isScreenCaptureEnabled : ret=true userId=0
04-15 13:57:39.995  1182 10223 D RestrictionPolicy: isScreenCaptureEnabled : ret=true userId=0
04-15 13:57:39.995  1182 10223 D RestrictionPolicy: isScreenCaptureEnabled : ret=true userId=0
04-15 13:57:39.995  1182 10223 D WindowManager: takeScreenshotToTargetWindow: targetSurface=null, sourceCrop=Rect(0, 0 - 0, 0)
04-15 13:57:39.996  1182  1518 D AS.MultiSoundManager: mForegroundUid = 1000
04-15 13:57:39.996  1182  1518 D AS.MultiSoundManager: mForegroundUid = 1000
04-15 13:57:39.996  1182  4164 W ActivityTaskManager: setActivityController controller: null  mControllerDescription: pid = 8941 uid = 1000
04-15 13:57:39.996 28046 28080 I SAMSUNGWALLET: [Hint_ProcessStatusChange] fg Change, pid : 8941 , isNotify : true , isForeground : true , fg list : [24704, 8941]
04-15 13:57:39.996  3517  3517 I SemDvfsHyPerManager: acquire hyper - APP_START/3517@21, type = -999
04-15 13:57:39.997  1182  4164 W ActivityTaskManager: setActivityController controller: android.app.IActivityController$Stub$Proxy@795885a  mControllerDescription: pid = 8941 uid = 1000
04-15 13:57:39.997   893   934 D RenderEngine: [SEC_GC_CMN_SF_EFFECTS] drawLayersInternal,1296, Rendering layer  at index 0
04-15 13:57:39.998 28046 28046 I SAMSUNGWALLET[IN]: [CountryISOSelector] current country iso = IN
04-15 13:57:39.999 24704 24792 W unknown:ViewManagerPropertyUpdater: Could not find generated setter for class com.horcrux.svg.RenderableViewManager$EllipseViewManager
04-15 13:57:39.999 28046 28046 I SAMSUNGWALLET: [Hint_IntroHintService] Hint Status - already invisible, skip hide : [4000003] - Disable on keyguard
04-15 13:57:40.000   802   837 I HYPER-HAL: [RequestManager.cpp]acquire(): Acquired ID : 6260512  [3517 / 21]    HINT : APP_START    list : 
04-15 13:57:40.000  1182  1237 D NetworkPolicy: already checked 1000
04-15 13:57:40.002  1182  1237 D PkgPredictorService-SecIpmManagerServiceImpl: onForegroundActivitiesChanged pid:8941 uid:1000
04-15 13:57:40.002  1182  2952 V PkgPredictorService-SecIpmManagerServiceImpl: discard foreground app:com.samsung.rtlassistant 0|false
04-15 13:57:40.002 24704 24792 W unknown:ViewManagerPropertyUpdater: Could not find generated setter for class com.horcrux.svg.RenderableViewManager$LineViewManager
04-15 13:57:40.003  1182 10223 D WindowManager: takeScreenshotToTargetWindow, bitmap=android.graphics.Bitmap@9d2aa8b, failedReason=, caller=com.android.server.wm.WindowManagerService.takeScreenshotToTargetWindowFromCapture:10842 com.android.server.wm.WindowManagerService.takeScreenshotToTargetWindow:10821 android.view.IWindowManager$Stub.onTransact:3612 com.android.server.wm.WindowManagerService.onTransact:1543 android.os.Binder.execTransactInternal:1375 android.os.Binder.execTransact:1311 
04-15 13:57:40.006 24704 24792 W unknown:ViewManagerPropertyUpdater: Could not find generated setter for class com.facebook.react.views.text.frescosupport.FrescoBasedReactTextInlineImageViewManager
04-15 13:57:40.006 24704 24792 W unknown:ViewManagerPropertyUpdater: Could not find generated setter for class com.facebook.react.views.text.frescosupport.FrescoBasedReactTextInlineImageShadowNode
04-15 13:57:40.007  1182  1239 D EnterpriseDeviceManagerService: isMdmAdminPresentInternal() : MDM Admin Found - com.samsung.rtlassistant
04-15 13:57:40.007  1182  1239 D SGM:FgCheckThread: noteResumeComponent(), received pkgName: com.samsung.rtlassistant, userId: 0
04-15 13:57:40.007  1182  1433 D SGM:FgCheckThread: onLooperPrepared(), msg: MSG_APP_RESUME, pkgName: com.samsung.rtlassistant, userid: 0
04-15 13:57:40.007  1182  1433 D SGM:FgCheckThread: handleResume().
04-15 13:57:40.007  1182  9980 V WindowManager: Starting Transition 13, caller=com.android.server.wm.WindowOrganizerController.startTransition:384 com.android.server.wm.WindowOrganizerController.startTransition:315 android.window.IWindowOrganizerController$Stub.onTransact:257 
04-15 13:57:40.008  1182  9980 V Transition:  allReady query: used=true, override=false, defer=0, states=Display{#0 state=OFF size=1080x2340 ROTATION_0}:true
04-15 13:57:40.008  1182  1433 D SGM:SystemHelper: callReleaseBlock needReleaseBlock:false
04-15 13:57:40.008  1182  1433 D SGM:FgCheckThread:   handleResume(). device is locked yet. ignore
04-15 13:57:40.008  1182  4164 V WindowManager: Collecting in transition 13: Task{468f7c #12 type=standard I=com.samsung.rtlassistant/.HeartbeatActivity}, caller=com.android.server.wm.Transition.collect:753 com.android.server.wm.TransitionController.collect:975 com.android.server.wm.TransitionController.requestCloseTransitionIfNeeded:967 com.android.server.wm.ActivityRecord.finishIfPossible:4361 com.android.server.wm.ActivityClientController.finishActivity:609 
04-15 13:57:40.008  1182  1239 I GameSDK@LifeCycle: noteResumeComponent(): package name  : com.samsung.rtlassistant
04-15 13:57:40.008  2296 24232 I HoneySpace.RecentTasks: onRecentTasksChanged
04-15 13:57:40.009 24704 24792 W unknown:ViewManagerPropertyUpdater: Could not find generated setter for class com.horcrux.svg.RenderableViewManager$FeFloodManager
04-15 13:57:40.009  1182  1240 V WindowManager: SyncGroup 13: Finished!
04-15 13:57:40.009  1182  1240 D ChangeTransitionController: onTransactionReady: TransitionRecord{6a1166f id=13 type=OPEN flags=0x0}
04-15 13:57:40.009  1182  1240 V WindowManager: Start calculating TransitionInfo based on participants: {Task{468f7c #12 type=standard I=com.samsung.rtlassistant/.HeartbeatActivity}, Task{11f6200 #11 type=standard A=10345:com.henza.accountingv2}, ActivityRecord{7a03849 u0 com.samsung.rtlassistant/.HeartbeatActivity t12 f}}}
04-15 13:57:40.009  1182  1240 V WindowManager:   Final targets: []
04-15 13:57:40.009  1182  1240 I WindowManager: Attempted to take screenshot while display was off.
04-15 13:57:40.009  1182  1240 V WindowManager: Calling onTransitionReady: {id=13 t=OPEN f=0x40 trk=0 r=[] c=[]}
04-15 13:57:40.010  2296  2604 I HoneySpace.TopTaskSource: onTaskMovedToFront : taskId = 12
04-15 13:57:40.010  1182  1236 V WindowManager: Sent Transition #13 createdAt=04-15 13:57:39.971 via request=TransitionRequestInfo { type = OPEN, triggerTask = TaskInfo{userId=0 taskId=12 displayId=0 isRunning=true baseIntent=Intent { dat=heartbeat://f028368a-98b9-4357-8627-bb35dd7503c5/... flg=0x18800000 cmp=com.samsung.rtlassistant/.HeartbeatActivity } baseActivity=ComponentInfo{com.samsung.rtlassistant/com.samsung.rtlassistant.HeartbeatActivity} topActivity=ComponentInfo{com.samsung.rtlassistant/com.samsung.rtlassistant.HeartbeatActivity} origActivity=null realActivity=ComponentInfo{com.samsung.rtlassistant/com.samsung.rtlassistant.HeartbeatActivity} numActivities=1 lastActiveTime=18411824 supportsMultiWindow=true resizeMode=1 isResizeable=true minWidth=-1 minHeight=-1 maxWidth=-1 maxHeight=-1 defaultMinSize=220 token=WCT{RemoteToken{cabdfe Task{468f7c #12 type=standard I=com.samsung.rtlassistant/.HeartbeatActivity}}} topActivityType=1 pictureInPictureParams=null shouldDockBigOverlays=false launchIntoPipHostTaskId=-1 lastParentTaskIdBeforePip=-1 displayCutoutSafeInsets=Rect(0, 92 - 0, 0) topActivityInfo=ActivityInfo{caa795f com.samsung.rtlassistant.HeartbeatActivity} launchCookies=[] positionInParent=Point(0, 0) parentTaskId=-1 isFocused=true isVisible=false isVisibleRequested=false isSleeping=true topActivityInSizeCompat=false topActivityEligibleForLetterboxEducation= false topActivityLetterboxed= false isFromDoubleTap= false topActivityLetterboxVerticalPosition= -1 topActivityLetterboxHorizontalPosition= -1 topActivityLetterboxWidth=-1 topActivityLetterboxHeight=-1 locusId=null displayAreaFeatureId=1 cameraCompatControlState=hidden originallySupportedMultiWindow=true hasWallpaper=false topActivityInFixedAspectRatio=false rootAffinity=null topActivityInDisplayCompat=false topActivityInBoundsCompat=false topActivityBounds=null singleTapFromLetterbox=false isTopTaskInStage=false topActivityUiMode=17 CoverLauncherWidgetTask=false CoverScreenTask=false isAllowedSeamlessRotation=false isTopTransparentActivity=false hasPopOver=false}, remoteTransition = null, displayChange = null }
04-15 13:57:40.010  2296  2604 I HoneySpace.TopTaskSource: onTaskFocusChanged(): taskId = 12
04-15 13:57:40.010  1182  1236 V WindowManager:     startWCT=WindowContainerTransaction { changes = {} hops = [] errorCallbackToken=null taskFragmentOrganizer=null }
04-15 13:57:40.010  2296  2604 I HoneySpace.TopTaskSource: onTaskFocusChanged(): taskId = 12
04-15 13:57:40.010  2296  2604 I HoneySpace.TopTaskSource: onTaskMovedToFront : taskId = 12
04-15 13:57:40.010  1182  1236 V WindowManager:     info={id=13 t=OPEN f=0x40 trk=0 r=[] c=[]}
04-15 13:57:40.010  2296  2604 I HoneySpace.TopTaskSource: onTaskMovedToFront : taskId = 12
04-15 13:57:40.010  2296  2606 I HoneySpace.TopTaskUseCase: topTasks 12 ComponentInfo{com.samsung.rtlassistant/com.samsung.rtlassistant.HeartbeatActivity}
04-15 13:57:40.010  1682  1988 V WindowManagerShell: onTransitionReady android.os.BinderProxy@8bf9814: {id=13 t=OPEN f=0x40 trk=0 r=[] c=[]}
04-15 13:57:40.010  1682  1988 V WindowManagerShell: No transition roots in (#13)android.os.BinderProxy@8bf9814@0 so abort
04-15 13:57:40.011  1682  1988 I SurfaceControl: apply is called, name=StartTransaction_SyncId<13>, caller=android.view.SurfaceControl$Transaction.apply:2933 com.android.wm.shell.transition.Transitions.processReadyQueue:188 com.android.wm.shell.transition.Transitions.onAbort:72 com.android.wm.shell.transition.Transitions.dispatchReady:213 com.android.wm.shell.transition.Transitions.onTransitionReady:118 com.android.wm.shell.transition.Transitions$TransitionPlayerImpl$$ExternalSyntheticLambda0.run:13 
04-15 13:57:40.011  1682  1988 V WindowManagerShell: Transition animation finished (aborted=true), notifying core (#13)android.os.BinderProxy@8bf9814@0
04-15 13:57:40.011  8941  8941 I DecorView: setWindowBackground: isPopOver=false color=0 d=android.graphics.drawable.ColorDrawable@32ad8b4
04-15 13:57:40.011  1682  1988 I SurfaceControl: apply is called, name=FinishTransaction_SyncId<13>, caller=android.view.SurfaceControl$Transaction.apply:2933 com.android.wm.shell.transition.Transitions.onFinish:302 com.android.wm.shell.transition.Transitions.processReadyQueue:191 com.android.wm.shell.transition.Transitions.onAbort:72 com.android.wm.shell.transition.Transitions.dispatchReady:213 com.android.wm.shell.transition.Transitions.onTransitionReady:118 
04-15 13:57:40.011  3517  3588 I SDHMS:l : handleResumeComponent : put = com.samsung.rtlassistant, userid = 0 instanceid =61542405
04-15 13:57:40.011  1182  4164 V WindowManager: Finish Transition: TransitionRecord{6a1166f id=13 type=OPEN flags=0x40}, caller=com.android.server.wm.WindowOrganizerController.finishTransition:507 android.window.IWindowOrganizerController$Stub.onTransact:286 com.android.server.wm.WindowOrganizerController.onTransact:219 
04-15 13:57:40.011  1182  1236 V WindowManager: Finish Transition #13: created at 04-15 13:57:39.971 collect-started=0.663ms request-sent=20.807ms started=36.674ms ready=36.631ms sent=38.397ms finished=40.18ms
04-15 13:57:40.011  1182  1551 I CocktailBarManagerServiceContainer: handleMessage: entry what = 5
04-15 13:57:40.012  1182  4164 D ChangeTransitionController: onTransitionFinished: TransitionRecord{6a1166f id=13 type=OPEN flags=0x40}
04-15 13:57:40.012 24704 24792 W unknown:ViewManagerPropertyUpdater: Could not find generated setter for class com.horcrux.svg.RenderableViewManager$GroupViewManager
04-15 13:57:40.012  2296  2296 I Edge.ActivityUtils: HomePackage : com.sec.android.app.launcher, resumePackageName : com.samsung.rtlassistant
04-15 13:57:40.012  1682  1988 V WindowManagerShell: Track 0 became idle
04-15 13:57:40.012  1682  1988 V WindowManagerShell: All active transition animations finished
04-15 13:57:40.014  8941  8998 I vulkan  : CreateInfoWrapper::FilterExtension: already have 'VK_KHR_external_fence_fd'.
04-15 13:57:40.014  1182  2712 V WindowManager: Setting visibility of Window{12e56ec u0 com.henza.accountingv2/com.henza.accountingv2.MainActivity}: true, caller=com.android.server.wm.WindowContainer.sendAppVisibilityToClients:1305 com.android.server.wm.WindowToken.setClientVisible:454 com.android.server.wm.ActivityRecord.setClientVisible:8235 com.android.server.wm.ActivityRecord.setVisibility:6532 com.android.server.wm.ActivityRecord.setVisibility:6381 
04-15 13:57:40.014  1182  2712 D SGM:FgCheckThread: TaskStackListener.onTaskFocusChanged(), taskId=12, focused=false
04-15 13:57:40.014 24704 24704 I ViewRootImpl@1ec25fb[MainActivity]: handleAppVisibility mAppVisible = false visible = true
04-15 13:57:40.014  1182  2712 D SGM:FgCheckThread: TaskStackListener.onTaskFocusChanged(), taskId=11, focused=true
04-15 13:57:40.014  1182  2712 D SGM:FgCheckThread:   sendRunningComponentFocus(), pkgName: com.henza.accountingv2, userId: 0
04-15 13:57:40.014  1182  1433 D SGM:FgCheckThread: onLooperPrepared(), msg: MSG_TASK_FOCUSED, pkgName: com.henza.accountingv2, userId: 0
04-15 13:57:40.014  1182  1433 D SGM:FgCheckThread: handleTaskFocused().
04-15 13:57:40.014  1182  1518 D AS.MultiSoundManager: mForegroundUid = 10345
04-15 13:57:40.014  1182  1433 D SGM:FgCheckThread: sendFocusOutConditionally() - mPrevNotiPkg: (unknown), userId: 0
04-15 13:57:40.014  1182  1433 D SGM:FgCheckThread:   handleTaskFocused(), pkgName: com.henza.accountingv2, userID:0 mResumedPkgMap does not containsKey.
04-15 13:57:40.014  1182  2712 D InputDispatcher: Focused application(0): ActivityRecord{ecf5083 u0 com.henza.accountingv2/.MainActivity t11}
04-15 13:57:40.014  1182  2712 D SGM:FgCheckThread: TaskStackListener.onTaskFocusChanged(), taskId=12, focused=false
04-15 13:57:40.014  1182  2712 D SGM:FgCheckThread: TaskStackListener.onTaskFocusChanged(), taskId=11, focused=true
04-15 13:57:40.015  1182  2712 D SGM:FgCheckThread:   sendRunningComponentFocus(), pkgName: com.henza.accountingv2, userId: 0
04-15 13:57:40.015  1182  1433 D SGM:FgCheckThread: onLooperPrepared(), msg: MSG_TASK_FOCUSED, pkgName: com.henza.accountingv2, userId: 0
04-15 13:57:40.015  1182  1433 D SGM:FgCheckThread: handleTaskFocused().
04-15 13:57:40.015  1182  1433 D SGM:FgCheckThread:   handleTaskFocused(), pkgName: com.henza.accountingv2, userID:0 mResumedPkgMap does not containsKey.
04-15 13:57:40.015  1182  1518 D AS.MultiSoundManager: mForegroundUid = 10345
04-15 13:57:40.015  1182  2712 D ActivityTaskManager: scheduleTopResumedActivityChanged, onTop=true, r=ActivityRecord{ecf5083 u0 com.henza.accountingv2/.MainActivity t11}, caller=com.android.server.wm.ActivityTaskSupervisor.scheduleTopResumedActivityStateIfNeeded:2904 com.android.server.wm.ActivityTaskSupervisor.updateTopResumedActivityIfNeeded:2896 com.android.server.wm.TaskFragment.setResumedActivity:581 com.android.server.wm.TaskFragment.onActivityStateChanged:905 com.android.server.wm.ActivityRecord.setState:6892 com.android.server.wm.TaskFragment.resumeTopActivity:1758 
04-15 13:57:40.015  1182  2712 V WindowManager: Setting visibility of Window{12e56ec u0 com.henza.accountingv2/com.henza.accountingv2.MainActivity}: false, caller=com.android.server.wm.WindowContainer.sendAppVisibilityToClients:1305 com.android.server.wm.WindowToken.setClientVisible:454 com.android.server.wm.ActivityRecord.setClientVisible:8235 com.android.server.wm.ActivityRecord.postApplyAnimation:6766 com.android.server.wm.ActivityRecord.commitVisibility:6709 
04-15 13:57:40.016  1182  2712 D RestrictionPolicy: isScreenCaptureEnabled : ret=true userId=0
04-15 13:57:40.016 24704 24704 I ViewRootImpl@1ec25fb[MainActivity]: handleAppVisibility mAppVisible = true visible = false
04-15 13:57:40.016  1182  2712 I WindowManager: Attempted to take screenshot while display was off.
04-15 13:57:40.016  1182  2712 V WindowManager: rotationForOrientation(orient=SCREEN_ORIENTATION_NOSENSOR (5), last=ROTATION_0 (0)); user=ROTATION_0 (0) 
04-15 13:57:40.016  1182  2712 D WindowManager: rotationForOrientation, orientationSource=Window{6a7f699 u0 NotificationShade}
04-15 13:57:40.016  1182  2712 V WindowManager: Computed rotation=ROTATION_0 (0) for display id=0 based on lastOrientation=SCREEN_ORIENTATION_NOSENSOR (5) and oldRotation=ROTATION_0 (0), caller=com.android.server.wm.DisplayRotation.updateOrientation:525 com.android.server.wm.DisplayContent.updateOrientation:2181 com.android.server.wm.DisplayContent.updateOrientation:2097 com.android.server.wm.RootWindowContainer.ensureVisibilityAndConfig:2083 com.android.server.wm.TaskFragment.resumeTopActivity:1781 com.android.server.wm.TaskFragment.resumeTopActivity:1388 
04-15 13:57:40.016  1182  2712 V WindowManager: Setting visibility of Window{12e56ec u0 com.henza.accountingv2/com.henza.accountingv2.MainActivity}: true, caller=com.android.server.wm.WindowContainer.sendAppVisibilityToClients:1305 com.android.server.wm.WindowToken.setClientVisible:454 com.android.server.wm.ActivityRecord.setClientVisible:8235 com.android.server.wm.ActivityRecord.setVisibility:6532 com.android.server.wm.ActivityRecord.setVisibility:6381 
04-15 13:57:40.017 24704 24704 I ViewRootImpl@1ec25fb[MainActivity]: stopped(false) old = true
04-15 13:57:40.017 24704 24704 D ViewRootImpl@1ec25fb[MainActivity]: WindowStopped on com.henza.accountingv2/com.henza.accountingv2.MainActivity set to false
04-15 13:57:40.017  1182  2712 V WindowManager: Setting visibility of Window{12e56ec u0 com.henza.accountingv2/com.henza.accountingv2.MainActivity}: false, caller=com.android.server.wm.WindowContainer.sendAppVisibilityToClients:1305 com.android.server.wm.WindowToken.setClientVisible:454 com.android.server.wm.ActivityRecord.setClientVisible:8235 com.android.server.wm.ActivityRecord.postApplyAnimation:6766 com.android.server.wm.ActivityRecord.commitVisibility:6709 
04-15 13:57:40.017  1182  2712 D RestrictionPolicy: isScreenCaptureEnabled : ret=true userId=0
04-15 13:57:40.017  1182  2712 I WindowManager: Attempted to take screenshot while display was off.
04-15 13:57:40.017  1182  2712 D ActivityTaskManager: scheduleTopResumedActivityChanged, onTop=false, r=ActivityRecord{ecf5083 u0 com.henza.accountingv2/.MainActivity t11}, caller=com.android.server.wm.ActivityTaskSupervisor.updateTopResumedActivityIfNeeded:2873 com.android.server.wm.TaskFragment.setResumedActivity:581 com.android.server.wm.TaskFragment.onActivityStateChanged:890 com.android.server.wm.ActivityRecord.setState:6892 com.android.server.wm.TaskFragment.startPausing:2014 com.android.server.wm.TaskFragment.startPausing:1958 
04-15 13:57:40.017 24704 24792 W unknown:ViewManagerPropertyUpdater: Could not find generated setter for class com.horcrux.svg.RenderableViewManager$TextViewManager
04-15 13:57:40.019   802   837 I HYPER-HAL: [RequestManager.cpp]acquire(): Acquired ID : 481846  [806 / 175]    HINT :      list : [TID_LOW_LATENCY / 1] [TID / 24795] [TID / 24796] [TID / 24704] [TID / 24761] 
04-15 13:57:40.019 24704 24704 D FirebaseSessions: App foregrounded on com.henza.accountingv2
04-15 13:57:40.019  8941  8998 I ANGLE   : Version (24.2.2 git hash: 70fb3bd46d79), Renderer (ANGLE (Samsung Xclipse 940) on Vulkan 1.3.279)
04-15 13:57:40.020 24704 24704 W unknown:BridgelessReact: ReactHost{0}.onHostResume(activity)
04-15 13:57:40.020 24704 24704 W unknown:BridgelessReact: ReactHost{0}.ReactContext.onHostResume()
04-15 13:57:40.020   802   837 I HYPER-HAL: [RequestManager.cpp]acquire(): Acquired ID : 481846  [806 / 175]    HINT :      list : [TID_LOW_LATENCY / 0] [TID / 24795] [TID / 24796] [TID / 24704] [TID / 24761] 
04-15 13:57:40.021 28046 28080 I SAMSUNGWALLET: [Hint_ProcessStatusChange] fg Change, pid : 8941 , isNotify : true , isForeground : false , fg list : [24704]
04-15 13:57:40.021 24704 24704 I ViewRootImpl@1ec25fb[MainActivity]: handleAppVisibility mAppVisible = false visible = true
04-15 13:57:40.022 24704 24792 W unknown:ViewManagerPropertyUpdater: Could not find generated setter for class com.horcrux.svg.RenderableViewManager$ImageViewManager
04-15 13:57:40.022  1182 10223 D ActivityTaskManager: Top Process State changed to PROCESS_STATE_TOP_SLEEPING#2
04-15 13:57:40.023  1182  1239 D SGM:FgCheckThread: notePauseComponent(), received pkgName: com.samsung.rtlassistant, userId: 0
04-15 13:57:40.023 28046 28046 I SAMSUNGWALLET: [Hint_IntroHintService] Hint Status - already invisible, skip hide : [4000003] - Disable on keyguard
04-15 13:57:40.023  1182  1551 I CocktailBarManagerServiceContainer: handleMessage: entry what = 6
04-15 13:57:40.024  2296 24232 I HoneySpace.RecentTasks: onRecentTasksChanged
04-15 13:57:40.024  2296  2604 I HoneySpace.TopTaskSource: onTaskMovedToFront : taskId = 11
04-15 13:57:40.024  2296  2606 I HoneySpace.TopTaskUseCase: topTasks 11 ComponentInfo{com.henza.accountingv2/com.henza.accountingv2.MainActivity}
04-15 13:57:40.025  1182  1237 D PkgPredictorService-SecIpmManagerServiceImpl: bg information pid:8941 uid:1000 pkgName:com.samsung.rtlassistant
04-15 13:57:40.025  2296  2604 I HoneySpace.TopTaskSource: onTaskFocusChanged(): taskId = 11
04-15 13:57:40.025 24704 24792 W unknown:ViewManagerPropertyUpdater: Could not find generated setter for class com.horcrux.svg.RenderableViewManager$FeCompositeManager
04-15 13:57:40.026  2296  2604 I HoneySpace.TopTaskSource: onTaskMovedToFront : taskId = 11
04-15 13:57:40.026  2296  2604 I HoneySpace.TopTaskSource: onTaskFocusChanged(): taskId = 11
04-15 13:57:40.026  2296  2604 I HoneySpace.TopTaskSource: onTaskMovedToFront : taskId = 11
04-15 13:57:40.028  1182  1239 D EnterpriseDeviceManagerService: isMdmAdminPresentInternal() : MDM Admin Found - com.samsung.rtlassistant
04-15 13:57:40.028  1182  1239 D SGM:FgCheckThread: noteResumeComponent(), received pkgName: com.henza.accountingv2, userId: 0
04-15 13:57:40.028  1182  1433 D SGM:FgCheckThread: onLooperPrepared(), msg: MSG_APP_RESUME, pkgName: com.henza.accountingv2, userid: 0
04-15 13:57:40.028  1182  1433 D SGM:FgCheckThread: handleResume().
04-15 13:57:40.028  1182  1239 I GameSDK@LifeCycle: noteResumeComponent(): package name  : com.henza.accountingv2
04-15 13:57:40.028  1182  1433 D SGM:SystemHelper: callReleaseBlock needReleaseBlock:false
04-15 13:57:40.028  1182  1433 D SGM:FgCheckThread:   handleResume(). device is locked yet. ignore
04-15 13:57:40.028  1182  1551 I CocktailBarManagerServiceContainer: handleMessage: entry what = 5
04-15 13:57:40.029  2296  2296 I Edge.ActivityUtils: HomePackage : com.sec.android.app.launcher, resumePackageName : com.henza.accountingv2
04-15 13:57:40.029  3517  4582 I SDHMS:l : handleResumeComponent : put = com.henza.accountingv2, userid = 0 instanceid =104393273
04-15 13:57:40.030 24704 24792 W unknown:ViewManagerPropertyUpdater: Could not find generated setter for class com.facebook.react.views.image.ReactImageManager
04-15 13:57:40.030  1182  4164 D WindowManager: takeScreenshotToTargetWindow: display=0, target=0, containsTarget=false, crop=Rect(0, 0 - 0, 0), w=540, h=1170, useIdentityTransform=true, ignorePolicy=false, caller=com.android.server.wm.WmScreenshotController.takeScreenshotToTargetWindow:653 com.android.server.wm.WindowManagerService.takeScreenshotToTargetWindowFromCapture:10842 com.android.server.wm.WindowManagerService.takeScreenshotToTargetWindow:10821 
04-15 13:57:40.030  1182  4164 D RestrictionPolicy: isScreenCaptureEnabled : ret=true userId=0
04-15 13:57:40.030  1182  4164 D RestrictionPolicy: isScreenCaptureEnabled : ret=true userId=0
04-15 13:57:40.030  1182  4164 D RestrictionPolicy: isScreenCaptureEnabled : ret=true userId=0
04-15 13:57:40.030  1182  4164 D WindowManager: takeScreenshotToTargetWindow: targetSurface=null, sourceCrop=Rect(0, 0 - 0, 0)
04-15 13:57:40.031  2296 24232 I HoneySpace.RecentTasks: onRecentTasksChanged
04-15 13:57:40.031  2296  2296 I HoneySpace.TaskListViewModel: onTaskRemoved : 12
04-15 13:57:40.031  2296  2296 I HoneySpace.TaskListPot: taskRemoveId, taskId = 12
04-15 13:57:40.031   893   893 I Layer   : id=241 removeFromCurrentState ActivityRecord{7a03849 u0 com.samsung.rtlassistant/.HeartbeatActivity t12}#241 (111)
04-15 13:57:40.031   893   893 I Layer   : id=240 removeFromCurrentState Task=12#240 (111)
04-15 13:57:40.032   893   893 I SurfaceFlinger: id=240 Removed Task=12#240 (111)
04-15 13:57:40.032   893   893 I SurfaceFlinger: id=241 Removed ActivityRecord{7a03849 u0 com.samsung.rtlassistant/.HeartbeatActivity t12}#241 (111)
04-15 13:57:40.032   893   934 D RenderEngine: [SEC_GC_CMN_SF_EFFECTS] drawLayersInternal,1296, Rendering layer  at index 0
04-15 13:57:40.032  2296  2296 I HoneySpace.BaseRecentsView: INVALID_TASK_POSITION 12
04-15 13:57:40.032  2296  2296 I HoneySpace.TaskListViewModel: onTaskRemoved : 12
04-15 13:57:40.032  2296  2296 I HoneySpace.TaskListPot: taskRemoveId, taskId = 12
04-15 13:57:40.032  2296  2296 I HoneySpace.BaseRecentsView: INVALID_TASK_POSITION 12
04-15 13:57:40.032  2296  2604 I HoneySpace.TopTaskSource: onTaskRemoved: 12
04-15 13:57:40.033  2296  2604 I HoneySpace.TopTaskSource: onTaskRemoved: 12
04-15 13:57:40.033 24704 24792 W unknown:ViewManagerPropertyUpdater: Could not find generated setter for class com.horcrux.svg.RenderableViewManager$RadialGradientManager
04-15 13:57:40.034  1182  2712 V WindowManager: Relayout Window{12e56ec u0 com.henza.accountingv2/com.henza.accountingv2.MainActivity}: viewVisibility=0 req=1080x2340 ty=1 d0
04-15 13:57:40.034  1182  4164 D WindowManager: takeScreenshotToTargetWindow, bitmap=android.graphics.Bitmap@620a2ae, failedReason=, caller=com.android.server.wm.WindowManagerService.takeScreenshotToTargetWindowFromCapture:10842 com.android.server.wm.WindowManagerService.takeScreenshotToTargetWindow:10821 android.view.IWindowManager$Stub.onTransact:3612 com.android.server.wm.WindowManagerService.onTransact:1543 android.os.Binder.execTransactInternal:1375 android.os.Binder.execTransact:1311 
04-15 13:57:40.035  1182  2712 V WindowManager: Relayout hash=12e56ec, pid=24704, syncId=-1: mAttrs={(0,0)(fillxfill) sim={adjust=resize} layoutInDisplayCutoutMode=always ty=BASE_APPLICATION wanim=0x1030303
04-15 13:57:40.035  1182  2712 V WindowManager:   fl=81810100
04-15 13:57:40.035  1182  2712 V WindowManager:   pfl=16008040
04-15 13:57:40.035  1182  2712 V WindowManager:   vsysui=110
04-15 13:57:40.035  1182  2712 V WindowManager:   apr=LIGHT_NAVIGATION_BARS
04-15 13:57:40.035  1182  2712 V WindowManager:   bhv=DEFAULT
04-15 13:57:40.035  1182  2712 V WindowManager:   fitSides= naviIconColor=0}
04-15 13:57:40.036 24704 24704 I ViewRootImpl@1ec25fb[MainActivity]: Relayout returned: old=(0,0,1080,2340) new=(0,0,1080,2340) relayoutAsync=false req=(1080,2340)0 dur=1 res=0x400 s={false 0x0} ch=false seqId=0
04-15 13:57:40.037 24704 24761 D OpenGLRenderer: CacheManager::trimMemory(20)
04-15 13:57:40.037 24704 24704 I ViewRootImpl@1ec25fb[MainActivity]: handleAppVisibility mAppVisible = true visible = false
04-15 13:57:40.037 24704 24792 W unknown:ViewManagerPropertyUpdater: Could not find generated setter for class com.horcrux.svg.RenderableViewManager$MaskManager
04-15 13:57:40.037 24704 24704 D FirebaseSessions: App backgrounded on com.henza.accountingv2
04-15 13:57:40.038 24704 24704 W unknown:BridgelessReact: ReactHost{0}.onHostPause(activity)
04-15 13:57:40.038 24704 24704 W unknown:BridgelessReact: ReactHost{0}.ReactContext.onHostPause()
04-15 13:57:40.039  1182  1239 D SGM:FgCheckThread: notePauseComponent(), received pkgName: com.henza.accountingv2, userId: 0
04-15 13:57:40.039  1182  1551 I CocktailBarManagerServiceContainer: handleMessage: entry what = 6
04-15 13:57:40.041 24704 24792 W unknown:ViewManagerPropertyUpdater: Could not find generated setter for class com.facebook.react.views.unimplementedview.ReactUnimplementedViewManager
04-15 13:57:40.044 24704 24792 W unknown:ViewManagerPropertyUpdater: Could not find generated setter for class com.horcrux.svg.RenderableViewManager$RectViewManager
04-15 13:57:40.048   893   893 I Layer   : id=241 Destroyed ActivityRecord{7a03849 u0 com.samsung.rtlassistant/.HeartbeatActivity t12}#241
04-15 13:57:40.048   893   893 I Layer   : id=240 Destroyed Task=12#240
04-15 13:57:40.048 24704 24792 W unknown:ViewManagerPropertyUpdater: Could not find generated setter for class com.horcrux.svg.RenderableViewManager$TextPathViewManager
04-15 13:57:40.050 24704 24704 I ViewRootImpl@1ec25fb[MainActivity]: destroyHardwareResources: Callers=android.view.ViewRootImpl.performTraversals:3989 android.view.ViewRootImpl.doTraversal:3345 android.view.ViewRootImpl$TraversalRunnable.run:11437 android.view.Choreographer$CallbackRecord.run:1690 android.view.Choreographer$CallbackRecord.run:1699 android.view.Choreographer.doCallbacks:1154 android.view.Choreographer.doFrame:1080 android.view.Choreographer$FrameDisplayEventReceiver.run:1647 android.os.Handler.handleCallback:958 android.os.Handler.dispatchMessage:99 
04-15 13:57:40.050 24704 24761 D OpenGLRenderer: CacheManager::trimMemory(20)
04-15 13:57:40.051  1182  2712 V WindowManager: Relayout Window{12e56ec u0 com.henza.accountingv2/com.henza.accountingv2.MainActivity}: viewVisibility=8 req=1080x2340 ty=1 d0
04-15 13:57:40.051   802   837 I HYPER-HAL: [RequestManager.cpp]acquire(): Acquired ID : 481846  [806 / 175]    HINT :      list : [TID_LOW_LATENCY / 0] [TID / 24795] [TID / 24796] [TID / 24704] [TID / 24761] 
04-15 13:57:40.051   802   837 I HYPER-HAL: [RequestManager.cpp]acquire(): Acquired ID : 482829  [806 / 176]    HINT :      list : [UCLAMP_MIN_BOOST / 0] [TID / 24795] [TID / 24796] [TID / 24704] [TID / 24761] 
04-15 13:57:40.051   802   837 I HYPER-HAL: [RequestManager.cpp]releaseLocked(): Released ID : 481846
04-15 13:57:40.051   802   837 I HYPER-HAL: [RequestManager.cpp]releaseLocked(): Released ID : 482829
04-15 13:57:40.052  1182  2712 V WindowManager: Relayout hash=12e56ec, pid=24704, syncId=-1: mAttrs={(0,0)(fillxfill) sim={adjust=resize} layoutInDisplayCutoutMode=always ty=BASE_APPLICATION wanim=0x1030303
04-15 13:57:40.052  1182  2712 V WindowManager:   fl=81810100
04-15 13:57:40.052  1182  2712 V WindowManager:   pfl=16008040
04-15 13:57:40.052  1182  2712 V WindowManager:   vsysui=110
04-15 13:57:40.052  1182  2712 V WindowManager:   apr=LIGHT_NAVIGATION_BARS
04-15 13:57:40.052  1182  2712 V WindowManager:   bhv=DEFAULT
04-15 13:57:40.052  1182  2712 V WindowManager:   fitSides= naviIconColor=0}
04-15 13:57:40.052 24704 24704 I ViewRootImpl@1ec25fb[MainActivity]: Relayout returned: old=(0,0,1080,2340) new=(0,0,1080,2340) relayoutAsync=false req=(1080,2340)8 dur=2 res=0x400 s={false 0x0} ch=false seqId=0
04-15 13:57:40.053 24704 24704 I ViewRootImpl@1ec25fb[MainActivity]: stopped(true) old = false
04-15 13:57:40.053 24704 24704 D ViewRootImpl@1ec25fb[MainActivity]: WindowStopped on com.henza.accountingv2/com.henza.accountingv2.MainActivity set to true
04-15 13:57:40.053 24704 24761 D OpenGLRenderer: CacheManager::trimMemory(20)
04-15 13:57:40.053 24704 24792 W unknown:ViewManagerPropertyUpdater: Could not find generated setter for class com.facebook.react.views.scroll.ReactScrollViewManager
04-15 13:57:40.055   802   837 I HYPER-HAL: [RequestManager.cpp]acquire(): Acquired ID : 483813  [806 / 177]    HINT :      list : [TID_LOW_LATENCY / 1] [TID / 24795] [TID / 24796] [TID / 24704] [TID / 24761] 
04-15 13:57:40.055   802   837 I HYPER-HAL: [RequestManager.cpp]acquire(): Acquired ID : 483813  [806 / 177]    HINT :      list : [TID_LOW_LATENCY / 0] [TID / 24795] [TID / 24796] [TID / 24704] [TID / 24761] 
04-15 13:57:40.058 24704 24792 W unknown:ViewManagerPropertyUpdater: Could not find generated setter for class com.horcrux.svg.RenderableViewManager$FeOffsetManager
04-15 13:57:40.060  1182  2712 D WindowManager: takeScreenshotToTargetWindow: display=0, target=0, containsTarget=false, crop=Rect(0, 0 - 0, 0), w=540, h=1170, useIdentityTransform=true, ignorePolicy=false, caller=com.android.server.wm.WmScreenshotController.takeScreenshotToTargetWindow:653 com.android.server.wm.WindowManagerService.takeScreenshotToTargetWindowFromCapture:10842 com.android.server.wm.WindowManagerService.takeScreenshotToTargetWindow:10821 
04-15 13:57:40.060  1182  2712 D RestrictionPolicy: isScreenCaptureEnabled : ret=true userId=0
04-15 13:57:40.060  1182  2712 D RestrictionPolicy: isScreenCaptureEnabled : ret=true userId=0
04-15 13:57:40.060  1182  2712 D RestrictionPolicy: isScreenCaptureEnabled : ret=true userId=0
04-15 13:57:40.060  1182  2712 D WindowManager: takeScreenshotToTargetWindow: targetSurface=null, sourceCrop=Rect(0, 0 - 0, 0)
04-15 13:57:40.060 24704 24792 W unknown:ViewManagerPropertyUpdater: Could not find generated setter for class com.horcrux.svg.RenderableViewManager$PathViewManager
04-15 13:57:40.062   893   934 D RenderEngine: [SEC_GC_CMN_SF_EFFECTS] drawLayersInternal,1296, Rendering layer  at index 0
04-15 13:57:40.064  1182  2712 D WindowManager: takeScreenshotToTargetWindow, bitmap=android.graphics.Bitmap@7377bdc, failedReason=, caller=com.android.server.wm.WindowManagerService.takeScreenshotToTargetWindowFromCapture:10842 com.android.server.wm.WindowManagerService.takeScreenshotToTargetWindow:10821 android.view.IWindowManager$Stub.onTransact:3612 com.android.server.wm.WindowManagerService.onTransact:1543 android.os.Binder.execTransactInternal:1375 android.os.Binder.execTransact:1311 
04-15 13:57:40.065 24704 24792 W unknown:ViewManagerPropertyUpdater: Could not find generated setter for class com.facebook.react.views.drawer.ReactDrawerLayoutManager
04-15 13:57:40.069 24704 24792 W unknown:ViewManagerPropertyUpdater: Could not find generated setter for class com.facebook.react.views.swiperefresh.SwipeRefreshLayoutManager
04-15 13:57:40.076 24704 24792 W unknown:ViewManagerPropertyUpdater: Could not find generated setter for class com.facebook.react.views.textinput.ReactTextInputManager
04-15 13:57:40.077 24704 24792 W unknown:ViewManagerPropertyUpdater: Could not find generated setter for class com.facebook.react.views.textinput.ReactTextInputShadowNode
04-15 13:57:40.086 24704 24792 V AsyncStorageExpoMigration: No scoped database found
04-15 13:57:40.091  1182  2712 D WindowManager: takeScreenshotToTargetWindow: display=0, target=0, containsTarget=false, crop=Rect(0, 0 - 0, 0), w=540, h=1170, useIdentityTransform=true, ignorePolicy=false, caller=com.android.server.wm.WmScreenshotController.takeScreenshotToTargetWindow:653 com.android.server.wm.WindowManagerService.takeScreenshotToTargetWindowFromCapture:10842 com.android.server.wm.WindowManagerService.takeScreenshotToTargetWindow:10821 
04-15 13:57:40.091  1182  2712 D RestrictionPolicy: isScreenCaptureEnabled : ret=true userId=0
04-15 13:57:40.091  1182  2712 D RestrictionPolicy: isScreenCaptureEnabled : ret=true userId=0
04-15 13:57:40.091  1182  2712 D RestrictionPolicy: isScreenCaptureEnabled : ret=true userId=0
04-15 13:57:40.091  1182  2712 D WindowManager: takeScreenshotToTargetWindow: targetSurface=null, sourceCrop=Rect(0, 0 - 0, 0)
04-15 13:57:40.093   893   934 D RenderEngine: [SEC_GC_CMN_SF_EFFECTS] drawLayersInternal,1296, Rendering layer  at index 0
04-15 13:57:40.095  1182  2712 D WindowManager: takeScreenshotToTargetWindow, bitmap=android.graphics.Bitmap@284f4e5, failedReason=, caller=com.android.server.wm.WindowManagerService.takeScreenshotToTargetWindowFromCapture:10842 com.android.server.wm.WindowManagerService.takeScreenshotToTargetWindow:10821 android.view.IWindowManager$Stub.onTransact:3612 com.android.server.wm.WindowManagerService.onTransact:1543 android.os.Binder.execTransactInternal:1375 android.os.Binder.execTransact:1311 
04-15 13:57:40.118  3517  4582 I SDHMS:l : onTaskStackChanged
04-15 13:57:40.118  3517  4061 I SDHMS:l : no app is Resumed!!! mResumedPackages.size = 0
04-15 13:57:40.119  2296 24232 I HoneySpace.RecentTasks: onRecentTasksChanged
04-15 13:57:40.125  1182  4164 D WindowManager: takeScreenshotToTargetWindow: display=0, target=0, containsTarget=false, crop=Rect(0, 0 - 0, 0), w=540, h=1170, useIdentityTransform=true, ignorePolicy=false, caller=com.android.server.wm.WmScreenshotController.takeScreenshotToTargetWindow:653 com.android.server.wm.WindowManagerService.takeScreenshotToTargetWindowFromCapture:10842 com.android.server.wm.WindowManagerService.takeScreenshotToTargetWindow:10821 
04-15 13:57:40.125  1182  4164 D RestrictionPolicy: isScreenCaptureEnabled : ret=true userId=0
04-15 13:57:40.125  1182  4164 D RestrictionPolicy: isScreenCaptureEnabled : ret=true userId=0
04-15 13:57:40.125  1182  4164 D RestrictionPolicy: isScreenCaptureEnabled : ret=true userId=0
04-15 13:57:40.125  1182  4164 D WindowManager: takeScreenshotToTargetWindow: targetSurface=null, sourceCrop=Rect(0, 0 - 0, 0)
04-15 13:57:40.127   893   934 D RenderEngine: [SEC_GC_CMN_SF_EFFECTS] drawLayersInternal,1296, Rendering layer  at index 0
04-15 13:57:40.130  1182  4164 D WindowManager: takeScreenshotToTargetWindow, bitmap=android.graphics.Bitmap@aa04a6b, failedReason=, caller=com.android.server.wm.WindowManagerService.takeScreenshotToTargetWindowFromCapture:10842 com.android.server.wm.WindowManagerService.takeScreenshotToTargetWindow:10821 android.view.IWindowManager$Stub.onTransact:3612 com.android.server.wm.WindowManagerService.onTransact:1543 android.os.Binder.execTransactInternal:1375 android.os.Binder.execTransact:1311 
04-15 13:57:40.155  1182  1510 D MdnieScenarioControlService:  packageName : com.henza.accountingv2    className : com.henza.accountingv2.MainActivity
04-15 13:57:40.155  1182  1510 V MdnieScenarioControlService: setUIMode from UI function(3)
04-15 13:57:40.165  1182  4164 D WindowManager: takeScreenshotToTargetWindow: display=0, target=0, containsTarget=false, crop=Rect(0, 0 - 0, 0), w=540, h=1170, useIdentityTransform=true, ignorePolicy=false, caller=com.android.server.wm.WmScreenshotController.takeScreenshotToTargetWindow:653 com.android.server.wm.WindowManagerService.takeScreenshotToTargetWindowFromCapture:10842 com.android.server.wm.WindowManagerService.takeScreenshotToTargetWindow:10821 
04-15 13:57:40.166  1182  4164 D RestrictionPolicy: isScreenCaptureEnabled : ret=true userId=0
04-15 13:57:40.166  1182  4164 D RestrictionPolicy: isScreenCaptureEnabled : ret=true userId=0
04-15 13:57:40.166  1182  4164 D RestrictionPolicy: isScreenCaptureEnabled : ret=true userId=0
04-15 13:57:40.166  1182  4164 D WindowManager: takeScreenshotToTargetWindow: targetSurface=null, sourceCrop=Rect(0, 0 - 0, 0)
04-15 13:57:40.169   893   934 D RenderEngine: [SEC_GC_CMN_SF_EFFECTS] drawLayersInternal,1296, Rendering layer  at index 0
04-15 13:57:40.171  1182  4164 D WindowManager: takeScreenshotToTargetWindow, bitmap=android.graphics.Bitmap@6ae79c8, failedReason=, caller=com.android.server.wm.WindowManagerService.takeScreenshotToTargetWindowFromCapture:10842 com.android.server.wm.WindowManagerService.takeScreenshotToTargetWindow:10821 android.view.IWindowManager$Stub.onTransact:3612 com.android.server.wm.WindowManagerService.onTransact:1543 android.os.Binder.execTransactInternal:1375 android.os.Binder.execTransact:1311 
04-15 13:57:40.206  1182  4164 D WindowManager: takeScreenshotToTargetWindow: display=0, target=0, containsTarget=false, crop=Rect(0, 0 - 0, 0), w=540, h=1170, useIdentityTransform=true, ignorePolicy=false, caller=com.android.server.wm.WmScreenshotController.takeScreenshotToTargetWindow:653 com.android.server.wm.WindowManagerService.takeScreenshotToTargetWindowFromCapture:10842 com.android.server.wm.WindowManagerService.takeScreenshotToTargetWindow:10821 
04-15 13:57:40.206  1182  4164 D RestrictionPolicy: isScreenCaptureEnabled : ret=true userId=0
04-15 13:57:40.206  1182  4164 D RestrictionPolicy: isScreenCaptureEnabled : ret=true userId=0
04-15 13:57:40.206  1182  4164 D RestrictionPolicy: isScreenCaptureEnabled : ret=true userId=0
04-15 13:57:40.206  1182  4164 D WindowManager: takeScreenshotToTargetWindow: targetSurface=null, sourceCrop=Rect(0, 0 - 0, 0)
04-15 13:57:40.209   893   934 D RenderEngine: [SEC_GC_CMN_SF_EFFECTS] drawLayersInternal,1296, Rendering layer  at index 0
04-15 13:57:40.211  1182  4164 D WindowManager: takeScreenshotToTargetWindow, bitmap=android.graphics.Bitmap@a14fa61, failedReason=, caller=com.android.server.wm.WindowManagerService.takeScreenshotToTargetWindowFromCapture:10842 com.android.server.wm.WindowManagerService.takeScreenshotToTargetWindow:10821 android.view.IWindowManager$Stub.onTransact:3612 com.android.server.wm.WindowManagerService.onTransact:1543 android.os.Binder.execTransactInternal:1375 android.os.Binder.execTransact:1311 
04-15 13:57:40.249  1182  4164 D WindowManager: takeScreenshotToTargetWindow: display=0, target=0, containsTarget=false, crop=Rect(0, 0 - 0, 0), w=540, h=1170, useIdentityTransform=true, ignorePolicy=false, caller=com.android.server.wm.WmScreenshotController.takeScreenshotToTargetWindow:653 com.android.server.wm.WindowManagerService.takeScreenshotToTargetWindowFromCapture:10842 com.android.server.wm.WindowManagerService.takeScreenshotToTargetWindow:10821 
04-15 13:57:40.249  1182  4164 D RestrictionPolicy: isScreenCaptureEnabled : ret=true userId=0
04-15 13:57:40.249  1182  4164 D RestrictionPolicy: isScreenCaptureEnabled : ret=true userId=0
04-15 13:57:40.249  1182  4164 D RestrictionPolicy: isScreenCaptureEnabled : ret=true userId=0
04-15 13:57:40.249  1182  4164 D WindowManager: takeScreenshotToTargetWindow: targetSurface=null, sourceCrop=Rect(0, 0 - 0, 0)
04-15 13:57:40.252   893   934 D RenderEngine: [SEC_GC_CMN_SF_EFFECTS] drawLayersInternal,1296, Rendering layer  at index 0
04-15 13:57:40.254  1182  4164 D WindowManager: takeScreenshotToTargetWindow, bitmap=android.graphics.Bitmap@73e5986, failedReason=, caller=com.android.server.wm.WindowManagerService.takeScreenshotToTargetWindowFromCapture:10842 com.android.server.wm.WindowManagerService.takeScreenshotToTargetWindow:10821 android.view.IWindowManager$Stub.onTransact:3612 com.android.server.wm.WindowManagerService.onTransact:1543 android.os.Binder.execTransactInternal:1375 android.os.Binder.execTransact:1311 
04-15 13:57:40.256  1182  1510 V MdnieScenarioControlService: mAclOffEnabled : false
