04-15 08:37:10.096  1189 10188 D WindowManager: takeScreenshotToTargetWindow: display=0, target=0, containsTarget=false, crop=Rect(0, 0 - 0, 0), w=540, h=1170, useIdentityTransform=true, ignorePolicy=false, caller=com.android.server.wm.WindowManagerService.takeScreenshotToTargetWindowFromCapture:53 com.android.server.wm.WindowManagerService.takeScreenshotToTargetWindow:14 android.view.IWindowManager$Stub.onTransact:3954 
04-15 08:37:10.097 24683 24683 D nativeloader: Load libframework-connectivity-tiramisu-jni.so using APEX ns com_android_tethering for caller /apex/com.android.tethering/javalib/framework-connectivity-t.jar: ok
04-15 08:37:10.097  1189 10188 D RestrictionPolicy: isScreenCaptureEnabled : ret=true userId=0
04-15 08:37:10.097  1189 10188 D RestrictionPolicy: isScreenCaptureEnabled : ret=true userId=0
04-15 08:37:10.097  1189 10188 D RestrictionPolicy: isScreenCaptureEnabled : ret=true userId=0
04-15 08:37:10.097  1189 10188 D WindowManager: takeScreenshotToTargetWindow: targetSurface=null, sourceCrop=Rect(0, 0 - 0, 0)
04-15 08:37:10.099 24683 24683 D ActivityThread: setConscryptValidator
04-15 08:37:10.099 24683 24683 D ActivityThread: setConscryptValidator - put
04-15 08:37:10.100   869   944 D RenderEngine: [SEC_SF_EFFECTS] drawLayersInternal,1313, Rendering layer  at index 0
04-15 08:37:10.102  1189 10188 D WindowManager: takeScreenshotToTargetWindow, bitmap=android.graphics.Bitmap@d8944e5, failedReason=, caller=com.android.server.wm.WindowManagerService.takeScreenshotToTargetWindowFromCapture:53 com.android.server.wm.WindowManagerService.takeScreenshotToTargetWindow:14 android.view.IWindowManager$Stub.onTransact:3954 com.android.server.wm.WindowManagerService.onTransact:1 android.os.Binder.execTransactInternal:1536 android.os.Binder.execTransact:1480 
04-15 08:37:10.103  1189  3930 I ActivityManager: Changes in 10337 20 to 19, 0 to 127
04-15 08:37:10.104  1189  1264 D PkgPredictorService-SecIpmManagerServiceImpl: onForegroundActivitiesChanged pid:24683 uid:10337
04-15 08:37:10.104  1189  3403 V PkgPredictorService-SecIpmManagerServiceImpl: discard foreground app:com.henza.accountingv2 0|false
04-15 08:37:10.106  1189  1826 V NetworkPolicy: getFirewallRuleWifi UID:10337 policy:0
04-15 08:37:10.108  1189  3930 W UserManagerService: Requested status bar icon for non-badged user 0
04-15 08:37:10.109 24683 24683 D nativeloader: Configuring clns-7 for other apk /system/framework/sec_camerax_impl.jar. target_sdk_version=35, uses_libraries=ALL, library_path=/data/app/~~dQbYQ7iV01t84p7RCjm6lA==/com.henza.accountingv2-o7TCBOh5xkovCQoozEheQg==/lib/arm64:/data/app/~~dQbYQ7iV01t84p7RCjm6lA==/com.henza.accountingv2-o7TCBOh5xkovCQoozEheQg==/base.apk!/lib/arm64-v8a, permitted_path=/data:/mnt/expand:/data/user/0/com.henza.accountingv2
04-15 08:37:10.109 24683 24683 D nativeloader: Extending system_exposed_libraries: libhumantracking.arcsoft.so:libface_recognition.arcsoft.so:libpic_best.arcsoft.so:libPortraitDistortionCorrection.arcsoft.so:libPortraitDistortionCorrectionCali.arcsoft.so:libface_landmark.arcsoft.so:libFacialStickerEngine.arcsoft.so:libfrtracking_engine.arcsoft.so:libFaceRecognition.arcsoft.so:libveengine.arcsoft.so:lib_pet_detection.arcsoft.so:libae_bracket_hdr.arcsoft.so:libdigital_tele_scope.arcsoft.so:libdigital_tele_scope_rawsr.arcsoft.so:libsf_tetra_enhance.arcsoft.so:libmf_bayer_enhance.arcsoft.so:libhybrid_high_dynamic_range.arcsoft.so:libimage_enhancement.arcsoft.so:libobjectcapture_jni.arcsoft.so:libobjectcapture.arcsoft.so:libFacialAttributeDetection.arcsoft.so:libmultisourceseparator.audio.samsung.so:libaudiomirroring_jni.audiomirroring.samsung.so:libBeauty_v4.camera.samsung.so:libexifa.camera.samsung.so:libjpega.camera.samsung.so:libOpenCv.camera.samsung.so:libaifrcInterface.camera.samsung.so:libC2paDps.camera.samsung.so:libVideoClassifier.camera.samsung.so:l
04-15 08:37:10.110 24683 24683 W ziparchive: Unable to open '/data/app/~~dQbYQ7iV01t84p7RCjm6lA==/com.henza.accountingv2-o7TCBOh5xkovCQoozEheQg==/base.dm': No such file or directory
04-15 08:37:10.110 24683 24683 W ziparchive: Unable to open '/data/app/~~dQbYQ7iV01t84p7RCjm6lA==/com.henza.accountingv2-o7TCBOh5xkovCQoozEheQg==/base.dm': No such file or directory
04-15 08:37:10.132  1189 10188 D WindowManager: takeScreenshotToTargetWindow: display=0, target=0, containsTarget=false, crop=Rect(0, 0 - 0, 0), w=540, h=1170, useIdentityTransform=true, ignorePolicy=false, caller=com.android.server.wm.WindowManagerService.takeScreenshotToTargetWindowFromCapture:53 com.android.server.wm.WindowManagerService.takeScreenshotToTargetWindow:14 android.view.IWindowManager$Stub.onTransact:3954 
04-15 08:37:10.132  1189 10188 D RestrictionPolicy: isScreenCaptureEnabled : ret=true userId=0
04-15 08:37:10.132  1189 10188 D RestrictionPolicy: isScreenCaptureEnabled : ret=true userId=0
04-15 08:37:10.132  1189 10188 D RestrictionPolicy: isScreenCaptureEnabled : ret=true userId=0
04-15 08:37:10.132  1189 10188 D WindowManager: takeScreenshotToTargetWindow: targetSurface=null, sourceCrop=Rect(0, 0 - 0, 0)
04-15 08:37:10.135   869   944 D RenderEngine: [SEC_SF_EFFECTS] drawLayersInternal,1313, Rendering layer  at index 0
04-15 08:37:10.138  1189 10188 D WindowManager: takeScreenshotToTargetWindow, bitmap=android.graphics.Bitmap@7851a6b, failedReason=, caller=com.android.server.wm.WindowManagerService.takeScreenshotToTargetWindowFromCapture:53 com.android.server.wm.WindowManagerService.takeScreenshotToTargetWindow:14 android.view.IWindowManager$Stub.onTransact:3954 com.android.server.wm.WindowManagerService.onTransact:1 android.os.Binder.execTransactInternal:1536 android.os.Binder.execTransact:1480 
04-15 08:37:10.166  1189 10188 D WindowManager: takeScreenshotToTargetWindow: display=0, target=0, containsTarget=false, crop=Rect(0, 0 - 0, 0), w=540, h=1170, useIdentityTransform=true, ignorePolicy=false, caller=com.android.server.wm.WindowManagerService.takeScreenshotToTargetWindowFromCapture:53 com.android.server.wm.WindowManagerService.takeScreenshotToTargetWindow:14 android.view.IWindowManager$Stub.onTransact:3954 
04-15 08:37:10.167  1189 10188 D RestrictionPolicy: isScreenCaptureEnabled : ret=true userId=0
04-15 08:37:10.167  1189 10188 D RestrictionPolicy: isScreenCaptureEnabled : ret=true userId=0
04-15 08:37:10.167  1189 10188 D RestrictionPolicy: isScreenCaptureEnabled : ret=true userId=0
04-15 08:37:10.167  1189 10188 D WindowManager: takeScreenshotToTargetWindow: targetSurface=null, sourceCrop=Rect(0, 0 - 0, 0)
04-15 08:37:10.172   869   944 D RenderEngine: [SEC_SF_EFFECTS] drawLayersInternal,1313, Rendering layer  at index 0
04-15 08:37:10.175  1189 10188 D WindowManager: takeScreenshotToTargetWindow, bitmap=android.graphics.Bitmap@b7b09c8, failedReason=, caller=com.android.server.wm.WindowManagerService.takeScreenshotToTargetWindowFromCapture:53 com.android.server.wm.WindowManagerService.takeScreenshotToTargetWindow:14 android.view.IWindowManager$Stub.onTransact:3954 com.android.server.wm.WindowManagerService.onTransact:1 android.os.Binder.execTransactInternal:1536 android.os.Binder.execTransact:1480 
04-15 08:37:10.204  1189 10188 D WindowManager: takeScreenshotToTargetWindow: display=0, target=0, containsTarget=false, crop=Rect(0, 0 - 0, 0), w=540, h=1170, useIdentityTransform=true, ignorePolicy=false, caller=com.android.server.wm.WindowManagerService.takeScreenshotToTargetWindowFromCapture:53 com.android.server.wm.WindowManagerService.takeScreenshotToTargetWindow:14 android.view.IWindowManager$Stub.onTransact:3954 
04-15 08:37:10.204  1189 10188 D RestrictionPolicy: isScreenCaptureEnabled : ret=true userId=0
04-15 08:37:10.204  1189 10188 D RestrictionPolicy: isScreenCaptureEnabled : ret=true userId=0
04-15 08:37:10.204  1189 10188 D RestrictionPolicy: isScreenCaptureEnabled : ret=true userId=0
04-15 08:37:10.205  1189 10188 D WindowManager: takeScreenshotToTargetWindow: targetSurface=null, sourceCrop=Rect(0, 0 - 0, 0)
04-15 08:37:10.210   869   944 D RenderEngine: [SEC_SF_EFFECTS] drawLayersInternal,1313, Rendering layer  at index 0
04-15 08:37:10.213  1189 10188 D WindowManager: takeScreenshotToTargetWindow, bitmap=android.graphics.Bitmap@90e4a61, failedReason=, caller=com.android.server.wm.WindowManagerService.takeScreenshotToTargetWindowFromCapture:53 com.android.server.wm.WindowManagerService.takeScreenshotToTargetWindow:14 android.view.IWindowManager$Stub.onTransact:3954 com.android.server.wm.WindowManagerService.onTransact:1 android.os.Binder.execTransactInternal:1536 android.os.Binder.execTransact:1480 
04-15 08:37:10.227 24683 24683 D nativeloader: Configuring clns-8 for other apk /data/app/~~dQbYQ7iV01t84p7RCjm6lA==/com.henza.accountingv2-o7TCBOh5xkovCQoozEheQg==/base.apk. target_sdk_version=35, uses_libraries=, library_path=/data/app/~~dQbYQ7iV01t84p7RCjm6lA==/com.henza.accountingv2-o7TCBOh5xkovCQoozEheQg==/lib/arm64:/data/app/~~dQbYQ7iV01t84p7RCjm6lA==/com.henza.accountingv2-o7TCBOh5xkovCQoozEheQg==/base.apk!/lib/arm64-v8a, permitted_path=/data:/mnt/expand:/data/user/0/com.henza.accountingv2
04-15 08:37:10.228 24683 24683 D CompatChangeReporter: Compat change id reported: 202956589; UID 10337; state: ENABLED
04-15 08:37:10.231 24683 24683 V GraphicsEnvironment: Currently set values for:
04-15 08:37:10.231 24683 24683 V GraphicsEnvironment:   angle_gl_driver_selection_pkgs=[]
04-15 08:37:10.231 24683 24683 V GraphicsEnvironment:   angle_gl_driver_selection_values=[]
04-15 08:37:10.231 24683 24683 V GraphicsEnvironment: Global.Settings values are invalid: number of packages: 0, number of values: 0
04-15 08:37:10.231 24683 24683 V GraphicsEnvironment: App is not on the allowlist for updatable production driver.
04-15 08:37:10.236  1189  1868 D MdnieScenarioControlService:  packageName : com.henza.accountingv2    className : com.henza.accountingv2.MainActivity
04-15 08:37:10.236  1189  1868 V MdnieScenarioControlService: setUIMode from UI function(3)
04-15 08:37:10.242 24683 24683 D FirebaseSessions: Dependency to CRASHLYTICS added.
04-15 08:37:10.243 24683 24683 I FirebaseApp: Device unlocked: initializing all Firebase APIs for app [DEFAULT]
04-15 08:37:10.248  1189 10188 D WindowManager: takeScreenshotToTargetWindow: display=0, target=0, containsTarget=false, crop=Rect(0, 0 - 0, 0), w=540, h=1170, useIdentityTransform=true, ignorePolicy=false, caller=com.android.server.wm.WindowManagerService.takeScreenshotToTargetWindowFromCapture:53 com.android.server.wm.WindowManagerService.takeScreenshotToTargetWindow:14 android.view.IWindowManager$Stub.onTransact:3954 
04-15 08:37:10.249  1189 10188 D RestrictionPolicy: isScreenCaptureEnabled : ret=true userId=0
04-15 08:37:10.249  1189 10188 D RestrictionPolicy: isScreenCaptureEnabled : ret=true userId=0
04-15 08:37:10.249  1189 10188 D RestrictionPolicy: isScreenCaptureEnabled : ret=true userId=0
04-15 08:37:10.249  1189 10188 D WindowManager: takeScreenshotToTargetWindow: targetSurface=null, sourceCrop=Rect(0, 0 - 0, 0)
04-15 08:37:10.251 24683 24683 D nativeloader: Load /data/app/~~dQbYQ7iV01t84p7RCjm6lA==/com.henza.accountingv2-o7TCBOh5xkovCQoozEheQg==/lib/arm64/libdatastore_shared_counter.so using ns clns-8 from class loader (caller=/data/app/~~dQbYQ7iV01t84p7RCjm6lA==/com.henza.accountingv2-o7TCBOh5xkovCQoozEheQg==/base.apk!classes3.dex): ok
04-15 08:37:10.254   869   944 D RenderEngine: [SEC_SF_EFFECTS] drawLayersInternal,1313, Rendering layer  at index 0
04-15 08:37:10.258  1189 10188 D WindowManager: takeScreenshotToTargetWindow, bitmap=android.graphics.Bitmap@e1afa74, failedReason=, caller=com.android.server.wm.WindowManagerService.takeScreenshotToTargetWindowFromCapture:53 com.android.server.wm.WindowManagerService.takeScreenshotToTargetWindow:14 android.view.IWindowManager$Stub.onTransact:3954 com.android.server.wm.WindowManagerService.onTransact:1 android.os.Binder.execTransactInternal:1536 android.os.Binder.execTransact:1480 
04-15 08:37:10.260 24683 24683 D FirebaseSessions: Initializing Firebase Sessions 3.0.4.
04-15 08:37:10.261 24683 24683 I FirebaseCrashlytics: Initializing Firebase Crashlytics 20.0.4 for com.henza.accountingv2
04-15 08:37:10.261 24683 24696 D CompatChangeReporter: Compat change id reported: 312399441; UID 10337; state: ENABLED
04-15 08:37:10.265 24683 24683 D nativeloader: Load /data/app/~~dQbYQ7iV01t84p7RCjm6lA==/com.henza.accountingv2-o7TCBOh5xkovCQoozEheQg==/lib/arm64/libcrashlytics.so using ns clns-8 from class loader (caller=/data/app/~~dQbYQ7iV01t84p7RCjm6lA==/com.henza.accountingv2-o7TCBOh5xkovCQoozEheQg==/base.apk!classes3.dex): ok
04-15 08:37:10.266 24683 24683 D FirebaseSessions: Subscriber CRASHLYTICS registered.
04-15 08:37:10.266 24683 24702 D FirebaseSessions: No Sessions subscribers. Not listening to lifecycle events.
04-15 08:37:10.273 24683 24697 D FirebaseSessions: Notified CRASHLYTICS of new session 00f0eafd67354050a24aa4af9a489763
04-15 08:37:10.278 24683 24683 I FirebaseInitProvider: FirebaseApp initialization successful
04-15 08:37:10.278 24683 24683 D ReactNativeFirebaseApp: received application context.
04-15 08:37:10.281 24683 24683 D RNFBCrashlyticsInit: isCrashlyticsCollectionEnabled via RNFBMeta: true
04-15 08:37:10.281 24683 24683 D RNFBCrashlyticsInit: isCrashlyticsCollectionEnabled final value: true
04-15 08:37:10.281 24683 24683 I RNFBCrashlyticsInit: initialization successful
04-15 08:37:10.283 24683 24702 D libcrashlytics: Initializing libcrashlytics version 3.2.0
04-15 08:37:10.284  1189  3930 D WindowManager: takeScreenshotToTargetWindow: display=0, target=0, containsTarget=false, crop=Rect(0, 0 - 0, 0), w=540, h=1170, useIdentityTransform=true, ignorePolicy=false, caller=com.android.server.wm.WindowManagerService.takeScreenshotToTargetWindowFromCapture:53 com.android.server.wm.WindowManagerService.takeScreenshotToTargetWindow:14 android.view.IWindowManager$Stub.onTransact:3954 
04-15 08:37:10.284 24683 24702 D libcrashlytics: Initializing native crash handling successful.
04-15 08:37:10.284  1189  3930 D RestrictionPolicy: isScreenCaptureEnabled : ret=true userId=0
04-15 08:37:10.284  1189  3930 D RestrictionPolicy: isScreenCaptureEnabled : ret=true userId=0
04-15 08:37:10.284  1189  3930 D RestrictionPolicy: isScreenCaptureEnabled : ret=true userId=0
04-15 08:37:10.284  1189  3930 D WindowManager: takeScreenshotToTargetWindow: targetSurface=null, sourceCrop=Rect(0, 0 - 0, 0)
04-15 08:37:10.285 24683 24683 D CompatChangeReporter: Compat change id reported: 279646685; UID 10337; state: ENABLED
04-15 08:37:10.287   869   944 D RenderEngine: [SEC_SF_EFFECTS] drawLayersInternal,1313, Rendering layer  at index 0
04-15 08:37:10.287 24683 24683 W SoLoader: Initializing SoLoader: 0
04-15 08:37:10.288 24683 24683 W SoLoader: Recording new base apk path: /data/app/~~dQbYQ7iV01t84p7RCjm6lA==/com.henza.accountingv2-o7TCBOh5xkovCQoozEheQg==/base.apk
04-15 08:37:10.288 24683 24683 W SoLoader: Previously recorded 0 base apk paths.
04-15 08:37:10.288 24683 24683 I SoLoader: Preparing SO source: DirectorySoSource[root = /vendor/lib64 flags = 2]
04-15 08:37:10.289 24683 24683 I SoLoader: Preparing SO source: DirectorySoSource[root = /system/lib64 flags = 2]
04-15 08:37:10.289 24683 24683 I SoLoader: Preparing SO source: ApplicationSoSource[DirectorySoSource[root = /data/app/~~dQbYQ7iV01t84p7RCjm6lA==/com.henza.accountingv2-o7TCBOh5xkovCQoozEheQg==/lib/arm64 flags = 0]]
04-15 08:37:10.289 24683 24683 I SoLoader: Preparing SO source: BackupSoSource[root = /data/data/com.henza.accountingv2/lib-main flags = 1 apks = [/data/app/~~dQbYQ7iV01t84p7RCjm6lA==/com.henza.accountingv2-o7TCBOh5xkovCQoozEheQg==/base.apk]]
04-15 08:37:10.289 24683 24683 I SoLoader: init finish: 4 SO sources prepared
04-15 08:37:10.289 24683 24683 W SoLoader: SoLoader initialized: 0
04-15 08:37:10.290  1189  3930 D WindowManager: takeScreenshotToTargetWindow, bitmap=android.graphics.Bitmap@e7240c, failedReason=, caller=com.android.server.wm.WindowManagerService.takeScreenshotToTargetWindowFromCapture:53 com.android.server.wm.WindowManagerService.takeScreenshotToTargetWindow:14 android.view.IWindowManager$Stub.onTransact:3954 com.android.server.wm.WindowManagerService.onTransact:1 android.os.Binder.execTransactInternal:1536 android.os.Binder.execTransact:1480 
04-15 08:37:10.293 24683 24683 D nativeloader: Load /data/app/~~dQbYQ7iV01t84p7RCjm6lA==/com.henza.accountingv2-o7TCBOh5xkovCQoozEheQg==/lib/arm64/libreactnative.so using ns clns-8 from class loader (caller=/data/app/~~dQbYQ7iV01t84p7RCjm6lA==/com.henza.accountingv2-o7TCBOh5xkovCQoozEheQg==/base.apk!classes2.dex): ok
04-15 08:37:10.293 24683 24683 D jni_lib_merge: Entering merged library JNI_OnLoad.
04-15 08:37:10.293 24683 24683 D jni_lib_merge: Preparing 12 pre-merged libs (including stub)
04-15 08:37:10.293 24683 24683 D jni_lib_merge: Preparing to register libfabricjni_so.  onload_func: 0x71f6cf87f8
04-15 08:37:10.293 24683 24683 D jni_lib_merge: Preparing to register libreact_devsupportjni_so.  onload_func: 0x71f6db2a7c
04-15 08:37:10.293 24683 24683 D jni_lib_merge: Preparing to register libreact_featureflagsjni_so.  onload_func: 0x71f6dcc518
04-15 08:37:10.293 24683 24683 D jni_lib_merge: Preparing to register libreact_newarchdefaults_so.  onload_func: 0x71f6e0d1f8
04-15 08:37:10.293 24683 24683 D jni_lib_merge: Preparing to register libreactnativeblob_so.  onload_func: 0x71f6eacc88
04-15 08:37:10.293 24683 24683 D jni_lib_merge: Preparing to register libreactnativejni_so.  onload_func: 0x71f6ec3548
04-15 08:37:10.293 24683 24683 D jni_lib_merge: Preparing to register libreactnativejni_common_so.  onload_func: 0x71f6ec9e24
04-15 08:37:10.293 24683 24683 D jni_lib_merge: Preparing to register librninstance_so.  onload_func: 0x71f6ee3c50
04-15 08:37:10.293 24683 24683 D jni_lib_merge: Preparing to register libturbomodulejsijni_so.  onload_func: 0x71f6f8ce38
04-15 08:37:10.293 24683 24683 D jni_lib_merge: Preparing to register libuimanagerjni_so.  onload_func: 0x71f6f94330
04-15 08:37:10.293 24683 24683 D jni_lib_merge: Preparing to register libyoga_so.  onload_func: 0x71f6f9b8f4
04-15 08:37:10.293 24683 24683 D jni_lib_merge: About to register 11 actual methods.
04-15 08:37:10.296 24683 24683 D nativeloader: Load /data/app/~~dQbYQ7iV01t84p7RCjm6lA==/com.henza.accountingv2-o7TCBOh5xkovCQoozEheQg==/lib/arm64/libappmodules.so using ns clns-8 from class loader (caller=/data/app/~~dQbYQ7iV01t84p7RCjm6lA==/com.henza.accountingv2-o7TCBOh5xkovCQoozEheQg==/base.apk!classes2.dex): ok
04-15 08:37:10.307  1189  3930 D WindowManager: App launched activity=ActivityRecord{9621f7c u0 com.henza.accountingv2/.MainActivity t10}, state=1
04-15 08:37:10.307  1189  3930 V WindowManager: Computed rotation=ROTATION_0 (0) for display id=0 based on lastOrientation=SCREEN_ORIENTATION_NOSENSOR (5) and oldRotation=ROTATION_0 (0), caller=com.android.server.wm.DisplayRotation.updateOrientation:25 com.android.server.wm.DisplayContent.updateOrientation:65 com.android.server.wm.DisplayContent.updateOrientation:11 com.android.server.wm.RootWindowContainer.ensureVisibilityAndConfig:7 com.android.server.wm.ActivityTaskSupervisor.realStartActivityLocked:213 com.android.server.wm.RootWindowContainer.attachApplication:90 
04-15 08:37:10.308  1189  3930 D SGM:FgCheckThread: notifyAppCreated(), packageName: com.henza.accountingv2, userId: 0, sendRet: true
04-15 08:37:10.308  1189  1789 D SGM:FgCheckThread: onLooperPrepared(), msg: MSG_APP_CREATE, pkgName: com.henza.accountingv2, userId: 0
04-15 08:37:10.308  1189  3930 D CompatChangeReporter: Compat change id reported: 324203798; UID 10337; state: ENABLED
04-15 08:37:10.308  1189  3930 D SGM:FgCheckThread: TaskStackListener.onTaskFocusChanged(), taskId=6, focused=false
04-15 08:37:10.308  1189  3930 D SGM:FgCheckThread: TaskStackListener.onTaskFocusChanged(), taskId=10, focused=true
04-15 08:37:10.308  1189  3930 D SGM:FgCheckThread:   sendRunningComponentFocus(), pkgName: com.henza.accountingv2, userId: 0
04-15 08:37:10.308  1189  1789 D SGM:FgCheckThread: onLooperPrepared(), msg: MSG_TASK_FOCUSED, pkgName: com.henza.accountingv2, userId: 0
04-15 08:37:10.308  1189  1789 D SGM:FgCheckThread: handleTaskFocused().
04-15 08:37:10.308  1189  3930 D InputDispatcher: Focused application(0): ActivityRecord{9621f7c u0 com.henza.accountingv2/.MainActivity t10}
04-15 08:37:10.308  1189  1789 D SGM:FgCheckThread:   handleTaskFocused(), pkgName: com.henza.accountingv2, userID:0
04-15 08:37:10.308  1189  1789 D SGM:FgCheckThread: handleResume().
04-15 08:37:10.309  1189  1789 D SGM:SystemHelper: callReleaseBlock needReleaseBlock:false
04-15 08:37:10.309  1189  1789 D SGM:FgCheckThread:   handleResume(). device is locked yet. ignore
04-15 08:37:10.309  1189  3930 D ActivityTaskManager: scheduleTopResumedActivityChanged, onTop=true, r=ActivityRecord{9621f7c u0 com.henza.accountingv2/.MainActivity t10}, caller=com.android.server.wm.ActivityTaskSupervisor.updateTopResumedActivityIfNeeded:62 com.android.server.wm.TaskFragment.setResumedActivity:29 com.android.server.wm.ActivityRecord.setState:104 com.android.server.wm.ActivityTaskSupervisor.realStartActivityLocked:949 com.android.server.wm.RootWindowContainer.attachApplication:90 com.android.server.wm.ActivityTaskManagerService$LocalService.attachApplication:40 
04-15 08:37:10.309  1189  3930 D ActivityTaskManager: scheduleTopResumedActivityChanged, onTop=false, r=ActivityRecord{9621f7c u0 com.henza.accountingv2/.MainActivity t10}, caller=com.android.server.wm.ActivityTaskSupervisor.scheduleTopResumedActivityStateLossIfNeeded:11 com.android.server.wm.ActivityTaskSupervisor.updateTopResumedActivityIfNeeded:19 com.android.server.wm.TaskFragment.setResumedActivity:29 com.android.server.wm.ActivityRecord.setState:95 com.android.server.wm.TaskFragment.startPausing$1:210 com.android.server.wm.Task$$ExternalSyntheticLambda3.accept:271 
04-15 08:37:10.309  1189  1881 D AS.MultiSoundManager: mForegroundUid = 10337
04-15 08:37:10.309  3161  3297 I HoneySpace.TopTaskSource: onTaskFocusChanged(): taskId = 10
04-15 08:37:10.309  3161  3297 I HoneySpace.TopTaskSource: onTaskMovedToFront : taskId = 10
04-15 08:37:10.310  1189  3930 D GraphicsStatsService: requestRenderEngineFor(com.henza.accountingv2)
04-15 08:37:10.310 24683 24683 D ActivityThread: com.henza.accountingv2 will use render engine as VK
04-15 08:37:10.311 24683 24683 D HWUI    : HWUI - treat SMPTE_170M as sRGB
04-15 08:37:10.312 24683 24714 D HWUI    : CacheManager constructor. deviceInfo=(1080, 1920)
04-15 08:37:10.312 24683 24714 D vulkan  : searching for layers in '/data/app/~~dQbYQ7iV01t84p7RCjm6lA==/com.henza.accountingv2-o7TCBOh5xkovCQoozEheQg==/lib/arm64'
04-15 08:37:10.313 24683 24714 D vulkan  : searching for layers in '/data/app/~~dQbYQ7iV01t84p7RCjm6lA==/com.henza.accountingv2-o7TCBOh5xkovCQoozEheQg==/base.apk!/lib/arm64-v8a'
04-15 08:37:10.313 24683 24714 V XGL     : ----------------------------------------------------------------------
04-15 08:37:10.313 24683 24714 V XGL     : SUMD version compiled date     = 2025-03-11 10:23 - KST
04-15 08:37:10.313 24683 24714 V XGL     : SUMD version revision number   = e5014ade39
04-15 08:37:10.313 24683 24714 V XGL     : SUMD version info              = Driver version: 24.3.9, git hash: e5014ade39
04-15 08:37:10.313 24683 24714 V XGL     : ----------------------------------------------------------------------
04-15 08:37:10.313 24683 24714 V XGL     : Entering: Create
04-15 08:37:10.315  1189  1275 D BLASTSyncEngine: SyncGroup 13:  Unfinished container: ActivityRecord{9621f7c u0 com.henza.accountingv2/.MainActivity t10} mSyncState=2
04-15 08:37:10.315  1189  3930 D WindowManager: takeScreenshotToTargetWindow: display=0, target=0, containsTarget=false, crop=Rect(0, 0 - 0, 0), w=540, h=1170, useIdentityTransform=true, ignorePolicy=false, caller=com.android.server.wm.WindowManagerService.takeScreenshotToTargetWindowFromCapture:53 com.android.server.wm.WindowManagerService.takeScreenshotToTargetWindow:14 android.view.IWindowManager$Stub.onTransact:3954 
04-15 08:37:10.315  1189  3930 D RestrictionPolicy: isScreenCaptureEnabled : ret=true userId=0
04-15 08:37:10.315  1189  3930 D RestrictionPolicy: isScreenCaptureEnabled : ret=true userId=0
04-15 08:37:10.315  1189  3930 D RestrictionPolicy: isScreenCaptureEnabled : ret=true userId=0
04-15 08:37:10.315  1189  3930 D WindowManager: takeScreenshotToTargetWindow: targetSurface=null, sourceCrop=Rect(0, 0 - 0, 0)
04-15 08:37:10.317  2035  2035 I {OngoingActivityDataHelper}: setBaseActivityComponentName:ComponentInfo{com.henza.accountingv2/com.henza.accountingv2.MainActivity}
04-15 08:37:10.318   869   944 D RenderEngine: [SEC_SF_EFFECTS] drawLayersInternal,1313, Rendering layer  at index 0
04-15 08:37:10.320  1189  3930 D WindowManager: takeScreenshotToTargetWindow, bitmap=android.graphics.Bitmap@d938772, failedReason=, caller=com.android.server.wm.WindowManagerService.takeScreenshotToTargetWindowFromCapture:53 com.android.server.wm.WindowManagerService.takeScreenshotToTargetWindow:14 android.view.IWindowManager$Stub.onTransact:3954 com.android.server.wm.WindowManagerService.onTransact:1 android.os.Binder.execTransactInternal:1536 android.os.Binder.execTransact:1480 
04-15 08:37:10.321  1189  1272 D EnterpriseDeviceManagerService: isMdmAdminPresentInternal() : MDM Admin Found - com.samsung.rtlassistant
04-15 08:37:10.321 24683 24714 V XGL     : Exiting: Create
04-15 08:37:10.322  1189  1967 D SemWifiTransportLayerMonitor.TcpMonitorHandler: MSG_SAVE_PACKAGE_INFO
04-15 08:37:10.322  1189  1967 D SemWifiTransportLayerFileManager: saveWifiPackageInfoToFile
04-15 08:37:10.322  1189  1967 D SemWifiTransportLayerFileManager: writeWifiPackageInfoList
04-15 08:37:10.322  6212 20507 I SDHMS:l : handleResumeComponent : put = com.henza.accountingv2, userid = 0 instanceid =142841946
04-15 08:37:10.325 24683 24683 D AppCompatDelegate: Checking for metadata for AppLocalesMetadataHolderService : Service not found
04-15 08:37:10.326  1189  1272 D SGM:GameManager: identifyGamePackage. com.henza.accountingv2, mCurrentUserId: 0, callerUserId: 0, callingMethodInfo: com.samsung.android.game.SemGameManager.isGamePackage(SemGameManager.java:105)
04-15 08:37:10.326  1189  1272 D SGM:SemGameManager: isGamePackage(), pkgName=com.henza.accountingv2, ret=false
04-15 08:37:10.326  1189  1272 D SGM:FgCheckThread: noteResumeComponent(), received pkgName: com.henza.accountingv2, userId: 0
04-15 08:37:10.326  1189  1789 D SGM:FgCheckThread: onLooperPrepared(), msg: MSG_APP_RESUME, pkgName: com.henza.accountingv2, userid: 0
04-15 08:37:10.326  1189  1789 D SGM:FgCheckThread: handleResume().
04-15 08:37:10.326  1189  1789 D SGM:SystemHelper: callReleaseBlock needReleaseBlock:false
04-15 08:37:10.326  1189  1789 D SGM:FgCheckThread:   handleResume(). device is locked yet. ignore
04-15 08:37:10.327  1189  1910 I CocktailBarManagerServiceContainer: handleMessage: entry what = 5
04-15 08:37:10.327  3161  3161 I HoneySpace.EdgePanel.CocktailHostRepositoryImpl: onNoteResume
04-15 08:37:10.327  3161  3161 I HoneySpace.EdgePanel.EdgeContainerViewModel: cocktailHostRepository.edgePanelOperation NoteResumeComponent(componentName=ComponentInfo{com.henza.accountingv2/com.henza.accountingv2.MainActivity})
04-15 08:37:10.329  3161  4572 I HoneySpace.EdgePanel.ActivityUtils: HomePackage : com.sec.android.app.launcher, resumePackageName : com.henza.accountingv2
04-15 08:37:10.330 24683 24702 I FirebaseCrashlytics: Saved version control info
04-15 08:37:10.337  1189  1868 V MdnieScenarioControlService: mAclOffEnabled : false
04-15 08:37:10.339 24683 24683 D nativeloader: Load /data/app/~~dQbYQ7iV01t84p7RCjm6lA==/com.henza.accountingv2-o7TCBOh5xkovCQoozEheQg==/lib/arm64/libfbjni.so using ns clns-8 from class loader (caller=/data/app/~~dQbYQ7iV01t84p7RCjm6lA==/com.henza.accountingv2-o7TCBOh5xkovCQoozEheQg==/base.apk!classes2.dex): ok
04-15 08:37:10.343  1189  2018 I Pageboost: 64 bit checked : true for 24683
04-15 08:37:10.343  1189  2018 I Pageboost: IoRecord pid : 24683, started correctly
04-15 08:37:10.343  3563  3563 E pageboostd: Received HALT command code 2
04-15 08:37:10.346  1189  3930 D WindowManager: takeScreenshotToTargetWindow: display=0, target=0, containsTarget=false, crop=Rect(0, 0 - 0, 0), w=540, h=1170, useIdentityTransform=true, ignorePolicy=false, caller=com.android.server.wm.WindowManagerService.takeScreenshotToTargetWindowFromCapture:53 com.android.server.wm.WindowManagerService.takeScreenshotToTargetWindow:14 android.view.IWindowManager$Stub.onTransact:3954 
04-15 08:37:10.346  1189  3930 D RestrictionPolicy: isScreenCaptureEnabled : ret=true userId=0
04-15 08:37:10.346  1189  3930 D RestrictionPolicy: isScreenCaptureEnabled : ret=true userId=0
04-15 08:37:10.346  1189  3930 D RestrictionPolicy: isScreenCaptureEnabled : ret=true userId=0
04-15 08:37:10.346  1189  3930 D WindowManager: takeScreenshotToTargetWindow: targetSurface=null, sourceCrop=Rect(0, 0 - 0, 0)
04-15 08:37:10.346 24683 24683 W unknown:BridgelessReact: ReactHost{0}.startSurface(surfaceId = 0): Schedule
04-15 08:37:10.346 24683 24683 W unknown:BridgelessReact: ReactHost{0}.attachSurface(surfaceId = 0)
04-15 08:37:10.347 24683 24728 W unknown:BridgelessReact: ReactHost{0}.getOrCreateReactInstanceTask()
04-15 08:37:10.347 24683 24728 W unknown:BridgelessReact: ReactHost{0}.getOrCreateReactInstanceTask(): Start
04-15 08:37:10.347 24683 24728 W unknown:BridgelessReact: ReactHost{0}.getJSBundleLoader()
04-15 08:37:10.347 24683 24728 W unknown:BridgelessReact: ReactHost{0}.getOrCreateReactInstanceTask(): Creating BridgelessReactContext
04-15 08:37:10.348   869   944 D RenderEngine: [SEC_SF_EFFECTS] drawLayersInternal,1313, Rendering layer  at index 0
04-15 08:37:10.348 24683 24728 W unknown:BridgelessReact: ReactHost{0}.getOrCreateReactInstanceTask(): Creating ReactInstance
04-15 08:37:10.349 24683 24683 D CompatChangeReporter: Compat change id reported: 309578419; UID 10337; state: ENABLED
04-15 08:37:10.350  1189  3930 D WindowManager: takeScreenshotToTargetWindow, bitmap=android.graphics.Bitmap@1c1beed, failedReason=, caller=com.android.server.wm.WindowManagerService.takeScreenshotToTargetWindowFromCapture:53 com.android.server.wm.WindowManagerService.takeScreenshotToTargetWindow:14 android.view.IWindowManager$Stub.onTransact:3954 com.android.server.wm.WindowManagerService.onTransact:1 android.os.Binder.execTransactInternal:1536 android.os.Binder.execTransact:1480 
04-15 08:37:10.351 24683 24683 I DecorView: setWindowBackground: isPopOver=false color=fffafafa d=android.graphics.drawable.ColorDrawable@2832063
04-15 08:37:10.353 24683 24728 D nativeloader: Load /data/app/~~dQbYQ7iV01t84p7RCjm6lA==/com.henza.accountingv2-o7TCBOh5xkovCQoozEheQg==/lib/arm64/libhermestooling.so using ns clns-8 from class loader (caller=/data/app/~~dQbYQ7iV01t84p7RCjm6lA==/com.henza.accountingv2-o7TCBOh5xkovCQoozEheQg==/base.apk!classes2.dex): ok
04-15 08:37:10.353 24683 24728 D jni_lib_merge: Entering merged library JNI_OnLoad.
04-15 08:37:10.353 24683 24728 D jni_lib_merge: Preparing 4 pre-merged libs (including stub)
04-15 08:37:10.353 24683 24728 D jni_lib_merge: Preparing to register libhermes_executor_so.  onload_func: 0x7280067760
04-15 08:37:10.353 24683 24728 D jni_lib_merge: Preparing to register libhermesinstancejni_so.  onload_func: 0x728006edd4
04-15 08:37:10.353 24683 24728 D jni_lib_merge: Preparing to register libjsijniprofiler_so.  onload_func: 0x728006f5c0
04-15 08:37:10.353 24683 24728 D jni_lib_merge: About to register 3 actual methods.
04-15 08:37:10.357 24683 24683 D FirebaseSessions: App foregrounded on com.henza.accountingv2
04-15 08:37:10.357 24683 24683 D FirebaseSessions: Session 00f0eafd67354050a24aa4af9a489763 has not backgrounded yet
04-15 08:37:10.357 24683 24683 D FirebaseSessions: No process data for com.henza.accountingv2
04-15 08:37:10.357 24683 24683 W unknown:BridgelessReact: ReactHost{0}.onHostResume(activity)
04-15 08:37:10.357 24683 24683 W unknown:BridgelessReact: ReactHost{0}.ReactContext.onHostResume()
04-15 08:37:10.358 24683 24683 D CompatChangeReporter: Compat change id reported: 352594277; UID 10337; state: ENABLED
04-15 08:37:10.358 24683 24697 D FirebaseSessions: Session 0f57916cad9b4daba655e3616e28d21a has not backgrounded yet
04-15 08:37:10.358 24683 24697 D FirebaseSessions: No process data map
04-15 08:37:10.358 24683 24697 D FirebaseSessions: No process data for com.henza.accountingv2
04-15 08:37:10.360 24683 24683 I ViewRootImpl: dVRR is disabled
04-15 08:37:10.360 24683 24683 D HardwareRenderer: onDisplayChanged. displayId=0 current wxh=1080x2340 mLargest wxh=0x0
04-15 08:37:10.360 24683 24683 D HardwareRenderer: Set largestWidth and largestHeight as logical resolution. (1080x2340)
04-15 08:37:10.360 24683 24714 D HWUI    : setMaxSurfaceArea requested wxh=(1080,2340) requestedSurfaceArea(2527200) mMaxSurfaceArea(2073600)
04-15 08:37:10.360 24683 24714 D NativeCustomFrequencyManager: [NativeCFMS] BpCustomFrequencyManager::BpCustomFrequencyManager()
04-15 08:37:10.362  1189  3930 D InputTransport: Input channel constructed: 'a205c0f', fd=1041
04-15 08:37:10.362  1189  3930 D InputTransport: Input channel constructed: 'a205c0f', fd=1052
04-15 08:37:10.362   814   850 I HYPER-HAL: [RequestManager.cpp]acquire(): Acquired ID : 382432  [817 / 57]    HINT :      list : [TID_LOW_LATENCY / 1] [TID / 24732] [TID / 24733] [TID / 24683] [TID / 24714] 
04-15 08:37:10.362  1189  3930 D InputTransport: Input channel constructed: 'a205c0f', fd=1195
04-15 08:37:10.362  1189  3930 D WindowManager: prepareSync <SYNC_STATE_WAITING_FOR_DRAW>, mPrepareSyncSeqId=0, win=Window{a205c0f u0 com.henza.accountingv2/com.henza.accountingv2.MainActivity}
04-15 08:37:10.363   869   939 I SurfaceFlinger: id=145 createSurf, flag=84004, a205c0f com.henza.accountingv2/com.henza.accountingv2.MainActivity#145
04-15 08:37:10.363  1189  3930 D RestrictionPolicy: isScreenCaptureEnabled : ret=true userId=0
04-15 08:37:10.363  1189  3930 D RestrictionPolicy: isScreenCaptureEnabled : ret=true userId=0
04-15 08:37:10.363  1189  3930 D InputTransport: Input channel destroyed: 'a205c0f', fd=1195
04-15 08:37:10.364 24683 24683 D InputTransport: Input channel constructed: 'a205c0f', fd=124
04-15 08:37:10.365 24683 24683 I InsetsController: onStateChanged: host=com.henza.accountingv2/com.henza.accountingv2.MainActivity, from=android.view.ViewRootImpl.setView:1999, state=InsetsState: {mDisplayFrame=Rect(0, 0 - 1080, 2340), mDisplayCutout=DisplayCutout{insets=Rect(0, 91 - 0, 0) waterfall=Insets{left=0, top=0, right=0, bottom=0} boundingRect={Bounds=[Rect(0, 0 - 0, 0), Rect(511, 0 - 569, 91), Rect(0, 0 - 0, 0), Rect(0, 0 - 0, 0)]} cutoutPathParserInfo={CutoutPathParserInfo{displayWidth=1080 displayHeight=2340 physicalDisplayWidth=1080 physicalDisplayHeight=2340 density={3.0} cutoutSpec={M 0,0 H -9.666666666666667 V 30.33333333333333 H 9.666666666666667 V 0 H 0 Z @dp} rotation={0} scale={1.0} physicalPixelDisplaySizeRatio={1.0}}} sideOverrides={}}, mRoundedCorners=RoundedCorners{[RoundedCorner{position=TopLeft, radius=108, center=Point(108, 108)}, RoundedCorner{position=TopRight, radius=108, center=Point(972, 108)}, RoundedCorner{position=BottomRight, radius=108, center=Point(972, 2232)}, RoundedCorner{position=BottomLeft, radius=108, center=Point(108, 2232)}]}  mRoundedCornerFrame=Rect(0, 0 - 1080, 2340), mPrivacyIndicatorBounds=PrivacyIndicatorBounds {static bounds=Rect(948, 0 - 1080, 91) rotation=0}, mDisplayShape=DisplayShape{ spec=-311912193 displayWidth=1080 displayHeight=2340 physicalPixelDisplaySizeRatio=1.0 rotation=0 offsetX=0 offsetY=0 scale=1.0}, mSources= { InsetsSource: {a2e20000 mType=statusBars mFrame=[0,0][1080,91] mVisible=true mFlags= mSideHint=TOP mBoundingRects=null}, InsetsSource: {a2e20005 mType=mandatorySystemGestures mFrame=[0,0][1080,127] mVisible=true mFlags= mSideHint=TOP mBoundingRects=null}, InsetsSource: {a2e20006 mType=tappableElement mFrame=[0,0][1080,91] mVisible=true mFlags= mSideHint=TOP mBoundingRects=null}, InsetsSource: {27 mType=displayCutout mFrame=[0,0][1080,91] mVisible=true mFlags= mSideHint=TOP mBoundingRects=null}, InsetsSource: {6bbe0001 mType=navigationBars mFrame=[0,2196][1080,2340] mVisible=false mFlags= mSideHint=BOTTOM mBoundingRects=null}, InsetsSource: {6bbe0004 mType=systemGestures mFrame=[0,0][0,0] mVisible=true mFlags= mSideHint=NONE mBoundingRects=null}, InsetsSource: {6bbe0005 mType=mandatorySystemGestures mFrame=[0,2196][1080,2340] mVisible=true mFlags= mSideHint=BOTTOM mBoundingRects=null}, InsetsSource: {6bbe0006 mType=tappableElement mFrame=[0,2196][1080,2340] mVisible=true mFlags= mSideHint=BOTTOM mBoundingRects=null}, InsetsSource: {6bbe0024 mType=systemGestures mFrame=[0,0][0,0] mVisible=true mFlags= mSideHint=NONE mBoundingRects=null} }
04-15 08:37:10.365 24683 24683 I VRI[MainActivity]@c1a52c0: synced displayState. AttachInfo displayState=1
04-15 08:37:10.365 24683 24683 I VRI[MainActivity]@c1a52c0: setView = com.android.internal.policy.DecorView@2534016 IsHRR=false TM=true
04-15 08:37:10.365 24683 24683 I IDS_TAG : Starting IDS observe window
04-15 08:37:10.365 24683 24683 I IDS_TAG : Getting Shared Preference for com.henza.accountingv2.MainApplication@d4735fd uid = 10337
04-15 08:37:10.366 24683 24683 I IDS_TAG : App com.henza.accountingv2.MainApplication@d4735fd has not finished training
04-15 08:37:10.366 24683 24683 D FirebaseSessions: App backgrounded on com.henza.accountingv2
04-15 08:37:10.367 24683 24683 W unknown:BridgelessReact: ReactHost{0}.onHostPause(activity)
04-15 08:37:10.367 24683 24683 W unknown:BridgelessReact: ReactHost{0}.ReactContext.onHostPause()
04-15 08:37:10.367  1189  1272 D SGM:FgCheckThread: notePauseComponent(), received pkgName: com.henza.accountingv2, userId: 0
04-15 08:37:10.367  1189  1272 D SGM:FgCheckThread: notePauseComponent(), received pkgName: com.henza.accountingv2, userId: 0
04-15 08:37:10.367  1189  1272 D SGM:FgCheckThread: notifyFocusInOut(). of pkg: com.henza.accountingv2, type: 20, isSecGameFamily: false, userId: 0
04-15 08:37:10.368 24683 24714 D HWUI    : HWUI - treat SMPTE_170M as sRGB
04-15 08:37:10.368 24683 24683 I IDS_TAG : Closing IDS observe window
04-15 08:37:10.368 24683 24683 I IDS_TAG : Getting Shared Preference for com.henza.accountingv2.MainApplication@d4735fd uid = 10337
04-15 08:37:10.368 24683 24683 I IDS_TAG : IDS count updated to 1 for com.henza.accountingv2.MainApplication@d4735fd
04-15 08:37:10.368  1189  1272 D SGM:GameManager: identifyGamePackage. com.henza.accountingv2, mCurrentUserId: 0, callerUserId: 0, callingMethodInfo: com.samsung.android.game.SemGameManager.isGamePackage(SemGameManager.java:105)
04-15 08:37:10.368  1189  1272 D SGM:SemGameManager: isGamePackage(), pkgName=com.henza.accountingv2, ret=false
04-15 08:37:10.368  1189  1272 D SGM:FgCheckThread:   notifyFocusInOut(). unexpected type. 20
04-15 08:37:10.369  1189  1910 I CocktailBarManagerServiceContainer: handleMessage: entry what = 6
04-15 08:37:10.369  1189  3930 D CoreBackPreview: Window{a205c0f u0 com.henza.accountingv2/com.henza.accountingv2.MainActivity}: Setting back callback OnBackInvokedCallbackInfo{mCallback=android.window.IOnBackInvokedCallback$Stub$Proxy@a90aa2b, mPriority=0, mIsAnimationCallback=false}
04-15 08:37:10.370  1189  3930 V WindowManager: Relayout Window{a205c0f u0 com.henza.accountingv2/com.henza.accountingv2.MainActivity}: viewVisibility=0 req=1080x2340 ty=1 d0
04-15 08:37:10.370   869   939 I SurfaceFlinger: id=146 createSurf, flag=44004, com.henza.accountingv2/com.henza.accountingv2.MainActivity$_24683#146
04-15 08:37:10.370  1189  3930 D WindowManager: makeSurface duration=0 name=com.henza.accountingv2/com.henza.accountingv2.MainActivity$_24683
04-15 08:37:10.371  1189  3930 D BLASTSyncEngine: SyncGroup 13:  Unfinished container: ActivityRecord{9621f7c u0 com.henza.accountingv2/.MainActivity t10} mSyncState=2
04-15 08:37:10.371  1189  3930 V WindowManager: SyncGroup 13: Finished!
04-15 08:37:10.371  1189  3930 D ChangeTransitionController: onTransactionReady: TransitionRecord{bb0e66f id=13 type=OPEN flags=0x0}
04-15 08:37:10.371  1189  3930 V WindowManager: Start calculating TransitionInfo based on participants: {ActivityRecord{9621f7c u0 com.henza.accountingv2/.MainActivity t10}, Task{a476005 #10 type=standard A=10337:com.henza.accountingv2}}
04-15 08:37:10.371  1189  3930 V WindowManager:   Final targets: []
04-15 08:37:10.371  1189  3930 V WindowManager: Calling onTransitionReady: {id=13 t=OPEN f=0x40 trk=0 r=[] c=[]}
04-15 08:37:10.371  1189  3930 D PowerManagerService: [api] setPowerBoost(L) boost:0, durationMs:0, caller (uid: 1000 pid: 1189) <- m() in com.android.server.display.DisplayManagerService$BinderService$$ExternalSyntheticOutline0:1
04-15 08:37:10.371  2035 11338 V WindowManagerShell: onTransitionReady(transaction=5106716115677)
04-15 08:37:10.371  2035  2555 V WindowManagerShell: onTransitionReady (#13) android.os.BinderProxy@b26053f: {id=13 t=OPEN f=0x40 trk=0 r=[] c=[]}
04-15 08:37:10.372  2035  2555 V WindowManagerShell: No transition roots in (#13) android.os.BinderProxy@b26053f@0 so abort
04-15 08:37:10.372  1189  3930 V WindowManager: Relayout hash=a205c0f, pid=24683, syncId=-1: mAttrs={(0,0)(fillxfill) sim={adjust=resize forwardNavigation} layoutInDisplayCutoutMode=always ty=BASE_APPLICATION wanim=0x1030312
04-15 08:37:10.372  1189  3930 V WindowManager:   fl=81810100
04-15 08:37:10.372  1189  3930 V WindowManager:   pfl=100088c0
04-15 08:37:10.372  1189  3930 V WindowManager:   vsysui=10
04-15 08:37:10.372  1189  3930 V WindowManager:   apr=10
04-15 08:37:10.372  1189  3930 V WindowManager:   bhv=1
04-15 08:37:10.372  1189  3930 V WindowManager:   fitSides=0
04-15 08:37:10.372  1189  3930 V WindowManager:   frameRateBoostOnTouch=true
04-15 08:37:10.372  1189  3930 V WindowManager:   dvrrWindowFrameRateHint=true naviIconColor=0}
04-15 08:37:10.372  1189  1264 D PkgPredictorService-SecIpmManagerServiceImpl: bg information pid:3161 uid:10158 pkgName:com.sec.android.app.launcher
04-15 08:37:10.372  2035  2555 I SurfaceControlRegistry: apply, t=StartTransaction_SyncId<13>, caller=android.view.SurfaceControl$Transaction.apply:3135 android.view.SurfaceControl$Transaction.apply:3122 android.view.SurfaceControl$Transaction.apply:3078 com.android.wm.shell.transition.Transitions.processReadyQueue:240 com.android.wm.shell.transition.Transitions.onAbort:54 com.android.wm.shell.transition.Transitions.dispatchReady:225 
04-15 08:37:10.372  2035  2555 V WindowManagerShell: Transition animation finished (aborted=true), notifying core (#13) android.os.BinderProxy@b26053f@0
04-15 08:37:10.372  2035  2555 I SurfaceControlRegistry: apply, t=FinishTransaction_SyncId<13>, caller=android.view.SurfaceControl$Transaction.apply:3135 android.view.SurfaceControl$Transaction.apply:3122 android.view.SurfaceControl$Transaction.apply:3078 com.android.wm.shell.transition.Transitions.onFinish:308 com.android.wm.shell.transition.Transitions.processReadyQueue:246 com.android.wm.shell.transition.Transitions.onAbort:54 
04-15 08:37:10.373 24683 24683 I BLASTBufferQueue_Java: new BLASTBufferQueue, mName= VRI[MainActivity]@c1a52c0 mNativeObject= 0xb4000073c2c50eb0 sc.mNativeObject= 0xb400007542c47310 caller= android.view.ViewRootImpl.updateBlastSurfaceIfNeeded:3397 android.view.ViewRootImpl.relayoutWindow:11361 android.view.ViewRootImpl.performTraversals:4544 android.view.ViewRootImpl.doTraversal:3708 android.view.ViewRootImpl$TraversalRunnable.run:12542 android.view.Choreographer$CallbackRecord.run:1751 android.view.Choreographer$CallbackRecord.run:1760 android.view.Choreographer.doCallbacks:1216 android.view.Choreographer.doFrame:1142 android.view.Choreographer$FrameDisplayEventReceiver.run:1707 
04-15 08:37:10.373 24683 24683 I BLASTBufferQueue_Java: update, w= 1080 h= 2340 mName = VRI[MainActivity]@c1a52c0 mNativeObject= 0xb4000073c2c50eb0 sc.mNativeObject= 0xb400007542c47310 format= -1 caller= android.graphics.BLASTBufferQueue.<init>:88 android.view.ViewRootImpl.updateBlastSurfaceIfNeeded:3397 android.view.ViewRootImpl.relayoutWindow:11361 android.view.ViewRootImpl.performTraversals:4544 android.view.ViewRootImpl.doTraversal:3708 android.view.ViewRootImpl$TraversalRunnable.run:12542 
04-15 08:37:10.373  1189  3930 V WindowManager: Finish Transition: TransitionRecord{bb0e66f id=13 type=OPEN flags=0x40}, caller=com.android.server.wm.WindowOrganizerController.finishTransitionInner:26 com.android.server.wm.WindowOrganizerController.finishAllTransitions:59 android.window.IWindowOrganizerController$Stub.onTransact:311 
04-15 08:37:10.373 24683 24683 I VRI[MainActivity]@c1a52c0: Relayout returned: old=(0,0,1080,2340) new=(0,0,1080,2340) relayoutAsync=false req=(1080,2340)0 dur=2 res=0x3 s={true 0xb4000073e2cb7310} ch=true seqId=0
04-15 08:37:10.373   869   938 W ServiceManagerCppClient: Permission failure: android.permission.ACCESS_SURFACE_FLINGER from uid=10337 pid=24683
04-15 08:37:10.373   869   938 D PermissionCache: checking android.permission.ACCESS_SURFACE_FLINGER for uid=10337 => denied (171 us)
04-15 08:37:10.373  1189  3930 D ChangeTransitionController: onTransitionFinished: TransitionRecord{bb0e66f id=13 type=OPEN flags=0x40}
04-15 08:37:10.373   869  1754 W ServiceManagerCppClient: Permission failure: android.permission.ACCESS_SURFACE_FLINGER from uid=10337 pid=0
04-15 08:37:10.373   869  1754 D PermissionCache: checking android.permission.ACCESS_SURFACE_FLINGER for uid=10337 => denied (201 us)
04-15 08:37:10.373   869   938 W ServiceManagerCppClient: Permission failure: android.permission.ROTATE_SURFACE_FLINGER from uid=10337 pid=24683
04-15 08:37:10.373   869   938 D PermissionCache: checking android.permission.ROTATE_SURFACE_FLINGER for uid=10337 => denied (91 us)
04-15 08:37:10.373   869   938 W ServiceManagerCppClient: Permission failure: android.permission.INTERNAL_SYSTEM_WINDOW from uid=10337 pid=24683
04-15 08:37:10.373   869  1754 W ServiceManagerCppClient: Permission failure: android.permission.ROTATE_SURFACE_FLINGER from uid=10337 pid=0
04-15 08:37:10.373   869  1754 D PermissionCache: checking android.permission.ROTATE_SURFACE_FLINGER for uid=10337 => denied (151 us)
04-15 08:37:10.373   869   938 D PermissionCache: checking android.permission.INTERNAL_SYSTEM_WINDOW for uid=10337 => denied (86 us)
04-15 08:37:10.373  2035  2555 V WindowManagerShell: Track 0 became idle
04-15 08:37:10.373  2035  2555 V WindowManagerShell: All active transition animations finished
04-15 08:37:10.373 24683 24702 D FirebaseSessions: Notified CRASHLYTICS of new session 37dc7fe73f4f4c6eb0e6899319800daa
04-15 08:37:10.374 24683 24683 D VRI[MainActivity]@c1a52c0: mThreadedRenderer.initialize() mSurface={isValid=true 0xb4000073e2cb7310} hwInitialized=true
04-15 08:37:10.374 24683 24683 D VRI[MainActivity]@c1a52c0: reportNextDraw android.view.ViewRootImpl.performTraversals:5193 android.view.ViewRootImpl.doTraversal:3708 android.view.ViewRootImpl$TraversalRunnable.run:12542 android.view.Choreographer$CallbackRecord.run:1751 android.view.Choreographer$CallbackRecord.run:1760 
04-15 08:37:10.374 24683 24683 D VRI[MainActivity]@c1a52c0: Setup new sync=wmsSync-VRI[MainActivity]@c1a52c0#0
04-15 08:37:10.374 24683 24683 I VRI[MainActivity]@c1a52c0: Creating new active sync group VRI[MainActivity]@c1a52c0#1
04-15 08:37:10.374   869  1754 W ServiceManagerCppClient: Permission failure: android.permission.INTERNAL_SYSTEM_WINDOW from uid=10337 pid=0
04-15 08:37:10.374   869  1754 D PermissionCache: checking android.permission.INTERNAL_SYSTEM_WINDOW for uid=10337 => denied (762 us)
04-15 08:37:10.374  1189  3930 D WindowManager: takeScreenshotToTargetWindow: display=0, target=0, containsTarget=false, crop=Rect(0, 0 - 0, 0), w=540, h=1170, useIdentityTransform=true, ignorePolicy=false, caller=com.android.server.wm.WindowManagerService.takeScreenshotToTargetWindowFromCapture:53 com.android.server.wm.WindowManagerService.takeScreenshotToTargetWindow:14 android.view.IWindowManager$Stub.onTransact:3954 
04-15 08:37:10.376  1022  8311 I CameraService: onUidStateChanged: uid=10052, procState is changed. (5 -> 1)
