04-15 08:37:11.839 10340 11078 I SCS@AiSearch user 0: (AppsDataObserver) [androidx.work-2] leaving from execute():  result is true
04-15 08:37:11.839 10340 11078 I SCS@AiSearch user 0: (AppsDataWorker) [androidx.work-2] leaving from doWork():  
04-15 08:37:11.839 10340 10952 I SCS@AiSearch user 0: (IndexManager) [pool-17-thread-1] entering in commitIndexWriter():  
04-15 08:37:11.839  1189  1852 D ConnectivityService:    accepting network in place of null for NetworkRequest [ REQUEST id=371, [ Capabilities: INTERNET&NOT_RESTRICTED&TRUSTED&NOT_VCN_MANAGED&NOT_BANDWIDTH_CONSTRAINED Uid: 10337 RequestorUid: 1000 RequestorPkg: android UnderlyingNetworks: Null] ]
04-15 08:37:11.840 10340 10526 I WM-WorkerWrapper: Worker result SUCCESS for Work [ id=892d4a4b-72a1-4b4f-a6b0-16181e5f92a5, tags={ com.samsung.android.scs.ai.search.data.apps.AppsDataWorker, CMD_UPDATE_LIST } ]
04-15 08:37:11.841  1189  3904 D WindowManager: takeScreenshotToTargetWindow, bitmap=android.graphics.Bitmap@8dcfef9, failedReason=, caller=com.android.server.wm.WindowManagerService.takeScreenshotToTargetWindowFromCapture:53 com.android.server.wm.WindowManagerService.takeScreenshotToTargetWindow:14 android.view.IWindowManager$Stub.onTransact:3954 com.android.server.wm.WindowManagerService.onTransact:1 android.os.Binder.execTransactInternal:1536 android.os.Binder.execTransact:1480 
04-15 08:37:11.841  1189  1852 D ConnectivityService: Rematched networks [computed 0ms] [applied 1ms] [issued 1]
04-15 08:37:11.842  1189  1852 D ConnectivityService: NetworkReassignment :
04-15 08:37:11.842  1189  1852 D ConnectivityService:   371 : null → 100
04-15 08:37:11.842  1189  1829 D WifiNetworkFactory: got request NetworkRequest [ REQUEST id=371, [ Capabilities: INTERNET&NOT_RESTRICTED&TRUSTED&NOT_VCN_MANAGED&NOT_BANDWIDTH_CONSTRAINED Uid: 10337 RequestorUid: 1000 RequestorPkg: android UnderlyingNetworks: Null] ]
04-15 08:37:11.842  1189  1829 D UntrustedWifiNetworkFactory: got request NetworkRequest [ REQUEST id=371, [ Capabilities: INTERNET&NOT_RESTRICTED&TRUSTED&NOT_VCN_MANAGED&NOT_BANDWIDTH_CONSTRAINED Uid: 10337 RequestorUid: 1000 RequestorPkg: android UnderlyingNetworks: Null] ]
04-15 08:37:11.842  1189  1829 D OemPaidWifiNetworkFactory: got request NetworkRequest [ REQUEST id=371, [ Capabilities: INTERNET&NOT_RESTRICTED&TRUSTED&NOT_VCN_MANAGED&NOT_BANDWIDTH_CONSTRAINED Uid: 10337 RequestorUid: 1000 RequestorPkg: android UnderlyingNetworks: Null] ]
04-15 08:37:11.842  1189  1829 D MultiInternetWifiNetworkFactory: got request NetworkRequest [ REQUEST id=371, [ Capabilities: INTERNET&NOT_RESTRICTED&TRUSTED&NOT_VCN_MANAGED&NOT_BANDWIDTH_CONSTRAINED Uid: 10337 RequestorUid: 1000 RequestorPkg: android UnderlyingNetworks: Null] ]
04-15 08:37:11.858 10340 10340 I SCS@AiSearch user 0: (SearchProvider) onTrimMemory(): 40
04-15 08:37:11.858 10340 10952 I SCS@AiSearch user 0: (IndexManager) [pool-17-thread-1] leaving from commitIndexWriter():  
04-15 08:37:11.878  1189  4294 D WindowManager: takeScreenshotToTargetWindow: display=0, target=0, containsTarget=false, crop=Rect(0, 0 - 0, 0), w=540, h=1170, useIdentityTransform=true, ignorePolicy=false, caller=com.android.server.wm.WindowManagerService.takeScreenshotToTargetWindowFromCapture:53 com.android.server.wm.WindowManagerService.takeScreenshotToTargetWindow:14 android.view.IWindowManager$Stub.onTransact:3954 
04-15 08:37:11.878  1189  4294 D RestrictionPolicy: isScreenCaptureEnabled : ret=true userId=0
04-15 08:37:11.878  1189  4294 D RestrictionPolicy: isScreenCaptureEnabled : ret=true userId=0
04-15 08:37:11.878  1189  4294 D RestrictionPolicy: isScreenCaptureEnabled : ret=true userId=0
04-15 08:37:11.878  1189  4294 D WindowManager: takeScreenshotToTargetWindow: targetSurface=null, sourceCrop=Rect(0, 0 - 0, 0)
04-15 08:37:11.882   869   944 D RenderEngine: [SEC_SF_EFFECTS] drawLayersInternal,1313, Rendering layer  at index 0
04-15 08:37:11.885  1189  4294 D WindowManager: takeScreenshotToTargetWindow, bitmap=android.graphics.Bitmap@95e9e3e, failedReason=, caller=com.android.server.wm.WindowManagerService.takeScreenshotToTargetWindowFromCapture:53 com.android.server.wm.WindowManagerService.takeScreenshotToTargetWindow:14 android.view.IWindowManager$Stub.onTransact:3954 com.android.server.wm.WindowManagerService.onTransact:1 android.os.Binder.execTransactInternal:1536 android.os.Binder.execTransact:1480 
04-15 08:37:11.925  1189  4294 D WindowManager: takeScreenshotToTargetWindow: display=0, target=0, containsTarget=false, crop=Rect(0, 0 - 0, 0), w=540, h=1170, useIdentityTransform=true, ignorePolicy=false, caller=com.android.server.wm.WindowManagerService.takeScreenshotToTargetWindowFromCapture:53 com.android.server.wm.WindowManagerService.takeScreenshotToTargetWindow:14 android.view.IWindowManager$Stub.onTransact:3954 
04-15 08:37:11.925  1189  4294 D RestrictionPolicy: isScreenCaptureEnabled : ret=true userId=0
04-15 08:37:11.925  1189  4294 D RestrictionPolicy: isScreenCaptureEnabled : ret=true userId=0
04-15 08:37:11.925  1189  4294 D RestrictionPolicy: isScreenCaptureEnabled : ret=true userId=0
04-15 08:37:11.925  1189  4294 D WindowManager: takeScreenshotToTargetWindow: targetSurface=null, sourceCrop=Rect(0, 0 - 0, 0)
04-15 08:37:11.930   869   944 D RenderEngine: [SEC_SF_EFFECTS] drawLayersInternal,1313, Rendering layer  at index 0
04-15 08:37:11.933  1189  4294 D WindowManager: takeScreenshotToTargetWindow, bitmap=android.graphics.Bitmap@374749f, failedReason=, caller=com.android.server.wm.WindowManagerService.takeScreenshotToTargetWindowFromCapture:53 com.android.server.wm.WindowManagerService.takeScreenshotToTargetWindow:14 android.view.IWindowManager$Stub.onTransact:3954 com.android.server.wm.WindowManagerService.onTransact:1 android.os.Binder.execTransactInternal:1536 android.os.Binder.execTransact:1480 
04-15 08:37:11.958 10340 10389 W ung.android.scs: ApkAssets: Deleting an ApkAssets object '<empty> and /data/app/~~ihloxHixYdKOf3rIwJ2W6w==/com.android.vending-M61GriN7mDvn-XyvotvhwQ==/base.apk' with 2 weak references
04-15 08:37:11.959 10340 10389 W ung.android.scs: ApkAssets: Deleting an ApkAssets object '<empty> and /data/app/~~ihloxHixYdKOf3rIwJ2W6w==/com.android.vending-M61GriN7mDvn-XyvotvhwQ==/split_config.arm64_v8a.apk' with 2 weak references
04-15 08:37:11.959 10340 10389 W ung.android.scs: ApkAssets: Deleting an ApkAssets object '<empty> and /data/app/~~ihloxHixYdKOf3rIwJ2W6w==/com.android.vending-M61GriN7mDvn-XyvotvhwQ==/split_config.en.apk' with 2 weak references
04-15 08:37:11.959 10340 10389 W ung.android.scs: ApkAssets: Deleting an ApkAssets object '<empty> and /data/app/~~ihloxHixYdKOf3rIwJ2W6w==/com.android.vending-M61GriN7mDvn-XyvotvhwQ==/split_phonesky_data_loader.apk' with 2 weak references
04-15 08:37:11.959 10340 10389 W ung.android.scs: ApkAssets: Deleting an ApkAssets object '<empty> and /data/app/~~ihloxHixYdKOf3rIwJ2W6w==/com.android.vending-M61GriN7mDvn-XyvotvhwQ==/split_phonesky_data_loader.config.arm64_v8a.apk' with 2 weak references
04-15 08:37:11.959 10340 10389 W ung.android.scs: ApkAssets: Deleting an ApkAssets object '<empty> and /data/app/~~ihloxHixYdKOf3rIwJ2W6w==/com.android.vending-M61GriN7mDvn-XyvotvhwQ==/split_phonesky_webrtc_native_lib.apk' with 2 weak references
04-15 08:37:11.959 10340 10389 W ung.android.scs: ApkAssets: Deleting an ApkAssets object '<empty> and /data/app/~~ihloxHixYdKOf3rIwJ2W6w==/com.android.vending-M61GriN7mDvn-XyvotvhwQ==/split_phonesky_webrtc_native_lib.config.arm64_v8a.apk' with 2 weak references
04-15 08:37:11.959 10340 10389 W ung.android.scs: ApkAssets: Deleting an ApkAssets object '<empty> and /data/app/~~dQbYQ7iV01t84p7RCjm6lA==/com.henza.accountingv2-o7TCBOh5xkovCQoozEheQg==/base.apk' with 2 weak references
04-15 08:37:11.974  1189  4294 D WindowManager: takeScreenshotToTargetWindow: display=0, target=0, containsTarget=false, crop=Rect(0, 0 - 0, 0), w=540, h=1170, useIdentityTransform=true, ignorePolicy=false, caller=com.android.server.wm.WindowManagerService.takeScreenshotToTargetWindowFromCapture:53 com.android.server.wm.WindowManagerService.takeScreenshotToTargetWindow:14 android.view.IWindowManager$Stub.onTransact:3954 
04-15 08:37:11.975  1189  4294 D RestrictionPolicy: isScreenCaptureEnabled : ret=true userId=0
04-15 08:37:11.975  1189  4294 D RestrictionPolicy: isScreenCaptureEnabled : ret=true userId=0
04-15 08:37:11.975  1189  4294 D RestrictionPolicy: isScreenCaptureEnabled : ret=true userId=0
04-15 08:37:11.975  1189  4294 D WindowManager: takeScreenshotToTargetWindow: targetSurface=null, sourceCrop=Rect(0, 0 - 0, 0)
04-15 08:37:11.980   869   944 D RenderEngine: [SEC_SF_EFFECTS] drawLayersInternal,1313, Rendering layer  at index 0
04-15 08:37:11.984  1189  4294 D WindowManager: takeScreenshotToTargetWindow, bitmap=android.graphics.Bitmap@61849ec, failedReason=, caller=com.android.server.wm.WindowManagerService.takeScreenshotToTargetWindowFromCapture:53 com.android.server.wm.WindowManagerService.takeScreenshotToTargetWindow:14 android.view.IWindowManager$Stub.onTransact:3954 com.android.server.wm.WindowManagerService.onTransact:1 android.os.Binder.execTransactInternal:1536 android.os.Binder.execTransact:1480 
04-15 08:37:12.027  1189  3930 D WindowManager: takeScreenshotToTargetWindow: display=0, target=0, containsTarget=false, crop=Rect(0, 0 - 0, 0), w=540, h=1170, useIdentityTransform=true, ignorePolicy=false, caller=com.android.server.wm.WindowManagerService.takeScreenshotToTargetWindowFromCapture:53 com.android.server.wm.WindowManagerService.takeScreenshotToTargetWindow:14 android.view.IWindowManager$Stub.onTransact:3954 
04-15 08:37:12.027  1189  3930 D RestrictionPolicy: isScreenCaptureEnabled : ret=true userId=0
04-15 08:37:12.027  1189  3930 D RestrictionPolicy: isScreenCaptureEnabled : ret=true userId=0
04-15 08:37:12.028  1189  3930 D RestrictionPolicy: isScreenCaptureEnabled : ret=true userId=0
04-15 08:37:12.028  1189  3930 D WindowManager: takeScreenshotToTargetWindow: targetSurface=null, sourceCrop=Rect(0, 0 - 0, 0)
04-15 08:37:12.036   869   944 D RenderEngine: [SEC_SF_EFFECTS] drawLayersInternal,1313, Rendering layer  at index 0
04-15 08:37:12.041  1189  3930 D WindowManager: takeScreenshotToTargetWindow, bitmap=android.graphics.Bitmap@76591b5, failedReason=, caller=com.android.server.wm.WindowManagerService.takeScreenshotToTargetWindowFromCapture:53 com.android.server.wm.WindowManagerService.takeScreenshotToTargetWindow:14 android.view.IWindowManager$Stub.onTransact:3954 com.android.server.wm.WindowManagerService.onTransact:1 android.os.Binder.execTransactInternal:1536 android.os.Binder.execTransact:1480 
04-15 08:37:12.043   565   565 D io_stats: !@   8,0 r 287550 9339220 w 92949 2402680 d 7969 1120256 f 3146 11226 iot 45676 0 th 0 0 0 pt 0 inp 0 0 4835.851
04-15 08:37:12.043   565   565 D io_stats: !@ Read_top(KB): sh(24669) 34136 kworker/u20:2(16346) 6776 kworker/u20:5(17639) 5576
04-15 08:37:12.043   565   565 D io_stats: !@ Write_top(KB): system_server(1189) 12092 f2fs_ckpt-254:5(619) 828 android.vending(23505) 636
04-15 08:37:12.107  1189  3930 D WindowManager: takeScreenshotToTargetWindow: display=0, target=0, containsTarget=false, crop=Rect(0, 0 - 0, 0), w=540, h=1170, useIdentityTransform=true, ignorePolicy=false, caller=com.android.server.wm.WindowManagerService.takeScreenshotToTargetWindowFromCapture:53 com.android.server.wm.WindowManagerService.takeScreenshotToTargetWindow:14 android.view.IWindowManager$Stub.onTransact:3954 
04-15 08:37:12.107  1189  3930 D RestrictionPolicy: isScreenCaptureEnabled : ret=true userId=0
04-15 08:37:12.107  1189  3930 D RestrictionPolicy: isScreenCaptureEnabled : ret=true userId=0
04-15 08:37:12.107  1189  3930 D RestrictionPolicy: isScreenCaptureEnabled : ret=true userId=0
04-15 08:37:12.108  1189  3930 D WindowManager: takeScreenshotToTargetWindow: targetSurface=null, sourceCrop=Rect(0, 0 - 0, 0)
04-15 08:37:12.123   869   944 D RenderEngine: [SEC_SF_EFFECTS] drawLayersInternal,1313, Rendering layer  at index 0
04-15 08:37:12.131  1189  3930 D WindowManager: takeScreenshotToTargetWindow, bitmap=android.graphics.Bitmap@fa2604a, failedReason=, caller=com.android.server.wm.WindowManagerService.takeScreenshotToTargetWindowFromCapture:53 com.android.server.wm.WindowManagerService.takeScreenshotToTargetWindow:14 android.view.IWindowManager$Stub.onTransact:3954 com.android.server.wm.WindowManagerService.onTransact:1 android.os.Binder.execTransactInternal:1536 android.os.Binder.execTransact:1480 
04-15 08:37:12.203  1189  3930 D WindowManager: takeScreenshotToTargetWindow: display=0, target=0, containsTarget=false, crop=Rect(0, 0 - 0, 0), w=540, h=1170, useIdentityTransform=true, ignorePolicy=false, caller=com.android.server.wm.WindowManagerService.takeScreenshotToTargetWindowFromCapture:53 com.android.server.wm.WindowManagerService.takeScreenshotToTargetWindow:14 android.view.IWindowManager$Stub.onTransact:3954 
04-15 08:37:12.204  1189  3930 D RestrictionPolicy: isScreenCaptureEnabled : ret=true userId=0
04-15 08:37:12.204  1189  3930 D RestrictionPolicy: isScreenCaptureEnabled : ret=true userId=0
04-15 08:37:12.204  1189  3930 D RestrictionPolicy: isScreenCaptureEnabled : ret=true userId=0
04-15 08:37:12.204  1189  3930 D WindowManager: takeScreenshotToTargetWindow: targetSurface=null, sourceCrop=Rect(0, 0 - 0, 0)
04-15 08:37:12.219   869   944 D RenderEngine: [SEC_SF_EFFECTS] drawLayersInternal,1313, Rendering layer  at index 0
04-15 08:37:12.226  1189  3930 D WindowManager: takeScreenshotToTargetWindow, bitmap=android.graphics.Bitmap@4b5bbbb, failedReason=, caller=com.android.server.wm.WindowManagerService.takeScreenshotToTargetWindowFromCapture:53 com.android.server.wm.WindowManagerService.takeScreenshotToTargetWindow:14 android.view.IWindowManager$Stub.onTransact:3954 com.android.server.wm.WindowManagerService.onTransact:1 android.os.Binder.execTransactInternal:1536 android.os.Binder.execTransact:1480 
04-15 08:37:12.304  1189  3930 D WindowManager: takeScreenshotToTargetWindow: display=0, target=0, containsTarget=false, crop=Rect(0, 0 - 0, 0), w=540, h=1170, useIdentityTransform=true, ignorePolicy=false, caller=com.android.server.wm.WindowManagerService.takeScreenshotToTargetWindowFromCapture:53 com.android.server.wm.WindowManagerService.takeScreenshotToTargetWindow:14 android.view.IWindowManager$Stub.onTransact:3954 
04-15 08:37:12.304  1189  3930 D RestrictionPolicy: isScreenCaptureEnabled : ret=true userId=0
04-15 08:37:12.305  1189  3930 D RestrictionPolicy: isScreenCaptureEnabled : ret=true userId=0
04-15 08:37:12.305  1189  3930 D RestrictionPolicy: isScreenCaptureEnabled : ret=true userId=0
04-15 08:37:12.305  1189  3930 D WindowManager: takeScreenshotToTargetWindow: targetSurface=null, sourceCrop=Rect(0, 0 - 0, 0)
04-15 08:37:12.321   869   944 D RenderEngine: [SEC_SF_EFFECTS] drawLayersInternal,1313, Rendering layer  at index 0
04-15 08:37:12.330  1189  3930 D WindowManager: takeScreenshotToTargetWindow, bitmap=android.graphics.Bitmap@e3618d8, failedReason=, caller=com.android.server.wm.WindowManagerService.takeScreenshotToTargetWindowFromCapture:53 com.android.server.wm.WindowManagerService.takeScreenshotToTargetWindow:14 android.view.IWindowManager$Stub.onTransact:3954 com.android.server.wm.WindowManagerService.onTransact:1 android.os.Binder.execTransactInternal:1536 android.os.Binder.execTransact:1480 
04-15 08:37:12.413  1189  3904 D WindowManager: takeScreenshotToTargetWindow: display=0, target=0, containsTarget=false, crop=Rect(0, 0 - 0, 0), w=540, h=1170, useIdentityTransform=true, ignorePolicy=false, caller=com.android.server.wm.WindowManagerService.takeScreenshotToTargetWindowFromCapture:53 com.android.server.wm.WindowManagerService.takeScreenshotToTargetWindow:14 android.view.IWindowManager$Stub.onTransact:3954 
04-15 08:37:12.414  1189  3904 D RestrictionPolicy: isScreenCaptureEnabled : ret=true userId=0
04-15 08:37:12.414  1189  3904 D RestrictionPolicy: isScreenCaptureEnabled : ret=true userId=0
04-15 08:37:12.414  1189  3904 D RestrictionPolicy: isScreenCaptureEnabled : ret=true userId=0
04-15 08:37:12.414  1189  3904 D WindowManager: takeScreenshotToTargetWindow: targetSurface=null, sourceCrop=Rect(0, 0 - 0, 0)
04-15 08:37:12.431   869   944 D RenderEngine: [SEC_SF_EFFECTS] drawLayersInternal,1313, Rendering layer  at index 0
04-15 08:37:12.439  8206  8206 W ContextImpl: Calling a method in the system process without a qualified user: android.app.ContextImpl.startActivity:1177 android.content.ContextWrapper.startActivity:447 com.samsung.rtlassistant.utils.ActivityControllerManager$HeartbeatTask.runHeartbeat:24 com.samsung.rtlassistant.utils.ActivityControllerManager$HeartbeatTask.run:2 android.os.Handler.handleCallback:959 
04-15 08:37:12.439  8206  8206 W ContextImpl: Calling a method in the system process without a qualified user: android.app.ContextImpl.startActivity:1189 android.app.ContextImpl.startActivity:1178 android.content.ContextWrapper.startActivity:447 com.samsung.rtlassistant.utils.ActivityControllerManager$HeartbeatTask.runHeartbeat:24 com.samsung.rtlassistant.utils.ActivityControllerManager$HeartbeatTask.run:2 
04-15 08:37:12.439  1189  3904 D WindowManager: takeScreenshotToTargetWindow, bitmap=android.graphics.Bitmap@7aa9431, failedReason=, caller=com.android.server.wm.WindowManagerService.takeScreenshotToTargetWindowFromCapture:53 com.android.server.wm.WindowManagerService.takeScreenshotToTargetWindow:14 android.view.IWindowManager$Stub.onTransact:3954 com.android.server.wm.WindowManagerService.onTransact:1 android.os.Binder.execTransactInternal:1536 android.os.Binder.execTransact:1480 
04-15 08:37:12.441  1189  4294 D ActivityTaskManager: startActivityAsUser: callingPid=8206, callingUid=1000, caller=com.android.server.wm.ActivityTaskManagerService.startActivity:120 android.app.IActivityTaskManager$Stub.onTransact:1356 com.android.server.wm.ActivityTaskManagerService.onTransact:1 android.os.Binder.execTransactInternal:1536 android.os.Binder.execTransact:1480 <bottom of call stack> <bottom of call stack> 
04-15 08:37:12.448  8206  8206 I ActivityManager: Tried to abort onActivityStarting, pkg=com.samsung.rtlassistant, listener=0xdf3a5e4
04-15 08:37:12.449  1189  4294 D ActivityTaskManager: TaskLaunchParamsModifier:task=null activity=null display-area-from-current-params=null display-area-from-default-fallback=DefaultTaskDisplayArea_d0@159073749 display-id=0 task-display-area-windowing-mode=1 suggested-display-area=DefaultTaskDisplayArea_d0@159073749
04-15 08:37:12.450  1189  4294 I Pageboost: stop alp
04-15 08:37:12.450  1189  4294 I ActivityTaskManager: START u0 {dat=heartbeat://def5e8fd-a960-468c-b4e0-8dae910d40ff/... flg=0x18800000 cmp=com.samsung.rtlassistant/.HeartbeatActivity} with LAUNCH_MULTIPLE from uid 1000 (BAL_ALLOW_ALLOWLISTED_UID) result code=102
04-15 08:37:12.450  1189  4294 D ActivityTaskManager: startActivity: reason=startActivityAsUser, result=102
04-15 08:37:12.451  3563  3563 E pageboostd: Received HALT command code 2
04-15 08:37:12.481  3161  3161 I HoneySpace.EdgePanel.EdgeVisibilityRepository: getComputedTrayVisible : keyguardState = 3
04-15 08:37:12.481  3161  3161 I HoneySpace.EdgePanel.EdgeVisibilityRepository: updateTrayVisible: State = 0x3 , visible = false , current containerState = 4 , specificMode = 0
04-15 08:37:12.481  3161  3161 I HoneySpace.EdgePanel.DumpHelper: Tray State
04-15 08:37:12.482  3161  3161 I HoneySpace.EdgePanel.EdgeVisibilityRepository: Same container state 4
04-15 08:37:12.495   814   850 I HYPER-HAL: [RequestManager.cpp]acquire(): Acquired ID : 382432  [817 / 57]    HINT :      list : [TID_LOW_LATENCY / 0] [TID / 24732] [TID / 24733] [TID / 24683] [TID / 24714] 
04-15 08:37:12.495   814   850 I HYPER-HAL: [RequestManager.cpp]acquire(): Acquired ID : 383308  [817 / 58]    HINT :      list : [UCLAMP_MIN_BOOST / 0] [TID / 24732] [TID / 24733] [TID / 24683] [TID / 24714] 
04-15 08:37:12.496   814   850 I HYPER-HAL: [RequestManager.cpp]releaseLocked(): Released ID : 382432
04-15 08:37:12.497   814   850 I HYPER-HAL: [RequestManager.cpp]releaseLocked(): Released ID : 383308
04-15 08:37:12.513  1189  3930 D WindowManager: takeScreenshotToTargetWindow: display=0, target=0, containsTarget=false, crop=Rect(0, 0 - 0, 0), w=540, h=1170, useIdentityTransform=true, ignorePolicy=false, caller=com.android.server.wm.WindowManagerService.takeScreenshotToTargetWindowFromCapture:53 com.android.server.wm.WindowManagerService.takeScreenshotToTargetWindow:14 android.view.IWindowManager$Stub.onTransact:3954 
04-15 08:37:12.513  1189  3930 D RestrictionPolicy: isScreenCaptureEnabled : ret=true userId=0
04-15 08:37:12.513  1189  3930 D RestrictionPolicy: isScreenCaptureEnabled : ret=true userId=0
04-15 08:37:12.513  1189  3930 D RestrictionPolicy: isScreenCaptureEnabled : ret=true userId=0
04-15 08:37:12.513  1189  3930 D WindowManager: takeScreenshotToTargetWindow: targetSurface=null, sourceCrop=Rect(0, 0 - 0, 0)
04-15 08:37:12.524   869   944 D RenderEngine: [SEC_SF_EFFECTS] drawLayersInternal,1313, Rendering layer  at index 0
04-15 08:37:12.533  1189  3930 D WindowManager: takeScreenshotToTargetWindow, bitmap=android.graphics.Bitmap@bae3716, failedReason=, caller=com.android.server.wm.WindowManagerService.takeScreenshotToTargetWindowFromCapture:53 com.android.server.wm.WindowManagerService.takeScreenshotToTargetWindow:14 android.view.IWindowManager$Stub.onTransact:3954 com.android.server.wm.WindowManagerService.onTransact:1 android.os.Binder.execTransactInternal:1536 android.os.Binder.execTransact:1480 
04-15 08:37:12.607  1189  1204 I system_server: NativeAlloc concurrent mark compact GC freed 3411KB AllocSpace bytes, 0(0B) LOS objects, 43% free, 61MB/109MB, paused 1.135ms,1.727ms total 166.724ms
04-15 08:37:12.608  1189  1205 I BpBinder: onLastStrongRef automatically unlinking death recipients: 
04-15 08:37:12.610  1189  4294 D WindowManager: takeScreenshotToTargetWindow: display=0, target=0, containsTarget=false, crop=Rect(0, 0 - 0, 0), w=540, h=1170, useIdentityTransform=true, ignorePolicy=false, caller=com.android.server.wm.WindowManagerService.takeScreenshotToTargetWindowFromCapture:53 com.android.server.wm.WindowManagerService.takeScreenshotToTargetWindow:14 android.view.IWindowManager$Stub.onTransact:3954 
04-15 08:37:12.610  1189  1206 W System  : A resource failed to call HardwareBuffer.close. 
04-15 08:37:12.610  1189  1206 W System  : A resource failed to call HardwareBuffer.close. 
04-15 08:37:12.610  1189  1206 W System  : A resource failed to call HardwareBuffer.close. 
04-15 08:37:12.610  1189  1206 W System  : A resource failed to call HardwareBuffer.close. 
04-15 08:37:12.610  1189  1206 W System  : A resource failed to call HardwareBuffer.close. 
04-15 08:37:12.610  1189  1206 W System  : A resource failed to call HardwareBuffer.close. 
04-15 08:37:12.611  1189  1206 W System  : A resource failed to call HardwareBuffer.close. 
04-15 08:37:12.611  1189  1206 W System  : A resource failed to call HardwareBuffer.close. 
04-15 08:37:12.611  1189  1206 W System  : A resource failed to call HardwareBuffer.close. 
04-15 08:37:12.611  1189  1206 W System  : A resource failed to call HardwareBuffer.close. 
04-15 08:37:12.611  1189  1206 W System  : A resource failed to call HardwareBuffer.close. 
04-15 08:37:12.611  1189  1206 W System  : A resource failed to call HardwareBuffer.close. 
04-15 08:37:12.611  1189  1206 W System  : A resource failed to call HardwareBuffer.close. 
04-15 08:37:12.611  1189  1206 W System  : A resource failed to call HardwareBuffer.close. 
04-15 08:37:12.611  1189  1206 W System  : A resource failed to call HardwareBuffer.close. 
04-15 08:37:12.611  1189  1206 W System  : A resource failed to call HardwareBuffer.close. 
04-15 08:37:12.611  1189  1206 W System  : A resource failed to call HardwareBuffer.close. 
04-15 08:37:12.611  1189  1206 W System  : A resource failed to call HardwareBuffer.close. 
04-15 08:37:12.611  1189  1206 W System  : A resource failed to call HardwareBuffer.close. 
04-15 08:37:12.611  1189  1206 W System  : A resource failed to call HardwareBuffer.close. 
04-15 08:37:12.611  1189  1206 W System  : A resource failed to call HardwareBuffer.close. 
04-15 08:37:12.611  1189  1206 W System  : A resource failed to call HardwareBuffer.close. 
04-15 08:37:12.611  1189  1206 W System  : A resource failed to call HardwareBuffer.close. 
04-15 08:37:12.612  1189  1206 W System  : A resource failed to call HardwareBuffer.close. 
04-15 08:37:12.612  1189  1206 W System  : A resource failed to call HardwareBuffer.close. 
04-15 08:37:12.612  1189  1206 W System  : A resource failed to call HardwareBuffer.close. 
04-15 08:37:12.612  1189  1206 W System  : A resource failed to call HardwareBuffer.close. 
04-15 08:37:12.612  1189  1206 W System  : A resource failed to call HardwareBuffer.close. 
04-15 08:37:12.612  1189  1206 W System  : A resource failed to call HardwareBuffer.close. 
04-15 08:37:12.612  1189  1206 W System  : A resource failed to call HardwareBuffer.close. 
04-15 08:37:12.612  1189  1206 W System  : A resource failed to call HardwareBuffer.close. 
04-15 08:37:12.612  1189  1206 W System  : A resource failed to call HardwareBuffer.close. 
04-15 08:37:12.612  1189  1206 W System  : A resource failed to call HardwareBuffer.close. 
04-15 08:37:12.612  1189  1206 W System  : A resource failed to call HardwareBuffer.close. 
04-15 08:37:12.612  1189  1206 W System  : A resource failed to call HardwareBuffer.close. 
04-15 08:37:12.612  1189  1206 W System  : A resource failed to call HardwareBuffer.close. 
04-15 08:37:12.612  1189  1206 W System  : A resource failed to call HardwareBuffer.close. 
04-15 08:37:12.612  1189  1206 W System  : A resource failed to call HardwareBuffer.close. 
04-15 08:37:12.612  1189  1206 W System  : A resource failed to call HardwareBuffer.close. 
04-15 08:37:12.612  1189  4294 D RestrictionPolicy: isScreenCaptureEnabled : ret=true userId=0
04-15 08:37:12.613  1189  4294 D RestrictionPolicy: isScreenCaptureEnabled : ret=true userId=0
04-15 08:37:12.613  1189  4294 D RestrictionPolicy: isScreenCaptureEnabled : ret=true userId=0
04-15 08:37:12.613  1189  4294 D WindowManager: takeScreenshotToTargetWindow: targetSurface=null, sourceCrop=Rect(0, 0 - 0, 0)
04-15 08:37:12.622   869   944 D RenderEngine: [SEC_SF_EFFECTS] drawLayersInternal,1313, Rendering layer  at index 0
04-15 08:37:12.627  1189  4294 D WindowManager: takeScreenshotToTargetWindow, bitmap=android.graphics.Bitmap@efa5897, failedReason=, caller=com.android.server.wm.WindowManagerService.takeScreenshotToTargetWindowFromCapture:53 com.android.server.wm.WindowManagerService.takeScreenshotToTargetWindow:14 android.view.IWindowManager$Stub.onTransact:3954 com.android.server.wm.WindowManagerService.onTransact:1 android.os.Binder.execTransactInternal:1536 android.os.Binder.execTransact:1480 
04-15 08:37:12.744  1189  3930 D WindowManager: takeScreenshotToTargetWindow: display=0, target=0, containsTarget=false, crop=Rect(0, 0 - 0, 0), w=540, h=1170, useIdentityTransform=true, ignorePolicy=false, caller=com.android.server.wm.WindowManagerService.takeScreenshotToTargetWindowFromCapture:53 com.android.server.wm.WindowManagerService.takeScreenshotToTargetWindow:14 android.view.IWindowManager$Stub.onTransact:3954 
04-15 08:37:12.745  1189  3930 D RestrictionPolicy: isScreenCaptureEnabled : ret=true userId=0
04-15 08:37:12.745  1189  3930 D RestrictionPolicy: isScreenCaptureEnabled : ret=true userId=0
04-15 08:37:12.745  1189  3930 D RestrictionPolicy: isScreenCaptureEnabled : ret=true userId=0
04-15 08:37:12.745  1189  3930 D WindowManager: takeScreenshotToTargetWindow: targetSurface=null, sourceCrop=Rect(0, 0 - 0, 0)
04-15 08:37:12.755   869   944 D RenderEngine: [SEC_SF_EFFECTS] drawLayersInternal,1313, Rendering layer  at index 0
04-15 08:37:12.761  1189  3930 D WindowManager: takeScreenshotToTargetWindow, bitmap=android.graphics.Bitmap@c81e733, failedReason=, caller=com.android.server.wm.WindowManagerService.takeScreenshotToTargetWindowFromCapture:53 com.android.server.wm.WindowManagerService.takeScreenshotToTargetWindow:14 android.view.IWindowManager$Stub.onTransact:3954 com.android.server.wm.WindowManagerService.onTransact:1 android.os.Binder.execTransactInternal:1536 android.os.Binder.execTransact:1480 
04-15 08:37:12.811  1189  3930 D WindowManager: takeScreenshotToTargetWindow: display=0, target=0, containsTarget=false, crop=Rect(0, 0 - 0, 0), w=540, h=1170, useIdentityTransform=true, ignorePolicy=false, caller=com.android.server.wm.WindowManagerService.takeScreenshotToTargetWindowFromCapture:53 com.android.server.wm.WindowManagerService.takeScreenshotToTargetWindow:14 android.view.IWindowManager$Stub.onTransact:3954 
04-15 08:37:12.812  1189  3930 D RestrictionPolicy: isScreenCaptureEnabled : ret=true userId=0
04-15 08:37:12.812  1189  3930 D RestrictionPolicy: isScreenCaptureEnabled : ret=true userId=0
04-15 08:37:12.812  1189  3930 D RestrictionPolicy: isScreenCaptureEnabled : ret=true userId=0
04-15 08:37:12.812  1189  3930 D WindowManager: takeScreenshotToTargetWindow: targetSurface=null, sourceCrop=Rect(0, 0 - 0, 0)
04-15 08:37:12.824   869   944 D RenderEngine: [SEC_SF_EFFECTS] drawLayersInternal,1313, Rendering layer  at index 0
04-15 08:37:12.831  1189  3930 D WindowManager: takeScreenshotToTargetWindow, bitmap=android.graphics.Bitmap@88d12ee, failedReason=, caller=com.android.server.wm.WindowManagerService.takeScreenshotToTargetWindowFromCapture:53 com.android.server.wm.WindowManagerService.takeScreenshotToTargetWindow:14 android.view.IWindowManager$Stub.onTransact:3954 com.android.server.wm.WindowManagerService.onTransact:1 android.os.Binder.execTransactInternal:1536 android.os.Binder.execTransact:1480 
04-15 08:37:12.882  1189  3930 D WindowManager: takeScreenshotToTargetWindow: display=0, target=0, containsTarget=false, crop=Rect(0, 0 - 0, 0), w=540, h=1170, useIdentityTransform=true, ignorePolicy=false, caller=com.android.server.wm.WindowManagerService.takeScreenshotToTargetWindowFromCapture:53 com.android.server.wm.WindowManagerService.takeScreenshotToTargetWindow:14 android.view.IWindowManager$Stub.onTransact:3954 
04-15 08:37:12.883  1189  3930 D RestrictionPolicy: isScreenCaptureEnabled : ret=true userId=0
04-15 08:37:12.883  1189  3930 D RestrictionPolicy: isScreenCaptureEnabled : ret=true userId=0
04-15 08:37:12.883  1189  3930 D RestrictionPolicy: isScreenCaptureEnabled : ret=true userId=0
04-15 08:37:12.883  1189  3930 D WindowManager: takeScreenshotToTargetWindow: targetSurface=null, sourceCrop=Rect(0, 0 - 0, 0)
04-15 08:37:12.897   869   944 D RenderEngine: [SEC_SF_EFFECTS] drawLayersInternal,1313, Rendering layer  at index 0
04-15 08:37:12.904  1189  3930 D WindowManager: takeScreenshotToTargetWindow, bitmap=android.graphics.Bitmap@1e9c38f, failedReason=, caller=com.android.server.wm.WindowManagerService.takeScreenshotToTargetWindowFromCapture:53 com.android.server.wm.WindowManagerService.takeScreenshotToTargetWindow:14 android.view.IWindowManager$Stub.onTransact:3954 com.android.server.wm.WindowManagerService.onTransact:1 android.os.Binder.execTransactInternal:1536 android.os.Binder.execTransact:1480 
04-15 08:37:12.979  1189  3930 D WindowManager: takeScreenshotToTargetWindow: display=0, target=0, containsTarget=false, crop=Rect(0, 0 - 0, 0), w=540, h=1170, useIdentityTransform=true, ignorePolicy=false, caller=com.android.server.wm.WindowManagerService.takeScreenshotToTargetWindowFromCapture:53 com.android.server.wm.WindowManagerService.takeScreenshotToTargetWindow:14 android.view.IWindowManager$Stub.onTransact:3954 
04-15 08:37:12.980  1189  3930 D RestrictionPolicy: isScreenCaptureEnabled : ret=true userId=0
04-15 08:37:12.980  1189  3930 D RestrictionPolicy: isScreenCaptureEnabled : ret=true userId=0
04-15 08:37:12.980  1189  3930 D RestrictionPolicy: isScreenCaptureEnabled : ret=true userId=0
04-15 08:37:12.980  1189  3930 D WindowManager: takeScreenshotToTargetWindow: targetSurface=null, sourceCrop=Rect(0, 0 - 0, 0)
04-15 08:37:12.997   869   944 D RenderEngine: [SEC_SF_EFFECTS] drawLayersInternal,1313, Rendering layer  at index 0
04-15 08:37:13.004  1189  3930 D WindowManager: takeScreenshotToTargetWindow, bitmap=android.graphics.Bitmap@9b8061c, failedReason=, caller=com.android.server.wm.WindowManagerService.takeScreenshotToTargetWindowFromCapture:53 com.android.server.wm.WindowManagerService.takeScreenshotToTargetWindow:14 android.view.IWindowManager$Stub.onTransact:3954 com.android.server.wm.WindowManagerService.onTransact:1 android.os.Binder.execTransactInternal:1536 android.os.Binder.execTransact:1480 
04-15 08:37:13.078  1189  3904 D WindowManager: takeScreenshotToTargetWindow: display=0, target=0, containsTarget=false, crop=Rect(0, 0 - 0, 0), w=540, h=1170, useIdentityTransform=true, ignorePolicy=false, caller=com.android.server.wm.WindowManagerService.takeScreenshotToTargetWindowFromCapture:53 com.android.server.wm.WindowManagerService.takeScreenshotToTargetWindow:14 android.view.IWindowManager$Stub.onTransact:3954 
04-15 08:37:13.078  1189  3904 D RestrictionPolicy: isScreenCaptureEnabled : ret=true userId=0
04-15 08:37:13.078  1189  3904 D RestrictionPolicy: isScreenCaptureEnabled : ret=true userId=0
04-15 08:37:13.078  1189  3904 D RestrictionPolicy: isScreenCaptureEnabled : ret=true userId=0
04-15 08:37:13.079  1189  3904 D WindowManager: takeScreenshotToTargetWindow: targetSurface=null, sourceCrop=Rect(0, 0 - 0, 0)
04-15 08:37:13.097   869   944 D RenderEngine: [SEC_SF_EFFECTS] drawLayersInternal,1313, Rendering layer  at index 0
04-15 08:37:13.105  1189  3904 D WindowManager: takeScreenshotToTargetWindow, bitmap=android.graphics.Bitmap@64909ab, failedReason=, caller=com.android.server.wm.WindowManagerService.takeScreenshotToTargetWindowFromCapture:53 com.android.server.wm.WindowManagerService.takeScreenshotToTargetWindow:14 android.view.IWindowManager$Stub.onTransact:3954 com.android.server.wm.WindowManagerService.onTransact:1 android.os.Binder.execTransactInternal:1536 android.os.Binder.execTransact:1480 
04-15 08:37:13.197  1189  3904 D WindowManager: takeScreenshotToTargetWindow: display=0, target=0, containsTarget=false, crop=Rect(0, 0 - 0, 0), w=540, h=1170, useIdentityTransform=true, ignorePolicy=false, caller=com.android.server.wm.WindowManagerService.takeScreenshotToTargetWindowFromCapture:53 com.android.server.wm.WindowManagerService.takeScreenshotToTargetWindow:14 android.view.IWindowManager$Stub.onTransact:3954 
04-15 08:37:13.198  1189  3904 D RestrictionPolicy: isScreenCaptureEnabled : ret=true userId=0
04-15 08:37:13.198  1189  3904 D RestrictionPolicy: isScreenCaptureEnabled : ret=true userId=0
04-15 08:37:13.198  1189  3904 D RestrictionPolicy: isScreenCaptureEnabled : ret=true userId=0
04-15 08:37:13.198  1189  3904 D WindowManager: takeScreenshotToTargetWindow: targetSurface=null, sourceCrop=Rect(0, 0 - 0, 0)
04-15 08:37:13.216   869   944 D RenderEngine: [SEC_SF_EFFECTS] drawLayersInternal,1313, Rendering layer  at index 0
04-15 08:37:13.225  1189  3904 D WindowManager: takeScreenshotToTargetWindow, bitmap=android.graphics.Bitmap@34d6808, failedReason=, caller=com.android.server.wm.WindowManagerService.takeScreenshotToTargetWindowFromCapture:53 com.android.server.wm.WindowManagerService.takeScreenshotToTargetWindow:14 android.view.IWindowManager$Stub.onTransact:3954 com.android.server.wm.WindowManagerService.onTransact:1 android.os.Binder.execTransactInternal:1536 android.os.Binder.execTransact:1480 
04-15 08:37:13.314  1189  3904 D WindowManager: takeScreenshotToTargetWindow: display=0, target=0, containsTarget=false, crop=Rect(0, 0 - 0, 0), w=540, h=1170, useIdentityTransform=true, ignorePolicy=false, caller=com.android.server.wm.WindowManagerService.takeScreenshotToTargetWindowFromCapture:53 com.android.server.wm.WindowManagerService.takeScreenshotToTargetWindow:14 android.view.IWindowManager$Stub.onTransact:3954 
04-15 08:37:13.315  1189  3904 D RestrictionPolicy: isScreenCaptureEnabled : ret=true userId=0
04-15 08:37:13.315  1189  3904 D RestrictionPolicy: isScreenCaptureEnabled : ret=true userId=0
04-15 08:37:13.315  1189  3904 D RestrictionPolicy: isScreenCaptureEnabled : ret=true userId=0
04-15 08:37:13.315  1189  3904 D WindowManager: takeScreenshotToTargetWindow: targetSurface=null, sourceCrop=Rect(0, 0 - 0, 0)
04-15 08:37:13.328   869   944 D RenderEngine: [SEC_SF_EFFECTS] drawLayersInternal,1313, Rendering layer  at index 0
04-15 08:37:13.336  1189  3904 D WindowManager: takeScreenshotToTargetWindow, bitmap=android.graphics.Bitmap@bd7eba1, failedReason=, caller=com.android.server.wm.WindowManagerService.takeScreenshotToTargetWindowFromCapture:53 com.android.server.wm.WindowManagerService.takeScreenshotToTargetWindow:14 android.view.IWindowManager$Stub.onTransact:3954 com.android.server.wm.WindowManagerService.onTransact:1 android.os.Binder.execTransactInternal:1536 android.os.Binder.execTransact:1480 
04-15 08:37:13.401  1189  2018 I Pageboost: Launcher App Execution
04-15 08:37:13.418  1189  3904 D WindowManager: takeScreenshotToTargetWindow: display=0, target=0, containsTarget=false, crop=Rect(0, 0 - 0, 0), w=540, h=1170, useIdentityTransform=true, ignorePolicy=false, caller=com.android.server.wm.WindowManagerService.takeScreenshotToTargetWindowFromCapture:53 com.android.server.wm.WindowManagerService.takeScreenshotToTargetWindow:14 android.view.IWindowManager$Stub.onTransact:3954 
04-15 08:37:13.418  1189  3904 D RestrictionPolicy: isScreenCaptureEnabled : ret=true userId=0
04-15 08:37:13.418  1189  3904 D RestrictionPolicy: isScreenCaptureEnabled : ret=true userId=0
04-15 08:37:13.419  1189  3904 D RestrictionPolicy: isScreenCaptureEnabled : ret=true userId=0
04-15 08:37:13.419  1189  3904 D WindowManager: takeScreenshotToTargetWindow: targetSurface=null, sourceCrop=Rect(0, 0 - 0, 0)
04-15 08:37:13.434   869   944 D RenderEngine: [SEC_SF_EFFECTS] drawLayersInternal,1313, Rendering layer  at index 0
04-15 08:37:13.441  1189  3904 D WindowManager: takeScreenshotToTargetWindow, bitmap=android.graphics.Bitmap@5a40452, failedReason=, caller=com.android.server.wm.WindowManagerService.takeScreenshotToTargetWindowFromCapture:53 com.android.server.wm.WindowManagerService.takeScreenshotToTargetWindow:14 android.view.IWindowManager$Stub.onTransact:3954 com.android.server.wm.WindowManagerService.onTransact:1 android.os.Binder.execTransactInternal:1536 android.os.Binder.execTransact:1480 
04-15 08:37:13.453  8206  8206 W ContextImpl: Calling a method in the system process without a qualified user: android.app.ContextImpl.startActivity:1177 android.content.ContextWrapper.startActivity:447 com.samsung.rtlassistant.utils.ActivityControllerManager$HeartbeatTask.runHeartbeat:24 com.samsung.rtlassistant.utils.ActivityControllerManager$HeartbeatTask.run:2 android.os.Handler.handleCallback:959 
04-15 08:37:13.454  8206  8206 W ContextImpl: Calling a method in the system process without a qualified user: android.app.ContextImpl.startActivity:1189 android.app.ContextImpl.startActivity:1178 android.content.ContextWrapper.startActivity:447 com.samsung.rtlassistant.utils.ActivityControllerManager$HeartbeatTask.runHeartbeat:24 com.samsung.rtlassistant.utils.ActivityControllerManager$HeartbeatTask.run:2 
04-15 08:37:13.455  1189  3930 D ActivityTaskManager: startActivityAsUser: callingPid=8206, callingUid=1000, caller=com.android.server.wm.ActivityTaskManagerService.startActivity:120 android.app.IActivityTaskManager$Stub.onTransact:1356 com.android.server.wm.ActivityTaskManagerService.onTransact:1 android.os.Binder.execTransactInternal:1536 android.os.Binder.execTransact:1480 <bottom of call stack> <bottom of call stack> 
04-15 08:37:13.460  8206  8206 I ActivityManager: Tried to abort onActivityStarting, pkg=com.samsung.rtlassistant, listener=0xdf3a5e4
04-15 08:37:13.460  1189  3930 D ActivityTaskManager: TaskLaunchParamsModifier:task=null activity=null display-area-from-current-params=null display-area-from-default-fallback=DefaultTaskDisplayArea_d0@159073749 display-id=0 task-display-area-windowing-mode=1 suggested-display-area=DefaultTaskDisplayArea_d0@159073749
04-15 08:37:13.461  1189  3930 I Pageboost: stop alp
04-15 08:37:13.461  1189  3930 I ActivityTaskManager: START u0 {dat=heartbeat://8eb8f0c8-74f7-4887-8ce5-22ead40887c8/... flg=0x18800000 cmp=com.samsung.rtlassistant/.HeartbeatActivity} with LAUNCH_MULTIPLE from uid 1000 (BAL_ALLOW_ALLOWLISTED_UID) result code=102
04-15 08:37:13.462  1189  3930 D ActivityTaskManager: startActivity: reason=startActivityAsUser, result=102
04-15 08:37:13.462  3563  3563 E pageboostd: Received HALT command code 2
04-15 08:37:13.507  1189  3904 D WindowManager: takeScreenshotToTargetWindow: display=0, target=0, containsTarget=false, crop=Rect(0, 0 - 0, 0), w=540, h=1170, useIdentityTransform=true, ignorePolicy=false, caller=com.android.server.wm.WindowManagerService.takeScreenshotToTargetWindowFromCapture:53 com.android.server.wm.WindowManagerService.takeScreenshotToTargetWindow:14 android.view.IWindowManager$Stub.onTransact:3954 
04-15 08:37:13.508  1189  3904 D RestrictionPolicy: isScreenCaptureEnabled : ret=true userId=0
04-15 08:37:13.508  1189  3904 D RestrictionPolicy: isScreenCaptureEnabled : ret=true userId=0
04-15 08:37:13.508  1189  3904 D RestrictionPolicy: isScreenCaptureEnabled : ret=true userId=0
04-15 08:37:13.508  1189  3904 D WindowManager: takeScreenshotToTargetWindow: targetSurface=null, sourceCrop=Rect(0, 0 - 0, 0)
04-15 08:37:13.521   869   944 D RenderEngine: [SEC_SF_EFFECTS] drawLayersInternal,1313, Rendering layer  at index 0
04-15 08:37:13.527  1189  3904 D WindowManager: takeScreenshotToTargetWindow, bitmap=android.graphics.Bitmap@9930323, failedReason=, caller=com.android.server.wm.WindowManagerService.takeScreenshotToTargetWindowFromCapture:53 com.android.server.wm.WindowManagerService.takeScreenshotToTargetWindow:14 android.view.IWindowManager$Stub.onTransact:3954 com.android.server.wm.WindowManagerService.onTransact:1 android.os.Binder.execTransactInternal:1536 android.os.Binder.execTransact:1480 
04-15 08:37:13.578  1189  3891 E TaskPersister: File error accessing recents directory (directory doesn't exist?).
04-15 08:37:13.597  1189  3904 D WindowManager: takeScreenshotToTargetWindow: display=0, target=0, containsTarget=false, crop=Rect(0, 0 - 0, 0), w=540, h=1170, useIdentityTransform=true, ignorePolicy=false, caller=com.android.server.wm.WindowManagerService.takeScreenshotToTargetWindowFromCapture:53 com.android.server.wm.WindowManagerService.takeScreenshotToTargetWindow:14 android.view.IWindowManager$Stub.onTransact:3954 
04-15 08:37:13.597  1189  3904 D RestrictionPolicy: isScreenCaptureEnabled : ret=true userId=0
04-15 08:37:13.597  1189  3904 D RestrictionPolicy: isScreenCaptureEnabled : ret=true userId=0
04-15 08:37:13.597  1189  3904 D RestrictionPolicy: isScreenCaptureEnabled : ret=true userId=0
04-15 08:37:13.597  1189  3904 D WindowManager: takeScreenshotToTargetWindow: targetSurface=null, sourceCrop=Rect(0, 0 - 0, 0)
04-15 08:37:13.608   869   944 D RenderEngine: [SEC_SF_EFFECTS] drawLayersInternal,1313, Rendering layer  at index 0
04-15 08:37:13.615  1189  3904 D WindowManager: takeScreenshotToTargetWindow, bitmap=android.graphics.Bitmap@3316dd9, failedReason=, caller=com.android.server.wm.WindowManagerService.takeScreenshotToTargetWindowFromCapture:53 com.android.server.wm.WindowManagerService.takeScreenshotToTargetWindow:14 android.view.IWindowManager$Stub.onTransact:3954 com.android.server.wm.WindowManagerService.onTransact:1 android.os.Binder.execTransactInternal:1536 android.os.Binder.execTransact:1480 
04-15 08:37:13.703  1189  3904 D WindowManager: takeScreenshotToTargetWindow: display=0, target=0, containsTarget=false, crop=Rect(0, 0 - 0, 0), w=540, h=1170, useIdentityTransform=true, ignorePolicy=false, caller=com.android.server.wm.WindowManagerService.takeScreenshotToTargetWindowFromCapture:53 com.android.server.wm.WindowManagerService.takeScreenshotToTargetWindow:14 android.view.IWindowManager$Stub.onTransact:3954 
04-15 08:37:13.703  1189  3904 D RestrictionPolicy: isScreenCaptureEnabled : ret=true userId=0
04-15 08:37:13.703  1189  3904 D RestrictionPolicy: isScreenCaptureEnabled : ret=true userId=0
04-15 08:37:13.704  1189  3904 D RestrictionPolicy: isScreenCaptureEnabled : ret=true userId=0
04-15 08:37:13.704  1189  3904 D WindowManager: takeScreenshotToTargetWindow: targetSurface=null, sourceCrop=Rect(0, 0 - 0, 0)
04-15 08:37:13.715   869   944 D RenderEngine: [SEC_SF_EFFECTS] drawLayersInternal,1313, Rendering layer  at index 0
04-15 08:37:13.722  1189  3904 D WindowManager: takeScreenshotToTargetWindow, bitmap=android.graphics.Bitmap@a5a139e, failedReason=, caller=com.android.server.wm.WindowManagerService.takeScreenshotToTargetWindowFromCapture:53 com.android.server.wm.WindowManagerService.takeScreenshotToTargetWindow:14 android.view.IWindowManager$Stub.onTransact:3954 com.android.server.wm.WindowManagerService.onTransact:1 android.os.Binder.execTransactInternal:1536 android.os.Binder.execTransact:1480 
04-15 08:37:13.798  1189  4294 D WindowManager: takeScreenshotToTargetWindow: display=0, target=0, containsTarget=false, crop=Rect(0, 0 - 0, 0), w=540, h=1170, useIdentityTransform=true, ignorePolicy=false, caller=com.android.server.wm.WindowManagerService.takeScreenshotToTargetWindowFromCapture:53 com.android.server.wm.WindowManagerService.takeScreenshotToTargetWindow:14 android.view.IWindowManager$Stub.onTransact:3954 
04-15 08:37:13.798  1189  4294 D RestrictionPolicy: isScreenCaptureEnabled : ret=true userId=0
04-15 08:37:13.798  1189  4294 D RestrictionPolicy: isScreenCaptureEnabled : ret=true userId=0
04-15 08:37:13.798  1189  4294 D RestrictionPolicy: isScreenCaptureEnabled : ret=true userId=0
04-15 08:37:13.798  1189  4294 D WindowManager: takeScreenshotToTargetWindow: targetSurface=null, sourceCrop=Rect(0, 0 - 0, 0)
04-15 08:37:13.817   869   944 D RenderEngine: [SEC_SF_EFFECTS] drawLayersInternal,1313, Rendering layer  at index 0
04-15 08:37:13.826  1189  4294 D WindowManager: takeScreenshotToTargetWindow, bitmap=android.graphics.Bitmap@488ae7f, failedReason=, caller=com.android.server.wm.WindowManagerService.takeScreenshotToTargetWindowFromCapture:53 com.android.server.wm.WindowManagerService.takeScreenshotToTargetWindow:14 android.view.IWindowManager$Stub.onTransact:3954 com.android.server.wm.WindowManagerService.onTransact:1 android.os.Binder.execTransactInternal:1536 android.os.Binder.execTransact:1480 
04-15 08:37:13.904  1189  4294 D WindowManager: takeScreenshotToTargetWindow: display=0, target=0, containsTarget=false, crop=Rect(0, 0 - 0, 0), w=540, h=1170, useIdentityTransform=true, ignorePolicy=false, caller=com.android.server.wm.WindowManagerService.takeScreenshotToTargetWindowFromCapture:53 com.android.server.wm.WindowManagerService.takeScreenshotToTargetWindow:14 android.view.IWindowManager$Stub.onTransact:3954 
04-15 08:37:13.904  1189  4294 D RestrictionPolicy: isScreenCaptureEnabled : ret=true userId=0
04-15 08:37:13.904  1189  4294 D RestrictionPolicy: isScreenCaptureEnabled : ret=true userId=0
04-15 08:37:13.905  1189  4294 D RestrictionPolicy: isScreenCaptureEnabled : ret=true userId=0
04-15 08:37:13.905  1189  4294 D WindowManager: takeScreenshotToTargetWindow: targetSurface=null, sourceCrop=Rect(0, 0 - 0, 0)
04-15 08:37:13.922   869   944 D RenderEngine: [SEC_SF_EFFECTS] drawLayersInternal,1313, Rendering layer  at index 0
04-15 08:37:13.931  1189  4294 D WindowManager: takeScreenshotToTargetWindow, bitmap=android.graphics.Bitmap@8972e4c, failedReason=, caller=com.android.server.wm.WindowManagerService.takeScreenshotToTargetWindowFromCapture:53 com.android.server.wm.WindowManagerService.takeScreenshotToTargetWindow:14 android.view.IWindowManager$Stub.onTransact:3954 com.android.server.wm.WindowManagerService.onTransact:1 android.os.Binder.execTransactInternal:1536 android.os.Binder.execTransact:1480 
04-15 08:37:14.010  1189  4294 D WindowManager: takeScreenshotToTargetWindow: display=0, target=0, containsTarget=false, crop=Rect(0, 0 - 0, 0), w=540, h=1170, useIdentityTransform=true, ignorePolicy=false, caller=com.android.server.wm.WindowManagerService.takeScreenshotToTargetWindowFromCapture:53 com.android.server.wm.WindowManagerService.takeScreenshotToTargetWindow:14 android.view.IWindowManager$Stub.onTransact:3954 
04-15 08:37:14.011  1189  4294 D RestrictionPolicy: isScreenCaptureEnabled : ret=true userId=0
04-15 08:37:14.011  1189  4294 D RestrictionPolicy: isScreenCaptureEnabled : ret=true userId=0
04-15 08:37:14.012  1189  4294 D RestrictionPolicy: isScreenCaptureEnabled : ret=true userId=0
04-15 08:37:14.012  1189  4294 D WindowManager: takeScreenshotToTargetWindow: targetSurface=null, sourceCrop=Rect(0, 0 - 0, 0)
04-15 08:37:14.030   869   944 D RenderEngine: [SEC_SF_EFFECTS] drawLayersInternal,1313, Rendering layer  at index 0
04-15 08:37:14.039  1189  4294 D WindowManager: takeScreenshotToTargetWindow, bitmap=android.graphics.Bitmap@3420e95, failedReason=, caller=com.android.server.wm.WindowManagerService.takeScreenshotToTargetWindowFromCapture:53 com.android.server.wm.WindowManagerService.takeScreenshotToTargetWindow:14 android.view.IWindowManager$Stub.onTransact:3954 com.android.server.wm.WindowManagerService.onTransact:1 android.os.Binder.execTransactInternal:1536 android.os.Binder.execTransact:1480 
04-15 08:37:14.045   565   565 D io_stats: !@   8,0 r 287556 9339496 w 93061 2404184 d 7969 1120256 f 3146 11228 iot 45704 0 th 0 0 0 pt 0 inp 0 0 4837.853
