04-15 08:37:10.467  1189  3930 D ChangeTransitionController: onTransitionFinished: TransitionRecord{4cdf391 id=14 type=OPEN flags=0x40}
04-15 08:37:10.467  2035  2555 V WindowManagerShell: Track 0 became idle
04-15 08:37:10.467  2035  2555 V WindowManagerShell: All active transition animations finished
04-15 08:37:10.468  2035  2035 I {OngoingActivityDataHelper}: setBaseActivityComponentName:ComponentInfo{com.henza.accountingv2/com.henza.accountingv2.MainActivity}
04-15 08:37:10.468 24683 24683 D FirebaseSessions: App backgrounded on com.henza.accountingv2
04-15 08:37:10.468  1189 10188 W UserManagerService: Requested status bar icon for non-badged user 0
04-15 08:37:10.469 24683 24683 W unknown:BridgelessReact: ReactHost{0}.onHostPause(activity)
04-15 08:37:10.469 24683 24683 W unknown:BridgelessReact: ReactHost{0}.ReactContext.onHostPause()
04-15 08:37:10.469  1189  3930 W UserManagerService: Requested status bar icon for non-badged user 0
04-15 08:37:10.470  1189  1272 D EnterpriseDeviceManagerService: isMdmAdminPresentInternal() : MDM Admin Found - com.samsung.rtlassistant
04-15 08:37:10.472  1189  1272 D SGM:GameManager: identifyGamePackage. com.henza.accountingv2, mCurrentUserId: 0, callerUserId: 0, callingMethodInfo: com.samsung.android.game.SemGameManager.isGamePackage(SemGameManager.java:105)
04-15 08:37:10.472  1189  1272 D SGM:SemGameManager: isGamePackage(), pkgName=com.henza.accountingv2, ret=false
04-15 08:37:10.473  1189  1272 D SGM:FgCheckThread: noteResumeComponent(), received pkgName: com.henza.accountingv2, userId: 0
04-15 08:37:10.473  1189  1789 D SGM:FgCheckThread: onLooperPrepared(), msg: MSG_APP_RESUME, pkgName: com.henza.accountingv2, userid: 0
04-15 08:37:10.473  1189  1789 D SGM:FgCheckThread: handleResume().
04-15 08:37:10.473  1189  1910 I CocktailBarManagerServiceContainer: handleMessage: entry what = 5
04-15 08:37:10.474  1189  1789 D SGM:SystemHelper: callReleaseBlock needReleaseBlock:false
04-15 08:37:10.474  1189  1789 D SGM:FgCheckThread:   handleResume(). device is locked yet. ignore
04-15 08:37:10.474  3161  3161 I HoneySpace.EdgePanel.CocktailHostRepositoryImpl: onNoteResume
04-15 08:37:10.474  6212 14740 I SDHMS:l : handleResumeComponent : put = com.henza.accountingv2, userid = 0 instanceid =142841946
04-15 08:37:10.474  3161  3161 I HoneySpace.EdgePanel.EdgeContainerViewModel: cocktailHostRepository.edgePanelOperation NoteResumeComponent(componentName=ComponentInfo{com.henza.accountingv2/com.henza.accountingv2.MainActivity})
04-15 08:37:10.474  3161  4570 I HoneySpace.EdgePanel.ActivityUtils: HomePackage : com.sec.android.app.launcher, resumePackageName : com.henza.accountingv2
04-15 08:37:10.476  1189  8725 V WindowManager: Relayout Window{a205c0f u0 com.henza.accountingv2/com.henza.accountingv2.MainActivity}: viewVisibility=0 req=1080x2340 ty=1 d0
04-15 08:37:10.477   869   939 I SurfaceFlinger: id=149 createSurf, flag=44004, com.henza.accountingv2/com.henza.accountingv2.MainActivity$_24683#149
04-15 08:37:10.477  1189  8725 D WindowManager: makeSurface duration=0 name=com.henza.accountingv2/com.henza.accountingv2.MainActivity$_24683
04-15 08:37:10.478  1189  8725 V WindowManager: Relayout hash=a205c0f, pid=24683, syncId=-1: mAttrs={(0,0)(fillxfill) sim={adjust=resize forwardNavigation} layoutInDisplayCutoutMode=always ty=BASE_APPLICATION wanim=0x1030312
04-15 08:37:10.478  1189  8725 V WindowManager:   fl=81810100
04-15 08:37:10.478  1189  8725 V WindowManager:   pfl=100088c0
04-15 08:37:10.478  1189  8725 V WindowManager:   vsysui=10
04-15 08:37:10.478  1189  8725 V WindowManager:   apr=10
04-15 08:37:10.478  1189  8725 V WindowManager:   bhv=1
04-15 08:37:10.478  1189  8725 V WindowManager:   fitSides=0
04-15 08:37:10.478  1189  8725 V WindowManager:   frameRateBoostOnTouch=true
04-15 08:37:10.478  1189  8725 V WindowManager:   dvrrWindowFrameRateHint=true naviIconColor=0}
04-15 08:37:10.480 24683 24683 I BLASTBufferQueue_Java: new BLASTBufferQueue, mName= VRI[MainActivity]@c1a52c0 mNativeObject= 0xb4000073c2c53750 sc.mNativeObject= 0xb400007542c4b5d0 caller= android.view.ViewRootImpl.updateBlastSurfaceIfNeeded:3397 android.view.ViewRootImpl.relayoutWindow:11361 android.view.ViewRootImpl.performTraversals:4544 android.view.ViewRootImpl.doTraversal:3708 android.view.ViewRootImpl$TraversalRunnable.run:12542 android.view.Choreographer$CallbackRecord.run:1751 android.view.Choreographer$CallbackRecord.run:1760 android.view.Choreographer.doCallbacks:1216 android.view.Choreographer.doFrame:1142 android.view.Choreographer$FrameDisplayEventReceiver.run:1707 
04-15 08:37:10.480 24683 24683 I BLASTBufferQueue_Java: update, w= 1080 h= 2340 mName = VRI[MainActivity]@c1a52c0 mNativeObject= 0xb4000073c2c53750 sc.mNativeObject= 0xb400007542c4b5d0 format= -1 caller= android.graphics.BLASTBufferQueue.<init>:88 android.view.ViewRootImpl.updateBlastSurfaceIfNeeded:3397 android.view.ViewRootImpl.relayoutWindow:11361 android.view.ViewRootImpl.performTraversals:4544 android.view.ViewRootImpl.doTraversal:3708 android.view.ViewRootImpl$TraversalRunnable.run:12542 
04-15 08:37:10.480 24683 24683 I VRI[MainActivity]@c1a52c0: Relayout returned: old=(0,0,1080,2340) new=(0,0,1080,2340) relayoutAsync=false req=(1080,2340)0 dur=3 res=0x3 s={true 0xb4000073e2cb7310} ch=true seqId=0
04-15 08:37:10.481 24683 24683 D VRI[MainActivity]@c1a52c0: mThreadedRenderer.initialize() mSurface={isValid=true 0xb4000073e2cb7310} hwInitialized=true
04-15 08:37:10.481 24683 24683 D VRI[MainActivity]@c1a52c0: reportNextDraw android.view.ViewRootImpl.performTraversals:5193 android.view.ViewRootImpl.doTraversal:3708 android.view.ViewRootImpl$TraversalRunnable.run:12542 android.view.Choreographer$CallbackRecord.run:1751 android.view.Choreographer$CallbackRecord.run:1760 
04-15 08:37:10.481 24683 24683 D VRI[MainActivity]@c1a52c0: Setup new sync=wmsSync-VRI[MainActivity]@c1a52c0#2
04-15 08:37:10.481 24683 24683 I VRI[MainActivity]@c1a52c0: Creating new active sync group VRI[MainActivity]@c1a52c0#3
04-15 08:37:10.481 24683 24683 D VRI[MainActivity]@c1a52c0: Start draw after previous draw not visible
04-15 08:37:10.481 24683 24683 D VRI[MainActivity]@c1a52c0: registerCallbacksForSync syncBuffer=false
04-15 08:37:10.482 24683 24732 D VRI[MainActivity]@c1a52c0: Received frameDrawingCallback syncResult=0 frameNum=1.
04-15 08:37:10.482 24683 24732 I VRI[MainActivity]@c1a52c0: mWNT: t=0xb400007442c736d0 mBlastBufferQueue=0xb4000073c2c53750 fn= 1 HdrRenderState mRenderHdrSdrRatio=1.0 caller= android.view.ViewRootImpl$11.onFrameDraw:15016 android.view.ThreadedRenderer$1.onFrameDraw:761 <bottom of call stack> 
04-15 08:37:10.482 24683 24732 I VRI[MainActivity]@c1a52c0: Setting up sync and frameCommitCallback
04-15 08:37:10.483  1189  8725 D ActivityTaskManager: Top Process State changed to PROCESS_STATE_TOP_SLEEPING#2
04-15 08:37:10.484  1189  1915 I MR2ServiceImpl: Updating composite discovery preference | preference: RouteDiscoveryRequest{ preferredFeatures={}, activeScan=false }, active routers: []
04-15 08:37:10.485  1022  2596 I CameraService: onUidStateChanged: uid=10052, procState is changed. (5 -> 1)
04-15 08:37:10.485  1022  2596 I CameraService: onUidStateChanged: uid=10052, procState is changed. (1 -> 5)
04-15 08:37:10.485  1189  1915 I MR2ServiceImpl: Updating composite discovery preference | preference: RouteDiscoveryRequest{ preferredFeatures={}, activeScan=false }, active routers: []
04-15 08:37:10.486 24683 24714 I BLASTBufferQueue: [VRI[MainActivity]@c1a52c0#1](f:0,a:0,s:0) onFrameAvailable the first frame is available
04-15 08:37:10.486   869   869 I SurfaceFlinger: [com.henza.accountingv2/com.henza.accountingv2.MainActivity$_24683#149] attach to parent LayerHierarchy{RequestedLayerState{a205c0f com.henza.accountingv2/com.henza.accountingv2.MainActivity#145 parentId=144} 1 children}
04-15 08:37:10.486 24683 24714 I VRI[MainActivity]@c1a52c0: Received frameCommittedCallback lastAttemptedDrawFrameNum=1 didProduceBuffer=true
04-15 08:37:10.486   869  2711 I SurfaceFlinger: [com.henza.accountingv2/com.henza.accountingv2.MainActivity$_24683#149] setTransactionState with the first frame. bufferData(ID: 106012677767172, frameNumber: 1)
04-15 08:37:10.486 24683 24683 D VRI[MainActivity]@c1a52c0: reportDrawFinished seqId=0
04-15 08:37:10.487  1189  8725 D WindowManager: finishDrawingWindow: Window{a205c0f u0 com.henza.accountingv2/com.henza.accountingv2.MainActivity} mDrawState=DRAW_PENDING seqId=0
04-15 08:37:10.487 24683 24714 D HWUI    : CacheManager::trimMemory(20)
04-15 08:37:10.487 24683 24683 I VRI[MainActivity]@c1a52c0: stopped(true) old = false
04-15 08:37:10.487 24683 24683 D VRI[MainActivity]@c1a52c0: WindowStopped on com.henza.accountingv2/com.henza.accountingv2.MainActivity set to true
04-15 08:37:10.487  1189  1272 D SGM:FgCheckThread: notePauseComponent(), received pkgName: com.henza.accountingv2, userId: 0
04-15 08:37:10.487  1189  1272 D SGM:FgCheckThread: notePauseComponent(), received pkgName: com.henza.accountingv2, userId: 0
04-15 08:37:10.487  1189  1272 D SGM:FgCheckThread: notifyFocusInOut(). of pkg: com.henza.accountingv2, type: 20, isSecGameFamily: false, userId: 0
04-15 08:37:10.488  1189  1272 D SGM:GameManager: identifyGamePackage. com.henza.accountingv2, mCurrentUserId: 0, callerUserId: 0, callingMethodInfo: com.samsung.android.game.SemGameManager.isGamePackage(SemGameManager.java:105)
04-15 08:37:10.488  1189  1272 D SGM:SemGameManager: isGamePackage(), pkgName=com.henza.accountingv2, ret=false
04-15 08:37:10.488  1189  1272 D SGM:FgCheckThread:   notifyFocusInOut(). unexpected type. 20
04-15 08:37:10.488 24683 24714 D HWUI    : CacheManager::trimMemory(20)
04-15 08:37:10.489  1189  1264 D PkgPredictorService-SecIpmManagerServiceImpl: bg information pid:8206 uid:1000 pkgName:com.samsung.rtlassistant
04-15 08:37:10.490  1189  1272 D SGM:FgCheckThread: getForegroundApp(), foregroundPkgName=com.henza.accountingv2
04-15 08:37:10.490  1189  1910 I CocktailBarManagerServiceContainer: handleMessage: entry what = 6
04-15 08:37:10.490  1189  1272 D SGM:FgCheckThread: pkgName: com.samsung.rtlassistant is not in foreground
04-15 08:37:10.490  1189  1272 D SGM:FgCheckThread: noteStopComponent(), received pkgName: com.samsung.rtlassistant, focusedPkgName: com.henza.accountingv2, userId: 0
04-15 08:37:10.492  3161  4570 I HoneySpace.RecentTasks: onRecentTasksChanged
04-15 08:37:10.492  3161  3297 I HoneySpace.TopTaskSource: onTaskRemoved: 11
04-15 08:37:10.492  1189  3930 D SGM:GameManager: identifyGamePackage. com.henza.accountingv2, mCurrentUserId: 0, callerUserId: 0, callingMethodInfo: com.samsung.android.game.IGameManagerService$Stub.onTransact(IGameManagerService.java:228)
04-15 08:37:10.493 24683 24714 D HWUI    : CacheManager::trimMemory(20)
04-15 08:37:10.493  3161  3297 I HoneySpace.TopTaskSource: onTaskRemoved: 11
04-15 08:37:10.493  3161  4570 I HoneySpace.HistoryViewModel@143533927@OneUI: Illegal access. Unknown type. skip load history items
04-15 08:37:10.494  1189  3930 D WindowManager: takeScreenshotToTargetWindow: display=0, target=0, containsTarget=false, crop=Rect(0, 0 - 0, 0), w=540, h=1170, useIdentityTransform=true, ignorePolicy=false, caller=com.android.server.wm.WindowManagerService.takeScreenshotToTargetWindowFromCapture:53 com.android.server.wm.WindowManagerService.takeScreenshotToTargetWindow:14 android.view.IWindowManager$Stub.onTransact:3954 
04-15 08:37:10.494  1189  3930 D RestrictionPolicy: isScreenCaptureEnabled : ret=true userId=0
04-15 08:37:10.494  1189  3930 D RestrictionPolicy: isScreenCaptureEnabled : ret=true userId=0
04-15 08:37:10.494  1189  3930 D RestrictionPolicy: isScreenCaptureEnabled : ret=true userId=0
04-15 08:37:10.494  1189  3930 D RestrictionPolicy: isScreenCaptureEnabled : ret=true userId=0
04-15 08:37:10.494  1189  3930 D WindowManager: takeScreenshotToTargetWindow: targetSurface=null, sourceCrop=Rect(0, 0 - 0, 0)
04-15 08:37:10.495  1189  8725 V WindowManager: Relayout Window{a205c0f u0 com.henza.accountingv2/com.henza.accountingv2.MainActivity}: viewVisibility=4 req=1080x2340 ty=1 d0
04-15 08:37:10.496   869   944 D RenderEngine: [SEC_SF_EFFECTS] drawLayersInternal,1313, Rendering layer  at index 0
04-15 08:37:10.496  1189 10188 W UserManagerService: Requested status bar icon for non-badged user 0
04-15 08:37:10.497  1189  8725 V WindowManager: Relayout hash=a205c0f, pid=24683, syncId=-1: mAttrs={(0,0)(fillxfill) sim={adjust=resize forwardNavigation} layoutInDisplayCutoutMode=always ty=BASE_APPLICATION wanim=0x1030312
04-15 08:37:10.497  1189  8725 V WindowManager:   fl=81810100
04-15 08:37:10.497  1189  8725 V WindowManager:   pfl=100088c0
04-15 08:37:10.497  1189  8725 V WindowManager:   vsysui=10
04-15 08:37:10.497  1189  8725 V WindowManager:   apr=10
04-15 08:37:10.497  1189  8725 V WindowManager:   bhv=1
04-15 08:37:10.497  1189  8725 V WindowManager:   fitSides=0
04-15 08:37:10.497  1189  8725 V WindowManager:   frameRateBoostOnTouch=true
04-15 08:37:10.497  1189  8725 V WindowManager:   dvrrWindowFrameRateHint=true naviIconColor=0}
04-15 08:37:10.497 24683 24683 I VRI[MainActivity]@c1a52c0: Relayout returned: old=(0,0,1080,2340) new=(0,0,1080,2340) relayoutAsync=false req=(1080,2340)4 dur=3 res=0x2 s={false 0x0} ch=false seqId=0
04-15 08:37:10.497 24683 24683 D VRI[MainActivity]@c1a52c0: Not drawing due to not visible. Reason=View.INVISIBLE
04-15 08:37:10.498  1189  3930 D WindowManager: takeScreenshotToTargetWindow, bitmap=android.graphics.Bitmap@8907cd7, failedReason=, caller=com.android.server.wm.WindowManagerService.takeScreenshotToTargetWindowFromCapture:53 com.android.server.wm.WindowManagerService.takeScreenshotToTargetWindow:14 android.view.IWindowManager$Stub.onTransact:3954 com.android.server.wm.WindowManagerService.onTransact:1 android.os.Binder.execTransactInternal:1536 android.os.Binder.execTransact:1480 
04-15 08:37:10.498  1189  8725 V WindowManager: Setting visibility of Window{a205c0f u0 com.henza.accountingv2/com.henza.accountingv2.MainActivity}: false, caller=com.android.server.wm.WindowContainer.sendAppVisibilityToClients:19 com.android.server.wm.WindowToken.setClientVisible:49 com.android.server.wm.ActivityRecord.setClientVisible:8 com.android.server.wm.ActivityRecord.activityStopped:201 com.android.server.wm.ActivityClientController.activityStopped:95 
04-15 08:37:10.498  1189  1272 D SGM:FgCheckThread: getForegroundApp(), foregroundPkgName=com.henza.accountingv2
04-15 08:37:10.498 24683 24683 I VRI[MainActivity]@c1a52c0: handleAppVisibility mAppVisible = true visible = false
04-15 08:37:10.498  1189  8725 E WindowManager: win=Window{a205c0f u0 com.henza.accountingv2/com.henza.accountingv2.MainActivity} destroySurfaces: appStopped=true cleanupOnResume=false win.mWindowRemovalAllowed=false win.mRemoveOnExit=false win.mViewVisibility=4 caller=com.android.server.wm.ActivityRecord.destroySurfaces:25 com.android.server.wm.ActivityRecord.activityStopped:204 com.android.server.wm.ActivityClientController.activityStopped:95 android.app.IActivityClientController$Stub.onTransact:722 com.android.server.wm.ActivityClientController.onTransact:1 android.os.Binder.execTransactInternal:1541 android.os.Binder.execTransact:1480 
04-15 08:37:10.498  1189  8725 I WindowManager: Destroying surface Surface(name=com.henza.accountingv2/com.henza.accountingv2.MainActivity$_24683)/@0xd8d9c4 called by com.android.server.wm.WindowStateAnimator.destroySurface:11 com.android.server.wm.WindowStateAnimator.destroySurfaceLocked:54 com.android.server.wm.WindowState.destroySurfaceUnchecked:5 com.android.server.wm.WindowState.destroySurface:126 com.android.server.wm.ActivityRecord.destroySurfaces:25 com.android.server.wm.ActivityRecord.activityStopped:204 com.android.server.wm.ActivityClientController.activityStopped:95 android.app.IActivityClientController$Stub.onTransact:722 
04-15 08:37:10.498  1189  1272 D SGM:FgCheckThread: pkgName: com.henza.accountingv2 is not in foreground
04-15 08:37:10.503   869   869 I SurfaceFlinger: [LayerHierarchy{RequestedLayerState{ActivityRecord{ab4741b u0 com.samsung.rtlassistant/.HeartbeatActivity t11}#148} no children}] reparent to OffscreenRoot
04-15 08:37:10.503   869   869 I SurfaceFlinger: [LayerHierarchy{RequestedLayerState{ActivityRecord{ab4741b u0 com.samsung.rtlassistant/.HeartbeatActivity t11}#148} no children}] RelativeParent to null
04-15 08:37:10.503   869   869 I SurfaceFlinger: [LayerHierarchy{RequestedLayerState{Task=11#147 z=2} no children}] reparent to OffscreenRoot
04-15 08:37:10.503   869   869 I SurfaceFlinger: [LayerHierarchy{RequestedLayerState{Task=11#147 z=2} no children}] RelativeParent to null
04-15 08:37:10.503   869   869 I SurfaceFlinger: [LayerHierarchy{RequestedLayerState{com.henza.accountingv2/com.henza.accountingv2.MainActivity$_24683#149} no children}] reparent to OffscreenRoot
04-15 08:37:10.503   869   869 I SurfaceFlinger: [LayerHierarchy{RequestedLayerState{com.henza.accountingv2/com.henza.accountingv2.MainActivity$_24683#149} no children}] RelativeParent to null
04-15 08:37:10.503   869   869 I SurfaceFlinger: id=148 Removed ActivityRecord{ab4741b u0 com.samsung.rtlassistant/.HeartbeatActivity t11}#148 (103)
04-15 08:37:10.503   869   869 I SurfaceFlinger: id=147 Removed Task=11#147 (103)
04-15 08:37:10.519   869   869 I SurfaceFlinger: destroyed ActivityRecord{ab4741b u0 com.samsung.rtlassistant/.HeartbeatActivity t11}#148
04-15 08:37:10.519   869   869 I SurfaceFlinger: destroyed Task=11#147
04-15 08:37:10.520   869   869 I Layer   : id=147 Destroyed Task=11#147
04-15 08:37:10.520   869   869 I Layer   : id=148 Destroyed ActivityRecord{ab4741b u0 com.samsung.rtlassistant/.HeartbeatActivity t11}#148
04-15 08:37:10.520   869   869 I SurfaceFlinger: id=149 Removed com.henza.accountingv2/com.henza.accountingv2.MainActivity$_24683#149 (101)
04-15 08:37:10.523  1189  3930 D WindowManager: takeScreenshotToTargetWindow: display=0, target=0, containsTarget=false, crop=Rect(0, 0 - 0, 0), w=540, h=1170, useIdentityTransform=true, ignorePolicy=false, caller=com.android.server.wm.WindowManagerService.takeScreenshotToTargetWindowFromCapture:53 com.android.server.wm.WindowManagerService.takeScreenshotToTargetWindow:14 android.view.IWindowManager$Stub.onTransact:3954 
04-15 08:37:10.524  1189  3930 D RestrictionPolicy: isScreenCaptureEnabled : ret=true userId=0
04-15 08:37:10.524  1189  3930 D RestrictionPolicy: isScreenCaptureEnabled : ret=true userId=0
04-15 08:37:10.524  1189  3930 D RestrictionPolicy: isScreenCaptureEnabled : ret=true userId=0
04-15 08:37:10.524  1189  3930 D WindowManager: takeScreenshotToTargetWindow: targetSurface=null, sourceCrop=Rect(0, 0 - 0, 0)
04-15 08:37:10.526   869   944 D RenderEngine: [SEC_SF_EFFECTS] drawLayersInternal,1313, Rendering layer  at index 0
04-15 08:37:10.528  1189  3930 D WindowManager: takeScreenshotToTargetWindow, bitmap=android.graphics.Bitmap@46a0ad, failedReason=, caller=com.android.server.wm.WindowManagerService.takeScreenshotToTargetWindowFromCapture:53 com.android.server.wm.WindowManagerService.takeScreenshotToTargetWindow:14 android.view.IWindowManager$Stub.onTransact:3954 com.android.server.wm.WindowManagerService.onTransact:1 android.os.Binder.execTransactInternal:1536 android.os.Binder.execTransact:1480 
04-15 08:37:10.529  1189  1204 I system_server: NativeAlloc concurrent mark compact GC freed 11MB AllocSpace bytes, 36(1208KB) LOS objects, 43% free, 63MB/111MB, paused 2.005ms,2.270ms total 179.313ms
04-15 08:37:10.531  1189  1206 W system_server: ApkAssets: Deleting an ApkAssets object '<empty> and /product/priv-app/GmsCore/GmsCore.apk' with 1 weak references
04-15 08:37:10.532  1189  1206 W system_server: ApkAssets: Deleting an ApkAssets object '/product/overlay/GmsQSfastpairOverlay.apk' with 1 weak references
04-15 08:37:10.532  1189  1206 W system_server: ApkAssets: Deleting an ApkAssets object '<empty> and /system/priv-app/SamsungCloudClient/SamsungCloudClient.apk' with 1 weak references
04-15 08:37:10.532  1189  1206 W System  : A resource failed to call HardwareBuffer.close. 
04-15 08:37:10.532  1189  1206 W system_server: ApkAssets: Deleting an ApkAssets object '<empty> and /product/priv-app/Velvet/Velvet.apk' with 1 weak references
04-15 08:37:10.533  1189  1206 W system_server: ApkAssets: Deleting an ApkAssets object '<empty> and /system/app/HoneyBoard/HoneyBoard.apk' with 1 weak references
04-15 08:37:10.533  1189  1206 W system_server: ApkAssets: Deleting an ApkAssets object '<empty> and /data/app/~~wj3o_lesoXiQTxJL2N2dwg==/com.google.android.apps.accessibility.voiceaccess-XhsT53oPQj3qrsRp5Fk43A==/VoiceAccess.apk' with 1 weak references
04-15 08:37:10.533  1189  1206 W system_server: ApkAssets: Deleting an ApkAssets object '<empty> and /data/app/~~wj3o_lesoXiQTxJL2N2dwg==/com.google.android.apps.accessibility.voiceaccess-XhsT53oPQj3qrsRp5Fk43A==/split_gaze_detection_feature_module.apk' with 1 weak references
04-15 08:37:10.533  1189  1206 W system_server: ApkAssets: Deleting an ApkAssets object '<empty> and /data/app/~~wj3o_lesoXiQTxJL2N2dwg==/com.google.android.apps.accessibility.voiceaccess-XhsT53oPQj3qrsRp5Fk43A==/split_gaze_detection_feature_module.config.arm64_v8a.apk' with 1 weak references
04-15 08:37:10.533  1189  1206 W system_server: ApkAssets: Deleting an ApkAssets object '<empty> and /data/app/~~wj3o_lesoXiQTxJL2N2dwg==/com.google.android.apps.accessibility.voiceaccess-XhsT53oPQj3qrsRp5Fk43A==/split_voiceaccess_deepclu_feature_module.apk' with 1 weak references
04-15 08:37:10.533  1189  1206 W system_server: ApkAssets: Deleting an ApkAssets object '<empty> and /data/app/~~wj3o_lesoXiQTxJL2N2dwg==/com.google.android.apps.accessibility.voiceaccess-XhsT53oPQj3qrsRp5Fk43A==/split_voiceaccess_deepclu_feature_module.config.arm64_v8a.apk' with 1 weak references
04-15 08:37:10.533  1189  1206 W system_server: ApkAssets: Deleting an ApkAssets object '<empty> and /data/app/~~wj3o_lesoXiQTxJL2N2dwg==/com.google.android.apps.accessibility.voiceaccess-XhsT53oPQj3qrsRp5Fk43A==/split_voiceaccess_icon_native_feature_module.apk' with 1 weak references
04-15 08:37:10.534  1189  1206 W system_server: ApkAssets: Deleting an ApkAssets object '<empty> and /data/app/~~wj3o_lesoXiQTxJL2N2dwg==/com.google.android.apps.accessibility.voiceaccess-XhsT53oPQj3qrsRp5Fk43A==/split_voiceaccess_icon_native_feature_module.config.arm64_v8a.apk' with 1 weak references
04-15 08:37:10.534  1189  1206 W system_server: ApkAssets: Deleting an ApkAssets object '<empty> and /system/priv-app/YourPhone_P1_5/YourPhone_P1_5.apk' with 1 weak references
04-15 08:37:10.534  1189  1206 W System  : A resource failed to call HardwareBuffer.close. 
04-15 08:37:10.534  1189  1206 W system_server: ApkAssets: Deleting an ApkAssets object '<empty> and /system/priv-app/Accessibility/Accessibility.apk' with 1 weak references
04-15 08:37:10.534  1189  1206 W system_server: ApkAssets: Deleting an ApkAssets object '<empty> and /system/priv-app/TalkbackSE/TalkbackSE.apk' with 1 weak references
04-15 08:37:10.535  1189  1206 W System  : A resource failed to call HardwareBuffer.close. 
04-15 08:37:10.535  1189  1206 W system_server: ApkAssets: Deleting an ApkAssets object '<empty> and /system/priv-app/SecSettings/SecSettings.apk' with 1 weak references
04-15 08:37:10.535  1189  1206 W system_server: ApkAssets: Deleting an ApkAssets object '<empty> and /system/app/LiveTranscribe/LiveTranscribe.apk' with 1 weak references
04-15 08:37:10.535  1189  1206 W System  : A resource failed to call HardwareBuffer.close. 
04-15 08:37:10.535  1189  1206 W System  : A resource failed to call HardwareBuffer.close. 
04-15 08:37:10.535  1189  1206 W System  : A resource failed to call HardwareBuffer.close. 
04-15 08:37:10.535  1189  1206 W System  : A resource failed to call HardwareBuffer.close. 
04-15 08:37:10.535  1189  1206 W System  : A resource failed to call HardwareBuffer.close. 
04-15 08:37:10.535  1189  1206 W System  : A resource failed to call HardwareBuffer.close. 
04-15 08:37:10.535  1189  1206 W System  : A resource failed to call HardwareBuffer.close. 
04-15 08:37:10.535  1189  1206 W System  : A resource failed to call HardwareBuffer.close. 
04-15 08:37:10.535  1189  1206 W System  : A resource failed to call HardwareBuffer.close. 
04-15 08:37:10.535  1189  1206 W System  : A resource failed to call HardwareBuffer.close. 
04-15 08:37:10.535  1189  1206 W System  : A resource failed to call HardwareBuffer.close. 
04-15 08:37:10.535  1189  1206 W System  : A resource failed to call HardwareBuffer.close. 
04-15 08:37:10.535  1189  1206 W System  : A resource failed to call HardwareBuffer.close. 
04-15 08:37:10.535  1189  1206 W System  : A resource failed to call HardwareBuffer.close. 
04-15 08:37:10.535  1189  1206 W System  : A resource failed to call HardwareBuffer.close. 
04-15 08:37:10.535  1189  1206 W System  : A resource failed to call HardwareBuffer.close. 
04-15 08:37:10.536  1189  1206 W System  : A resource failed to call HardwareBuffer.close. 
04-15 08:37:10.536  1189  1206 W System  : A resource failed to call HardwareBuffer.close. 
04-15 08:37:10.536  1189  1206 W System  : A resource failed to call HardwareBuffer.close. 
04-15 08:37:10.536  1189  1206 W System  : A resource failed to call HardwareBuffer.close. 
04-15 08:37:10.536  1189  1206 W System  : A resource failed to call HardwareBuffer.close. 
04-15 08:37:10.536  1189  1206 W System  : A resource failed to call HardwareBuffer.close. 
04-15 08:37:10.536  1189  1206 W System  : A resource failed to call HardwareBuffer.close. 
04-15 08:37:10.536  1189  1206 W System  : A resource failed to call HardwareBuffer.close. 
04-15 08:37:10.536  1189  1206 W system_server: ApkAssets: Deleting an ApkAssets object '<empty> and /product/app/SpeechServicesByGoogle/SpeechServicesByGoogle.apk' with 1 weak references
04-15 08:37:10.536  1189  1206 W system_server: ApkAssets: Deleting an ApkAssets object '<empty> and /prism/app/SwiftKey-market-arm64-v8a-release/SwiftKey-market-arm64-v8a-release.apk' with 1 weak references
04-15 08:37:10.536   869   869 I SurfaceFlinger: destroyed com.henza.accountingv2/com.henza.accountingv2.MainActivity$_24683#149
04-15 08:37:10.536  1189  1206 W System  : A resource failed to call HardwareBuffer.close. 
04-15 08:37:10.536  1189  1206 W System  : A resource failed to call HardwareBuffer.close. 
04-15 08:37:10.536  1189  1206 W System  : A resource failed to call HardwareBuffer.close. 
04-15 08:37:10.536  1189  1206 W System  : A resource failed to call HardwareBuffer.close. 
04-15 08:37:10.536  1189  1206 W System  : A resource failed to call HardwareBuffer.close. 
04-15 08:37:10.536  1189  1206 W System  : A resource failed to call HardwareBuffer.close. 
04-15 08:37:10.536  1189  1206 W System  : A resource failed to call HardwareBuffer.close. 
04-15 08:37:10.536  1189  1206 W System  : A resource failed to call HardwareBuffer.close. 
04-15 08:37:10.536  1189  1206 W System  : A resource failed to call HardwareBuffer.close. 
04-15 08:37:10.536  1189  1206 W System  : A resource failed to call HardwareBuffer.close. 
04-15 08:37:10.536  1189  1206 W System  : A resource failed to call release. 
04-15 08:37:10.536  1189  1206 W System  : A resource failed to call HardwareBuffer.close. 
04-15 08:37:10.536   869   869 I Layer   : id=149 Destroyed com.henza.accountingv2/com.henza.accountingv2.MainActivity$_24683#149
04-15 08:37:10.555  1189  3930 D WindowManager: takeScreenshotToTargetWindow: display=0, target=0, containsTarget=false, crop=Rect(0, 0 - 0, 0), w=540, h=1170, useIdentityTransform=true, ignorePolicy=false, caller=com.android.server.wm.WindowManagerService.takeScreenshotToTargetWindowFromCapture:53 com.android.server.wm.WindowManagerService.takeScreenshotToTargetWindow:14 android.view.IWindowManager$Stub.onTransact:3954 
04-15 08:37:10.555  1189  3930 D RestrictionPolicy: isScreenCaptureEnabled : ret=true userId=0
04-15 08:37:10.556  1189  3930 D RestrictionPolicy: isScreenCaptureEnabled : ret=true userId=0
04-15 08:37:10.556  1189  3930 D RestrictionPolicy: isScreenCaptureEnabled : ret=true userId=0
04-15 08:37:10.556  1189  3930 D WindowManager: takeScreenshotToTargetWindow: targetSurface=null, sourceCrop=Rect(0, 0 - 0, 0)
04-15 08:37:10.557  6212 14740 I SDHMS:l : onTaskStackChanged
04-15 08:37:10.558  3161  4570 I HoneySpace.RecentTasks: onRecentTasksChanged
04-15 08:37:10.558  6212  6439 I SDHMS:l : no app is Resumed!!! mResumedPackages.size = 0
04-15 08:37:10.558   869   944 D RenderEngine: [SEC_SF_EFFECTS] drawLayersInternal,1313, Rendering layer  at index 0
04-15 08:37:10.559  3161  4570 I HoneySpace.HistoryViewModel@143533927@OneUI: Illegal access. Unknown type. skip load history items
04-15 08:37:10.561  1189  3930 D WindowManager: takeScreenshotToTargetWindow, bitmap=android.graphics.Bitmap@4f60f73, failedReason=, caller=com.android.server.wm.WindowManagerService.takeScreenshotToTargetWindowFromCapture:53 com.android.server.wm.WindowManagerService.takeScreenshotToTargetWindow:14 android.view.IWindowManager$Stub.onTransact:3954 com.android.server.wm.WindowManagerService.onTransact:1 android.os.Binder.execTransactInternal:1536 android.os.Binder.execTransact:1480 
04-15 08:37:10.578  1189  1994 D NetdEventListenerService: DNS Requested by 100, 10337(com.henza.accountingv2), SUCCESS, 251ms
04-15 08:37:10.579  1189  1994 D NetdEventListenerService: DNS Requested by 100, 10337(com.henza.accountingv2), SUCCESS, 240ms
04-15 08:37:10.603  1189  8725 D WindowManager: takeScreenshotToTargetWindow: display=0, target=0, containsTarget=false, crop=Rect(0, 0 - 0, 0), w=540, h=1170, useIdentityTransform=true, ignorePolicy=false, caller=com.android.server.wm.WindowManagerService.takeScreenshotToTargetWindowFromCapture:53 com.android.server.wm.WindowManagerService.takeScreenshotToTargetWindow:14 android.view.IWindowManager$Stub.onTransact:3954 
04-15 08:37:10.603  1189  8725 D RestrictionPolicy: isScreenCaptureEnabled : ret=true userId=0
04-15 08:37:10.603  1189  8725 D RestrictionPolicy: isScreenCaptureEnabled : ret=true userId=0
04-15 08:37:10.603  1189  8725 D RestrictionPolicy: isScreenCaptureEnabled : ret=true userId=0
04-15 08:37:10.603  1189  8725 D WindowManager: takeScreenshotToTargetWindow: targetSurface=null, sourceCrop=Rect(0, 0 - 0, 0)
04-15 08:37:10.606   869   944 D RenderEngine: [SEC_SF_EFFECTS] drawLayersInternal,1313, Rendering layer  at index 0
04-15 08:37:10.609  1189  8725 D WindowManager: takeScreenshotToTargetWindow, bitmap=android.graphics.Bitmap@b6bce30, failedReason=, caller=com.android.server.wm.WindowManagerService.takeScreenshotToTargetWindowFromCapture:53 com.android.server.wm.WindowManagerService.takeScreenshotToTargetWindow:14 android.view.IWindowManager$Stub.onTransact:3954 com.android.server.wm.WindowManagerService.onTransact:1 android.os.Binder.execTransactInternal:1536 android.os.Binder.execTransact:1480 
04-15 08:37:10.615 24683 24728 I ExpoModulesCore: ✅ AppContext was initialized
04-15 08:37:10.620  1189  1868 D MdnieScenarioControlService:  packageName : com.henza.accountingv2    className : com.henza.accountingv2.MainActivity
04-15 08:37:10.621  1189  1868 V MdnieScenarioControlService: setUIMode from UI function(3)
04-15 08:37:10.646  1189  8725 D WindowManager: takeScreenshotToTargetWindow: display=0, target=0, containsTarget=false, crop=Rect(0, 0 - 0, 0), w=540, h=1170, useIdentityTransform=true, ignorePolicy=false, caller=com.android.server.wm.WindowManagerService.takeScreenshotToTargetWindowFromCapture:53 com.android.server.wm.WindowManagerService.takeScreenshotToTargetWindow:14 android.view.IWindowManager$Stub.onTransact:3954 
04-15 08:37:10.646  1189  8725 D RestrictionPolicy: isScreenCaptureEnabled : ret=true userId=0
04-15 08:37:10.646  1189  8725 D RestrictionPolicy: isScreenCaptureEnabled : ret=true userId=0
04-15 08:37:10.646  1189  8725 D RestrictionPolicy: isScreenCaptureEnabled : ret=true userId=0
04-15 08:37:10.646  1189  8725 D WindowManager: takeScreenshotToTargetWindow: targetSurface=null, sourceCrop=Rect(0, 0 - 0, 0)
04-15 08:37:10.649   869   944 D RenderEngine: [SEC_SF_EFFECTS] drawLayersInternal,1313, Rendering layer  at index 0
04-15 08:37:10.652  1189  8725 D WindowManager: takeScreenshotToTargetWindow, bitmap=android.graphics.Bitmap@ed99aa9, failedReason=, caller=com.android.server.wm.WindowManagerService.takeScreenshotToTargetWindowFromCapture:53 com.android.server.wm.WindowManagerService.takeScreenshotToTargetWindow:14 android.view.IWindowManager$Stub.onTransact:3954 com.android.server.wm.WindowManagerService.onTransact:1 android.os.Binder.execTransactInternal:1536 android.os.Binder.execTransact:1480 
04-15 08:37:10.679 24683 24728 W unknown:BridgelessReact: ReactHost{0}.getOrCreateReactInstanceTask(): Loading JS Bundle
04-15 08:37:10.679 24683 24728 W unknown:BridgelessReact: ReactHost{0}.getOrCreateReactInstanceTask(): DevSupportManager.onNewReactContextCreated()
04-15 08:37:10.680 24683 24683 W unknown:BridgelessReact: ReactHost{0}.getOrCreateReactInstanceTask(): Executing ReactInstanceEventListeners
04-15 08:37:10.680 24683 24728 W unknown:BridgelessReact: ReactHost{0}.startSurface(surfaceId = 0): Execute
04-15 08:37:10.690  1189  8725 D WindowManager: takeScreenshotToTargetWindow: display=0, target=0, containsTarget=false, crop=Rect(0, 0 - 0, 0), w=540, h=1170, useIdentityTransform=true, ignorePolicy=false, caller=com.android.server.wm.WindowManagerService.takeScreenshotToTargetWindowFromCapture:53 com.android.server.wm.WindowManagerService.takeScreenshotToTargetWindow:14 android.view.IWindowManager$Stub.onTransact:3954 
04-15 08:37:10.690  1189  8725 D RestrictionPolicy: isScreenCaptureEnabled : ret=true userId=0
04-15 08:37:10.690  1189  8725 D RestrictionPolicy: isScreenCaptureEnabled : ret=true userId=0
04-15 08:37:10.690  1189  8725 D RestrictionPolicy: isScreenCaptureEnabled : ret=true userId=0
04-15 08:37:10.690  1189  8725 D WindowManager: takeScreenshotToTargetWindow: targetSurface=null, sourceCrop=Rect(0, 0 - 0, 0)
04-15 08:37:10.694   869   944 D RenderEngine: [SEC_SF_EFFECTS] drawLayersInternal,1313, Rendering layer  at index 0
04-15 08:37:10.697  1189  8725 D WindowManager: takeScreenshotToTargetWindow, bitmap=android.graphics.Bitmap@77c882e, failedReason=, caller=com.android.server.wm.WindowManagerService.takeScreenshotToTargetWindowFromCapture:53 com.android.server.wm.WindowManagerService.takeScreenshotToTargetWindow:14 android.view.IWindowManager$Stub.onTransact:3954 com.android.server.wm.WindowManagerService.onTransact:1 android.os.Binder.execTransactInternal:1536 android.os.Binder.execTransact:1480 
04-15 08:37:10.706 24683 24729 D nativeloader: Load /data/app/~~dQbYQ7iV01t84p7RCjm6lA==/com.henza.accountingv2-o7TCBOh5xkovCQoozEheQg==/lib/arm64/libexpo-modules-core.so using ns clns-8 from class loader (caller=/data/app/~~dQbYQ7iV01t84p7RCjm6lA==/com.henza.accountingv2-o7TCBOh5xkovCQoozEheQg==/base.apk!classes2.dex): ok
04-15 08:37:10.708 24683 24729 W BridgelessReactContext: [WARNING] Bridgeless doesn't support CatalystInstance. Accessing an API that's not part of the new architecture is not encouraged usage.
04-15 08:37:10.721  1189  1868 V MdnieScenarioControlService: mAclOffEnabled : false
04-15 08:37:10.724 24683 24729 I ExpoModulesCore: ✅ JSI interop was installed
04-15 08:37:10.730  1189  8725 D WindowManager: takeScreenshotToTargetWindow: display=0, target=0, containsTarget=false, crop=Rect(0, 0 - 0, 0), w=540, h=1170, useIdentityTransform=true, ignorePolicy=false, caller=com.android.server.wm.WindowManagerService.takeScreenshotToTargetWindowFromCapture:53 com.android.server.wm.WindowManagerService.takeScreenshotToTargetWindow:14 android.view.IWindowManager$Stub.onTransact:3954 
04-15 08:37:10.730  1189  8725 D RestrictionPolicy: isScreenCaptureEnabled : ret=true userId=0
04-15 08:37:10.730  1189  8725 D RestrictionPolicy: isScreenCaptureEnabled : ret=true userId=0
04-15 08:37:10.730  1189  8725 D RestrictionPolicy: isScreenCaptureEnabled : ret=true userId=0
04-15 08:37:10.730  1189  8725 D WindowManager: takeScreenshotToTargetWindow: targetSurface=null, sourceCrop=Rect(0, 0 - 0, 0)
04-15 08:37:10.733 24683 24729 I ExpoModulesCore: ✅ Constants were exported
04-15 08:37:10.734   869   944 D RenderEngine: [SEC_SF_EFFECTS] drawLayersInternal,1313, Rendering layer  at index 0
04-15 08:37:10.737  1189  8725 D WindowManager: takeScreenshotToTargetWindow, bitmap=android.graphics.Bitmap@8f79d5c, failedReason=, caller=com.android.server.wm.WindowManagerService.takeScreenshotToTargetWindowFromCapture:53 com.android.server.wm.WindowManagerService.takeScreenshotToTargetWindow:14 android.view.IWindowManager$Stub.onTransact:3954 com.android.server.wm.WindowManagerService.onTransact:1 android.os.Binder.execTransactInternal:1536 android.os.Binder.execTransact:1480 
04-15 08:37:10.755 24683 24729 D nativeloader: Load /data/app/~~dQbYQ7iV01t84p7RCjm6lA==/com.henza.accountingv2-o7TCBOh5xkovCQoozEheQg==/lib/arm64/libreact_codegen_rnscreens.so using ns clns-8 from class loader (caller=/data/app/~~dQbYQ7iV01t84p7RCjm6lA==/com.henza.accountingv2-o7TCBOh5xkovCQoozEheQg==/base.apk!classes3.dex): ok
04-15 08:37:10.755 24683 24729 D jni_lib_merge: Entering merged library JNI_OnLoad.
04-15 08:37:10.755 24683 24729 D jni_lib_merge: Preparing 12 pre-merged libs (including stub)
04-15 08:37:10.755 24683 24729 D jni_lib_merge: Preparing to register libfabricjni_so.  onload_func: 0x71f6cf87f8
04-15 08:37:10.755 24683 24729 D jni_lib_merge: Preparing to register libreact_devsupportjni_so.  onload_func: 0x71f6db2a7c
04-15 08:37:10.755 24683 24729 D jni_lib_merge: Preparing to register libreact_featureflagsjni_so.  onload_func: 0x71f6dcc518
04-15 08:37:10.755 24683 24729 D jni_lib_merge: Preparing to register libreact_newarchdefaults_so.  onload_func: 0x71f6e0d1f8
04-15 08:37:10.755 24683 24729 D jni_lib_merge: Preparing to register libreactnativeblob_so.  onload_func: 0x71f6eacc88
04-15 08:37:10.755 24683 24729 D jni_lib_merge: Preparing to register libreactnativejni_so.  onload_func: 0x71f6ec3548
04-15 08:37:10.755 24683 24729 D jni_lib_merge: Preparing to register libreactnativejni_common_so.  onload_func: 0x71f6ec9e24
04-15 08:37:10.755 24683 24729 D jni_lib_merge: Preparing to register librninstance_so.  onload_func: 0x71f6ee3c50
04-15 08:37:10.755 24683 24729 D jni_lib_merge: Preparing to register libturbomodulejsijni_so.  onload_func: 0x71f6f8ce38
04-15 08:37:10.755 24683 24729 D jni_lib_merge: Preparing to register libuimanagerjni_so.  onload_func: 0x71f6f94330
04-15 08:37:10.755 24683 24729 D jni_lib_merge: Preparing to register libyoga_so.  onload_func: 0x71f6f9b8f4
04-15 08:37:10.755 24683 24729 D jni_lib_merge: About to register 11 actual methods.
04-15 08:37:10.778  1189  8725 D WindowManager: takeScreenshotToTargetWindow: display=0, target=0, containsTarget=false, crop=Rect(0, 0 - 0, 0), w=540, h=1170, useIdentityTransform=true, ignorePolicy=false, caller=com.android.server.wm.WindowManagerService.takeScreenshotToTargetWindowFromCapture:53 com.android.server.wm.WindowManagerService.takeScreenshotToTargetWindow:14 android.view.IWindowManager$Stub.onTransact:3954 
04-15 08:37:10.778  1189  8725 D RestrictionPolicy: isScreenCaptureEnabled : ret=true userId=0
04-15 08:37:10.778  1189  8725 D RestrictionPolicy: isScreenCaptureEnabled : ret=true userId=0
04-15 08:37:10.778  1189  8725 D RestrictionPolicy: isScreenCaptureEnabled : ret=true userId=0
04-15 08:37:10.778  1189  8725 D WindowManager: takeScreenshotToTargetWindow: targetSurface=null, sourceCrop=Rect(0, 0 - 0, 0)
04-15 08:37:10.782   869   944 D RenderEngine: [SEC_SF_EFFECTS] drawLayersInternal,1313, Rendering layer  at index 0
04-15 08:37:10.785  1189  8725 D WindowManager: takeScreenshotToTargetWindow, bitmap=android.graphics.Bitmap@4883865, failedReason=, caller=com.android.server.wm.WindowManagerService.takeScreenshotToTargetWindowFromCapture:53 com.android.server.wm.WindowManagerService.takeScreenshotToTargetWindow:14 android.view.IWindowManager$Stub.onTransact:3954 com.android.server.wm.WindowManagerService.onTransact:1 android.os.Binder.execTransactInternal:1536 android.os.Binder.execTransact:1480 
04-15 08:37:10.785 24683 24729 D CompatChangeReporter: Compat change id reported: 63938206; UID 10337; state: ENABLED
04-15 08:37:10.812 24683 24729 W unknown:ViewManagerPropertyUpdater: Could not find generated setter for class com.th3rdwave.safeareacontext.SafeAreaProviderManager
04-15 08:37:10.816 24683 24729 W unknown:ViewManagerPropertyUpdater: Could not find generated setter for class com.facebook.react.uimanager.LayoutShadowNode
04-15 08:37:10.819 24683 24729 W unknown:ViewManagerPropertyUpdater: Could not find generated setter for class com.swmansion.rnscreens.SearchBarManager
04-15 08:37:10.820 24683 24729 W unknown:ViewManagerPropertyUpdater: Could not find generated setter for class expo.modules.kotlin.views.GroupViewManagerWrapper
04-15 08:37:10.822 24683 24729 W unknown:ViewManagerPropertyUpdater: Could not find generated setter for class com.swmansion.rnscreens.ScreenFooterManager
04-15 08:37:10.823 24683 24729 W unknown:ViewManagerPropertyUpdater: Could not find generated setter for class com.swmansion.rnscreens.gamma.tabs.TabScreenViewManager
04-15 08:37:10.824 24683 24729 W unknown:ViewManagerPropertyUpdater: Could not find generated setter for class com.swmansion.rnscreens.ScreenContainerViewManager
04-15 08:37:10.825 24683 24729 W unknown:ViewManagerPropertyUpdater: Could not find generated setter for class com.swmansion.rnscreens.gamma.tabs.TabsHostViewManager
04-15 08:37:10.826  1189  8725 D WindowManager: takeScreenshotToTargetWindow: display=0, target=0, containsTarget=false, crop=Rect(0, 0 - 0, 0), w=540, h=1170, useIdentityTransform=true, ignorePolicy=false, caller=com.android.server.wm.WindowManagerService.takeScreenshotToTargetWindowFromCapture:53 com.android.server.wm.WindowManagerService.takeScreenshotToTargetWindow:14 android.view.IWindowManager$Stub.onTransact:3954 
04-15 08:37:10.826  1189  8725 D RestrictionPolicy: isScreenCaptureEnabled : ret=true userId=0
04-15 08:37:10.826  1189  8725 D RestrictionPolicy: isScreenCaptureEnabled : ret=true userId=0
04-15 08:37:10.826  1189  8725 D RestrictionPolicy: isScreenCaptureEnabled : ret=true userId=0
04-15 08:37:10.826  1189  8725 D WindowManager: takeScreenshotToTargetWindow: targetSurface=null, sourceCrop=Rect(0, 0 - 0, 0)
04-15 08:37:10.827 24683 24729 W unknown:ViewManagerPropertyUpdater: Could not find generated setter for class com.swmansion.rnscreens.ModalScreenViewManager
04-15 08:37:10.828 24683 24729 W unknown:ViewManagerPropertyUpdater: Could not find generated setter for class com.swmansion.rnscreens.ScreenStackHeaderConfigViewManager
04-15 08:37:10.829 24683 24729 W unknown:ViewManagerPropertyUpdater: Could not find generated setter for class com.swmansion.rnscreens.ScreenContentWrapperManager
04-15 08:37:10.830 24683 24729 W unknown:ViewManagerPropertyUpdater: Could not find generated setter for class com.th3rdwave.safeareacontext.SafeAreaViewManager
04-15 08:37:10.830   869   944 D RenderEngine: [SEC_SF_EFFECTS] drawLayersInternal,1313, Rendering layer  at index 0
04-15 08:37:10.834 24683 24729 W unknown:ViewManagerPropertyUpdater: Could not find generated setter for class com.th3rdwave.safeareacontext.SafeAreaViewShadowNode
04-15 08:37:10.834  1189  8725 D WindowManager: takeScreenshotToTargetWindow, bitmap=android.graphics.Bitmap@24cf93a, failedReason=, caller=com.android.server.wm.WindowManagerService.takeScreenshotToTargetWindowFromCapture:53 com.android.server.wm.WindowManagerService.takeScreenshotToTargetWindow:14 android.view.IWindowManager$Stub.onTransact:3954 com.android.server.wm.WindowManagerService.onTransact:1 android.os.Binder.execTransactInternal:1536 android.os.Binder.execTransact:1480 
04-15 08:37:10.834 24683 24729 W unknown:ViewManagerPropertyUpdater: Could not find generated setter for class com.swmansion.rnscreens.safearea.SafeAreaViewManager
04-15 08:37:10.835 24683 24729 W unknown:ViewManagerPropertyUpdater: Could not find generated setter for class com.swmansion.rnscreens.safearea.paper.SafeAreaViewShadowNode
04-15 08:37:10.835 24683 24729 W unknown:ViewManagerPropertyUpdater: Could not find generated setter for class com.swmansion.rnscreens.ScreenViewManager
04-15 08:37:10.837 24683 24729 W unknown:ViewManagerPropertyUpdater: Could not find generated setter for class com.swmansion.rnscreens.gamma.stack.host.StackHostViewManager
04-15 08:37:10.837 24683 24729 W unknown:ViewManagerPropertyUpdater: Could not find generated setter for class com.swmansion.rnscreens.ScreenStackHeaderSubviewManager
04-15 08:37:10.837 24683 24729 W unknown:ViewManagerPropertyUpdater: Could not find generated setter for class com.swmansion.rnscreens.gamma.stack.screen.StackScreenViewManager
04-15 08:37:10.838 24683 24729 W unknown:ViewManagerPropertyUpdater: Could not find generated setter for class com.swmansion.rnscreens.ScreenStackViewManager
04-15 08:37:10.867  1189  3904 W ProcessStats: Tracking association SourceState{e0f3348 com.henza.accountingv2/10337 Top #12427} whose proc state 1 is better than process ProcessState{97c834a com.google.android.gms.persistent/10282 pkg=com.google.android.gms} proc state 4 (9 skipped)
04-15 08:37:10.870  3561  3572 I FontLog : (REDACTED) Received query %s, URI %s
04-15 08:37:10.870  3561  3572 I FontLog : (REDACTED) Query [%s] resolved to %s
04-15 08:37:10.875  3561  3572 I FontLog : (REDACTED) Fetch %s end status %s
04-15 08:37:10.876  1189  3904 D WindowManager: takeScreenshotToTargetWindow: display=0, target=0, containsTarget=false, crop=Rect(0, 0 - 0, 0), w=540, h=1170, useIdentityTransform=true, ignorePolicy=false, caller=com.android.server.wm.WindowManagerService.takeScreenshotToTargetWindowFromCapture:53 com.android.server.wm.WindowManagerService.takeScreenshotToTargetWindow:14 android.view.IWindowManager$Stub.onTransact:3954 
04-15 08:37:10.877  1189  3904 D RestrictionPolicy: isScreenCaptureEnabled : ret=true userId=0
04-15 08:37:10.877  1189  3904 D RestrictionPolicy: isScreenCaptureEnabled : ret=true userId=0
04-15 08:37:10.877  1189  3904 D RestrictionPolicy: isScreenCaptureEnabled : ret=true userId=0
04-15 08:37:10.877  1189  3904 D WindowManager: takeScreenshotToTargetWindow: targetSurface=null, sourceCrop=Rect(0, 0 - 0, 0)
04-15 08:37:10.877  3561  3572 I FontLog : (REDACTED) Pulling font file for id = %d, cache size = %d
04-15 08:37:10.880   869   944 D RenderEngine: [SEC_SF_EFFECTS] drawLayersInternal,1313, Rendering layer  at index 0
04-15 08:37:10.883  1189  3904 D WindowManager: takeScreenshotToTargetWindow, bitmap=android.graphics.Bitmap@fc8f5e1, failedReason=, caller=com.android.server.wm.WindowManagerService.takeScreenshotToTargetWindowFromCapture:53 com.android.server.wm.WindowManagerService.takeScreenshotToTargetWindow:14 android.view.IWindowManager$Stub.onTransact:3954 com.android.server.wm.WindowManagerService.onTransact:1 android.os.Binder.execTransactInternal:1536 android.os.Binder.execTransact:1480 
04-15 08:37:10.884  3561  3572 I FontLog : (REDACTED) Pulling font file for id = %d, cache size = %d
04-15 08:37:10.887 24683 24729 W unknown:ViewManagerPropertyUpdater: Could not find generated setter for class com.horcrux.svg.RenderableViewManager$DefsViewManager
04-15 08:37:10.889 24683 24729 W unknown:ViewManagerPropertyUpdater: Could not find generated setter for class com.horcrux.svg.VirtualViewManager$RenderableShadowNode
04-15 08:37:10.891 24683 24729 W unknown:ViewManagerPropertyUpdater: Could not find generated setter for class com.horcrux.svg.RenderableViewManager$FeMergeManager
04-15 08:37:10.894 24683 24729 W unknown:ViewManagerPropertyUpdater: Could not find generated setter for class com.facebook.react.views.safeareaview.ReactSafeAreaViewManager
04-15 08:37:10.896 24683 24729 W unknown:ViewManagerPropertyUpdater: Could not find generated setter for class com.horcrux.svg.RenderableViewManager$LinearGradientManager
04-15 08:37:10.898 24683 24729 W unknown:ViewManagerPropertyUpdater: Could not find generated setter for class com.horcrux.svg.RenderableViewManager$FeGaussianBlurManager
04-15 08:37:10.901 24683 24729 W unknown:ViewManagerPropertyUpdater: Could not find generated setter for class com.facebook.react.views.progressbar.ReactProgressBarViewManager
04-15 08:37:10.902 24683 24729 W unknown:ViewManagerPropertyUpdater: Could not find generated setter for class com.facebook.react.views.progressbar.ProgressBarShadowNode
04-15 08:37:10.905 24683 24729 W unknown:ViewManagerPropertyUpdater: Could not find generated setter for class com.facebook.react.views.scroll.ReactHorizontalScrollViewManager
04-15 08:37:10.910 24683 24729 W unknown:ViewManagerPropertyUpdater: Could not find generated setter for class com.facebook.react.views.text.ReactTextViewManager
04-15 08:37:10.911 24683 24729 W unknown:ViewManagerPropertyUpdater: Could not find generated setter for class com.facebook.react.views.text.ReactTextShadowNode
04-15 08:37:10.914 24683 24729 W unknown:ViewManagerPropertyUpdater: Could not find generated setter for class com.horcrux.svg.RenderableViewManager$FeColorMatrixManager
04-15 08:37:10.917 24683 24729 W unknown:ViewManagerPropertyUpdater: Could not find generated setter for class com.facebook.react.views.scroll.ReactHorizontalScrollContainerViewManager
04-15 08:37:10.917 10340 11078 I SCS@AiSearch user 0: (AppsDataWorker) [androidx.work-2] entering in doWork():  
04-15 08:37:10.917 10340 11078 I SCS@AiSearch user 0: (AppsDataObserver) [androidx.work-2] entering in execute():  
04-15 08:37:10.917 10340 11078 I SCS@AiSearch user 0: (AppsDataObserver-CMD_UPDATE_LIST) changed package count: 1
04-15 08:37:10.919 24683 24729 W unknown:ViewManagerPropertyUpdater: Could not find generated setter for class com.horcrux.svg.RenderableViewManager$ClipPathViewManager
