04-15 08:40:48.612  1189  2892 D WindowManager: takeScreenshotToTargetWindow, bitmap=android.graphics.Bitmap@64f59c8, failedReason=, caller=com.android.server.wm.WindowManagerService.takeScreenshotToTargetWindowFromCapture:53 com.android.server.wm.WindowManagerService.takeScreenshotToTargetWindow:14 android.view.IWindowManager$Stub.onTransact:3954 com.android.server.wm.WindowManagerService.onTransact:1 android.os.Binder.execTransactInternal:1536 android.os.Binder.execTransact:1480 
04-15 08:40:48.614  1189  3928 D InputTransport: Input channel constructed: '9b58247', fd=1150
04-15 08:40:48.614  1189  3928 D InputTransport: Input channel constructed: '9b58247', fd=1151
04-15 08:40:48.614  1189  3928 D InputTransport: Input channel constructed: '9b58247', fd=1152
04-15 08:40:48.614  1189  3928 D WindowManager: prepareSync <SYNC_STATE_WAITING_FOR_DRAW>, mPrepareSyncSeqId=0, win=Window{9b58247 u0 com.henza.accountingv2/com.henza.accountingv2.MainActivity}
04-15 08:40:48.615   869  2709 I SurfaceFlinger: id=153 createSurf, flag=84004, 9b58247 com.henza.accountingv2/com.henza.accountingv2.MainActivity#153
04-15 08:40:48.615   814   850 I HYPER-HAL: [RequestManager.cpp]acquire(): Acquired ID : 384185  [817 / 59]    HINT :      list : [TID_LOW_LATENCY / 1] [TID / 25319] [TID / 25320] [TID / 25177] [TID / 25304] 
04-15 08:40:48.615  1189  3928 D RestrictionPolicy: isScreenCaptureEnabled : ret=true userId=0
04-15 08:40:48.615  1189  3928 D RestrictionPolicy: isScreenCaptureEnabled : ret=true userId=0
04-15 08:40:48.616  1189  3928 D InputTransport: Input channel destroyed: '9b58247', fd=1152
04-15 08:40:48.616 25177 25177 D InputTransport: Input channel constructed: '9b58247', fd=122
04-15 08:40:48.616 25177 25177 I InsetsController: onStateChanged: host=com.henza.accountingv2/com.henza.accountingv2.MainActivity, from=android.view.ViewRootImpl.setView:1999, state=InsetsState: {mDisplayFrame=Rect(0, 0 - 1080, 2340), mDisplayCutout=DisplayCutout{insets=Rect(0, 91 - 0, 0) waterfall=Insets{left=0, top=0, right=0, bottom=0} boundingRect={Bounds=[Rect(0, 0 - 0, 0), Rect(511, 0 - 569, 91), Rect(0, 0 - 0, 0), Rect(0, 0 - 0, 0)]} cutoutPathParserInfo={CutoutPathParserInfo{displayWidth=1080 displayHeight=2340 physicalDisplayWidth=1080 physicalDisplayHeight=2340 density={3.0} cutoutSpec={M 0,0 H -9.666666666666667 V 30.33333333333333 H 9.666666666666667 V 0 H 0 Z @dp} rotation={0} scale={1.0} physicalPixelDisplaySizeRatio={1.0}}} sideOverrides={}}, mRoundedCorners=RoundedCorners{[RoundedCorner{position=TopLeft, radius=108, center=Point(108, 108)}, RoundedCorner{position=TopRight, radius=108, center=Point(972, 108)}, RoundedCorner{position=BottomRight, radius=108, center=Point(972, 2232)}, RoundedCorner{position=BottomLeft, radius=108, center=Point(108, 2232)}]}  mRoundedCornerFrame=Rect(0, 0 - 1080, 2340), mPrivacyIndicatorBounds=PrivacyIndicatorBounds {static bounds=Rect(948, 0 - 1080, 91) rotation=0}, mDisplayShape=DisplayShape{ spec=-311912193 displayWidth=1080 displayHeight=2340 physicalPixelDisplaySizeRatio=1.0 rotation=0 offsetX=0 offsetY=0 scale=1.0}, mSources= { InsetsSource: {a2e20000 mType=statusBars mFrame=[0,0][1080,91] mVisible=true mFlags= mSideHint=TOP mBoundingRects=null}, InsetsSource: {a2e20005 mType=mandatorySystemGestures mFrame=[0,0][1080,127] mVisible=true mFlags= mSideHint=TOP mBoundingRects=null}, InsetsSource: {a2e20006 mType=tappableElement mFrame=[0,0][1080,91] mVisible=true mFlags= mSideHint=TOP mBoundingRects=null}, InsetsSource: {27 mType=displayCutout mFrame=[0,0][1080,91] mVisible=true mFlags= mSideHint=TOP mBoundingRects=null}, InsetsSource: {6bbe0001 mType=navigationBars mFrame=[0,2196][1080,2340] mVisible=false mFlags= mSideHint=BOTTOM mBoundingRects=null}, InsetsSource: {6bbe0004 mType=systemGestures mFrame=[0,0][0,0] mVisible=true mFlags= mSideHint=NONE mBoundingRects=null}, InsetsSource: {6bbe0005 mType=mandatorySystemGestures mFrame=[0,2196][1080,2340] mVisible=true mFlags= mSideHint=BOTTOM mBoundingRects=null}, InsetsSource: {6bbe0006 mType=tappableElement mFrame=[0,2196][1080,2340] mVisible=true mFlags= mSideHint=BOTTOM mBoundingRects=null}, InsetsSource: {6bbe0024 mType=systemGestures mFrame=[0,0][0,0] mVisible=true mFlags= mSideHint=NONE mBoundingRects=null} }
04-15 08:40:48.617 25177 25177 I VRI[MainActivity]@9ab7df2: synced displayState. AttachInfo displayState=1
04-15 08:40:48.617 25177 25263 D FirebaseSessions: Session Event Type: SESSION_START
04-15 08:40:48.617 25177 25177 I VRI[MainActivity]@9ab7df2: setView = com.android.internal.policy.DecorView@d994f25 IsHRR=false TM=true
04-15 08:40:48.617 25177 25177 I IDS_TAG : Clearing training data of com.henza.accountingv2.MainApplication@a0dcb3d
04-15 08:40:48.617 25177 25263 D FirebaseSessions: Successfully logged Session Start event.
04-15 08:40:48.617 25177 25177 I IDS_TAG : Starting IDS observe window
04-15 08:40:48.617 25177 25177 I IDS_TAG : Getting Shared Preference for com.henza.accountingv2.MainApplication@a0dcb3d uid = 10337
04-15 08:40:48.617 25177 25177 I IDS_TAG : App com.henza.accountingv2.MainApplication@a0dcb3d has not finished training
04-15 08:40:48.618 25177 25177 D FirebaseSessions: App backgrounded on com.henza.accountingv2
04-15 08:40:48.618 25177 25177 W unknown:BridgelessReact: ReactHost{0}.onHostPause(activity)
04-15 08:40:48.618 25177 25177 W unknown:BridgelessReact: ReactHost{0}.ReactContext.onHostPause()
04-15 08:40:48.619 25177 25304 D HWUI    : HWUI - treat SMPTE_170M as sRGB
04-15 08:40:48.619 25177 25177 I IDS_TAG : Closing IDS observe window
04-15 08:40:48.619 25177 25177 I IDS_TAG : Getting Shared Preference for com.henza.accountingv2.MainApplication@a0dcb3d uid = 10337
04-15 08:40:48.619 25177 25177 I IDS_TAG : IDS count updated to 1 for com.henza.accountingv2.MainApplication@a0dcb3d
04-15 08:40:48.619  1189  1272 D SGM:FgCheckThread: notePauseComponent(), received pkgName: com.henza.accountingv2, userId: 0
04-15 08:40:48.619  1189  1272 D SGM:FgCheckThread: notePauseComponent(), received pkgName: com.henza.accountingv2, userId: 0
04-15 08:40:48.619  1189  1272 D SGM:FgCheckThread: notifyFocusInOut(). of pkg: com.henza.accountingv2, type: 20, isSecGameFamily: false, userId: 0
04-15 08:40:48.619  1189  1272 D SGM:GameManager: identifyGamePackage. com.henza.accountingv2, mCurrentUserId: 0, callerUserId: 0, callingMethodInfo: com.samsung.android.game.SemGameManager.isGamePackage(SemGameManager.java:105)
04-15 08:40:48.619  1189  1272 D SGM:SemGameManager: isGamePackage(), pkgName=com.henza.accountingv2, ret=false
04-15 08:40:48.619  1189  1272 D SGM:FgCheckThread:   notifyFocusInOut(). unexpected type. 20
04-15 08:40:48.620  1189  1910 I CocktailBarManagerServiceContainer: handleMessage: entry what = 6
04-15 08:40:48.621 25177 25254 D FirebaseSessions: Notified CRASHLYTICS of new session 4b83d8e0606641a1b5e78fdddf9667bc
04-15 08:40:48.622  1189  2892 D CoreBackPreview: Window{9b58247 u0 com.henza.accountingv2/com.henza.accountingv2.MainActivity}: Setting back callback OnBackInvokedCallbackInfo{mCallback=android.window.IOnBackInvokedCallback$Stub$Proxy@6bdfbe3, mPriority=0, mIsAnimationCallback=false}
04-15 08:40:48.622  1189  2892 V WindowManager: Relayout Window{9b58247 u0 com.henza.accountingv2/com.henza.accountingv2.MainActivity}: viewVisibility=0 req=1080x2340 ty=1 d0
04-15 08:40:48.623   869  2709 I SurfaceFlinger: id=154 createSurf, flag=44004, com.henza.accountingv2/com.henza.accountingv2.MainActivity$_25177#154
04-15 08:40:48.623  1189  2892 D WindowManager: makeSurface duration=1 name=com.henza.accountingv2/com.henza.accountingv2.MainActivity$_25177
04-15 08:40:48.623 25177 25268 D CompatChangeReporter: Compat change id reported: 311402873; UID 10337; state: ENABLED
04-15 08:40:48.623 25177 25268 D CompatChangeReporter: Compat change id reported: 323349338; UID 10337; state: ENABLED
04-15 08:40:48.623  1189  2892 D BLASTSyncEngine: SyncGroup 15:  Unfinished container: ActivityRecord{6dc0768 u0 com.henza.accountingv2/.MainActivity t12} mSyncState=2
04-15 08:40:48.624  1189  2697 D CompatChangeReporter: Compat change id reported: 311402873; UID 10337; state: ENABLED
04-15 08:40:48.624  1189  2892 V WindowManager: SyncGroup 15: Finished!
04-15 08:40:48.624  1189  2697 D CompatChangeReporter: Compat change id reported: 323349338; UID 10337; state: ENABLED
04-15 08:40:48.624  1189  2892 D ChangeTransitionController: onTransactionReady: TransitionRecord{63b0a8b id=15 type=OPEN flags=0x0}
04-15 08:40:48.624  1189  2892 V WindowManager: Start calculating TransitionInfo based on participants: {ActivityRecord{6dc0768 u0 com.henza.accountingv2/.MainActivity t12}, Task{8610781 #12 type=standard A=10337:com.henza.accountingv2}}
04-15 08:40:48.624  1189  2892 V WindowManager:   Final targets: []
04-15 08:40:48.624  1189  2892 V WindowManager: Calling onTransitionReady: {id=15 t=OPEN f=0x40 trk=0 r=[] c=[]}
04-15 08:40:48.624  1189  2892 D PowerManagerService: [api] setPowerBoost(L) boost:0, durationMs:0, caller (uid: 1000 pid: 1189) <- m() in com.android.server.display.DisplayManagerService$BinderService$$ExternalSyntheticOutline0:1
04-15 08:40:48.624  2035 18191 V WindowManagerShell: onTransitionReady(transaction=5106716115717)
04-15 08:40:48.624  2035  2555 V WindowManagerShell: onTransitionReady (#15) android.os.BinderProxy@3da77c0: {id=15 t=OPEN f=0x40 trk=0 r=[] c=[]}
04-15 08:40:48.624  2035  2555 V WindowManagerShell: No transition roots in (#15) android.os.BinderProxy@3da77c0@0 so abort
04-15 08:40:48.624  1189  2892 V WindowManager: Relayout hash=9b58247, pid=25177, syncId=-1: mAttrs={(0,0)(fillxfill) sim={adjust=resize forwardNavigation} layoutInDisplayCutoutMode=always ty=BASE_APPLICATION wanim=0x1030312
04-15 08:40:48.624  1189  2892 V WindowManager:   fl=81810100
04-15 08:40:48.624  1189  2892 V WindowManager:   pfl=100088c0
04-15 08:40:48.624  1189  2892 V WindowManager:   vsysui=10
04-15 08:40:48.624  1189  2892 V WindowManager:   apr=10
04-15 08:40:48.624  1189  2892 V WindowManager:   bhv=1
04-15 08:40:48.624  1189  2892 V WindowManager:   fitSides=0
04-15 08:40:48.624  1189  2892 V WindowManager:   frameRateBoostOnTouch=true
04-15 08:40:48.624  1189  2892 V WindowManager:   dvrrWindowFrameRateHint=true naviIconColor=0}
04-15 08:40:48.624  2035  2555 I SurfaceControlRegistry: apply, t=StartTransaction_SyncId<15>, caller=android.view.SurfaceControl$Transaction.apply:3135 android.view.SurfaceControl$Transaction.apply:3122 android.view.SurfaceControl$Transaction.apply:3078 com.android.wm.shell.transition.Transitions.processReadyQueue:240 com.android.wm.shell.transition.Transitions.onAbort:54 com.android.wm.shell.transition.Transitions.dispatchReady:225 
04-15 08:40:48.625  2035  2555 V WindowManagerShell: Transition animation finished (aborted=true), notifying core (#15) android.os.BinderProxy@3da77c0@0
04-15 08:40:48.625  2035  2555 I SurfaceControlRegistry: apply, t=FinishTransaction_SyncId<15>, caller=android.view.SurfaceControl$Transaction.apply:3135 android.view.SurfaceControl$Transaction.apply:3122 android.view.SurfaceControl$Transaction.apply:3078 com.android.wm.shell.transition.Transitions.onFinish:308 com.android.wm.shell.transition.Transitions.processReadyQueue:246 com.android.wm.shell.transition.Transitions.onAbort:54 
04-15 08:40:48.625 25177 25177 I BLASTBufferQueue_Java: new BLASTBufferQueue, mName= VRI[MainActivity]@9ab7df2 mNativeObject= 0xb4000073c2c59830 sc.mNativeObject= 0xb400007542c47a90 caller= android.view.ViewRootImpl.updateBlastSurfaceIfNeeded:3397 android.view.ViewRootImpl.relayoutWindow:11361 android.view.ViewRootImpl.performTraversals:4544 android.view.ViewRootImpl.doTraversal:3708 android.view.ViewRootImpl$TraversalRunnable.run:12542 android.view.Choreographer$CallbackRecord.run:1751 android.view.Choreographer$CallbackRecord.run:1760 android.view.Choreographer.doCallbacks:1216 android.view.Choreographer.doFrame:1142 android.view.Choreographer$FrameDisplayEventReceiver.run:1707 
04-15 08:40:48.625 25177 25177 I BLASTBufferQueue_Java: update, w= 1080 h= 2340 mName = VRI[MainActivity]@9ab7df2 mNativeObject= 0xb4000073c2c59830 sc.mNativeObject= 0xb400007542c47a90 format= -1 caller= android.graphics.BLASTBufferQueue.<init>:88 android.view.ViewRootImpl.updateBlastSurfaceIfNeeded:3397 android.view.ViewRootImpl.relayoutWindow:11361 android.view.ViewRootImpl.performTraversals:4544 android.view.ViewRootImpl.doTraversal:3708 android.view.ViewRootImpl$TraversalRunnable.run:12542 
04-15 08:40:48.625  1022  1143 I CameraService: onUidStateChanged: uid=10052, procState is changed. (5 -> 1)
04-15 08:40:48.625 25177 25177 I VRI[MainActivity]@9ab7df2: Relayout returned: old=(0,0,1080,2340) new=(0,0,1080,2340) relayoutAsync=false req=(1080,2340)0 dur=3 res=0x3 s={true 0xb4000073e2cb7310} ch=true seqId=0
04-15 08:40:48.626  1189  2697 V WindowManager: Finish Transition: TransitionRecord{63b0a8b id=15 type=OPEN flags=0x40}, caller=com.android.server.wm.WindowOrganizerController.finishTransitionInner:26 com.android.server.wm.WindowOrganizerController.finishAllTransitions:59 android.window.IWindowOrganizerController$Stub.onTransact:311 
04-15 08:40:48.626  1189  1915 I MR2ServiceImpl: Updating composite discovery preference | preference: RouteDiscoveryRequest{ preferredFeatures={}, activeScan=false }, active routers: []
04-15 08:40:48.626  1189  1261 V WindowManager: Sent Transition (#15) createdAt=04-15 08:40:48.528 via request=TransitionRequestInfo { type = OPEN, triggerTask = TaskInfo{userId=0 taskId=12 displayId=0 isRunning=true baseIntent=Intent { act=android.intent.action.MAIN cat=[android.intent.category.LAUNCHER] flg=0x10200000 cmp=com.henza.accountingv2/.MainActivity } baseActivity=ComponentInfo{com.henza.accountingv2/com.henza.accountingv2.MainActivity} topActivity=ComponentInfo{com.henza.accountingv2/com.henza.accountingv2.MainActivity} origActivity=null realActivity=ComponentInfo{com.henza.accountingv2/com.henza.accountingv2.MainActivity} numActivities=1 lastActiveTime=5052345 supportsMultiWindow=true resizeMode=1 isResizeable=true minWidth=-1 minHeight=-1 maxWidth=-1 maxHeight=-1 defaultMinSize=220 token=WCT{RemoteToken{e28f35e Task{8610781 #12 type=standard A=10337:com.henza.accountingv2}}} topActivityType=1 pictureInPictureParams=null shouldDockBigOverlays=false launchIntoPipHostTaskId=-1 lastParentTaskIdBeforePip=-1 displayCutoutSafeInsets=Rect(0, 91 - 0, 0) topActivityInfo=ActivityInfo{a4a733f com.henza.accountingv2.MainActivity} launchCookies=[] positionInParent=Point(0, 0) parentTaskId=-1 isFocused=true isVisible=false isVisibleRequested=false isSleeping=true topActivityInSizeCompat=false locusId=null displayAreaFeatureId=1 isTopActivityTransparent=false isTopActivityStyleFloating=false appCompatTaskInfo=AppCompatTaskInfo { topActivityInSizeCompat=false eligibleForLetterboxEducation= false isLetterboxEducationEnabled= false isLetterboxDoubleTapEnabled= false eligibleForUserAspectRatioButton= false topActivityBoundsLetterboxed= false isFromLetterboxDoubleTap= false topActivityLetterboxVerticalPosition= -1 topActivityLetterboxHorizontalPosition= -1 topActivityLetterboxWidth=1080 topActivityLetterboxHeight=2340 topActivityLetterboxAppWidth=1080 topActivityLetterboxAppHeight=2340 isUserFullscreenOverrideEnabled=false isSystemFullscreenOverrideEnabled=false hasMinAspectRatioOverride=false cameraCompatTaskInfo=CameraCompatTaskInfo { freeformCameraCompatMode=inactive} topActivityBounds=null topActivityInDisplayCompat=false} originallySupportedMultiWindow=true hasWallpaper=false rootAffinity=10337:com.henza.accountingv2 isTopTaskInStage=false topActivityUiMode=17 CoverLauncherWidgetTask=false isAllowedSeamlessRotation=false isTopTransparentActivity=false snappingGuideBounds=Rect(81, 558 - 999, 1728) isAliasManaged=false hasConfigChanged=false isAiKeyRemoveAppTask=false}, pipTask = null, remoteTransition = null, displayChange = null, flags = 0, debugId = 15 }
04-15 08:40:48.626  1189  1261 V WindowManager:     startWCT=WindowContainerTransaction { changes = {} hops = [] errorCallbackToken=null taskFragmentOrganizer=null }
04-15 08:40:48.626  1189  1261 V WindowManager:     info={id=15 t=OPEN f=0x40 trk=0 r=[] c=[]}
04-15 08:40:48.626 25177 25177 D VRI[MainActivity]@9ab7df2: mThreadedRenderer.initialize() mSurface={isValid=true 0xb4000073e2cb7310} hwInitialized=true
04-15 08:40:48.626  1189  1261 V WindowManager: Finish Transition (#15): created at 04-15 08:40:48.528 collect-started=0.155ms request-sent=9.723ms started=15.989ms ready=15.962ms sent=95.537ms finished=97.346ms
04-15 08:40:48.626  1189  2697 D ChangeTransitionController: onTransitionFinished: TransitionRecord{63b0a8b id=15 type=OPEN flags=0x40}
04-15 08:40:48.626 25177 25177 D VRI[MainActivity]@9ab7df2: reportNextDraw android.view.ViewRootImpl.performTraversals:5193 android.view.ViewRootImpl.doTraversal:3708 android.view.ViewRootImpl$TraversalRunnable.run:12542 android.view.Choreographer$CallbackRecord.run:1751 android.view.Choreographer$CallbackRecord.run:1760 
04-15 08:40:48.626 25177 25177 D VRI[MainActivity]@9ab7df2: Setup new sync=wmsSync-VRI[MainActivity]@9ab7df2#0
04-15 08:40:48.626 25177 25177 I VRI[MainActivity]@9ab7df2: Creating new active sync group VRI[MainActivity]@9ab7df2#1
04-15 08:40:48.626  2035  2555 V WindowManagerShell: Track 0 became idle
04-15 08:40:48.626  2035  2555 V WindowManagerShell: All active transition animations finished
04-15 08:40:48.628 25177 25177 D VRI[MainActivity]@9ab7df2: registerCallbacksForSync syncBuffer=false
04-15 08:40:48.628  1022  1143 I CameraService: onUidStateChanged: uid=10052, procState is changed. (1 -> 5)
04-15 08:40:48.628  1189  1915 I MR2ServiceImpl: Updating composite discovery preference | preference: RouteDiscoveryRequest{ preferredFeatures={}, activeScan=false }, active routers: []
04-15 08:40:48.628 25177 25323 I za.accountingv2: [HIDL_FETCH_IMapper] android.hardware.graphics.mapper@4.0: Loaded Mapper successfully.
04-15 08:40:48.629  1189  1272 I ActivityManager: Changes in 10337 2 to 12, 127 to 0
04-15 08:40:48.629 25177 25319 D VRI[MainActivity]@9ab7df2: Received frameDrawingCallback syncResult=0 frameNum=1.
04-15 08:40:48.629  1189  2892 W UserManagerService: Requested status bar icon for non-badged user 0
04-15 08:40:48.629 25177 25319 I VRI[MainActivity]@9ab7df2: mWNT: t=0xb400007442c7d450 mBlastBufferQueue=0xb4000073c2c59830 fn= 1 HdrRenderState mRenderHdrSdrRatio=1.0 caller= android.view.ViewRootImpl$11.onFrameDraw:15016 android.view.ThreadedRenderer$1.onFrameDraw:761 <bottom of call stack> 
04-15 08:40:48.629 25177 25319 I VRI[MainActivity]@9ab7df2: Setting up sync and frameCommitCallback
04-15 08:40:48.630  1189  1261 D HintManagerService: Sent cleanup message for uid 10337
04-15 08:40:48.630   814   850 I HYPER-HAL: [RequestManager.cpp]acquire(): Acquired ID : 384185  [817 / 59]    HINT :      list : [TID_LOW_LATENCY / 0] [TID / 25319] [TID / 25320] [TID / 25177] [TID / 25304] 
04-15 08:40:48.630   516   516 I hwservicemanager: getTransport: Cannot find entry android.hardware.graphics.allocator@4.0::IAllocator/default in either framework or device VINTF manifest.
04-15 08:40:48.636 25177 25304 I BLASTBufferQueue: [VRI[MainActivity]@9ab7df2#0](f:0,a:0,s:0) onFrameAvailable the first frame is available
04-15 08:40:48.636   869   869 I SurfaceFlinger: Layer [9b58247 com.henza.accountingv2/com.henza.accountingv2.MainActivity#153] hidden!! flag(0)
04-15 08:40:48.636   869   869 I SurfaceFlinger: [9b58247 com.henza.accountingv2/com.henza.accountingv2.MainActivity#153] attach to parent LayerHierarchy{RequestedLayerState{ActivityRecord{6dc0768 u0 com.henza.accountingv2/.MainActivity t12}#152 parentId=151} 1 children}
04-15 08:40:48.636   869   869 I SurfaceFlinger: [com.henza.accountingv2/com.henza.accountingv2.MainActivity$_25177#154] attach to parent LayerHierarchy{RequestedLayerState{9b58247 com.henza.accountingv2/com.henza.accountingv2.MainActivity#153 parentId=152} 1 children}
04-15 08:40:48.636 25177 25304 I VRI[MainActivity]@9ab7df2: Received frameCommittedCallback lastAttemptedDrawFrameNum=1 didProduceBuffer=true
04-15 08:40:48.637   869   938 I SurfaceFlinger: [com.henza.accountingv2/com.henza.accountingv2.MainActivity$_25177#154] setTransactionState with the first frame. bufferData(ID: 108134391611392, frameNumber: 1)
04-15 08:40:48.637 25177 25304 D HWUI    : CFMS:: SetUp Pid : 25177    Tid : 25304
04-15 08:40:48.637 25177 25177 D VRI[MainActivity]@9ab7df2: reportDrawFinished seqId=0
04-15 08:40:48.638  1189  2065 D WindowManager: finishDrawingWindow: Window{9b58247 u0 com.henza.accountingv2/com.henza.accountingv2.MainActivity} mDrawState=DRAW_PENDING seqId=0
04-15 08:40:48.638 25177 25304 D HWUI    : CacheManager::trimMemory(20)
04-15 08:40:48.638  1189  1261 W ziparchive: Unable to open '/data/app/~~HQZoSXXAeeXZTzeIRwoSBQ==/com.henza.accountingv2-1Q3tuJsq40XdNpq6w-yCCg==/base.dm': No such file or directory
04-15 08:40:48.639 25177 25177 I VRI[MainActivity]@9ab7df2: stopped(true) old = false
04-15 08:40:48.639 25177 25177 D VRI[MainActivity]@9ab7df2: WindowStopped on com.henza.accountingv2/com.henza.accountingv2.MainActivity set to true
04-15 08:40:48.639  1189  2065 D WindowManager: takeScreenshotToTargetWindow: display=0, target=0, containsTarget=false, crop=Rect(0, 0 - 0, 0), w=540, h=1170, useIdentityTransform=true, ignorePolicy=false, caller=com.android.server.wm.WindowManagerService.takeScreenshotToTargetWindowFromCapture:53 com.android.server.wm.WindowManagerService.takeScreenshotToTargetWindow:14 android.view.IWindowManager$Stub.onTransact:3954 
04-15 08:40:48.639  1189  1261 D [secipm]: mSecIpmManager report to nap
04-15 08:40:48.639  1189  1261 I PkgPredictorService-SecIpmManagerServiceImpl: reportToNAP uid:10337 com.henza.accountingv2/com.henza.accountingv2.MainActivity thisTime:111
04-15 08:40:48.639  1189  2065 D RestrictionPolicy: isScreenCaptureEnabled : ret=true userId=0
04-15 08:40:48.639  1189  1261 D PkgPredictorService-SecIpmManagerServiceImpl: reportToNAP: mHeavyLaunchCounter is false
04-15 08:40:48.639  1189  2065 D RestrictionPolicy: isScreenCaptureEnabled : ret=true userId=0
04-15 08:40:48.639  1189  2065 D RestrictionPolicy: isScreenCaptureEnabled : ret=true userId=0
04-15 08:40:48.639  1189  2065 D RestrictionPolicy: isScreenCaptureEnabled : ret=true userId=0
04-15 08:40:48.639  1189  2065 D WindowManager: takeScreenshotToTargetWindow: targetSurface=null, sourceCrop=Rect(0, 0 - 0, 0)
04-15 08:40:48.639  1189  3403 D PkgPredictorService-SecIpmManagerServiceImpl: ACTION_FOREGROUND_FINISH_EVENT sCurForegroundApp :com.henza.accountingv2
04-15 08:40:48.640 25177 25304 D HWUI    : CacheManager::trimMemory(20)
04-15 08:40:48.640  1189  1261 I ActivityTaskManager: Displayed com.henza.accountingv2/.MainActivity for user 0: +111ms
04-15 08:40:48.640  1189  1261 I Pageboost: Launch time gathered : pid 25177 com.henza.accountingv2 111
04-15 08:40:48.640  3563  3563 E pageboostd: Received HALT command code 2
04-15 08:40:48.641   869   944 D RenderEngine: [SEC_SF_EFFECTS] drawLayersInternal,1313, Rendering layer  at index 0
04-15 08:40:48.643  1189  2065 D WindowManager: takeScreenshotToTargetWindow, bitmap=android.graphics.Bitmap@9fd045b, failedReason=, caller=com.android.server.wm.WindowManagerService.takeScreenshotToTargetWindowFromCapture:53 com.android.server.wm.WindowManagerService.takeScreenshotToTargetWindow:14 android.view.IWindowManager$Stub.onTransact:3954 com.android.server.wm.WindowManagerService.onTransact:1 android.os.Binder.execTransactInternal:1536 android.os.Binder.execTransact:1480 
04-15 08:40:48.647 25177 25177 W Choreographer: Already have a pending vsync event.  There should only be one at a time.
04-15 08:40:48.648 25177 25304 D HWUI    : CacheManager::trimMemory(20)
04-15 08:40:48.650  1189  2065 V WindowManager: Relayout Window{9b58247 u0 com.henza.accountingv2/com.henza.accountingv2.MainActivity}: viewVisibility=4 req=1080x2340 ty=1 d0
04-15 08:40:48.651  1189  2065 V WindowManager: Relayout hash=9b58247, pid=25177, syncId=-1: mAttrs={(0,0)(fillxfill) sim={adjust=resize forwardNavigation} layoutInDisplayCutoutMode=always ty=BASE_APPLICATION wanim=0x1030312
04-15 08:40:48.651  1189  2065 V WindowManager:   fl=81810100
04-15 08:40:48.651  1189  2065 V WindowManager:   pfl=100088c0
04-15 08:40:48.651  1189  2065 V WindowManager:   vsysui=10
04-15 08:40:48.651  1189  2065 V WindowManager:   apr=10
04-15 08:40:48.651  1189  2065 V WindowManager:   bhv=1
04-15 08:40:48.651  1189  2065 V WindowManager:   fitSides=0
04-15 08:40:48.651  1189  2065 V WindowManager:   frameRateBoostOnTouch=true
04-15 08:40:48.651  1189  2065 V WindowManager:   dvrrWindowFrameRateHint=true naviIconColor=0}
04-15 08:40:48.652 25177 25177 I VRI[MainActivity]@9ab7df2: Relayout returned: old=(0,0,1080,2340) new=(0,0,1080,2340) relayoutAsync=false req=(1080,2340)4 dur=3 res=0x2 s={false 0x0} ch=false seqId=0
04-15 08:40:48.652 25177 25177 D VRI[MainActivity]@9ab7df2: Not drawing due to not visible. Reason=View.INVISIBLE
04-15 08:40:48.652  1189  2065 V WindowManager: Setting visibility of Window{9b58247 u0 com.henza.accountingv2/com.henza.accountingv2.MainActivity}: false, caller=com.android.server.wm.WindowContainer.sendAppVisibilityToClients:19 com.android.server.wm.WindowToken.setClientVisible:49 com.android.server.wm.ActivityRecord.setClientVisible:8 com.android.server.wm.ActivityRecord.activityStopped:201 com.android.server.wm.ActivityClientController.activityStopped:95 
04-15 08:40:48.653  1189  1272 D SGM:FgCheckThread: getForegroundApp(), foregroundPkgName=com.henza.accountingv2
04-15 08:40:48.653 25177 25177 I VRI[MainActivity]@9ab7df2: handleAppVisibility mAppVisible = true visible = false
04-15 08:40:48.653  1189  2065 E WindowManager: win=Window{9b58247 u0 com.henza.accountingv2/com.henza.accountingv2.MainActivity} destroySurfaces: appStopped=true cleanupOnResume=false win.mWindowRemovalAllowed=false win.mRemoveOnExit=false win.mViewVisibility=4 caller=com.android.server.wm.ActivityRecord.destroySurfaces:25 com.android.server.wm.ActivityRecord.activityStopped:204 com.android.server.wm.ActivityClientController.activityStopped:95 android.app.IActivityClientController$Stub.onTransact:722 com.android.server.wm.ActivityClientController.onTransact:1 android.os.Binder.execTransactInternal:1541 android.os.Binder.execTransact:1480 
04-15 08:40:48.653  1189  2065 I WindowManager: Destroying surface Surface(name=com.henza.accountingv2/com.henza.accountingv2.MainActivity$_25177)/@0x170c4f8 called by com.android.server.wm.WindowStateAnimator.destroySurface:11 com.android.server.wm.WindowStateAnimator.destroySurfaceLocked:54 com.android.server.wm.WindowState.destroySurfaceUnchecked:5 com.android.server.wm.WindowState.destroySurface:126 com.android.server.wm.ActivityRecord.destroySurfaces:25 com.android.server.wm.ActivityRecord.activityStopped:204 com.android.server.wm.ActivityClientController.activityStopped:95 android.app.IActivityClientController$Stub.onTransact:722 
04-15 08:40:48.653  1189  1272 D SGM:FgCheckThread: pkgName: com.henza.accountingv2 is not in foreground
04-15 08:40:48.669  1189  2065 D WindowManager: takeScreenshotToTargetWindow: display=0, target=0, containsTarget=false, crop=Rect(0, 0 - 0, 0), w=540, h=1170, useIdentityTransform=true, ignorePolicy=false, caller=com.android.server.wm.WindowManagerService.takeScreenshotToTargetWindowFromCapture:53 com.android.server.wm.WindowManagerService.takeScreenshotToTargetWindow:14 android.view.IWindowManager$Stub.onTransact:3954 
04-15 08:40:48.669  1189  2065 D RestrictionPolicy: isScreenCaptureEnabled : ret=true userId=0
04-15 08:40:48.669  1189  2065 D RestrictionPolicy: isScreenCaptureEnabled : ret=true userId=0
04-15 08:40:48.669  1189  2065 D RestrictionPolicy: isScreenCaptureEnabled : ret=true userId=0
04-15 08:40:48.669  1189  2065 D WindowManager: takeScreenshotToTargetWindow: targetSurface=null, sourceCrop=Rect(0, 0 - 0, 0)
04-15 08:40:48.670   869   869 I SurfaceFlinger: [LayerHierarchy{RequestedLayerState{com.henza.accountingv2/com.henza.accountingv2.MainActivity$_25177#154} no children}] reparent to OffscreenRoot
04-15 08:40:48.670   869   869 I SurfaceFlinger: [LayerHierarchy{RequestedLayerState{com.henza.accountingv2/com.henza.accountingv2.MainActivity$_25177#154} no children}] RelativeParent to null
04-15 08:40:48.670   869   869 I SurfaceFlinger: id=154 Removed com.henza.accountingv2/com.henza.accountingv2.MainActivity$_25177#154 (102)
04-15 08:40:48.671   869   944 D RenderEngine: [SEC_SF_EFFECTS] drawLayersInternal,1313, Rendering layer  at index 0
04-15 08:40:48.673  1189  1868 D MdnieScenarioControlService:  packageName : com.henza.accountingv2    className : com.henza.accountingv2.MainActivity
04-15 08:40:48.673  1189  1868 V MdnieScenarioControlService: setUIMode from UI function(3)
04-15 08:40:48.676  1189  2065 D WindowManager: takeScreenshotToTargetWindow, bitmap=android.graphics.Bitmap@8d79dd1, failedReason=, caller=com.android.server.wm.WindowManagerService.takeScreenshotToTargetWindowFromCapture:53 com.android.server.wm.WindowManagerService.takeScreenshotToTargetWindow:14 android.view.IWindowManager$Stub.onTransact:3954 com.android.server.wm.WindowManagerService.onTransact:1 android.os.Binder.execTransactInternal:1536 android.os.Binder.execTransact:1480 
04-15 08:40:48.686   869   869 I SurfaceFlinger: destroyed com.henza.accountingv2/com.henza.accountingv2.MainActivity$_25177#154
04-15 08:40:48.686   869   869 I Layer   : id=154 Destroyed com.henza.accountingv2/com.henza.accountingv2.MainActivity$_25177#154
04-15 08:40:48.703  1189  2065 D WindowManager: takeScreenshotToTargetWindow: display=0, target=0, containsTarget=false, crop=Rect(0, 0 - 0, 0), w=540, h=1170, useIdentityTransform=true, ignorePolicy=false, caller=com.android.server.wm.WindowManagerService.takeScreenshotToTargetWindowFromCapture:53 com.android.server.wm.WindowManagerService.takeScreenshotToTargetWindow:14 android.view.IWindowManager$Stub.onTransact:3954 
04-15 08:40:48.704  1189  2065 D RestrictionPolicy: isScreenCaptureEnabled : ret=true userId=0
04-15 08:40:48.705  1189  2065 D RestrictionPolicy: isScreenCaptureEnabled : ret=true userId=0
04-15 08:40:48.705  1189  2065 D RestrictionPolicy: isScreenCaptureEnabled : ret=true userId=0
04-15 08:40:48.705  1189  2065 D WindowManager: takeScreenshotToTargetWindow: targetSurface=null, sourceCrop=Rect(0, 0 - 0, 0)
04-15 08:40:48.707   869   944 D RenderEngine: [SEC_SF_EFFECTS] drawLayersInternal,1313, Rendering layer  at index 0
04-15 08:40:48.710  1189  2065 D WindowManager: takeScreenshotToTargetWindow, bitmap=android.graphics.Bitmap@68a1036, failedReason=, caller=com.android.server.wm.WindowManagerService.takeScreenshotToTargetWindowFromCapture:53 com.android.server.wm.WindowManagerService.takeScreenshotToTargetWindow:14 android.view.IWindowManager$Stub.onTransact:3954 com.android.server.wm.WindowManagerService.onTransact:1 android.os.Binder.execTransactInternal:1536 android.os.Binder.execTransact:1480 
04-15 08:40:48.740  1189  2065 D WindowManager: takeScreenshotToTargetWindow: display=0, target=0, containsTarget=false, crop=Rect(0, 0 - 0, 0), w=540, h=1170, useIdentityTransform=true, ignorePolicy=false, caller=com.android.server.wm.WindowManagerService.takeScreenshotToTargetWindowFromCapture:53 com.android.server.wm.WindowManagerService.takeScreenshotToTargetWindow:14 android.view.IWindowManager$Stub.onTransact:3954 
04-15 08:40:48.740  1189  2065 D RestrictionPolicy: isScreenCaptureEnabled : ret=true userId=0
04-15 08:40:48.740  1189  2065 D RestrictionPolicy: isScreenCaptureEnabled : ret=true userId=0
04-15 08:40:48.740  1189  2065 D RestrictionPolicy: isScreenCaptureEnabled : ret=true userId=0
04-15 08:40:48.740  1189  2065 D WindowManager: takeScreenshotToTargetWindow: targetSurface=null, sourceCrop=Rect(0, 0 - 0, 0)
04-15 08:40:48.743   869   944 D RenderEngine: [SEC_SF_EFFECTS] drawLayersInternal,1313, Rendering layer  at index 0
04-15 08:40:48.746  1189  2065 D WindowManager: takeScreenshotToTargetWindow, bitmap=android.graphics.Bitmap@e6938a4, failedReason=, caller=com.android.server.wm.WindowManagerService.takeScreenshotToTargetWindowFromCapture:53 com.android.server.wm.WindowManagerService.takeScreenshotToTargetWindow:14 android.view.IWindowManager$Stub.onTransact:3954 com.android.server.wm.WindowManagerService.onTransact:1 android.os.Binder.execTransactInternal:1536 android.os.Binder.execTransact:1480 
04-15 08:40:48.759  1189  1204 I system_server: NativeAlloc concurrent mark compact GC freed 22MB AllocSpace bytes, 47(1188KB) LOS objects, 43% free, 62MB/110MB, paused 1.342ms,2.229ms total 178.748ms
04-15 08:40:48.764  1189  1206 W system_server: ApkAssets: Deleting an ApkAssets object '<empty> and /data/app/~~dQbYQ7iV01t84p7RCjm6lA==/com.henza.accountingv2-o7TCBOh5xkovCQoozEheQg==/base.apk' with 1 weak references
04-15 08:40:48.765  1189  1206 W System  : A resource failed to call HardwareBuffer.close. 
04-15 08:40:48.765  1189  1206 W System  : A resource failed to call HardwareBuffer.close. 
04-15 08:40:48.765  1189  1206 W System  : A resource failed to call HardwareBuffer.close. 
04-15 08:40:48.765  1189  1206 W System  : A resource failed to call HardwareBuffer.close. 
04-15 08:40:48.765  1189  1206 W System  : A resource failed to call HardwareBuffer.close. 
04-15 08:40:48.765  1189  1206 W system_server: ApkAssets: Deleting an ApkAssets object '<empty> and /product/app/SpeechServicesByGoogle/SpeechServicesByGoogle.apk' with 1 weak references
04-15 08:40:48.766  1189  1206 W system_server: ApkAssets: Deleting an ApkAssets object '<empty> and /system/app/HoneyBoard/HoneyBoard.apk' with 1 weak references
04-15 08:40:48.766  1189  1206 W System  : A resource failed to call HardwareBuffer.close. 
04-15 08:40:48.766  1189  1206 W system_server: ApkAssets: Deleting an ApkAssets object '<empty> and /data/app/~~wj3o_lesoXiQTxJL2N2dwg==/com.google.android.apps.accessibility.voiceaccess-XhsT53oPQj3qrsRp5Fk43A==/VoiceAccess.apk' with 1 weak references
04-15 08:40:48.766  1189  1206 W system_server: ApkAssets: Deleting an ApkAssets object '<empty> and /data/app/~~wj3o_lesoXiQTxJL2N2dwg==/com.google.android.apps.accessibility.voiceaccess-XhsT53oPQj3qrsRp5Fk43A==/split_gaze_detection_feature_module.apk' with 1 weak references
04-15 08:40:48.766  1189  1206 W system_server: ApkAssets: Deleting an ApkAssets object '<empty> and /data/app/~~wj3o_lesoXiQTxJL2N2dwg==/com.google.android.apps.accessibility.voiceaccess-XhsT53oPQj3qrsRp5Fk43A==/split_gaze_detection_feature_module.config.arm64_v8a.apk' with 1 weak references
04-15 08:40:48.767  1189  1206 W system_server: ApkAssets: Deleting an ApkAssets object '<empty> and /data/app/~~wj3o_lesoXiQTxJL2N2dwg==/com.google.android.apps.accessibility.voiceaccess-XhsT53oPQj3qrsRp5Fk43A==/split_voiceaccess_deepclu_feature_module.apk' with 1 weak references
04-15 08:40:48.767  1189  1206 W system_server: ApkAssets: Deleting an ApkAssets object '<empty> and /data/app/~~wj3o_lesoXiQTxJL2N2dwg==/com.google.android.apps.accessibility.voiceaccess-XhsT53oPQj3qrsRp5Fk43A==/split_voiceaccess_deepclu_feature_module.config.arm64_v8a.apk' with 1 weak references
04-15 08:40:48.767  1189  1206 W system_server: ApkAssets: Deleting an ApkAssets object '<empty> and /data/app/~~wj3o_lesoXiQTxJL2N2dwg==/com.google.android.apps.accessibility.voiceaccess-XhsT53oPQj3qrsRp5Fk43A==/split_voiceaccess_icon_native_feature_module.apk' with 1 weak references
04-15 08:40:48.767  1189  1206 W system_server: ApkAssets: Deleting an ApkAssets object '<empty> and /data/app/~~wj3o_lesoXiQTxJL2N2dwg==/com.google.android.apps.accessibility.voiceaccess-XhsT53oPQj3qrsRp5Fk43A==/split_voiceaccess_icon_native_feature_module.config.arm64_v8a.apk' with 1 weak references
04-15 08:40:48.767  1189  1206 W system_server: ApkAssets: Deleting an ApkAssets object '<empty> and /prism/app/SwiftKey-market-arm64-v8a-release/SwiftKey-market-arm64-v8a-release.apk' with 1 weak references
04-15 08:40:48.767  1189  1206 W system_server: ApkAssets: Deleting an ApkAssets object '<empty> and /system/priv-app/YourPhone_P1_5/YourPhone_P1_5.apk' with 1 weak references
04-15 08:40:48.767  1189  1206 W system_server: ApkAssets: Deleting an ApkAssets object '<empty> and /system/priv-app/InputDevices/InputDevices.apk' with 1 weak references
04-15 08:40:48.768  1189  1206 W System  : A resource failed to call HardwareBuffer.close. 
04-15 08:40:48.768  1189  1206 W System  : A resource failed to call HardwareBuffer.close. 
04-15 08:40:48.768  1189  1206 W system_server: ApkAssets: Deleting an ApkAssets object '<empty> and /system/priv-app/Accessibility/Accessibility.apk' with 1 weak references
04-15 08:40:48.769  1189  1206 W System  : A resource failed to call HardwareBuffer.close. 
04-15 08:40:48.769  1189  1206 W system_server: ApkAssets: Deleting an ApkAssets object '<empty> and /system/priv-app/TalkbackSE/TalkbackSE.apk' with 1 weak references
04-15 08:40:48.769  1189  1206 W system_server: ApkAssets: Deleting an ApkAssets object '<empty> and /system/priv-app/SecSettings/SecSettings.apk' with 1 weak references
04-15 08:40:48.770  1189  1206 W System  : A resource failed to call HardwareBuffer.close. 
04-15 08:40:48.770  1189  1206 W system_server: ApkAssets: Deleting an ApkAssets object '<empty> and /system/app/LiveTranscribe/LiveTranscribe.apk' with 1 weak references
04-15 08:40:48.770  1189  1206 W System  : A resource failed to call HardwareBuffer.close. 
04-15 08:40:48.770  1189  1206 W system_server: ApkAssets: Deleting an ApkAssets object '<empty> and /product/priv-app/GmsCore/GmsCore.apk' with 1 weak references
04-15 08:40:48.771  1189  1206 W system_server: ApkAssets: Deleting an ApkAssets object '/product/overlay/GmsQSfastpairOverlay.apk' with 1 weak references
04-15 08:40:48.771  1189  1206 W system_server: ApkAssets: Deleting an ApkAssets object '<empty> and /product/app/Gmail2/Gmail2.apk' with 1 weak references
04-15 08:40:48.771  1189  1206 W System  : A resource failed to call HardwareBuffer.close. 
04-15 08:40:48.771  1189  1206 W system_server: ApkAssets: Deleting an ApkAssets object '<empty> and /system/priv-app/OneDrive_Samsung_v3/OneDrive_Samsung_v3.apk' with 1 weak references
04-15 08:40:48.772  1189  1206 W system_server: ApkAssets: Deleting an ApkAssets object '<empty> and /system/priv-app/SamsungAccount/SamsungAccount.apk' with 1 weak references
04-15 08:40:48.772  1189  1206 W system_server: ApkAssets: Deleting an ApkAssets object '<empty> and /system/priv-app/SamsungExperienceService/SamsungExperienceService.apk' with 1 weak references
04-15 08:40:48.773  1189  1206 W system_server: ApkAssets: Deleting an ApkAssets object '<empty> and /product/app/GoogleCalendarSyncAdapter/GoogleCalendarSyncAdapter.apk' with 1 weak references
04-15 08:40:48.773  1189  1206 W system_server: ApkAssets: Deleting an ApkAssets object '<empty> and /system/priv-app/SamsungCloudClient/SamsungCloudClient.apk' with 1 weak references
04-15 08:40:48.773  1189  1206 W System  : A resource failed to call HardwareBuffer.close. 
04-15 08:40:48.774  1189  1206 W System  : A resource failed to call HardwareBuffer.close. 
04-15 08:40:48.774  1189  1206 W System  : A resource failed to call HardwareBuffer.close. 
04-15 08:40:48.774  1189  1206 W System  : A resource failed to call HardwareBuffer.close. 
04-15 08:40:48.774  1189  1206 W System  : A resource failed to call HardwareBuffer.close. 
04-15 08:40:48.774  1189  1206 W System  : A resource failed to call HardwareBuffer.close. 
04-15 08:40:48.774  1189  1206 W System  : A resource failed to call HardwareBuffer.close. 
04-15 08:40:48.774  1189  1206 W System  : A resource failed to call HardwareBuffer.close. 
04-15 08:40:48.774  1189  1206 W System  : A resource failed to call HardwareBuffer.close. 
04-15 08:40:48.774  1189  1206 W System  : A resource failed to call HardwareBuffer.close. 
04-15 08:40:48.774  1189  1206 W System  : A resource failed to call HardwareBuffer.close. 
04-15 08:40:48.774  1189  1206 W System  : A resource failed to call HardwareBuffer.close. 
04-15 08:40:48.774  1189  1206 W System  : A resource failed to call HardwareBuffer.close. 
04-15 08:40:48.774  1189  1206 W System  : A resource failed to call HardwareBuffer.close. 
04-15 08:40:48.774  1189  1206 W System  : A resource failed to call HardwareBuffer.close. 
04-15 08:40:48.774  1189  1206 W System  : A resource failed to call HardwareBuffer.close. 
04-15 08:40:48.774  1189  1206 W System  : A resource failed to call HardwareBuffer.close. 
04-15 08:40:48.774  1189  1206 W System  : A resource failed to call close. 
04-15 08:40:48.774  1189  1206 W System  : A resource failed to call HardwareBuffer.close. 
04-15 08:40:48.774  1189  1206 W System  : A resource failed to call HardwareBuffer.close. 
04-15 08:40:48.774  1189  1868 V MdnieScenarioControlService: mAclOffEnabled : false
04-15 08:40:48.774  1189  1206 W System  : A resource failed to call HardwareBuffer.close. 
04-15 08:40:48.774  1189  1206 W System  : A resource failed to call release. 
04-15 08:40:48.774  1189  1206 W System  : A resource failed to call HardwareBuffer.close. 
04-15 08:40:48.780  1189  2065 D WindowManager: takeScreenshotToTargetWindow: display=0, target=0, containsTarget=false, crop=Rect(0, 0 - 0, 0), w=540, h=1170, useIdentityTransform=true, ignorePolicy=false, caller=com.android.server.wm.WindowManagerService.takeScreenshotToTargetWindowFromCapture:53 com.android.server.wm.WindowManagerService.takeScreenshotToTargetWindow:14 android.view.IWindowManager$Stub.onTransact:3954 
04-15 08:40:48.780  1189  2065 D RestrictionPolicy: isScreenCaptureEnabled : ret=true userId=0
04-15 08:40:48.780  1189  2065 D RestrictionPolicy: isScreenCaptureEnabled : ret=true userId=0
04-15 08:40:48.781  1189  2065 D RestrictionPolicy: isScreenCaptureEnabled : ret=true userId=0
04-15 08:40:48.781  1189  2065 D WindowManager: takeScreenshotToTargetWindow: targetSurface=null, sourceCrop=Rect(0, 0 - 0, 0)
04-15 08:40:48.784   869   944 D RenderEngine: [SEC_SF_EFFECTS] drawLayersInternal,1313, Rendering layer  at index 0
04-15 08:40:48.786  1189  2065 D WindowManager: takeScreenshotToTargetWindow, bitmap=android.graphics.Bitmap@515a3d3, failedReason=, caller=com.android.server.wm.WindowManagerService.takeScreenshotToTargetWindowFromCapture:53 com.android.server.wm.WindowManagerService.takeScreenshotToTargetWindow:14 android.view.IWindowManager$Stub.onTransact:3954 com.android.server.wm.WindowManagerService.onTransact:1 android.os.Binder.execTransactInternal:1536 android.os.Binder.execTransact:1480 
04-15 08:40:48.837  1189  2065 D WindowManager: takeScreenshotToTargetWindow: display=0, target=0, containsTarget=false, crop=Rect(0, 0 - 0, 0), w=540, h=1170, useIdentityTransform=true, ignorePolicy=false, caller=com.android.server.wm.WindowManagerService.takeScreenshotToTargetWindowFromCapture:53 com.android.server.wm.WindowManagerService.takeScreenshotToTargetWindow:14 android.view.IWindowManager$Stub.onTransact:3954 
04-15 08:40:48.837  1189  2065 D RestrictionPolicy: isScreenCaptureEnabled : ret=true userId=0
04-15 08:40:48.837  1189  2065 D RestrictionPolicy: isScreenCaptureEnabled : ret=true userId=0
04-15 08:40:48.837  1189  2065 D RestrictionPolicy: isScreenCaptureEnabled : ret=true userId=0
04-15 08:40:48.838  1189  2065 D WindowManager: takeScreenshotToTargetWindow: targetSurface=null, sourceCrop=Rect(0, 0 - 0, 0)
04-15 08:40:48.841   869   944 D RenderEngine: [SEC_SF_EFFECTS] drawLayersInternal,1313, Rendering layer  at index 0
04-15 08:40:48.844  1189  2065 D WindowManager: takeScreenshotToTargetWindow, bitmap=android.graphics.Bitmap@a533b10, failedReason=, caller=com.android.server.wm.WindowManagerService.takeScreenshotToTargetWindowFromCapture:53 com.android.server.wm.WindowManagerService.takeScreenshotToTargetWindow:14 android.view.IWindowManager$Stub.onTransact:3954 com.android.server.wm.WindowManagerService.onTransact:1 android.os.Binder.execTransactInternal:1536 android.os.Binder.execTransact:1480 
04-15 08:40:48.879 25177 25315 I ExpoModulesCore: ✅ AppContext was initialized
04-15 08:40:48.885  1189  2065 D WindowManager: takeScreenshotToTargetWindow: display=0, target=0, containsTarget=false, crop=Rect(0, 0 - 0, 0), w=540, h=1170, useIdentityTransform=true, ignorePolicy=false, caller=com.android.server.wm.WindowManagerService.takeScreenshotToTargetWindowFromCapture:53 com.android.server.wm.WindowManagerService.takeScreenshotToTargetWindow:14 android.view.IWindowManager$Stub.onTransact:3954 
04-15 08:40:48.885  1189  2065 D RestrictionPolicy: isScreenCaptureEnabled : ret=true userId=0
04-15 08:40:48.885  1189  2065 D RestrictionPolicy: isScreenCaptureEnabled : ret=true userId=0
04-15 08:40:48.885  1189  2065 D RestrictionPolicy: isScreenCaptureEnabled : ret=true userId=0
04-15 08:40:48.885  1189  2065 D WindowManager: takeScreenshotToTargetWindow: targetSurface=null, sourceCrop=Rect(0, 0 - 0, 0)
04-15 08:40:48.889   869   944 D RenderEngine: [SEC_SF_EFFECTS] drawLayersInternal,1313, Rendering layer  at index 0
04-15 08:40:48.891  1189  2065 D WindowManager: takeScreenshotToTargetWindow, bitmap=android.graphics.Bitmap@fcf3609, failedReason=, caller=com.android.server.wm.WindowManagerService.takeScreenshotToTargetWindowFromCapture:53 com.android.server.wm.WindowManagerService.takeScreenshotToTargetWindow:14 android.view.IWindowManager$Stub.onTransact:3954 com.android.server.wm.WindowManagerService.onTransact:1 android.os.Binder.execTransactInternal:1536 android.os.Binder.execTransact:1480 
04-15 08:40:48.932  1189  2065 D WindowManager: takeScreenshotToTargetWindow: display=0, target=0, containsTarget=false, crop=Rect(0, 0 - 0, 0), w=540, h=1170, useIdentityTransform=true, ignorePolicy=false, caller=com.android.server.wm.WindowManagerService.takeScreenshotToTargetWindowFromCapture:53 com.android.server.wm.WindowManagerService.takeScreenshotToTargetWindow:14 android.view.IWindowManager$Stub.onTransact:3954 
04-15 08:40:48.932  1189  2065 D RestrictionPolicy: isScreenCaptureEnabled : ret=true userId=0
04-15 08:40:48.932  1189  2065 D RestrictionPolicy: isScreenCaptureEnabled : ret=true userId=0
04-15 08:40:48.932  1189  2065 D RestrictionPolicy: isScreenCaptureEnabled : ret=true userId=0
04-15 08:40:48.932  1189  2065 D WindowManager: takeScreenshotToTargetWindow: targetSurface=null, sourceCrop=Rect(0, 0 - 0, 0)
04-15 08:40:48.936   869   944 D RenderEngine: [SEC_SF_EFFECTS] drawLayersInternal,1313, Rendering layer  at index 0
04-15 08:40:48.939  1189  2065 D WindowManager: takeScreenshotToTargetWindow, bitmap=android.graphics.Bitmap@1a6f00e, failedReason=, caller=com.android.server.wm.WindowManagerService.takeScreenshotToTargetWindowFromCapture:53 com.android.server.wm.WindowManagerService.takeScreenshotToTargetWindow:14 android.view.IWindowManager$Stub.onTransact:3954 com.android.server.wm.WindowManagerService.onTransact:1 android.os.Binder.execTransactInternal:1536 android.os.Binder.execTransact:1480 
04-15 08:40:48.953 25177 25315 W unknown:BridgelessReact: ReactHost{0}.getOrCreateReactInstanceTask(): Loading JS Bundle
04-15 08:40:48.953 25177 25315 W unknown:BridgelessReact: ReactHost{0}.getOrCreateReactInstanceTask(): DevSupportManager.onNewReactContextCreated()
04-15 08:40:48.954 25177 25177 W unknown:BridgelessReact: ReactHost{0}.getOrCreateReactInstanceTask(): Executing ReactInstanceEventListeners
04-15 08:40:48.954 25177 25315 W unknown:BridgelessReact: ReactHost{0}.startSurface(surfaceId = 0): Execute
04-15 08:40:48.974  1189  2065 D WindowManager: takeScreenshotToTargetWindow: display=0, target=0, containsTarget=false, crop=Rect(0, 0 - 0, 0), w=540, h=1170, useIdentityTransform=true, ignorePolicy=false, caller=com.android.server.wm.WindowManagerService.takeScreenshotToTargetWindowFromCapture:53 com.android.server.wm.WindowManagerService.takeScreenshotToTargetWindow:14 android.view.IWindowManager$Stub.onTransact:3954 
04-15 08:40:48.974  1189  2065 D RestrictionPolicy: isScreenCaptureEnabled : ret=true userId=0
04-15 08:40:48.974  1189  2065 D RestrictionPolicy: isScreenCaptureEnabled : ret=true userId=0
04-15 08:40:48.974  1189  2065 D RestrictionPolicy: isScreenCaptureEnabled : ret=true userId=0
04-15 08:40:48.974  1189  2065 D WindowManager: takeScreenshotToTargetWindow: targetSurface=null, sourceCrop=Rect(0, 0 - 0, 0)
04-15 08:40:48.977 25177 25316 D nativeloader: Load /data/app/~~HQZoSXXAeeXZTzeIRwoSBQ==/com.henza.accountingv2-1Q3tuJsq40XdNpq6w-yCCg==/lib/arm64/libexpo-modules-core.so using ns clns-8 from class loader (caller=/data/app/~~HQZoSXXAeeXZTzeIRwoSBQ==/com.henza.accountingv2-1Q3tuJsq40XdNpq6w-yCCg==/base.apk!classes2.dex): ok
04-15 08:40:48.978   869   944 D RenderEngine: [SEC_SF_EFFECTS] drawLayersInternal,1313, Rendering layer  at index 0
04-15 08:40:48.980 25177 25316 W BridgelessReactContext: [WARNING] Bridgeless doesn't support CatalystInstance. Accessing an API that's not part of the new architecture is not encouraged usage.
04-15 08:40:48.980  1189  2065 D WindowManager: takeScreenshotToTargetWindow, bitmap=android.graphics.Bitmap@a0caa2f, failedReason=, caller=com.android.server.wm.WindowManagerService.takeScreenshotToTargetWindowFromCapture:53 com.android.server.wm.WindowManagerService.takeScreenshotToTargetWindow:14 android.view.IWindowManager$Stub.onTransact:3954 com.android.server.wm.WindowManagerService.onTransact:1 android.os.Binder.execTransactInternal:1536 android.os.Binder.execTransact:1480 
04-15 08:40:48.996 25177 25316 I ExpoModulesCore: ✅ JSI interop was installed
04-15 08:40:49.005 25177 25316 I ExpoModulesCore: ✅ Constants were exported
