--------- beginning of main
04-15 13:57:38.041  1182  4164 D WindowManager: takeScreenshotToTargetWindow: display=0, target=0, containsTarget=false, crop=Rect(0, 0 - 0, 0), w=540, h=1170, useIdentityTransform=true, ignorePolicy=false, caller=com.android.server.wm.WmScreenshotController.takeScreenshotToTargetWindow:653 com.android.server.wm.WindowManagerService.takeScreenshotToTargetWindowFromCapture:10842 com.android.server.wm.WindowManagerService.takeScreenshotToTargetWindow:10821 
--------- beginning of system
04-15 13:57:38.041  1182  4164 D RestrictionPolicy: isScreenCaptureEnabled : ret=true userId=0
04-15 13:57:38.041  1182  4164 D RestrictionPolicy: isScreenCaptureEnabled : ret=true userId=0
04-15 13:57:38.041  1182  4164 D RestrictionPolicy: isScreenCaptureEnabled : ret=true userId=0
04-15 13:57:38.042  1182  4164 D WindowManager: takeScreenshotToTargetWindow: targetSurface=null, sourceCrop=Rect(0, 0 - 0, 0)
04-15 13:57:38.047   893   934 D RenderEngine: [SEC_GC_CMN_SF_EFFECTS] drawLayersInternal,1296, Rendering layer  at index 0
04-15 13:57:38.051  1182  4164 D WindowManager: takeScreenshotToTargetWindow, bitmap=android.graphics.Bitmap@5e193a0, failedReason=, caller=com.android.server.wm.WindowManagerService.takeScreenshotToTargetWindowFromCapture:10842 com.android.server.wm.WindowManagerService.takeScreenshotToTargetWindow:10821 android.view.IWindowManager$Stub.onTransact:3612 com.android.server.wm.WindowManagerService.onTransact:1543 android.os.Binder.execTransactInternal:1375 android.os.Binder.execTransact:1311 
04-15 13:57:38.097  1182  4164 D WindowManager: takeScreenshotToTargetWindow: display=0, target=0, containsTarget=false, crop=Rect(0, 0 - 0, 0), w=540, h=1170, useIdentityTransform=true, ignorePolicy=false, caller=com.android.server.wm.WmScreenshotController.takeScreenshotToTargetWindow:653 com.android.server.wm.WindowManagerService.takeScreenshotToTargetWindowFromCapture:10842 com.android.server.wm.WindowManagerService.takeScreenshotToTargetWindow:10821 
04-15 13:57:38.097  1182  4164 D RestrictionPolicy: isScreenCaptureEnabled : ret=true userId=0
04-15 13:57:38.098  1182  4164 D RestrictionPolicy: isScreenCaptureEnabled : ret=true userId=0
04-15 13:57:38.098  1182  4164 D RestrictionPolicy: isScreenCaptureEnabled : ret=true userId=0
04-15 13:57:38.098  1182  4164 D WindowManager: takeScreenshotToTargetWindow: targetSurface=null, sourceCrop=Rect(0, 0 - 0, 0)
04-15 13:57:38.105   893   934 D RenderEngine: [SEC_GC_CMN_SF_EFFECTS] drawLayersInternal,1296, Rendering layer  at index 0
04-15 13:57:38.112  1182  4164 D WindowManager: takeScreenshotToTargetWindow, bitmap=android.graphics.Bitmap@9c6cb59, failedReason=, caller=com.android.server.wm.WindowManagerService.takeScreenshotToTargetWindowFromCapture:10842 com.android.server.wm.WindowManagerService.takeScreenshotToTargetWindow:10821 android.view.IWindowManager$Stub.onTransact:3612 com.android.server.wm.WindowManagerService.onTransact:1543 android.os.Binder.execTransactInternal:1375 android.os.Binder.execTransact:1311 
04-15 13:57:38.188  1182  4164 D WindowManager: takeScreenshotToTargetWindow: display=0, target=0, containsTarget=false, crop=Rect(0, 0 - 0, 0), w=540, h=1170, useIdentityTransform=true, ignorePolicy=false, caller=com.android.server.wm.WmScreenshotController.takeScreenshotToTargetWindow:653 com.android.server.wm.WindowManagerService.takeScreenshotToTargetWindowFromCapture:10842 com.android.server.wm.WindowManagerService.takeScreenshotToTargetWindow:10821 
04-15 13:57:38.189  1182  4164 D RestrictionPolicy: isScreenCaptureEnabled : ret=true userId=0
04-15 13:57:38.189  1182  4164 D RestrictionPolicy: isScreenCaptureEnabled : ret=true userId=0
04-15 13:57:38.189  1182  4164 D RestrictionPolicy: isScreenCaptureEnabled : ret=true userId=0
04-15 13:57:38.189  1182  4164 D WindowManager: takeScreenshotToTargetWindow: targetSurface=null, sourceCrop=Rect(0, 0 - 0, 0)
04-15 13:57:38.199   893   934 D RenderEngine: [SEC_GC_CMN_SF_EFFECTS] drawLayersInternal,1296, Rendering layer  at index 0
04-15 13:57:38.207  1182  4164 D WindowManager: takeScreenshotToTargetWindow, bitmap=android.graphics.Bitmap@b6fe31e, failedReason=, caller=com.android.server.wm.WindowManagerService.takeScreenshotToTargetWindowFromCapture:10842 com.android.server.wm.WindowManagerService.takeScreenshotToTargetWindow:10821 android.view.IWindowManager$Stub.onTransact:3612 com.android.server.wm.WindowManagerService.onTransact:1543 android.os.Binder.execTransactInternal:1375 android.os.Binder.execTransact:1311 
04-15 13:57:38.240  1182  1395 D ActivityManager: Received BROADCAST intent 0xe5b6625 Key{broadcastIntent pkg=com.android.systemui intent=act=com.android.internal.policy.impl.PhoneWindowManager.DELAYED_KEYGUARD flg=0x10000000 pkg=com.android.systemui flags=0x4000000 u=0} requestCode=0 sent=0 from uid 1000
04-15 13:57:38.245  1682  1682 D KeyguardViewMediator: received DELAYED_KEYGUARD_ACTION with seq = 7, mDelayedShowingSequence = 7
04-15 13:57:38.252  1682  1682 D FactoryTest: checkAutomationTestOption() : option=0
04-15 13:57:38.252  1682  1682 D FactoryTest: checkAutomationTestOption() : mode_screenlock=0
04-15 13:57:38.252  1682  1682 D KeyguardViewMediator: doKeyguard: showing the lock screen
04-15 13:57:38.253  1682  1682 D KeyguardViewMediator: showLocked
04-15 13:57:38.255  1682  1682 D KeyguardViewMediator: handleMessage 1
04-15 13:57:38.255  1682  1682 D KeyguardSurface: restoreKeyguardSurface surfaceParam=android.view.SyncRtSurfaceTransactionApplier$SurfaceParams@dab0721 restored=true
04-15 13:57:38.257  1682  1682 D KeyguardViewMediator: handleShow
04-15 13:57:38.259  1682  1682 I KeyguardViewMediator: setLockScreenShown true true
04-15 13:57:38.262  1182  1429 D InputMethodManagerService: isImeSwitcherDisabledPackage : false
04-15 13:57:38.263  1682  1682 D SysUiState: SysUiState changed: old=0x48200006 new=0x48200046
04-15 13:57:38.264  1682  1682 D NotificationShadeWindowController: Bouncer LP changed!!! = 0x1, h = -1
04-15 13:57:38.264  1682  1682 D KeyguardWallpaperEventHandler: onKeyguardVisibilityChanged(), showing: true , occluded = false
04-15 13:57:38.264  1682  1682 D KeyguardWallpaperEventHandler: sendMessage(), what = 723 , obj = true , arg1 = -1 , arg2 = -1
04-15 13:57:38.265  2255  2255 D NfcService: MSG_APPLY_SCREEN_STATE 2
04-15 13:57:38.266  1682  1682 I FaceWidgetWindowManager: onKeyguardVisibilityChanged() showing = true
04-15 13:57:38.266  2296 24232 I HoneySpace.SystemUiRepository: systemUiFlags: navbar_hidden|notif_expanded|keygrd_visible|device_dozing|device_dreaming|notif_visible
04-15 13:57:38.266  1682  1682 D FaceWidgetAttribute: loadDimens()
04-15 13:57:38.267  1682  2137 I KeyguardWallpaperController: setKeyguardShowing() showing:true, mIsPendingTypeChange:false, mOccluded:false
04-15 13:57:38.267  2296  2600 I HoneySpace.TaskbarEventTracker: invokeEvent() called with: event = SystemUiStateChanged(stateFlags=1210056774)
04-15 13:57:38.268 19831 19831 I HBD     : a color = [r : 228], [g : 228], [b : 231], [alpha : 255], rgb = -1776409, isDark = false 
04-15 13:57:38.268  1682  1682 D FaceWidgetViewModel: updateInfoParameters(visibility) isAODState = false, clockSidePadding = (0, 0), musicSidePadding = (30, 30)
04-15 13:57:38.268  1682  1682 D FaceWidgetViewModel:  updateAdditionalInfoVisibility isKeyguardVisible true mIsDozing true
04-15 13:57:38.268  1682  1682 D FaceWidgetViewModel: shouldContainerVisible() reason = (visibility) true
04-15 13:57:38.268  1682  1682 D FaceWidgetMusicPageShownManager: mCurrentMediaData is NULL
04-15 13:57:38.268  1682  1682 D FaceWidgetMusicPageShownManager: updateMusicPageShownState() show = false, reattach = false, reason = keyguard visibility
04-15 13:57:38.268  1682  1682 D FaceWidgetMusicPageShownManager: skip to show media panel
04-15 13:57:38.268  1682  1682 D FaceWidgetPagesController: refreshViews() reason = REFRESH_CLOCK_RECT, force = false
04-15 13:57:38.269  1682  1682 D FaceWidgetMusicViewModel: updateMusicPageColorForVisibility
04-15 13:57:38.269  1682  1682 D FaceWidgetMusicViewModel: updateMusicPageColorForVisibility, useLightModeColor = true
04-15 13:57:38.269  1182  1239 D UsbHostRestrictor: onKeyguardStateChanged: Screen Lock Off 1
04-15 13:57:38.269  1682  1682 D FaceWidgetPagesController: onKeyguardVisibilityChanged() showing = true
04-15 13:57:38.270  1682  1682 D FaceWidgetPagesController: refreshViews() reason = VISIBILITY_CHANGED, force = true
04-15 13:57:38.270  2255  2255 D NfcService: doSetScreenState - MSG_APPLY_SCREEN_STATE
04-15 13:57:38.270  1182  1239 D UsbHostRestrictor: Write ScrLck Block FILE
04-15 13:57:38.270  1182  1239 I engmode_java_manager: getStatus() is called.
04-15 13:57:38.270  1182  1239 I engmode_java_manager: android(1000, 0) call em(4)
04-15 13:57:38.270  1682  1682 D FaceWidgetClockPage: updateClockSuspendState() reason = visibility, suspend=true, kv=true, wa=true, di=false, wu=false, aodDash=false
04-15 13:57:38.270  1182  1239 I engmode_jni: EM version = 30.2.04
04-15 13:57:38.270  1682  1682 I DigitalHorizontalClockView_LOCK_SCREEN_2@29: suspend : mSuspend = true, enable = true
04-15 13:57:38.270  1682  1682 D FaceWidgetMusicViewModel: updateMusicPageColorForVisibility
04-15 13:57:38.270  1682  1682 D FaceWidgetMusicViewModel: updateMusicPageColorForVisibility, useLightModeColor = true
04-15 13:57:38.270 19831 19831 I HBD     : a color = [r : 228], [g : 228], [b : 231], [alpha : 255], rgb = -1776409, isDark = false 
04-15 13:57:38.270  1682  1682 D FaceWidgetPagesController: onKeyguardVisibilityChanged() pending refresh count = 1
04-15 13:57:38.270  1682  1682 D FaceWidgetPagesController: refreshViews() reason = REFRESH_CLOCK_RECT, force = false
04-15 13:57:38.270  1682  1682 D FaceWidgetMusicViewModel: updateMusicPageColorForVisibility
04-15 13:57:38.270  1682  1682 D FaceWidgetMusicViewModel: updateMusicPageColorForVisibility, useLightModeColor = true
04-15 13:57:38.270   963   990 I SecHAL  : nfc_hal_write: enter;
04-15 13:57:38.271   963   990 I SecHAL  : nfc_hal_write: exit;
04-15 13:57:38.271 19831 19831 I HBD     : a color = [r : 228], [g : 228], [b : 231], [alpha : 255], rgb = -1776409, isDark = false 
04-15 13:57:38.271   963  4964 D SecHAL  : nfc_hal_task: Got a event: HAL_EVT_WRITE(3)
04-15 13:57:38.271   963  4964 D SecHAL  : nfc_hal_task: current state: SERVICE
04-15 13:57:38.271  1682  1682 D KeyguardFingerprint: updateFingerprintListeningState#mFingerprintRunningState=0 shouldListenForFingerprint=false isUdfpsEnrolled=false bioType : 0
04-15 13:57:38.271   963  4964 I SecHAL  : device_wakeup: Wakeup! in 20 ms
04-15 13:57:38.271  1682  1682 D BubblesManager: onKeyguardShowingChanged: isUnlockedShade=false
04-15 13:57:38.272  1682  1988 D Bubbles : setExpanded: false
04-15 13:57:38.272  1682  1988 D Bubbles : setExpandedInternal: shouldExpand=false
04-15 13:57:38.272  1682 22168 I engmode_java_manager: getStatus() is called.
04-15 13:57:38.272  1682 22168 I engmode_java_manager: com.android.systemui(10053, 0) call em(64)
04-15 13:57:38.272  1682 22168 I engmode_jni: EM version = 30.2.04
04-15 13:57:38.273  1682  1682 D CollapsedStatusBarFragment: onKeyguardShowingChanged(), mIsFolderOpened:true, windowIsShowing:true, isOccluded:false, isDozing:true, isClosed:false, isShowing:true, SH0-Lock1-SHLock2:1, isSecureCameraLaunchedOverKeyguard:false, mTransitionFromLockscreenToDreamStarted:false, mWaitingForWindowStateChangeAfterCameraLaunch:false
04-15 13:57:38.273  1682  1682 D KeyguardSecAffordanceView: reset right:false
04-15 13:57:38.274  1682  1682 D KeyguardSecAffordanceView: reset right:true
04-15 13:57:38.274  1682  1682 D KeyguardTouchAnimator: reset unlockExecuted=false
04-15 13:57:38.274  1682  1682 D KeyguardEditModeAnimatorController: reset true
04-15 13:57:38.274  1682  1682 D KeyguardTouchAnimator: resetChildViewVI(): false
04-15 13:57:38.274  1682  1682 D SecPanelLogger: makeExpandedVisible: !force: false
04-15 13:57:38.274  1682  1682 D SecPanelLogger:  - com.android.systemui.statusbar.phone.CentralSurfacesImpl.updatePanelExpansionForKeyguard:36
04-15 13:57:38.274  1682  1682 D SecPanelLogger:  - com.android.systemui.statusbar.phone.CentralSurfacesImpl.updateIsKeyguard:15
04-15 13:57:38.274  1682  1682 D SecPanelLogger:  - com.android.systemui.statusbar.phone.CentralSurfacesImpl.updateIsKeyguard:1
04-15 13:57:38.274  1682  1682 D SecPanelLogger:  - com.android.systemui.statusbar.phone.CentralSurfacesImpl.showKeyguard:11
04-15 13:57:38.274  1682  1682 D SecPanelLogger:  - com.android.systemui.statusbar.phone.SecStatusBarKeyguardViewManager.showBouncerOrKeyguard:52
04-15 13:57:38.274  1682  1682 D SecPanelLogger:  - com.android.systemui.statusbar.phone.SecStatusBarKeyguardViewManager.reset:71
04-15 13:57:38.274  1682  1682 D SecPanelLogger:  - com.android.systemui.statusbar.phone.StatusBarKeyguardViewManager.show:27
04-15 13:57:38.274  1682  1682 D SecPanelLogger:  - com.android.systemui.statusbar.phone.SecStatusBarKeyguardViewManager.show:25
04-15 13:57:38.274  1682  1682 D SecPanelLogger:  - com.android.systemui.keyguard.KeyguardViewMediator$12.handleMessage:683
04-15 13:57:38.274  1682  1682 D SecPanelLogger:  - android.os.Handler.dispatchMessage:106
04-15 13:57:38.274  1682  1682 D CentralSurfaces: disable 0 0 0 false
04-15 13:57:38.275  1682  1682 D CentralSurfaces: Received new disable state: enaihbcrso.qingr (unchanged)
04-15 13:57:38.275  1682  1682 D CentralSurfaces: disable 0 0 0 false
04-15 13:57:38.275  1682  1682 D CentralSurfaces: Received new disable state: enaihbcrso.qingr (unchanged)
04-15 13:57:38.275  1682  1682 D SecPanelLogger: makeExpandedVisible: !force: false
04-15 13:57:38.275  1682  1682 D SecPanelLogger:  - com.android.systemui.statusbar.phone.CentralSurfacesImpl.updatePanelExpansionForKeyguard:36
04-15 13:57:38.275  1682  1682 D SecPanelLogger:  - com.android.systemui.statusbar.phone.CentralSurfacesImpl.updateIsKeyguard:46
04-15 13:57:38.275  1682  1682 D SecPanelLogger:  - com.android.systemui.statusbar.phone.CentralSurfacesImpl.updateIsKeyguard:1
04-15 13:57:38.275  1682  1682 D SecPanelLogger:  - com.android.systemui.statusbar.phone.CentralSurfacesImpl.showKeyguard:11
04-15 13:57:38.275  1682  1682 D SecPanelLogger:  - com.android.systemui.statusbar.phone.SecStatusBarKeyguardViewManager.showBouncerOrKeyguard:52
04-15 13:57:38.275  1682  1682 D SecPanelLogger:  - com.android.systemui.statusbar.phone.SecStatusBarKeyguardViewManager.reset:71
04-15 13:57:38.275  1682  1682 D SecPanelLogger:  - com.android.systemui.statusbar.phone.StatusBarKeyguardViewManager.show:27
04-15 13:57:38.275  1682  1682 D SecPanelLogger:  - com.android.systemui.statusbar.phone.SecStatusBarKeyguardViewManager.show:25
04-15 13:57:38.275  1682  1682 D SecPanelLogger:  - com.android.systemui.keyguard.KeyguardViewMediator$12.handleMessage:683
04-15 13:57:38.275  1682  1682 D SecPanelLogger:  - android.os.Handler.dispatchMessage:106
04-15 13:57:38.275  1682  1682 D CentralSurfaces: disable 0 0 0 false
04-15 13:57:38.276  1682  1682 D CentralSurfaces: Received new disable state: enaihbcrso.qingr (unchanged)
04-15 13:57:38.276  1682  1682 D CentralSurfaces: disable 0 0 0 false
04-15 13:57:38.276  1682  1682 D CentralSurfaces: Received new disable state: enaihbcrso.qingr (unchanged)
04-15 13:57:38.276  1682  1682 D KeyguardWallpaperController: mWallpaperView.reset()
04-15 13:57:38.276  1682  1682 D KeyguardUpdateMonitor: sendKeyguardStateUpdated(true, false, false, false)
04-15 13:57:38.276  1682  1682 D KeyguardViewMediator: adjustStatusBarLocked: goingAway=false showing=true occluded=false isSecure=false force=false showHomeOverLock=true gestureNaviMode=false --> flags=0x1200000
04-15 13:57:38.277  1682 22168 D engmode_client_aidl: engmodeManager_hal_getStatus
04-15 13:57:38.277  1682 22168 I engmode_client_list: EM_version = 30
04-15 13:57:38.279  1182  4164 D PowerManagerService: [api] userActivity : other (uid: 10053 pid: 1682) displayId=0 eventTime=18410112
04-15 13:57:38.279  1682 22168 I engmode_client_aidl: com.android.systemui. com.android.systemui. 10053. 0
04-15 13:57:38.280  1682 22168 I engmode_client_aidl: process is com.android.systemui
04-15 13:57:38.280  1682 22168 I engmode_client_aidl: com.android.systemui called getstatus (0x40)
04-15 13:57:38.280  1682 22168 I engmode_client_list: checkClient: [ProcessName = com.android.systemui]
04-15 13:57:38.280  1682 22168 E engmode_client_list: Cannot find client
04-15 13:57:38.280  1682 22168 E engmode_client_aidl: Client error
04-15 13:57:38.280  1682 22168 I engmode_client_aidl: Caller check fail
04-15 13:57:38.280  1182  1239 D engmode_client_aidl: engmodeManager_hal_getStatus
04-15 13:57:38.280  1182  1239 I engmode_client_list: EM_version = 30
04-15 13:57:38.280   592   592 I engmode_aidl_service: Connect to service
04-15 13:57:38.280   592   592 I engmode_binder_client: engmode client create
04-15 13:57:38.280   592   592 I engmode_binder_client: EM version = 30.5.14
04-15 13:57:38.281  1682  1682 D KnoxStateMonitorImpl: lockSdp :: Maybe keyguard shown as user 0
04-15 13:57:38.282   592   592 I engmode_binder_client: engmodeclient.get_server 0xb4000074e1a56510
04-15 13:57:38.282   592   592 I engmode_binder_client: get service done
04-15 13:57:38.282  1682  2078 D KeyguardUpdateMonitor: broadcast intent= Intent { act=com.samsung.keyguard.KEYGUARD_STATE_UPDATE (has extras) }
04-15 13:57:38.282   760  1164 I engmode_binder_server: EngineeringMode version = 30.5.14,(592/1000)
04-15 13:57:38.282   760  1164 I engmode_binder_server: (592/1000) got mutex
04-15 13:57:38.282  1682  1682 I KeyguardDisplayManager: Do not show KeyguardPresentation on the default display
04-15 13:57:38.282  1682  1682 I DesktopManager: notifyShowKeyguard() security mode=1
04-15 13:57:38.282  1682  1682 I KeyguardWallpaperController: updateVisibility: mIsKeyguardShowing=true, showWallpaperOnAod=false, isKeyguardShowing()=true, isAodWithWallpaperEnabled=false, mScreenOn=false, mIsGoingToSleep=false, isAodShown=false, mOccluded=false, isKeyguardOccluded()=false -> decidedVisibility=0
04-15 13:57:38.283  1682  1682 D KeyguardSecBottomAreaViewBinder: mIndicationArea margin start : 72, end : 72, bottom : 191
04-15 13:57:38.283  1682  1682 D SecKeyguardStatusViewObserver: onChanged() FaceWidgetContainerLiveData{mIsContainerVisible=true, mClipLayoutVisibility=0, mRotation=0, mIsDashBoardVIRunning=false, mIsAdditionalInfoVisible=8, mAdditionalInfoGravity=17, mClockSideStartPadding=0, mClockSideEndPadding=0, mMusicSideStartPadding=30, mMusicSideEndPadding=30, mInfoSideStartPadding=0, mInfoSideEndPadding=0, mClipLayoutWidth = -1, mAdditionalInfoRemoteView=null, mIsAdditionalViewGoingToSleep=false, mConfig=CustomConfiguration{fontScale=1.0, screenLayout=268435810, orientation=1, screenWidthDp=384, screenHeightDp=751, smallestScreenWidthDp=384, densityDpi=450, uiMode=17, isRTL=false, mConfiguration={1.0 ?mcc0mnc [en_US] ldltr sw384dp w384dp h751dp 450dpi nrml long hdr widecg port finger -keyb/v/h -nav/h winConfig={ mBounds=Rect(0, 0 - 1080, 2340) mAppBounds=Rect(0, 92 - 1080, 2205) mMaxBounds=Rect(0, 0 - 1080, 2340) mDisplayRotation=ROTATION_0 mWindowingMode=fullscreen mDisplayWindowingMode=fullscreen mActivityType=undefined mAlwaysOnTop=undefined mRotation=ROTATION_0 mPopOver=undefined mOverlappingWithCutout=false mStageConfig=undefined mFreeformTaskPinningState=undefined mCompatSandboxScale=-1.0 mDexTaskDockingState=none mFreeformTranslucent=UNDEFINED} s.160 fontWeightAdjustment=0 ff=0 bf=0 bts=0 cst=1.0 nightDim=0 desktop/d dm/n ?dc ?dcui themeSeq=0}}}
04-15 13:57:38.283  1682  1682 D FaceWidgetPagesController: onGravityChanged()
04-15 13:57:38.284  1682  1682 D FaceWidgetClockPage: setClockGravity() gravity = 49
04-15 13:57:38.284  1682  1682 D FaceWidgetClockPage: updateClockPadding 
04-15 13:57:38.284  1682  1682 D FaceWidgetMusicPage: mMusicPageTransparencyDataObserver = FaceWidgetMusicPageTransparencyData mMusicPageTransparency = 0.8 mUseLightModeColor = 1 IsUpdatePageColorOnly = true
04-15 13:57:38.284   760  1164 I engmode_binder_server: acquire_wake_lock : wakelock-emservice
04-15 13:57:38.284   760  1164 I engmode_binder_server: onTransact called with 0x00000001
04-15 13:57:38.284  1682  1682 D KeyguardSecurityView: getLayoutIdFor securityMode = None
04-15 13:57:38.286  1182 10223 D SystemServerTiming: getUserSwitchability-0
04-15 13:57:38.286  1182 10223 D SystemServerTiming: TM.isInCall
04-15 13:57:38.286  1682  1682 D FaceWidgetViewModel: setExpandState() isExpand : true, mReturningPageState : SMALL -> EXPAND, mNotificationCount : 3 -> 3
04-15 13:57:38.287  1182  1182 D SGM:FgCheckThread: com.samsung.keyguard.KEYGUARD_STATE. check for pause
04-15 13:57:38.287  1182 10223 I Telecom : SamsungTelecomServiceImpl : isInCall - callingPackage : android / callingUser : UserHandle{0} / hasCrossUserAccess : true
04-15 13:57:38.287  1182 10223 V SystemServerTiming: TM.isInCall took to complete: 1ms
04-15 13:57:38.287  1182 10223 D SystemServerTiming: hasUserRestriction-DISALLOW_USER_SWITCH
04-15 13:57:38.287  1182 10223 V SystemServerTiming: hasUserRestriction-DISALLOW_USER_SWITCH took to complete: 0ms
04-15 13:57:38.287  1182 10223 D SystemServerTiming: getInt-ALLOW_USER_SWITCHING_WHEN_SYSTEM_USER_LOCKED
04-15 13:57:38.287  2296  2296 I Edge.TrayVisibilityController: KeyguardBroadcastReceiver action :com.samsung.keyguard.KEYGUARD_STATE_UPDATE
04-15 13:57:38.287  1182 10223 V SystemServerTiming: getInt-ALLOW_USER_SWITCHING_WHEN_SYSTEM_USER_LOCKED took to complete: 0ms
04-15 13:57:38.287  1182 10223 D SystemServerTiming: isUserUnlocked-USER_SYSTEM
04-15 13:57:38.287  1182 10223 V SystemServerTiming: isUserUnlocked-USER_SYSTEM took to complete: 0ms
04-15 13:57:38.287  1182 10223 V SystemServerTiming: getUserSwitchability-0 took to complete: 1ms
04-15 13:57:38.287  1182  1433 D SGM:FgCheckThread: onLooperPrepared(), msg: MSG_KEY_GUARD_LOCKED
04-15 13:57:38.287   760  1164 I engmode_steady: read from steady(11264)
04-15 13:57:38.287  1182  1433 D SGM:FgCheckThread: sendFocusOutConditionally() - mPrevNotiPkg: (unknown), userId: 0
04-15 13:57:38.287   760  1164 I engmode_world: Read esi
04-15 13:57:38.287 28046 28046 I SAMSUNGWALLET: [Hint_IntroHintService] onReceive() action=com.samsung.keyguard.KEYGUARD_STATE_UPDATE
04-15 13:57:38.288 28046 28046 I SAMSUNGWALLET: [Hint_IntroHintService] Lock Status - update, showing : true , bouncer showing : false , occluded : false , timestamp : 1776241658282
04-15 13:57:38.290   760  1164 I engmode_steady: read from steady(69632)
04-15 13:57:38.290   760  1164 I engmode_world: Read token
04-15 13:57:38.290   760  1164 I engmode_token_cache: Token mode does not exist
04-15 13:57:38.290   760  1164 I engmode_binder_server: onTransact(0x00000001) ret 0xd01f0018
04-15 13:57:38.290   592   592 E engmode_aidl_service: error to server(0xd01f0018)
04-15 13:57:38.291   592   592 I engmode_binder_client: engmode client destructor
04-15 13:57:38.291  1182  1239 I engmode_client_aidl: system_server. android. 1000. 0
04-15 13:57:38.292   963  4964 I SecHAL  : device_wakeup: exit
04-15 13:57:38.292   963  4964 I SecHAL  : OSI_timer_start: enter,osi_lock
04-15 13:57:38.292   963  4964 I SecHAL  : OSI_timer_start: before pthread_create for timer thread
04-15 13:57:38.292   963  4964 I SecHAL  : OSI_timer_start: after pthread_create for timer thread
04-15 13:57:38.292   963  4964 I SecHAL  : OSI_timer_start: before osi_unlock
04-15 13:57:38.292   963  4964 I SecHAL  : OSI_timer_start: exit
04-15 13:57:38.292   963  4964 I SecHAL  : device_write: enter
04-15 13:57:38.292   963  4964 I SecHAL  : device_write: before system call
04-15 13:57:38.293  1682  1682 D IndicatorGardenInputProperties: Set cutout=DisplayCutout{insets=Rect(0, 92 - 0, 0) waterfall=Insets{left=0, top=0, right=0, bottom=0} boundingRect={Bounds=[Rect(0, 0 - 0, 0), Rect(506, 0 - 574, 92), Rect(0, 0 - 0, 0), Rect(0, 0 - 0, 0)]} cutoutPathParserInfo={CutoutPathParserInfo{displayWidth=1080 displayHeight=2340 physicalDisplayWidth=1080 physicalDisplayHeight=2340 density={2.8125} cutoutSpec={M 0,0 M 0, 8.533333333333333 a 12.08888888888889,12.08888888888889 0 1,0 0,24.17777777777778 a 12.08888888888889,12.08888888888889 0 1,0 0,-24.17777777777778 Z @dp} rotation={0} scale={1.0} physicalPixelDisplaySizeRatio={1.0}}}}
04-15 13:57:38.293  1182  1239 I engmode_client_aidl: process is system_server
04-15 13:57:38.293  1182  1239 I engmode_client_aidl: system_server called getstatus (0x4)
04-15 13:57:38.293  1182  1239 I engmode_client_list: checkClient: [ProcessName = system_server]
04-15 13:57:38.293  1182  1239 I engmode_client_list: Signature check completed
04-15 13:57:38.293  1182  1239 I engmode_client_aidl: Caller check succes
04-15 13:57:38.293   592   592 I engmode_aidl_service: Connect to service
04-15 13:57:38.293   592   592 I engmode_binder_client: engmode client create
04-15 13:57:38.293   592   592 I engmode_binder_client: EM version = 30.5.14
04-15 13:57:38.293   963  4964 I SecHAL  : device_write: after system call
04-15 13:57:38.293   963  4964 I SecHAL  : device_write: exit
04-15 13:57:38.294   592   592 I engmode_binder_client: engmodeclient.get_server 0xb4000074e1a56510
04-15 13:57:38.294   592   592 I engmode_binder_client: get service done
04-15 13:57:38.294   760  1164 I engmode_binder_server: EngineeringMode version = 30.5.14,(592/1000)
04-15 13:57:38.294 28046 28046 I SAMSUNGWALLET: [Hint_IntroHintService] Hint Status - already invisible, skip hide : [4000003] - Disable on keyguard
04-15 13:57:38.294   760  1164 I engmode_binder_server: (592/1000) got mutex
04-15 13:57:38.294  1182 10223 V WindowManager: Relayout Window{6a7f699 u0 NotificationShade}: viewVisibility=0 req=1080x2340 ty=2040 d0
04-15 13:57:38.294  1682  1682 I BLASTBufferQueue_Java: update, w= 1080 h= 2340 mName = ViewRootImpl@9189cbc[NotificationShade] mNativeObject= 0xb400007cfd544af0 sc.mNativeObject= 0xb400007c3d571250 format= -3 caller= android.view.ViewRootImpl.updateBlastSurfaceIfNeeded:3074 android.view.ViewRootImpl.relayoutWindow:10224 android.view.ViewRootImpl.performTraversals:4167 android.view.ViewRootImpl.doTraversal:3345 android.view.ViewRootImpl$TraversalRunnable.run:11437 android.view.Choreographer$CallbackRecord.run:1690 
04-15 13:57:38.294  1182  2712 D WindowManager: takeScreenshotToTargetWindow: display=0, target=0, containsTarget=false, crop=Rect(0, 0 - 0, 0), w=540, h=1170, useIdentityTransform=true, ignorePolicy=false, caller=com.android.server.wm.WmScreenshotController.takeScreenshotToTargetWindow:653 com.android.server.wm.WindowManagerService.takeScreenshotToTargetWindowFromCapture:10842 com.android.server.wm.WindowManagerService.takeScreenshotToTargetWindow:10821 
04-15 13:57:38.294  1682  1682 I ViewRootImpl@9189cbc[NotificationShade]: Relayout returned: old=(0,0,1080,2340) new=(0,0,1080,2340) relayoutAsync=true req=(1080,2340)0 dur=1 res=0x0 s={true 0xb400007d3d5ba510} ch=false seqId=0
04-15 13:57:38.295   760  1164 I engmode_binder_server: acquire_wake_lock : wakelock-emservice
04-15 13:57:38.295   760  1164 I engmode_binder_server: onTransact called with 0x00000001
04-15 13:57:38.295   963  4962 I SecHAL  : subft_sent_msg_to_Hal_task: subft_sent_msg_to_Hal_task enter
04-15 13:57:38.295   963  4962 D SecHAL  : subft_sent_msg_to_Hal_task: Sent message to HAL message task, remind que: 2
04-15 13:57:38.295   963  4964 D SecHAL  : nfc_hal_task: Got a event: HAL_EVT_READ(4)
04-15 13:57:38.295   963  4964 D SecHAL  : nfc_hal_task: current state: SERVICE
04-15 13:57:38.295   963  4964 I SecHAL  : OSI_timer_start: enter,osi_lock
04-15 13:57:38.295   963  4964 I SecHAL  : OSI_timer_start: before osi_unlock
04-15 13:57:38.295   963  4964 I SecHAL  : OSI_timer_start: exit
04-15 13:57:38.295   963  4964 I SecHAL  : nfc_data_callback: !
04-15 13:57:38.296   760  1164 I engmode_steady: read from steady(11264)
04-15 13:57:38.296  2255  4819 I libnfc_nci: [INFO:NativeNfcManager.cpp(1517)] SecureElement::getInstance().isPeerInListenMode()) : 0 
04-15 13:57:38.296   760  1164 I engmode_world: Read esi
04-15 13:57:38.296  2255  4819 I libnfc_nci: [INFO:NativeNfcManager.cpp(1525)] isNeedToResendScreenState : 0
04-15 13:57:38.296   963   990 I SecHAL  : nfc_hal_write: enter;
04-15 13:57:38.296   963   990 I SecHAL  : nfc_hal_write: exit;
04-15 13:57:38.297   963  4964 D SecHAL  : nfc_hal_task: Got a event: HAL_EVT_WRITE(3)
04-15 13:57:38.297  1182  2712 D RestrictionPolicy: isScreenCaptureEnabled : ret=true userId=0
04-15 13:57:38.297   963  4964 D SecHAL  : nfc_hal_task: current state: SERVICE
04-15 13:57:38.297   963  4964 I SecHAL  : OSI_timer_start: enter,osi_lock
04-15 13:57:38.297   963  4964 I SecHAL  : OSI_timer_start: before osi_unlock
04-15 13:57:38.297   963  4964 I SecHAL  : OSI_timer_start: exit
04-15 13:57:38.297   963  4964 I SecHAL  : device_write: enter
04-15 13:57:38.297   963  4964 I SecHAL  : device_write: before system call
04-15 13:57:38.297  1182  2712 D RestrictionPolicy: isScreenCaptureEnabled : ret=true userId=0
04-15 13:57:38.297  1182  2712 D RestrictionPolicy: isScreenCaptureEnabled : ret=true userId=0
04-15 13:57:38.297  1182  2712 D WindowManager: takeScreenshotToTargetWindow: targetSurface=null, sourceCrop=Rect(0, 0 - 0, 0)
04-15 13:57:38.297   760  1164 I engmode_steady: read from steady(69632)
04-15 13:57:38.297  1182 10223 V WindowManager: Relayout hash=6a7f699, pid=0, syncId=-1: mAttrs={(0,0)(fillxfill) gr=TOP CENTER_VERTICAL sim={adjust=pan} layoutInDisplayCutoutMode=always ty=NOTIFICATION_SHADE fmt=TRANSLUCENT or=SCREEN_ORIENTATION_NOSENSOR if=INPUT_FEATURE_DISABLE_USER_ACTIVITY userActivityTimeout=5000
04-15 13:57:38.297  1182 10223 V WindowManager:   fl=81860040
04-15 13:57:38.297  1182 10223 V WindowManager:   pfl=1a080200
04-15 13:57:38.297  1182 10223 V WindowManager:   bhv=SHOW_TRANSIENT_BARS_BY_SWIPE screenDimDuration=0 naviIconColor=0
04-15 13:57:38.297  1182 10223 V WindowManager:   sfl=60000}
04-15 13:57:38.297   760  1164 I engmode_world: Read token
04-15 13:57:38.297   760  1164 I engmode_token_cache: Token mode does not exist
04-15 13:57:38.297   760  1164 I engmode_binder_server: onTransact(0x00000001) ret 0xd01f0018
04-15 13:57:38.298   592   592 E engmode_aidl_service: error to server(0xd01f0018)
04-15 13:57:38.298   592   592 I engmode_binder_client: engmode client destructor
04-15 13:57:38.298   963  4964 I SecHAL  : device_write: after system call
04-15 13:57:38.298   963  4964 I SecHAL  : device_write: exit
04-15 13:57:38.299   963  4962 I SecHAL  : subft_sent_msg_to_Hal_task: subft_sent_msg_to_Hal_task enter
04-15 13:57:38.299   963  4962 D SecHAL  : subft_sent_msg_to_Hal_task: Sent message to HAL message task, remind que: 2
04-15 13:57:38.300   963  4964 D SecHAL  : nfc_hal_task: Got a event: HAL_EVT_READ(4)
04-15 13:57:38.300   963  4964 D SecHAL  : nfc_hal_task: current state: SERVICE
04-15 13:57:38.300  1682  1682 W View    : requestLayout() improperly called by android.widget.FrameLayout{92a2ee0 V.E...... ......ID 0,154-1080,2205 #7f0a0866 app:id/qs_frame} during layout: running second layout pass
04-15 13:57:38.300   963  4964 I SecHAL  : OSI_timer_start: enter,osi_lock
04-15 13:57:38.300   963  4964 I SecHAL  : OSI_timer_start: before osi_unlock
04-15 13:57:38.300   963  4964 I SecHAL  : OSI_timer_start: exit
04-15 13:57:38.300   963  4964 I SecHAL  : nfc_data_callback: !
04-15 13:57:38.302  1182  1239 D UsbHostRestrictor: stopLockTimer--
04-15 13:57:38.302  1682  1682 W KeyguardSecurityViewFlipper: onMeasure: widthSpec MeasureSpec: EXACTLY 0 should be AT_MOST
04-15 13:57:38.302  1682  1682 W KeyguardSecurityViewFlipper: onMeasure: heightSpec MeasureSpec: EXACTLY 0 should be AT_MOST
04-15 13:57:38.302  1182  1239 V UsbDeviceManager: onKeyguardStateChanged: isShowing:true secure:false user:0
04-15 13:57:38.303  1182  1239 D PowerManagerService: [api] setUserActivityTimeoutOverrideFromWindowManagerInternal: timeoutMillis: 5000
04-15 13:57:38.303  1182  1239 D PowerManagerService: getScreenOffTimeoutLocked: 300000 -> 5000
04-15 13:57:38.303  1182  1239 D PowerManagerService: [api] setScreenDimDurationOverrideFromWindowManagerInternal: timeoutMillis: 0
04-15 13:57:38.304  1182  4164 V WindowManager: Relayout Window{ebf3d60 u0 Bouncer}: viewVisibility=4 req=1080x0 ty=2009 d0
04-15 13:57:38.305   893   934 D RenderEngine: [SEC_GC_CMN_SF_EFFECTS] drawLayersInternal,1296, Rendering layer  at index 0
04-15 13:57:38.307  1182  4164 V WindowManager: Relayout hash=ebf3d60, pid=1682, syncId=-1: mAttrs={(0,0)(fillxfill) gr=TOP CENTER_VERTICAL sim={adjust=resize} layoutInDisplayCutoutMode=shortEdges ty=KEYGUARD_DIALOG fmt=TRANSLUCENT if=INPUT_FEATURE_DISABLE_USER_ACTIVITY
04-15 13:57:38.307  1182  4164 V WindowManager:   fl=85000548
04-15 13:57:38.307  1182  4164 V WindowManager:   pfl=12000000
04-15 13:57:38.307  1182  4164 V WindowManager:   vsysui=500
04-15 13:57:38.307  1182  4164 V WindowManager:   bhv=SHOW_TRANSIENT_BARS_BY_SWIPE
04-15 13:57:38.307  1182  4164 V WindowManager:  dimAmount=0.0 naviIconColor=0
04-15 13:57:38.307  1182  4164 V WindowManager:   sfl=60000}
04-15 13:57:38.309  1182  2712 D WindowManager: takeScreenshotToTargetWindow, bitmap=android.graphics.Bitmap@fea36b8, failedReason=, caller=com.android.server.wm.WindowManagerService.takeScreenshotToTargetWindowFromCapture:10842 com.android.server.wm.WindowManagerService.takeScreenshotToTargetWindow:10821 android.view.IWindowManager$Stub.onTransact:3612 com.android.server.wm.WindowManagerService.onTransact:1543 android.os.Binder.execTransactInternal:1375 android.os.Binder.execTransact:1311 
04-15 13:57:38.309  1682  1682 I InsetsController: onStateChanged: host=Bouncer, from=android.view.ViewRootImpl.relayoutWindow:10165, state=InsetsState: {mDisplayFrame=Rect(0, 0 - 1080, 2340), mDisplayCutout=DisplayCutout{insets=Rect(0, 92 - 0, 0) waterfall=Insets{left=0, top=0, right=0, bottom=0} boundingRect={Bounds=[Rect(0, 0 - 0, 0), Rect(506, 0 - 574, 92), Rect(0, 0 - 0, 0), Rect(0, 0 - 0, 0)]} cutoutPathParserInfo={CutoutPathParserInfo{displayWidth=1080 displayHeight=2340 physicalDisplayWidth=1080 physicalDisplayHeight=2340 density={2.8125} cutoutSpec={M 0,0 M 0, 8.533333333333333 a 12.08888888888889,12.08888888888889 0 1,0 0,24.17777777777778 a 12.08888888888889,12.08888888888889 0 1,0 0,-24.17777777777778 Z @dp} rotation={0} scale={1.0} physicalPixelDisplaySizeRatio={1.0}}}}, mRoundedCorners=RoundedCorners{[RoundedCorner{position=TopLeft, radius=107, center=Point(107, 107)}, RoundedCorner{position=TopRight, radius=107, center=Point(973, 107)}, RoundedCorner{position=BottomRight, radius=107, center=Point(973, 2233)}, RoundedCorner{position=BottomLeft, radius=107, center=Point(107, 2233)}]}  mRoundedCornerFrame=Rect(0, 0 - 0, 0), mPrivacyIndicatorBounds=PrivacyIndicatorBounds {static bounds=Rect(956, 0 - 1080, 92) rotation=0}, mDisplayShape=DisplayShape{ spec=-311912193 displayWidth=1080 displayHeight=2340 physicalPixelDisplaySizeRatio=1.0 rotation=0 offsetX=0 offsetY=0 scale=1.0}, mSources= { InsetsSource: {839f0005 mType=mandatorySystemGestures mFrame=[0,0][1080,126] mVisible=true mFlags=[]}, InsetsSource: {d1110001 mType=navigationBars mFrame=[0,2205][1080,2340] mVisible=false mFlags=[]}, InsetsSource: {d1110004 mType=systemGestures mFrame=[0,0][0,0] mVisible=true mFlags=[]}, InsetsSource: {d1110005 mType=mandatorySystemGestures mFrame=[0,2205][1080,2340] mVisible=true mFlags=[]}, InsetsSource: {d1110006 mType=tappableElement mFrame=[0,2205][1080,2340] mVisible=true mFlags=[]}, InsetsSource: {d1110024 mType=systemGestures mFrame=[0,0][0,0] mVisible=true mFlags=[]}, InsetsSource: {27 mType=displayCutout mFrame=[0,0][1080,92] mVisible=true mFlags=[]} }
04-15 13:57:38.310  1682  1682 I ViewRootImpl@c0a653a[Bouncer]: Relayout returned: old=(0,0,1080,0) new=(0,0,1080,2340) relayoutAsync=false req=(1080,0)4 dur=8 res=0x0 s={false 0x0} ch=false seqId=0
04-15 13:57:38.311  1682  1682 D IndicatorGardenInputProperties: Set cutout=DisplayCutout{insets=Rect(0, 92 - 0, 0) waterfall=Insets{left=0, top=0, right=0, bottom=0} boundingRect={Bounds=[Rect(0, 0 - 0, 0), Rect(506, 0 - 574, 92), Rect(0, 0 - 0, 0), Rect(0, 0 - 0, 0)]} cutoutPathParserInfo={CutoutPathParserInfo{displayWidth=1080 displayHeight=2340 physicalDisplayWidth=1080 physicalDisplayHeight=2340 density={2.8125} cutoutSpec={M 0,0 M 0, 8.533333333333333 a 12.08888888888889,12.08888888888889 0 1,0 0,24.17777777777778 a 12.08888888888889,12.08888888888889 0 1,0 0,-24.17777777777778 Z @dp} rotation={0} scale={1.0} physicalPixelDisplaySizeRatio={1.0}}}}
04-15 13:57:38.311  1682  1682 W KeyguardSecurityViewFlipper: onMeasure: widthSpec MeasureSpec: EXACTLY 1080 should be AT_MOST
04-15 13:57:38.311  1682  1682 W KeyguardSecurityViewFlipper: onMeasure: heightSpec MeasureSpec: EXACTLY 2205 should be AT_MOST
04-15 13:57:38.311  1682  1682 W KeyguardSecurityViewFlipper: onMeasure: widthSpec MeasureSpec: EXACTLY 1080 should be AT_MOST
04-15 13:57:38.311  1682  1682 W KeyguardSecurityViewFlipper: onMeasure: heightSpec MeasureSpec: EXACTLY 2205 should be AT_MOST
04-15 13:57:38.312  1682  1682 D NavigationBar: setImeWindowStatus displayId=0 vis=0 backDisposition=0 showImeSwitcher=false imeShown=false
04-15 13:57:38.312  1682  1682 I FaceWidgetViewModel: isEditModeAnimating: false
04-15 13:57:38.312  1682  1682 I FaceWidgetClockPage: updateClockRect: RectF(296.0, 397.0, 784.0, 687.0)
04-15 13:57:38.313  1682  1682 I FaceWidgetClockRectManager: needRefreshClockRect ret=false, maxDiffRatio=0.002777785, max=3.0000079 [RectF(0.25827545, 0.16965812, 0.7407986, 0.29358974)] vs [RectF(0.26105323, 0.16965812, 0.73894674, 0.29358974)]
04-15 13:57:38.313  1682  1682 I FaceWidgetViewModel: isEditModeAnimating: false
04-15 13:57:38.313  1682  1682 I FaceWidgetClockPage: updateClockRect: RectF(296.0, 397.0, 784.0, 687.0)
04-15 13:57:38.313  1682  1682 I FaceWidgetClockRectManager: needRefreshClockRect ret=false, maxDiffRatio=0.002777785, max=3.0000079 [RectF(0.25827545, 0.16965812, 0.7407986, 0.29358974)] vs [RectF(0.26105323, 0.16965812, 0.73894674, 0.29358974)]
04-15 13:57:38.313  1682  1682 D SecQSPanelControllerBase: handleMessage: msg.what: 99 msg.arg1:0
04-15 13:57:38.313  1682  1682 D KeyguardUpdateMonitor: handlePrimaryBouncerVisibilityChanged false
04-15 13:57:38.313  1682  1682 I FaceWidgetWindowManager: onPrimaryBouncerVisibilityChanged() = false
04-15 13:57:38.314  1682  1682 D KeyguardUpdateMonitor: updateBiometricListeningState()
04-15 13:57:38.314  1682  1682 D KeyguardFingerprint: updateFingerprintListeningState#mFingerprintRunningState=0 shouldListenForFingerprint=false isUdfpsEnrolled=false bioType : 0
04-15 13:57:38.315  1682  1682 D CentralSurfaces: disable 0 18874368 0 true
04-15 13:57:38.315  1682  1682 D CentralSurfaces: Received new disable state: Old: enaihbcrso.qingr | New: enaiHbcRso.qingr (changed: HR.)
04-15 13:57:38.315  1682  1682 D Navbar.Store: ----handleEvent(0) OnUpdateRemoteViewContainer(leftContainer=android.widget.LinearLayout{2bd9bdc I.E...... ......I. 0,0-118,135 #7f0a05af app:id/left_remoteview}, rightContainer=android.widget.LinearLayout{86094e5 I.E...... ......I. 962,0-1080,135 #7f0a08d6 app:id/right_remoteview}, contextualButtonVisible=false, darkIntensity=0.0, displayId=0) [Module] SamsungNavigationBarView
04-15 13:57:38.316  1682  1682 D Navbar.Store: ------[Band]REMOTE_VIEW_PACK_SET_REMOTEVIEW_CONTAINER
04-15 13:57:38.316  1682  1682 D Navbar.Store: --------apply(0) NavBarStoreAction$UpdateRemoteViewContainer
04-15 13:57:38.316  1682  1682 D Navbar.Store: --------apply(0) NavBarStoreAction$UpdateRemoteViewDarkIntensity
04-15 13:57:38.316  1682  1682 D Navbar.Store: handleEvent(0) OnUpdateSysUiStateFlag(noArguments=true) [Module] SamsungNavigationBarView
04-15 13:57:38.316  1682  1682 D Navbar.Store: --[Band]GESTURE_PACK_UPDATE_SYSTEMUI_STATE_FLAG
04-15 13:57:38.316  1682  1682 D Navbar.Store: --[Band] (afterAction) GESTURE_PACK_UPDATE_SYSTEMUI_STATE_FLAG
04-15 13:57:38.316  1682  1682 D SysUiState: SysUiState changed: old=0x48200046 new=0x482001c6
04-15 13:57:38.319  2296  2600 I HoneySpace.TaskbarEventTracker: invokeEvent() called with: event = SystemUiStateChanged(stateFlags=1210057158)
04-15 13:57:38.320  2296 24232 I HoneySpace.SystemUiRepository: systemUiFlags: overview_disabled|home_disabled|navbar_hidden|notif_expanded|keygrd_visible|device_dozing|device_dreaming|notif_visible
04-15 13:57:38.322  1682  1682 I AODNotificationManager: updateNotification() 
04-15 13:57:38.326  1682  1682 D ContrastColorUtil: GrayScale=false. Bitmap is not grayscale.
04-15 13:57:38.334  1682  1682 D PluginAODManager: onNotificationInfoUpdated() 3
04-15 13:57:38.334  1682  1682 D PluginAODManager: onNotificationInfoUpdated() 0|android|2147483647|ranker_group|1000|ranker_group
04-15 13:57:38.334  1682  1682 D PluginAODManager: onNotificationInfoUpdated() 0|com.samsung.rtl.androidrtlservice|1|null|10321
04-15 13:57:38.334  1682  1682 D PluginAODManager: onNotificationInfoUpdated() 0|com.samsung.android.app.omcagent|1500|null|1000
04-15 13:57:38.334  1682  1682 I AODNotificationManager: updateVisibleNotifications: 3
04-15 13:57:38.335  1682  1682 D KeyguardSecurityContainer: show()
04-15 13:57:38.335  1682  1682 D KeyguardSecSecurityContainer: showSecurityScreen(None) current = None
04-15 13:57:38.339  1682  1682 D QSMumButton: checkMumRune: mumRune[true] lduBranding[false] shopDemo[false]
04-15 13:57:38.339  1682  1682 D QSMumButton: needToBeVisible() result:false [MumSetting?false = (TwoPhoneSetting:false || (somethingInDetail(1):true && Pref:false && Settings:false)), DEX-(DeviceState?false, DesktopManager?false, SemDesktopModeStateEnable?false) Panel-mExpanded?false, isDisallowUserSwitch = false
04-15 13:57:38.341  2296  2296 I Edge.TrayVisibilityController: getComputedTrayVisible : keyguardState = 3
04-15 13:57:38.341  2296  2296 I Edge.TrayVisibilityController: updateTrayVisible: State=3 visible=2 mCurrentVisible=2 specificMode=0
04-15 13:57:38.343  2296  2296 I Edge.TrayStateController: setUiState 2 :  already 2
04-15 13:57:38.360  1182  1242 E Watchdog: !@Sync: 614 heap: 76 / 98 FD: 1104 [2026-04-15 13:57:38.359]
04-15 13:57:38.377  1182  4164 D WindowManager: takeScreenshotToTargetWindow: display=0, target=0, containsTarget=false, crop=Rect(0, 0 - 0, 0), w=540, h=1170, useIdentityTransform=true, ignorePolicy=false, caller=com.android.server.wm.WmScreenshotController.takeScreenshotToTargetWindow:653 com.android.server.wm.WindowManagerService.takeScreenshotToTargetWindowFromCapture:10842 com.android.server.wm.WindowManagerService.takeScreenshotToTargetWindow:10821 
04-15 13:57:38.378  1182  4164 D RestrictionPolicy: isScreenCaptureEnabled : ret=true userId=0
04-15 13:57:38.378  1182  4164 D RestrictionPolicy: isScreenCaptureEnabled : ret=true userId=0
04-15 13:57:38.378  1182  4164 D RestrictionPolicy: isScreenCaptureEnabled : ret=true userId=0
04-15 13:57:38.378  1182  4164 D WindowManager: takeScreenshotToTargetWindow: targetSurface=null, sourceCrop=Rect(0, 0 - 0, 0)
04-15 13:57:38.386   893   934 D RenderEngine: [SEC_GC_CMN_SF_EFFECTS] drawLayersInternal,1296, Rendering layer  at index 0
04-15 13:57:38.387  1682  1682 D SecKeyguardStatusViewObserver: onChanged() FaceWidgetContainerLiveData{mIsContainerVisible=true, mClipLayoutVisibility=0, mRotation=0, mIsDashBoardVIRunning=false, mIsAdditionalInfoVisible=8, mAdditionalInfoGravity=17, mClockSideStartPadding=0, mClockSideEndPadding=0, mMusicSideStartPadding=30, mMusicSideEndPadding=30, mInfoSideStartPadding=0, mInfoSideEndPadding=0, mClipLayoutWidth = -1, mAdditionalInfoRemoteView=null, mIsAdditionalViewGoingToSleep=false, mConfig=CustomConfiguration{fontScale=1.0, screenLayout=268435810, orientation=1, screenWidthDp=384, screenHeightDp=751, smallestScreenWidthDp=384, densityDpi=450, uiMode=17, isRTL=false, mConfiguration={1.0 ?mcc0mnc [en_US] ldltr sw384dp w384dp h751dp 450dpi nrml long hdr widecg port finger -keyb/v/h -nav/h winConfig={ mBounds=Rect(0, 0 - 1080, 2340) mAppBounds=Rect(0, 92 - 1080, 2205) mMaxBounds=Rect(0, 0 - 1080, 2340) mDisplayRotation=ROTATION_0 mWindowingMode=fullscreen mDisplayWindowingMode=fullscreen mActivityType=undefined mAlwaysOnTop=undefined mRotation=ROTATION_0 mPopOver=undefined mOverlappingWithCutout=false mStageConfig=undefined mFreeformTaskPinningState=undefined mCompatSandboxScale=-1.0 mDexTaskDockingState=none mFreeformTranslucent=UNDEFINED} s.160 fontWeightAdjustment=0 ff=0 bf=0 bts=0 cst=1.0 nightDim=0 desktop/d dm/n ?dc ?dcui themeSeq=0}}}
04-15 13:57:38.388  1682  1682 D FaceWidgetPagesController: onGravityChanged()
04-15 13:57:38.388  1682  1682 D FaceWidgetClockPage: setClockGravity() gravity = 49
04-15 13:57:38.388  1682  1682 D FaceWidgetClockPage: updateClockPadding 
04-15 13:57:38.392  1182  4164 D WindowManager: takeScreenshotToTargetWindow, bitmap=android.graphics.Bitmap@db58c91, failedReason=, caller=com.android.server.wm.WindowManagerService.takeScreenshotToTargetWindowFromCapture:10842 com.android.server.wm.WindowManagerService.takeScreenshotToTargetWindow:10821 android.view.IWindowManager$Stub.onTransact:3612 com.android.server.wm.WindowManagerService.onTransact:1543 android.os.Binder.execTransactInternal:1375 android.os.Binder.execTransact:1311 
04-15 13:57:38.465  1182  2712 D WindowManager: takeScreenshotToTargetWindow: display=0, target=0, containsTarget=false, crop=Rect(0, 0 - 0, 0), w=540, h=1170, useIdentityTransform=true, ignorePolicy=false, caller=com.android.server.wm.WmScreenshotController.takeScreenshotToTargetWindow:653 com.android.server.wm.WindowManagerService.takeScreenshotToTargetWindowFromCapture:10842 com.android.server.wm.WindowManagerService.takeScreenshotToTargetWindow:10821 
04-15 13:57:38.466  1182  2712 D RestrictionPolicy: isScreenCaptureEnabled : ret=true userId=0
04-15 13:57:38.466  1182  2712 D RestrictionPolicy: isScreenCaptureEnabled : ret=true userId=0
04-15 13:57:38.466  1182  2712 D RestrictionPolicy: isScreenCaptureEnabled : ret=true userId=0
04-15 13:57:38.466  1182  2712 D WindowManager: takeScreenshotToTargetWindow: targetSurface=null, sourceCrop=Rect(0, 0 - 0, 0)
04-15 13:57:38.476   893   934 D RenderEngine: [SEC_GC_CMN_SF_EFFECTS] drawLayersInternal,1296, Rendering layer  at index 0
04-15 13:57:38.482  1182  2712 D WindowManager: takeScreenshotToTargetWindow, bitmap=android.graphics.Bitmap@4737f6, failedReason=, caller=com.android.server.wm.WindowManagerService.takeScreenshotToTargetWindowFromCapture:10842 com.android.server.wm.WindowManagerService.takeScreenshotToTargetWindow:10821 android.view.IWindowManager$Stub.onTransact:3612 com.android.server.wm.WindowManagerService.onTransact:1543 android.os.Binder.execTransactInternal:1375 android.os.Binder.execTransact:1311 
04-15 13:57:38.536  1182  2712 D WindowManager: takeScreenshotToTargetWindow: display=0, target=0, containsTarget=false, crop=Rect(0, 0 - 0, 0), w=540, h=1170, useIdentityTransform=true, ignorePolicy=false, caller=com.android.server.wm.WmScreenshotController.takeScreenshotToTargetWindow:653 com.android.server.wm.WindowManagerService.takeScreenshotToTargetWindowFromCapture:10842 com.android.server.wm.WindowManagerService.takeScreenshotToTargetWindow:10821 
04-15 13:57:38.536  1182  2712 D RestrictionPolicy: isScreenCaptureEnabled : ret=true userId=0
04-15 13:57:38.536  1182  2712 D RestrictionPolicy: isScreenCaptureEnabled : ret=true userId=0
04-15 13:57:38.536  1182  2712 D RestrictionPolicy: isScreenCaptureEnabled : ret=true userId=0
04-15 13:57:38.537  1182  2712 D WindowManager: takeScreenshotToTargetWindow: targetSurface=null, sourceCrop=Rect(0, 0 - 0, 0)
04-15 13:57:38.539   893   934 D RenderEngine: [SEC_GC_CMN_SF_EFFECTS] drawLayersInternal,1296, Rendering layer  at index 0
04-15 13:57:38.541  1182  2712 D WindowManager: takeScreenshotToTargetWindow, bitmap=android.graphics.Bitmap@fa3f7f7, failedReason=, caller=com.android.server.wm.WindowManagerService.takeScreenshotToTargetWindowFromCapture:10842 com.android.server.wm.WindowManagerService.takeScreenshotToTargetWindow:10821 android.view.IWindowManager$Stub.onTransact:3612 com.android.server.wm.WindowManagerService.onTransact:1543 android.os.Binder.execTransactInternal:1375 android.os.Binder.execTransact:1311 
04-15 13:57:38.597  1182  2712 D WindowManager: takeScreenshotToTargetWindow: display=0, target=0, containsTarget=false, crop=Rect(0, 0 - 0, 0), w=540, h=1170, useIdentityTransform=true, ignorePolicy=false, caller=com.android.server.wm.WmScreenshotController.takeScreenshotToTargetWindow:653 com.android.server.wm.WindowManagerService.takeScreenshotToTargetWindowFromCapture:10842 com.android.server.wm.WindowManagerService.takeScreenshotToTargetWindow:10821 
04-15 13:57:38.598  1182  2712 D RestrictionPolicy: isScreenCaptureEnabled : ret=true userId=0
04-15 13:57:38.598  1182  2712 D RestrictionPolicy: isScreenCaptureEnabled : ret=true userId=0
04-15 13:57:38.599  1182  2712 D RestrictionPolicy: isScreenCaptureEnabled : ret=true userId=0
04-15 13:57:38.599  1182  2712 D WindowManager: takeScreenshotToTargetWindow: targetSurface=null, sourceCrop=Rect(0, 0 - 0, 0)
04-15 13:57:38.604   893   934 D RenderEngine: [SEC_GC_CMN_SF_EFFECTS] drawLayersInternal,1296, Rendering layer  at index 0
04-15 13:57:38.608  1182  2712 D WindowManager: takeScreenshotToTargetWindow, bitmap=android.graphics.Bitmap@e680664, failedReason=, caller=com.android.server.wm.WindowManagerService.takeScreenshotToTargetWindowFromCapture:10842 com.android.server.wm.WindowManagerService.takeScreenshotToTargetWindow:10821 android.view.IWindowManager$Stub.onTransact:3612 com.android.server.wm.WindowManagerService.onTransact:1543 android.os.Binder.execTransactInternal:1375 android.os.Binder.execTransact:1311 
